2025/12/13 20:20:43.528803 ========================================
2025/12/13 20:20:43.529238        秒杀系统压力测试工具
2025/12/13 20:20:43.529247 ========================================
2025/12/13 20:20:43.529249 目标服务器: http://localhost:8080
2025/12/13 20:20:43.529251 秒杀接口: /api/seckill/buy
2025/12/13 20:20:43.529274 商品ID: 1
2025/12/13 20:20:43.529287 并发用户数: 11000
2025/12/13 20:20:43.529291 ========================================
2025/12/13 20:20:43.532876 ✅ 成功加载 11000 个用户token
2025/12/13 20:20:43.532902 ⏳ 正在创建goroutine...
2025/12/13 20:20:43.542233 ✅ 预构建 11000 个HTTP请求完成
2025/12/13 20:20:43.550659 ✅ 11000 个goroutine已就绪
2025/12/13 20:20:43.550706 ⏰ 等待 49ms 对齐到100ms边界...
2025/12/13 20:20:43.600141 🚀 开始压测! 并发数: 11000 | 启动时间: 20:20:43.600
2025/12/13 20:20:44.054514 [进度] 完成: 0/11000 | 成功: 0 | 售罄: 0 | 重复: 0 | 网络错误: 0 | 服务器错误: 0
2025/12/13 20:20:44.558120 [进度] 完成: 14/11000 | 成功: 14 | 售罄: 0 | 重复: 0 | 网络错误: 0 | 服务器错误: 0
2025/12/13 20:20:45.050766 [进度] 完成: 573/11000 | 成功: 573 | 售罄: 0 | 重复: 0 | 网络错误: 0 | 服务器错误: 0
2025/12/13 20:20:45.550814 [进度] 完成: 1812/11000 | 成功: 1812 | 售罄: 0 | 重复: 0 | 网络错误: 0 | 服务器错误: 0
2025/12/13 20:20:46.051987 [进度] 完成: 3387/11000 | 成功: 3387 | 售罄: 0 | 重复: 0 | 网络错误: 0 | 服务器错误: 0
2025/12/13 20:20:46.551095 [进度] 完成: 4153/11000 | 成功: 4153 | 售罄: 0 | 重复: 0 | 网络错误: 0 | 服务器错误: 0
2025/12/13 20:20:47.050692 [进度] 完成: 4850/11000 | 成功: 4850 | 售罄: 0 | 重复: 0 | 网络错误: 0 | 服务器错误: 0
2025/12/13 20:20:47.550844 [进度] 完成: 5439/11000 | 成功: 5439 | 售罄: 0 | 重复: 0 | 网络错误: 0 | 服务器错误: 0
2025/12/13 20:20:48.051106 [进度] 完成: 6529/11000 | 成功: 6528 | 售罄: 0 | 重复: 0 | 网络错误: 1 | 服务器错误: 0
2025/12/13 20:20:48.551863 [进度] 完成: 7145/11000 | 成功: 7144 | 售罄: 0 | 重复: 0 | 网络错误: 1 | 服务器错误: 0
2025/12/13 20:20:49.050810 [进度] 完成: 7778/11000 | 成功: 7767 | 售罄: 0 | 重复: 0 | 网络错误: 11 | 服务器错误: 0
2025/12/13 20:20:49.551289 [进度] 完成: 8425/11000 | 成功: 8282 | 售罄: 0 | 重复: 0 | 网络错误: 143 | 服务器错误: 0
2025/12/13 20:20:50.051082 [进度] 完成: 9391/11000 | 成功: 9224 | 售罄: 0 | 重复: 0 | 网络错误: 167 | 服务器错误: 0
2025/12/13 20:20:50.550797 [进度] 完成: 10156/11000 | 成功: 9969 | 售罄: 0 | 重复: 0 | 网络错误: 187 | 服务器错误: 0
2025/12/13 20:20:51.051445 [进度] 完成: 10438/11000 | 成功: 10000 | 售罄: 0 | 重复: 0 | 网络错误: 237 | 服务器错误: 0
2025/12/13 20:20:51.551740 [进度] 完成: 10455/11000 | 成功: 10000 | 售罄: 0 | 重复: 0 | 网络错误: 240 | 服务器错误: 0
2025/12/13 20:20:52.051727 [进度] 完成: 10479/11000 | 成功: 10000 | 售罄: 0 | 重复: 0 | 网络错误: 250 | 服务器错误: 0
2025/12/13 20:20:52.550854 [进度] 完成: 10671/11000 | 成功: 10000 | 售罄: 0 | 重复: 0 | 网络错误: 282 | 服务器错误: 0
2025/12/13 20:20:53.051130 [进度] 完成: 10765/11000 | 成功: 10000 | 售罄: 0 | 重复: 0 | 网络错误: 333 | 服务器错误: 0
2025/12/13 20:20:53.551754 [进度] 完成: 10811/11000 | 成功: 10000 | 售罄: 0 | 重复: 0 | 网络错误: 342 | 服务器错误: 0
2025/12/13 20:20:53.876367 ========================================
2025/12/13 20:20:53.876427            📝 详细请求日志
2025/12/13 20:20:53.876439 ========================================
2025/12/13 20:20:53.877520 [20:20:44.308] 用户10952 | ✅ 秒杀成功 | 耗时: 705.88ms
2025/12/13 20:20:53.877592 [20:20:44.309] 用户10409 | ✅ 秒杀成功 | 耗时: 707.35ms
2025/12/13 20:20:53.877601 [20:20:44.312] 用户10938 | ✅ 秒杀成功 | 耗时: 709.87ms
2025/12/13 20:20:53.877607 [20:20:44.312] 用户10962 | ✅ 秒杀成功 | 耗时: 710.58ms
2025/12/13 20:20:53.877626 [20:20:44.313] 用户10410 | ✅ 秒杀成功 | 耗时: 711.46ms
2025/12/13 20:20:53.877631 [20:20:44.314] 用户10896 | ✅ 秒杀成功 | 耗时: 711.21ms
2025/12/13 20:20:53.877636 [20:20:44.314] 用户10901 | ✅ 秒杀成功 | 耗时: 712.13ms
2025/12/13 20:20:53.877641 [20:20:44.314] 用户10950 | ✅ 秒杀成功 | 耗时: 712.39ms
2025/12/13 20:20:53.877646 [20:20:44.314] 用户5379 | ✅ 秒杀成功 | 耗时: 674.63ms
2025/12/13 20:20:53.877650 [20:20:44.315] 用户7847 | ✅ 秒杀成功 | 耗时: 699.01ms
2025/12/13 20:20:53.877654 [20:20:44.316] 用户10408 | ✅ 秒杀成功 | 耗时: 714.32ms
2025/12/13 20:20:53.877659 [20:20:44.322] 用户10898 | ✅ 秒杀成功 | 耗时: 719.79ms
2025/12/13 20:20:53.877663 [20:20:44.372] 用户5376 | ✅ 秒杀成功 | 耗时: 732.57ms
2025/12/13 20:20:53.877668 [20:20:44.510] 用户10949 | ✅ 秒杀成功 | 耗时: 907.91ms
2025/12/13 20:20:53.877673 [20:20:44.581] 用户10951 | ✅ 秒杀成功 | 耗时: 978.43ms
2025/12/13 20:20:53.877677 [20:20:44.581] 用户7851 | ✅ 秒杀成功 | 耗时: 965.00ms
2025/12/13 20:20:53.877681 [20:20:44.587] 用户10937 | ✅ 秒杀成功 | 耗时: 984.57ms
2025/12/13 20:20:53.877685 [20:20:44.597] 用户10411 | ✅ 秒杀成功 | 耗时: 995.25ms
2025/12/13 20:20:53.877689 [20:20:44.632] 用户7156 | ✅ 秒杀成功 | 耗时: 1016.21ms
2025/12/13 20:20:53.877693 [20:20:44.632] 用户7754 | ✅ 秒杀成功 | 耗时: 1016.54ms
2025/12/13 20:20:53.877697 [20:20:44.632] 用户4226 | ✅ 秒杀成功 | 耗时: 992.49ms
2025/12/13 20:20:53.877701 [20:20:44.632] 用户7845 | ✅ 秒杀成功 | 耗时: 1016.58ms
2025/12/13 20:20:53.877705 [20:20:44.632] 用户10412 | ✅ 秒杀成功 | 耗时: 1030.56ms
2025/12/13 20:20:53.877710 [20:20:44.632] 用户10959 | ✅ 秒杀成功 | 耗时: 1030.80ms
2025/12/13 20:20:53.877714 [20:20:44.632] 用户4760 | ✅ 秒杀成功 | 耗时: 992.52ms
2025/12/13 20:20:53.877718 [20:20:44.632] 用户5377 | ✅ 秒杀成功 | 耗时: 992.56ms
2025/12/13 20:20:53.877722 [20:20:44.681] 用户7844 | ✅ 秒杀成功 | 耗时: 1065.58ms
2025/12/13 20:20:53.877726 [20:20:44.693] 用户4761 | ✅ 秒杀成功 | 耗时: 1053.09ms
2025/12/13 20:20:53.877730 [20:20:44.709] 用户10953 | ✅ 秒杀成功 | 耗时: 1106.74ms
2025/12/13 20:20:53.877734 [20:20:44.709] 用户5378 | ✅ 秒杀成功 | 耗时: 1068.93ms
2025/12/13 20:20:53.877738 [20:20:44.709] 用户10550 | ✅ 秒杀成功 | 耗时: 1107.00ms
2025/12/13 20:20:53.877742 [20:20:44.722] 用户7846 | ✅ 秒杀成功 | 耗时: 1105.89ms
2025/12/13 20:20:53.877746 [20:20:44.722] 用户10789 | ✅ 秒杀成功 | 耗时: 1120.25ms
2025/12/13 20:20:53.877750 [20:20:44.722] 用户7470 | ✅ 秒杀成功 | 耗时: 1104.70ms
2025/12/13 20:20:53.877754 [20:20:44.722] 用户7738 | ✅ 秒杀成功 | 耗时: 1104.72ms
2025/12/13 20:20:53.877758 [20:20:44.722] 用户10787 | ✅ 秒杀成功 | 耗时: 1120.22ms
2025/12/13 20:20:53.877762 [20:20:44.722] 用户7510 | ✅ 秒杀成功 | 耗时: 1105.68ms
2025/12/13 20:20:53.877767 [20:20:44.722] 用户4289 | ✅ 秒杀成功 | 耗时: 1081.76ms
2025/12/13 20:20:53.877771 [20:20:44.722] 用户4759 | ✅ 秒杀成功 | 耗时: 1082.02ms
2025/12/13 20:20:53.877775 [20:20:44.722] 用户10977 | ✅ 秒杀成功 | 耗时: 1120.24ms
2025/12/13 20:20:53.877779 [20:20:44.722] 用户4171 | ✅ 秒杀成功 | 耗时: 1077.51ms
2025/12/13 20:20:53.877784 [20:20:44.722] 用户7821 | ✅ 秒杀成功 | 耗时: 1105.16ms
2025/12/13 20:20:53.877789 [20:20:44.722] 用户5022 | ✅ 秒杀成功 | 耗时: 1081.97ms
2025/12/13 20:20:53.877793 [20:20:44.722] 用户5339 | ✅ 秒杀成功 | 耗时: 1078.42ms
2025/12/13 20:20:53.877797 [20:20:44.722] 用户4327 | ✅ 秒杀成功 | 耗时: 1078.55ms
2025/12/13 20:20:53.877801 [20:20:44.723] 用户10917 | ✅ 秒杀成功 | 耗时: 1121.36ms
2025/12/13 20:20:53.877805 [20:20:44.723] 用户10926 | ✅ 秒杀成功 | 耗时: 1121.68ms
2025/12/13 20:20:53.877809 [20:20:44.723] 用户5101 | ✅ 秒杀成功 | 耗时: 1082.84ms
2025/12/13 20:20:53.877814 [20:20:44.723] 用户10946 | ✅ 秒杀成功 | 耗时: 1120.52ms
2025/12/13 20:20:53.877826 [20:20:44.734] 用户4387 | ✅ 秒杀成功 | 耗时: 1092.04ms
2025/12/13 20:20:53.877831 [20:20:44.742] 用户6748 | ✅ 秒杀成功 | 耗时: 1121.45ms
2025/12/13 20:20:53.877835 [20:20:44.743] 用户4172 | ✅ 秒杀成功 | 耗时: 1098.17ms
2025/12/13 20:20:53.877840 [20:20:44.743] 用户10760 | ✅ 秒杀成功 | 耗时: 1135.35ms
2025/12/13 20:20:53.877844 [20:20:44.745] 用户7466 | ✅ 秒杀成功 | 耗时: 1128.02ms
2025/12/13 20:20:53.877848 [20:20:44.745] 用户7268 | ✅ 秒杀成功 | 耗时: 1129.42ms
2025/12/13 20:20:53.877852 [20:20:44.745] 用户10928 | ✅ 秒杀成功 | 耗时: 1143.83ms
2025/12/13 20:20:53.877866 [20:20:44.746] 用户4640 | ✅ 秒杀成功 | 耗时: 1106.70ms
2025/12/13 20:20:53.877871 [20:20:44.746] 用户7623 | ✅ 秒杀成功 | 耗时: 1129.54ms
2025/12/13 20:20:53.877876 [20:20:44.746] 用户10904 | ✅ 秒杀成功 | 耗时: 1144.00ms
2025/12/13 20:20:53.877880 [20:20:44.746] 用户10762 | ✅ 秒杀成功 | 耗时: 1137.69ms
2025/12/13 20:20:53.877884 [20:20:44.746] 用户4543 | ✅ 秒杀成功 | 耗时: 1101.90ms
2025/12/13 20:20:53.877888 [20:20:44.746] 用户7465 | ✅ 秒杀成功 | 耗时: 1128.69ms
2025/12/13 20:20:53.877893 [20:20:44.746] 用户10721 | ✅ 秒杀成功 | 耗时: 1132.97ms
2025/12/13 20:20:53.877898 [20:20:44.746] 用户8002 | ✅ 秒杀成功 | 耗时: 1127.87ms
2025/12/13 20:20:53.877903 [20:20:44.746] 用户8009 | ✅ 秒杀成功 | 耗时: 1127.88ms
2025/12/13 20:20:53.877907 [20:20:44.746] 用户7739 | ✅ 秒杀成功 | 耗时: 1128.81ms
2025/12/13 20:20:53.877911 [20:20:44.746] 用户6897 | ✅ 秒杀成功 | 耗时: 1128.03ms
2025/12/13 20:20:53.877915 [20:20:44.746] 用户4137 | ✅ 秒杀成功 | 耗时: 1104.36ms
2025/12/13 20:20:53.877919 [20:20:44.746] 用户4243 | ✅ 秒杀成功 | 耗时: 1102.50ms
2025/12/13 20:20:53.877923 [20:20:44.746] 用户7849 | ✅ 秒杀成功 | 耗时: 1130.17ms
2025/12/13 20:20:53.877927 [20:20:44.746] 用户4230 | ✅ 秒杀成功 | 耗时: 1106.16ms
2025/12/13 20:20:53.877931 [20:20:44.746] 用户4258 | ✅ 秒杀成功 | 耗时: 1104.41ms
2025/12/13 20:20:53.877935 [20:20:44.746] 用户5119 | ✅ 秒杀成功 | 耗时: 1107.39ms
2025/12/13 20:20:53.877939 [20:20:44.747] 用户4627 | ✅ 秒杀成功 | 耗时: 1106.28ms
2025/12/13 20:20:53.877943 [20:20:44.747] 用户7756 | ✅ 秒杀成功 | 耗时: 1130.80ms
2025/12/13 20:20:53.877947 [20:20:44.747] 用户4224 | ✅ 秒杀成功 | 耗时: 1105.01ms
2025/12/13 20:20:53.877951 [20:20:44.747] 用户10905 | ✅ 秒杀成功 | 耗时: 1145.06ms
2025/12/13 20:20:53.877955 [20:20:44.747] 用户4658 | ✅ 秒杀成功 | 耗时: 1108.13ms
2025/12/13 20:20:53.877959 [20:20:44.748] 用户7995 | ✅ 秒杀成功 | 耗时: 1130.47ms
2025/12/13 20:20:53.877963 [20:20:44.748] 用户7853 | ✅ 秒杀成功 | 耗时: 1132.70ms
2025/12/13 20:20:53.877968 [20:20:44.748] 用户10543 | ✅ 秒杀成功 | 耗时: 1132.40ms
2025/12/13 20:20:53.877973 [20:20:44.748] 用户7730 | ✅ 秒杀成功 | 耗时: 1131.43ms
2025/12/13 20:20:53.877978 [20:20:44.749] 用户4551 | ✅ 秒杀成功 | 耗时: 1107.14ms
2025/12/13 20:20:53.877982 [20:20:44.749] 用户7991 | ✅ 秒杀成功 | 耗时: 1130.63ms
2025/12/13 20:20:53.877987 [20:20:44.749] 用户4248 | ✅ 秒杀成功 | 耗时: 1105.44ms
2025/12/13 20:20:53.877992 [20:20:44.749] 用户4241 | ✅ 秒杀成功 | 耗时: 1105.15ms
2025/12/13 20:20:53.877997 [20:20:44.749] 用户5355 | ✅ 秒杀成功 | 耗时: 1104.93ms
2025/12/13 20:20:53.878001 [20:20:44.749] 用户4250 | ✅ 秒杀成功 | 耗时: 1105.71ms
2025/12/13 20:20:53.878006 [20:20:44.749] 用户10067 | ✅ 秒杀成功 | 耗时: 1132.74ms
2025/12/13 20:20:53.878011 [20:20:44.749] 用户8008 | ✅ 秒杀成功 | 耗时: 1130.99ms
2025/12/13 20:20:53.878015 [20:20:44.749] 用户7816 | ✅ 秒杀成功 | 耗时: 1131.07ms
2025/12/13 20:20:53.878020 [20:20:44.749] 用户7737 | ✅ 秒杀成功 | 耗时: 1131.95ms
2025/12/13 20:20:53.878025 [20:20:44.749] 用户4196 | ✅ 秒杀成功 | 耗时: 1105.72ms
2025/12/13 20:20:53.878035 [20:20:44.750] 用户7990 | ✅ 秒杀成功 | 耗时: 1131.94ms
2025/12/13 20:20:53.878039 [20:20:44.751] 用户7769 | ✅ 秒杀成功 | 耗时: 1135.01ms
2025/12/13 20:20:53.878044 [20:20:44.751] 用户3757 | ✅ 秒杀成功 | 耗时: 1105.51ms
2025/12/13 20:20:53.878049 [20:20:44.751] 用户7992 | ✅ 秒杀成功 | 耗时: 1133.15ms
2025/12/13 20:20:53.878054 [20:20:44.751] 用户7467 | ✅ 秒杀成功 | 耗时: 1134.03ms
2025/12/13 20:20:53.878058 [20:20:44.751] 用户7820 | ✅ 秒杀成功 | 耗时: 1134.04ms
2025/12/13 20:20:53.878063 [20:20:44.752] 用户10916 | ✅ 秒杀成功 | 耗时: 1150.68ms
2025/12/13 20:20:53.878068 [20:20:44.754] 用户10945 | ✅ 秒杀成功 | 耗时: 1151.58ms
2025/12/13 20:20:53.878073 [20:20:44.758] 用户7831 | ✅ 秒杀成功 | 耗时: 1139.56ms
2025/12/13 20:20:53.878077 [20:20:44.758] 用户10939 | ✅ 秒杀成功 | 耗时: 1155.86ms
2025/12/13 20:20:53.878082 [20:20:44.758] 用户10804 | ✅ 秒杀成功 | 耗时: 1141.52ms
2025/12/13 20:20:53.878087 [20:20:44.758] 用户4475 | ✅ 秒杀成功 | 耗时: 1114.63ms
2025/12/13 20:20:53.878091 [20:20:44.759] 用户10943 | ✅ 秒杀成功 | 耗时: 1156.56ms
2025/12/13 20:20:53.878096 [20:20:44.761] 用户9217 | ✅ 秒杀成功 | 耗时: 1144.54ms
2025/12/13 20:20:53.878107 [20:20:44.905] 用户10724 | ✅ 秒杀成功 | 耗时: 1291.86ms
2025/12/13 20:20:53.878113 [20:20:44.905] 用户4392 | ✅ 秒杀成功 | 耗时: 1263.01ms
2025/12/13 20:20:53.878118 [20:20:44.905] 用户5375 | ✅ 秒杀成功 | 耗时: 1264.78ms
2025/12/13 20:20:53.878122 [20:20:44.905] 用户4286 | ✅ 秒杀成功 | 耗时: 1264.65ms
2025/12/13 20:20:53.878127 [20:20:44.905] 用户10029 | ✅ 秒杀成功 | 耗时: 1302.36ms
2025/12/13 20:20:53.878132 [20:20:44.905] 用户4191 | ✅ 秒杀成功 | 耗时: 1261.15ms
2025/12/13 20:20:53.878136 [20:20:44.905] 用户4587 | ✅ 秒杀成功 | 耗时: 1261.04ms
2025/12/13 20:20:53.878140 [20:20:44.907] 用户4242 | ✅ 秒杀成功 | 耗时: 1263.07ms
2025/12/13 20:20:53.878144 [20:20:44.907] 用户7741 | ✅ 秒杀成功 | 耗时: 1289.62ms
2025/12/13 20:20:53.878148 [20:20:44.913] 用户145 | ✅ 秒杀成功 | 耗时: 1307.27ms
2025/12/13 20:20:53.878152 [20:20:44.963] 用户7701 | ✅ 秒杀成功 | 耗时: 1344.94ms
2025/12/13 20:20:53.878155 [20:20:44.963] 用户7804 | ✅ 秒杀成功 | 耗时: 1344.81ms
2025/12/13 20:20:53.878160 [20:20:44.963] 用户7807 | ✅ 秒杀成功 | 耗时: 1344.91ms
2025/12/13 20:20:53.878164 [20:20:44.963] 用户141 | ✅ 秒杀成功 | 耗时: 1357.54ms
2025/12/13 20:20:53.878169 [20:20:44.963] 用户6606 | ✅ 秒杀成功 | 耗时: 1338.03ms
2025/12/13 20:20:53.878174 [20:20:44.963] 用户10142 | ✅ 秒杀成功 | 耗时: 1356.82ms
2025/12/13 20:20:53.878178 [20:20:44.963] 用户26 | ✅ 秒杀成功 | 耗时: 1357.92ms
2025/12/13 20:20:53.878183 [20:20:44.964] 用户10965 | ✅ 秒杀成功 | 耗时: 1362.50ms
2025/12/13 20:20:53.878188 [20:20:44.964] 用户10403 | ✅ 秒杀成功 | 耗时: 1358.49ms
2025/12/13 20:20:53.878192 [20:20:44.964] 用户7810 | ✅ 秒杀成功 | 耗时: 1345.72ms
2025/12/13 20:20:53.878196 [20:20:44.964] 用户7276 | ✅ 秒杀成功 | 耗时: 1347.72ms
2025/12/13 20:20:53.878200 [20:20:44.964] 用户7836 | ✅ 秒杀成功 | 耗时: 1347.80ms
2025/12/13 20:20:53.878204 [20:20:44.964] 用户10541 | ✅ 秒杀成功 | 耗时: 1357.60ms
2025/12/13 20:20:53.878207 [20:20:44.964] 用户10144 | ✅ 秒杀成功 | 耗时: 1357.53ms
2025/12/13 20:20:53.878211 [20:20:44.964] 用户10924 | ✅ 秒杀成功 | 耗时: 1357.64ms
2025/12/13 20:20:53.878215 [20:20:44.964] 用户7504 | ✅ 秒杀成功 | 耗时: 1347.81ms
2025/12/13 20:20:53.878219 [20:20:44.964] 用户10405 | ✅ 秒杀成功 | 耗时: 1358.77ms
2025/12/13 20:20:53.878223 [20:20:44.964] 用户10469 | ✅ 秒杀成功 | 耗时: 1357.73ms
2025/12/13 20:20:53.878227 [20:20:44.964] 用户7814 | ✅ 秒杀成功 | 耗时: 1346.21ms
2025/12/13 20:20:53.878231 [20:20:44.964] 用户10935 | ✅ 秒杀成功 | 耗时: 1361.56ms
2025/12/13 20:20:53.878241 [20:20:44.964] 用户7486 | ✅ 秒杀成功 | 耗时: 1348.03ms
2025/12/13 20:20:53.878245 [20:20:44.964] 用户7699 | ✅ 秒杀成功 | 耗时: 1346.51ms
2025/12/13 20:20:53.878249 [20:20:44.964] 用户6641 | ✅ 秒杀成功 | 耗时: 1331.72ms
2025/12/13 20:20:53.878253 [20:20:44.964] 用户6763 | ✅ 秒杀成功 | 耗时: 1330.83ms
2025/12/13 20:20:53.878257 [20:20:44.964] 用户10907 | ✅ 秒杀成功 | 耗时: 1362.67ms
2025/12/13 20:20:53.878260 [20:20:44.964] 用户7702 | ✅ 秒杀成功 | 耗时: 1346.03ms
2025/12/13 20:20:53.878264 [20:20:44.965] 用户7809 | ✅ 秒杀成功 | 耗时: 1346.73ms
2025/12/13 20:20:53.878269 [20:20:44.965] 用户6519 | ✅ 秒杀成功 | 耗时: 1336.24ms
2025/12/13 20:20:53.878273 [20:20:44.965] 用户7837 | ✅ 秒杀成功 | 耗时: 1348.88ms
2025/12/13 20:20:53.878278 [20:20:44.965] 用户10944 | ✅ 秒杀成功 | 耗时: 1362.33ms
2025/12/13 20:20:53.878282 [20:20:44.965] 用户7806 | ✅ 秒杀成功 | 耗时: 1346.95ms
2025/12/13 20:20:53.878287 [20:20:44.965] 用户40 | ✅ 秒杀成功 | 耗时: 1359.38ms
2025/12/13 20:20:53.878291 [20:20:44.965] 用户10781 | ✅ 秒杀成功 | 耗时: 1358.86ms
2025/12/13 20:20:53.878295 [20:20:44.965] 用户10927 | ✅ 秒杀成功 | 耗时: 1359.77ms
2025/12/13 20:20:53.878299 [20:20:44.966] 用户10669 | ✅ 秒杀成功 | 耗时: 1364.02ms
2025/12/13 20:20:53.878303 [20:20:44.966] 用户10785 | ✅ 秒杀成功 | 耗时: 1359.35ms
2025/12/13 20:20:53.878306 [20:20:44.966] 用户10404 | ✅ 秒杀成功 | 耗时: 1360.48ms
2025/12/13 20:20:53.878310 [20:20:44.966] 用户10269 | ✅ 秒杀成功 | 耗时: 1359.15ms
2025/12/13 20:20:53.878314 [20:20:44.966] 用户10910 | ✅ 秒杀成功 | 耗时: 1360.58ms
2025/12/13 20:20:53.878317 [20:20:44.966] 用户10912 | ✅ 秒杀成功 | 耗时: 1360.52ms
2025/12/13 20:20:53.878322 [20:20:44.966] 用户10398 | ✅ 秒杀成功 | 耗时: 1359.98ms
2025/12/13 20:20:53.878326 [20:20:44.966] 用户10784 | ✅ 秒杀成功 | 耗时: 1359.38ms
2025/12/13 20:20:53.878330 [20:20:44.966] 用户10392 | ✅ 秒杀成功 | 耗时: 1359.53ms
2025/12/13 20:20:53.878334 [20:20:44.966] 用户10397 | ✅ 秒杀成功 | 耗时: 1359.93ms
2025/12/13 20:20:53.878337 [20:20:44.966] 用户10276 | ✅ 秒杀成功 | 耗时: 1360.00ms
2025/12/13 20:20:53.878341 [20:20:44.966] 用户10418 | ✅ 秒杀成功 | 耗时: 1360.03ms
2025/12/13 20:20:53.878345 [20:20:44.966] 用户10278 | ✅ 秒杀成功 | 耗时: 1359.99ms
2025/12/13 20:20:53.878348 [20:20:44.966] 用户7700 | ✅ 秒杀成功 | 耗时: 1347.49ms
2025/12/13 20:20:53.878352 [20:20:44.966] 用户10347 | ✅ 秒杀成功 | 耗时: 1360.05ms
2025/12/13 20:20:53.878356 [20:20:44.966] 用户144 | ✅ 秒杀成功 | 耗时: 1360.41ms
2025/12/13 20:20:53.878359 [20:20:44.966] 用户10393 | ✅ 秒杀成功 | 耗时: 1359.68ms
2025/12/13 20:20:53.878363 [20:20:44.966] 用户180 | ✅ 秒杀成功 | 耗时: 1360.27ms
2025/12/13 20:20:53.878367 [20:20:44.966] 用户10148 | ✅ 秒杀成功 | 耗时: 1360.04ms
2025/12/13 20:20:53.878370 [20:20:44.966] 用户10542 | ✅ 秒杀成功 | 耗时: 1359.66ms
2025/12/13 20:20:53.878374 [20:20:44.966] 用户19 | ✅ 秒杀成功 | 耗时: 1360.23ms
2025/12/13 20:20:53.878378 [20:20:44.966] 用户10396 | ✅ 秒杀成功 | 耗时: 1359.94ms
2025/12/13 20:20:53.878381 [20:20:44.966] 用户10275 | ✅ 秒杀成功 | 耗时: 1359.93ms
2025/12/13 20:20:53.878385 [20:20:44.966] 用户10401 | ✅ 秒杀成功 | 耗时: 1360.37ms
2025/12/13 20:20:53.878389 [20:20:44.966] 用户10783 | ✅ 秒杀成功 | 耗时: 1359.53ms
2025/12/13 20:20:53.878392 [20:20:44.966] 用户10143 | ✅ 秒杀成功 | 耗时: 1359.60ms
2025/12/13 20:20:53.878396 [20:20:44.966] 用户10399 | ✅ 秒杀成功 | 耗时: 1360.31ms
2025/12/13 20:20:53.878400 [20:20:44.966] 用户10147 | ✅ 秒杀成功 | 耗时: 1360.08ms
2025/12/13 20:20:53.878403 [20:20:44.966] 用户36 | ✅ 秒杀成功 | 耗时: 1359.93ms
2025/12/13 20:20:53.878407 [20:20:44.966] 用户10400 | ✅ 秒杀成功 | 耗时: 1360.38ms
2025/12/13 20:20:53.878410 [20:20:44.966] 用户140 | ✅ 秒杀成功 | 耗时: 1360.17ms
2025/12/13 20:20:53.878418 [20:20:44.966] 用户10027 | ✅ 秒杀成功 | 耗时: 1359.56ms
2025/12/13 20:20:53.878422 [20:20:44.966] 用户10961 | ✅ 秒杀成功 | 耗时: 1364.54ms
2025/12/13 20:20:53.878426 [20:20:44.966] 用户10911 | ✅ 秒杀成功 | 耗时: 1363.37ms
2025/12/13 20:20:53.878429 [20:20:44.966] 用户6798 | ✅ 秒杀成功 | 耗时: 1337.60ms
2025/12/13 20:20:53.878433 [20:20:44.966] 用户10999 | ✅ 秒杀成功 | 耗时: 1364.04ms
2025/12/13 20:20:53.878437 [20:20:44.966] 用户10963 | ✅ 秒杀成功 | 耗时: 1364.88ms
2025/12/13 20:20:53.878440 [20:20:44.966] 用户10954 | ✅ 秒杀成功 | 耗时: 1364.58ms
2025/12/13 20:20:53.878444 [20:20:44.966] 用户10782 | ✅ 秒杀成功 | 耗时: 1359.83ms
2025/12/13 20:20:53.878448 [20:20:44.968] 用户37 | ✅ 秒杀成功 | 耗时: 1361.61ms
2025/12/13 20:20:53.878451 [20:20:44.968] 用户10932 | ✅ 秒杀成功 | 耗时: 1365.63ms
2025/12/13 20:20:53.878455 [20:20:44.968] 用户10934 | ✅ 秒杀成功 | 耗时: 1365.67ms
2025/12/13 20:20:53.878459 [20:20:44.968] 用户5162 | ✅ 秒杀成功 | 耗时: 1331.81ms
2025/12/13 20:20:53.878463 [20:20:44.968] 用户38 | ✅ 秒杀成功 | 耗时: 1362.24ms
2025/12/13 20:20:53.878466 [20:20:44.968] 用户143 | ✅ 秒杀成功 | 耗时: 1362.91ms
2025/12/13 20:20:53.878475 [20:20:44.968] 用户10790 | ✅ 秒杀成功 | 耗时: 1366.98ms
2025/12/13 20:20:53.878480 [20:20:44.968] 用户10925 | ✅ 秒杀成功 | 耗时: 1362.21ms
2025/12/13 20:20:53.878485 [20:20:44.968] 用户10576 | ✅ 秒杀成功 | 耗时: 1362.27ms
2025/12/13 20:20:53.878489 [20:20:44.968] 用户10786 | ✅ 秒杀成功 | 耗时: 1365.79ms
2025/12/13 20:20:53.878493 [20:20:44.968] 用户1696 | ✅ 秒杀成功 | 耗时: 1178.40ms
2025/12/13 20:20:53.878498 [20:20:44.969] 用户10385 | ✅ 秒杀成功 | 耗时: 1362.59ms
2025/12/13 20:20:53.878502 [20:20:44.969] 用户10145 | ✅ 秒杀成功 | 耗时: 1362.64ms
2025/12/13 20:20:53.878507 [20:20:44.969] 用户10942 | ✅ 秒杀成功 | 耗时: 1366.04ms
2025/12/13 20:20:53.878511 [20:20:44.969] 用户6938 | ✅ 秒杀成功 | 耗时: 1340.16ms
2025/12/13 20:20:53.878516 [20:20:44.969] 用户10273 | ✅ 秒杀成功 | 耗时: 1362.86ms
2025/12/13 20:20:53.878521 [20:20:44.969] 用户10930 | ✅ 秒杀成功 | 耗时: 1363.04ms
2025/12/13 20:20:53.878525 [20:20:44.969] 用户10900 | ✅ 秒杀成功 | 耗时: 1367.04ms
2025/12/13 20:20:53.878530 [20:20:44.969] 用户10914 | ✅ 秒杀成功 | 耗时: 1367.26ms
2025/12/13 20:20:53.878534 [20:20:44.969] 用户10929 | ✅ 秒杀成功 | 耗时: 1367.10ms
2025/12/13 20:20:53.878539 [20:20:44.969] 用户10146 | ✅ 秒杀成功 | 耗时: 1362.79ms
2025/12/13 20:20:53.878543 [20:20:44.969] 用户10913 | ✅ 秒杀成功 | 耗时: 1367.28ms
2025/12/13 20:20:53.878547 [20:20:44.969] 用户10915 | ✅ 秒杀成功 | 耗时: 1367.29ms
2025/12/13 20:20:53.878550 [20:20:44.969] 用户10402 | ✅ 秒杀成功 | 耗时: 1363.49ms
2025/12/13 20:20:53.878554 [20:20:44.969] 用户10931 | ✅ 秒杀成功 | 耗时: 1366.13ms
2025/12/13 20:20:53.878558 [20:20:44.969] 用户4852 | ✅ 秒杀成功 | 耗时: 1331.88ms
2025/12/13 20:20:53.878562 [20:20:44.969] 用户7808 | ✅ 秒杀成功 | 耗时: 1350.76ms
2025/12/13 20:20:53.878565 [20:20:44.969] 用户5247 | ✅ 秒杀成功 | 耗时: 1332.43ms
2025/12/13 20:20:53.878569 [20:20:44.969] 用户10948 | ✅ 秒杀成功 | 耗时: 1366.61ms
2025/12/13 20:20:53.878573 [20:20:44.969] 用户10277 | ✅ 秒杀成功 | 耗时: 1363.56ms
2025/12/13 20:20:53.878576 [20:20:44.969] 用户134 | ✅ 秒杀成功 | 耗时: 1363.60ms
2025/12/13 20:20:53.878580 [20:20:44.970] 用户10406 | ✅ 秒杀成功 | 耗时: 1364.57ms
2025/12/13 20:20:53.878584 [20:20:44.970] 用户10960 | ✅ 秒杀成功 | 耗时: 1368.21ms
2025/12/13 20:20:53.878587 [20:20:44.970] 用户10384 | ✅ 秒杀成功 | 耗时: 1363.58ms
2025/12/13 20:20:53.878591 [20:20:44.970] 用户35 | ✅ 秒杀成功 | 耗时: 1363.98ms
2025/12/13 20:20:53.878595 [20:20:44.971] 用户7275 | ✅ 秒杀成功 | 耗时: 1355.22ms
2025/12/13 20:20:53.878602 [20:20:44.971] 用户133 | ✅ 秒杀成功 | 耗时: 1365.60ms
2025/12/13 20:20:53.878606 [20:20:44.971] 用户10964 | ✅ 秒杀成功 | 耗时: 1370.07ms
2025/12/13 20:20:53.878610 [20:20:44.972] 用户10903 | ✅ 秒杀成功 | 耗时: 1370.43ms
2025/12/13 20:20:53.878614 [20:20:44.972] 用户10270 | ✅ 秒杀成功 | 耗时: 1366.01ms
2025/12/13 20:20:53.878617 [20:20:44.975] 用户10395 | ✅ 秒杀成功 | 耗时: 1369.42ms
2025/12/13 20:20:53.878621 [20:20:44.975] 用户10933 | ✅ 秒杀成功 | 耗时: 1372.70ms
2025/12/13 20:20:53.878625 [20:20:44.975] 用户10908 | ✅ 秒杀成功 | 耗时: 1369.35ms
2025/12/13 20:20:53.878628 [20:20:44.976] 用户10268 | ✅ 秒杀成功 | 耗时: 1369.22ms
2025/12/13 20:20:53.878632 [20:20:44.976] 用户10028 | ✅ 秒杀成功 | 耗时: 1373.26ms
2025/12/13 20:20:53.878636 [20:20:44.976] 用户7805 | ✅ 秒杀成功 | 耗时: 1357.67ms
2025/12/13 20:20:53.878639 [20:20:44.976] 用户10909 | ✅ 秒杀成功 | 耗时: 1370.41ms
2025/12/13 20:20:53.878643 [20:20:44.976] 用户10995 | ✅ 秒杀成功 | 耗时: 1373.35ms
2025/12/13 20:20:53.878647 [20:20:44.976] 用户10394 | ✅ 秒杀成功 | 耗时: 1369.97ms
2025/12/13 20:20:53.878651 [20:20:44.976] 用户10955 | ✅ 秒杀成功 | 耗时: 1374.45ms
2025/12/13 20:20:53.878654 [20:20:44.977] 用户7812 | ✅ 秒杀成功 | 耗时: 1358.48ms
2025/12/13 20:20:53.878658 [20:20:44.980] 用户41 | ✅ 秒杀成功 | 耗时: 1373.84ms
2025/12/13 20:20:53.878663 [20:20:44.980] 用户7811 | ✅ 秒杀成功 | 耗时: 1361.72ms
2025/12/13 20:20:53.878669 [20:20:44.980] 用户5466 | ✅ 秒杀成功 | 耗时: 1343.37ms
2025/12/13 20:20:53.878674 [20:20:44.980] 用户10548 | ✅ 秒杀成功 | 耗时: 1373.84ms
2025/12/13 20:20:53.878680 [20:20:44.980] 用户39 | ✅ 秒杀成功 | 耗时: 1374.07ms
2025/12/13 20:20:53.878686 [20:20:44.980] 用户10271 | ✅ 秒杀成功 | 耗时: 1373.94ms
2025/12/13 20:20:53.878691 [20:20:44.989] 用户10779 | ✅ 秒杀成功 | 耗时: 1382.43ms
2025/12/13 20:20:53.878697 [20:20:44.989] 用户10780 | ✅ 秒杀成功 | 耗时: 1382.58ms
2025/12/13 20:20:53.878703 [20:20:44.989] 用户10139 | ✅ 秒杀成功 | 耗时: 1382.53ms
2025/12/13 20:20:53.878708 [20:20:44.989] 用户142 | ✅ 秒杀成功 | 耗时: 1383.67ms
2025/12/13 20:20:53.878714 [20:20:44.990] 用户6453 | ✅ 秒杀成功 | 耗时: 1363.23ms
2025/12/13 20:20:53.878720 [20:20:44.990] 用户10267 | ✅ 秒杀成功 | 耗时: 1383.37ms
2025/12/13 20:20:53.878726 [20:20:44.990] 用户3031 | ✅ 秒杀成功 | 耗时: 1220.98ms
2025/12/13 20:20:53.878731 [20:20:44.990] 用户10140 | ✅ 秒杀成功 | 耗时: 1383.45ms
2025/12/13 20:20:53.878737 [20:20:44.990] 用户10266 | ✅ 秒杀成功 | 耗时: 1383.52ms
2025/12/13 20:20:53.878743 [20:20:44.990] 用户10149 | ✅ 秒杀成功 | 耗时: 1383.74ms
2025/12/13 20:20:53.878748 [20:20:44.990] 用户5163 | ✅ 秒杀成功 | 耗时: 1353.90ms
2025/12/13 20:20:53.878754 [20:20:44.990] 用户10752 | ✅ 秒杀成功 | 耗时: 1381.03ms
2025/12/13 20:20:53.878760 [20:20:44.991] 用户7813 | ✅ 秒杀成功 | 耗时: 1372.53ms
2025/12/13 20:20:53.878765 [20:20:44.993] 用户2672 | ✅ 秒杀成功 | 耗时: 1326.50ms
2025/12/13 20:20:53.878771 [20:20:44.993] 用户10539 | ✅ 秒杀成功 | 耗时: 1386.02ms
2025/12/13 20:20:53.878777 [20:20:44.993] 用户3925 | ✅ 秒杀成功 | 耗时: 1202.89ms
2025/12/13 20:20:53.878782 [20:20:44.993] 用户10540 | ✅ 秒杀成功 | 耗时: 1386.70ms
2025/12/13 20:20:53.878788 [20:20:44.996] 用户5900 | ✅ 秒杀成功 | 耗时: 1357.32ms
2025/12/13 20:20:53.878794 [20:20:44.997] 用户10761 | ✅ 秒杀成功 | 耗时: 1389.27ms
2025/12/13 20:20:53.878799 [20:20:44.998] 用户10538 | ✅ 秒杀成功 | 耗时: 1390.95ms
2025/12/13 20:20:53.878805 [20:20:44.998] 用户10778 | ✅ 秒杀成功 | 耗时: 1391.16ms
2025/12/13 20:20:53.878811 [20:20:44.998] 用户10262 | ✅ 秒杀成功 | 耗时: 1390.98ms
2025/12/13 20:20:53.878816 [20:20:44.998] 用户10132 | ✅ 秒杀成功 | 耗时: 1391.35ms
2025/12/13 20:20:53.878828 [20:20:44.998] 用户10725 | ✅ 秒杀成功 | 耗时: 1390.10ms
2025/12/13 20:20:53.878834 [20:20:44.998] 用户10389 | ✅ 秒杀成功 | 耗时: 1391.45ms
2025/12/13 20:20:53.878840 [20:20:44.998] 用户10256 | ✅ 秒杀成功 | 耗时: 1390.24ms
2025/12/13 20:20:53.878845 [20:20:44.999] 用户10133 | ✅ 秒杀成功 | 耗时: 1391.53ms
2025/12/13 20:20:53.878851 [20:20:44.999] 用户10373 | ✅ 秒杀成功 | 耗时: 1390.31ms
2025/12/13 20:20:53.878857 [20:20:44.999] 用户10514 | ✅ 秒杀成功 | 耗时: 1390.39ms
2025/12/13 20:20:53.878863 [20:20:44.999] 用户10375 | ✅ 秒杀成功 | 耗时: 1390.73ms
2025/12/13 20:20:53.878868 [20:20:44.999] 用户1257 | ✅ 秒杀成功 | 耗时: 1130.03ms
2025/12/13 20:20:53.878874 [20:20:44.999] 用户10923 | ✅ 秒杀成功 | 耗时: 1392.38ms
2025/12/13 20:20:53.878880 [20:20:44.999] 用户10512 | ✅ 秒杀成功 | 耗时: 1390.34ms
2025/12/13 20:20:53.878886 [20:20:44.999] 用户10763 | ✅ 秒杀成功 | 耗时: 1390.73ms
2025/12/13 20:20:53.878891 [20:20:44.999] 用户10510 | ✅ 秒杀成功 | 耗时: 1390.09ms
2025/12/13 20:20:53.878897 [20:20:44.999] 用户10272 | ✅ 秒杀成功 | 耗时: 1391.97ms
2025/12/13 20:20:53.878903 [20:20:44.999] 用户10377 | ✅ 秒杀成功 | 耗时: 1391.32ms
2025/12/13 20:20:53.878908 [20:20:44.999] 用户10758 | ✅ 秒杀成功 | 耗时: 1390.09ms
2025/12/13 20:20:53.878914 [20:20:44.999] 用户10529 | ✅ 秒杀成功 | 耗时: 1391.34ms
2025/12/13 20:20:53.878920 [20:20:44.999] 用户10263 | ✅ 秒杀成功 | 耗时: 1391.79ms
2025/12/13 20:20:53.878925 [20:20:44.999] 用户7432 | ✅ 秒杀成功 | 耗时: 1377.14ms
2025/12/13 20:20:53.878931 [20:20:44.999] 用户10770 | ✅ 秒杀成功 | 耗时: 1391.85ms
2025/12/13 20:20:53.878937 [20:20:44.999] 用户31 | ✅ 秒杀成功 | 耗时: 1390.32ms
2025/12/13 20:20:53.878942 [20:20:44.999] 用户9846 | ✅ 秒杀成功 | 耗时: 1390.53ms
2025/12/13 20:20:53.878948 [20:20:44.999] 用户10136 | ✅ 秒杀成功 | 耗时: 1392.51ms
2025/12/13 20:20:53.878954 [20:20:44.999] 用户10757 | ✅ 秒杀成功 | 耗时: 1390.43ms
2025/12/13 20:20:53.878959 [20:20:44.999] 用户5547 | ✅ 秒杀成功 | 耗时: 1364.43ms
2025/12/13 20:20:53.878965 [20:20:44.999] 用户10768 | ✅ 秒杀成功 | 耗时: 1392.19ms
2025/12/13 20:20:53.878970 [20:20:45.000] 用户10922 | ✅ 秒杀成功 | 耗时: 1392.45ms
2025/12/13 20:20:53.878976 [20:20:45.001] 用户10248 | ✅ 秒杀成功 | 耗时: 1392.34ms
2025/12/13 20:20:53.878982 [20:20:45.001] 用户10255 | ✅ 秒杀成功 | 耗时: 1393.50ms
2025/12/13 20:20:53.878988 [20:20:45.001] 用户10370 | ✅ 秒杀成功 | 耗时: 1392.13ms
2025/12/13 20:20:53.878993 [20:20:45.001] 用户10116 | ✅ 秒杀成功 | 耗时: 1391.94ms
2025/12/13 20:20:53.878999 [20:20:45.001] 用户10141 | ✅ 秒杀成功 | 耗时: 1394.10ms
2025/12/13 20:20:53.879005 [20:20:45.001] 用户10246 | ✅ 秒杀成功 | 耗时: 1392.32ms
2025/12/13 20:20:53.879010 [20:20:45.001] 用户10127 | ✅ 秒杀成功 | 耗时: 1392.67ms
2025/12/13 20:20:53.879016 [20:20:45.001] 用户10374 | ✅ 秒杀成功 | 耗时: 1393.05ms
2025/12/13 20:20:53.879022 [20:20:45.001] 用户5630 | ✅ 秒杀成功 | 耗时: 1366.86ms
2025/12/13 20:20:53.879028 [20:20:45.001] 用户5913 | ✅ 秒杀成功 | 耗时: 1366.92ms
2025/12/13 20:20:53.879033 [20:20:45.003] 用户127 | ✅ 秒杀成功 | 耗时: 1395.29ms
2025/12/13 20:20:53.879039 [20:20:45.003] 用户10528 | ✅ 秒杀成功 | 耗时: 1395.39ms
2025/12/13 20:20:53.879045 [20:20:45.003] 用户10920 | ✅ 秒杀成功 | 耗时: 1394.12ms
2025/12/13 20:20:53.879051 [20:20:45.003] 用户125 | ✅ 秒杀成功 | 耗时: 1395.32ms
2025/12/13 20:20:53.879056 [20:20:45.003] 用户10511 | ✅ 秒杀成功 | 耗时: 1394.34ms
2025/12/13 20:20:53.879062 [20:20:45.003] 用户33 | ✅ 秒杀成功 | 耗时: 1394.40ms
2025/12/13 20:20:53.879067 [20:20:45.003] 用户131 | ✅ 秒杀成功 | 耗时: 1396.70ms
2025/12/13 20:20:53.879073 [20:20:45.003] 用户10118 | ✅ 秒杀成功 | 耗时: 1394.06ms
2025/12/13 20:20:53.879087 [20:20:45.003] 用户10513 | ✅ 秒杀成功 | 耗时: 1394.63ms
2025/12/13 20:20:53.879093 [20:20:45.003] 用户10264 | ✅ 秒杀成功 | 耗时: 1395.97ms
2025/12/13 20:20:53.879098 [20:20:45.003] 用户10254 | ✅ 秒杀成功 | 耗时: 1395.46ms
2025/12/13 20:20:53.879104 [20:20:45.003] 用户10257 | ✅ 秒杀成功 | 耗时: 1395.76ms
2025/12/13 20:20:53.879110 [20:20:45.003] 用户10764 | ✅ 秒杀成功 | 耗时: 1395.05ms
2025/12/13 20:20:53.879115 [20:20:45.003] 用户10921 | ✅ 秒杀成功 | 耗时: 1395.74ms
2025/12/13 20:20:53.879121 [20:20:45.003] 用户5502 | ✅ 秒杀成功 | 耗时: 1369.34ms
2025/12/13 20:20:53.879127 [20:20:45.003] 用户128 | ✅ 秒杀成功 | 耗时: 1395.31ms
2025/12/13 20:20:53.879132 [20:20:45.003] 用户5158 | ✅ 秒杀成功 | 耗时: 1366.39ms
2025/12/13 20:20:53.879138 [20:20:45.003] 用户10383 | ✅ 秒杀成功 | 耗时: 1396.31ms
2025/12/13 20:20:53.879144 [20:20:45.003] 用户10919 | ✅ 秒杀成功 | 耗时: 1394.46ms
2025/12/13 20:20:53.879149 [20:20:45.005] 用户10135 | ✅ 秒杀成功 | 耗时: 1397.78ms
2025/12/13 20:20:53.879155 [20:20:45.005] 用户10251 | ✅ 秒杀成功 | 耗时: 1396.83ms
2025/12/13 20:20:53.879161 [20:20:45.005] 用户10534 | ✅ 秒杀成功 | 耗时: 1397.75ms
2025/12/13 20:20:53.879166 [20:20:45.005] 用户129 | ✅ 秒杀成功 | 耗时: 1397.64ms
2025/12/13 20:20:53.879172 [20:20:45.005] 用户32 | ✅ 秒杀成功 | 耗时: 1396.41ms
2025/12/13 20:20:53.879178 [20:20:45.005] 用户10365 | ✅ 秒杀成功 | 耗时: 1396.06ms
2025/12/13 20:20:53.879183 [20:20:45.005] 用户6961 | ✅ 秒杀成功 | 耗时: 1379.25ms
2025/12/13 20:20:53.879189 [20:20:45.005] 用户5202 | ✅ 秒杀成功 | 耗时: 1368.05ms
2025/12/13 20:20:53.879195 [20:20:45.006] 用户10121 | ✅ 秒杀成功 | 耗时: 1397.14ms
2025/12/13 20:20:53.879200 [20:20:45.006] 用户10249 | ✅ 秒杀成功 | 耗时: 1397.13ms
2025/12/13 20:20:53.879206 [20:20:45.006] 用户30 | ✅ 秒杀成功 | 耗时: 1396.79ms
2025/12/13 20:20:53.879212 [20:20:45.006] 用户10387 | ✅ 秒杀成功 | 耗时: 1398.50ms
2025/12/13 20:20:53.879218 [20:20:45.006] 用户10130 | ✅ 秒杀成功 | 耗时: 1398.23ms
2025/12/13 20:20:53.879223 [20:20:45.006] 用户10260 | ✅ 秒杀成功 | 耗时: 1398.52ms
2025/12/13 20:20:53.879229 [20:20:45.006] 用户10125 | ✅ 秒杀成功 | 耗时: 1398.36ms
2025/12/13 20:20:53.879235 [20:20:45.006] 用户29 | ✅ 秒杀成功 | 耗时: 1396.63ms
2025/12/13 20:20:53.879240 [20:20:45.006] 用户10531 | ✅ 秒杀成功 | 耗时: 1398.31ms
2025/12/13 20:20:53.879246 [20:20:45.006] 用户10517 | ✅ 秒杀成功 | 耗时: 1397.62ms
2025/12/13 20:20:53.879252 [20:20:45.006] 用户10117 | ✅ 秒杀成功 | 耗时: 1396.67ms
2025/12/13 20:20:53.879258 [20:20:45.006] 用户10533 | ✅ 秒杀成功 | 耗时: 1398.38ms
2025/12/13 20:20:53.879263 [20:20:45.006] 用户10124 | ✅ 秒杀成功 | 耗时: 1398.44ms
2025/12/13 20:20:53.879269 [20:20:45.006] 用户10515 | ✅ 秒杀成功 | 耗时: 1397.49ms
2025/12/13 20:20:53.879275 [20:20:45.006] 用户10265 | ✅ 秒杀成功 | 耗时: 1398.47ms
2025/12/13 20:20:53.879280 [20:20:45.006] 用户10137 | ✅ 秒杀成功 | 耗时: 1398.90ms
2025/12/13 20:20:53.879286 [20:20:45.006] 用户5233 | ✅ 秒杀成功 | 耗时: 1368.66ms
2025/12/13 20:20:53.879292 [20:20:45.006] 用户10369 | ✅ 秒杀成功 | 耗时: 1397.09ms
2025/12/13 20:20:53.879298 [20:20:45.006] 用户10247 | ✅ 秒杀成功 | 耗时: 1397.07ms
2025/12/13 20:20:53.879303 [20:20:45.006] 用户10119 | ✅ 秒杀成功 | 耗时: 1397.47ms
2025/12/13 20:20:53.879309 [20:20:45.006] 用户10509 | ✅ 秒杀成功 | 耗时: 1397.57ms
2025/12/13 20:20:53.879315 [20:20:45.006] 用户10756 | ✅ 秒杀成功 | 耗时: 1397.50ms
2025/12/13 20:20:53.879321 [20:20:45.007] 用户6137 | ✅ 秒杀成功 | 耗时: 1372.29ms
2025/12/13 20:20:53.879326 [20:20:45.007] 用户10777 | ✅ 秒杀成功 | 耗时: 1400.08ms
2025/12/13 20:20:53.879332 [20:20:45.007] 用户10372 | ✅ 秒杀成功 | 耗时: 1398.91ms
2025/12/13 20:20:53.879338 [20:20:45.011] 用户63 | ✅ 秒杀成功 | 耗时: 1403.33ms
2025/12/13 20:20:53.879350 [20:20:45.012] 用户10518 | ✅ 秒杀成功 | 耗时: 1404.29ms
2025/12/13 20:20:53.879356 [20:20:45.012] 用户124 | ✅ 秒杀成功 | 耗时: 1404.91ms
2025/12/13 20:20:53.879361 [20:20:45.012] 用户10535 | ✅ 秒杀成功 | 耗时: 1405.37ms
2025/12/13 20:20:53.879367 [20:20:45.013] 用户10381 | ✅ 秒杀成功 | 耗时: 1405.14ms
2025/12/13 20:20:53.879373 [20:20:45.013] 用户10131 | ✅ 秒杀成功 | 耗时: 1404.96ms
2025/12/13 20:20:53.879379 [20:20:45.013] 用户10755 | ✅ 秒杀成功 | 耗时: 1403.88ms
2025/12/13 20:20:53.879384 [20:20:45.016] 用户3987 | ✅ 秒杀成功 | 耗时: 1226.81ms
2025/12/13 20:20:53.879390 [20:20:45.018] 用户9791 | ✅ 秒杀成功 | 耗时: 1409.96ms
2025/12/13 20:20:53.879396 [20:20:45.018] 用户10773 | ✅ 秒杀成功 | 耗时: 1409.54ms
2025/12/13 20:20:53.879402 [20:20:45.018] 用户10380 | ✅ 秒杀成功 | 耗时: 1411.09ms
2025/12/13 20:20:53.879407 [20:20:45.020] 用户3536 | ✅ 秒杀成功 | 耗时: 1144.45ms
2025/12/13 20:20:53.879425 [20:20:45.020] 用户10128 | ✅ 秒杀成功 | 耗时: 1412.42ms
2025/12/13 20:20:53.879433 [20:20:45.020] 用户130 | ✅ 秒杀成功 | 耗时: 1412.62ms
2025/12/13 20:20:53.879439 [20:20:45.020] 用户10519 | ✅ 秒杀成功 | 耗时: 1412.23ms
2025/12/13 20:20:53.879445 [20:20:45.020] 用户28 | ✅ 秒杀成功 | 耗时: 1410.59ms
2025/12/13 20:20:53.879450 [20:20:45.020] 用户5781 | ✅ 秒杀成功 | 耗时: 1388.31ms
2025/12/13 20:20:53.879456 [20:20:45.020] 用户7373 | ✅ 秒杀成功 | 耗时: 1402.24ms
2025/12/13 20:20:53.879462 [20:20:45.020] 用户4831 | ✅ 秒杀成功 | 耗时: 1378.70ms
2025/12/13 20:20:53.879467 [20:20:45.020] 用户10391 | ✅ 秒杀成功 | 耗时: 1413.93ms
2025/12/13 20:20:53.879473 [20:20:45.020] 用户132 | ✅ 秒杀成功 | 耗时: 1412.91ms
2025/12/13 20:20:53.879479 [20:20:45.020] 用户10532 | ✅ 秒杀成功 | 耗时: 1412.99ms
2025/12/13 20:20:53.879484 [20:20:45.020] 用户126 | ✅ 秒杀成功 | 耗时: 1412.84ms
2025/12/13 20:20:53.879498 [20:20:45.021] 用户10129 | ✅ 秒杀成功 | 耗时: 1413.16ms
2025/12/13 20:20:53.879504 [20:20:45.021] 用户10772 | ✅ 秒杀成功 | 耗时: 1414.22ms
2025/12/13 20:20:53.879510 [20:20:45.024] 用户10547 | ✅ 秒杀成功 | 耗时: 1416.33ms
2025/12/13 20:20:53.879516 [20:20:45.024] 用户10388 | ✅ 秒杀成功 | 耗时: 1416.75ms
2025/12/13 20:20:53.879522 [20:20:45.024] 用户10776 | ✅ 秒杀成功 | 耗时: 1417.12ms
2025/12/13 20:20:53.879528 [20:20:45.024] 用户10530 | ✅ 秒杀成功 | 耗时: 1416.57ms
2025/12/13 20:20:53.879534 [20:20:45.024] 用户10115 | ✅ 秒杀成功 | 耗时: 1414.74ms
2025/12/13 20:20:53.879539 [20:20:45.024] 用户1964 | ✅ 秒杀成功 | 耗时: 1344.82ms
2025/12/13 20:20:53.879545 [20:20:45.024] 用户10754 | ✅ 秒杀成功 | 耗时: 1414.64ms
2025/12/13 20:20:53.879551 [20:20:45.024] 用户1 | ✅ 秒杀成功 | 耗时: 1408.14ms
2025/12/13 20:20:53.879557 [20:20:45.024] 用户10450 | ✅ 秒杀成功 | 耗时: 1416.39ms
2025/12/13 20:20:53.879563 [20:20:45.024] 用户10767 | ✅ 秒杀成功 | 耗时: 1416.79ms
2025/12/13 20:20:53.879568 [20:20:45.024] 用户10775 | ✅ 秒杀成功 | 耗时: 1417.17ms
2025/12/13 20:20:53.879574 [20:20:45.024] 用户10759 | ✅ 秒杀成功 | 耗时: 1415.53ms
2025/12/13 20:20:53.879580 [20:20:45.024] 用户10516 | ✅ 秒杀成功 | 耗时: 1415.92ms
2025/12/13 20:20:53.879586 [20:20:45.024] 用户10259 | ✅ 秒杀成功 | 耗时: 1417.05ms
2025/12/13 20:20:53.879591 [20:20:45.024] 用户7490 | ✅ 秒杀成功 | 耗时: 1407.95ms
2025/12/13 20:20:53.879597 [20:20:45.024] 用户2842 | ✅ 秒杀成功 | 耗时: 1359.71ms
2025/12/13 20:20:53.879603 [20:20:45.024] 用户10368 | ✅ 秒杀成功 | 耗时: 1414.52ms
2025/12/13 20:20:53.879609 [20:20:45.024] 用户10138 | ✅ 秒杀成功 | 耗时: 1417.55ms
2025/12/13 20:20:53.879616 [20:20:45.024] 用户10382 | ✅ 秒杀成功 | 耗时: 1417.15ms
2025/12/13 20:20:53.879623 [20:20:45.024] 用户10364 | ✅ 秒杀成功 | 耗时: 1415.14ms
2025/12/13 20:20:53.879637 [20:20:45.024] 用户10765 | ✅ 秒杀成功 | 耗时: 1416.47ms
2025/12/13 20:20:53.879644 [20:20:45.024] 用户10026 | ✅ 秒杀成功 | 耗时: 1415.17ms
2025/12/13 20:20:53.879651 [20:20:45.024] 用户9645 | ✅ 秒杀成功 | 耗时: 1345.58ms
2025/12/13 20:20:53.879657 [20:20:45.027] 用户7414 | ✅ 秒杀成功 | 耗时: 1411.13ms
2025/12/13 20:20:53.879663 [20:20:45.027] 用户1870 | ✅ 秒杀成功 | 耗时: 1349.19ms
2025/12/13 20:20:53.879669 [20:20:45.027] 用户605 | ✅ 秒杀成功 | 耗时: 1348.09ms
2025/12/13 20:20:53.879674 [20:20:45.027] 用户10274 | ✅ 秒杀成功 | 耗时: 1421.51ms
2025/12/13 20:20:53.879680 [20:20:45.027] 用户2212 | ✅ 秒杀成功 | 耗时: 1349.63ms
2025/12/13 20:20:53.879686 [20:20:45.028] 用户5730 | ✅ 秒杀成功 | 耗时: 1389.19ms
2025/12/13 20:20:53.879692 [20:20:45.028] 用户8651 | ✅ 秒杀成功 | 耗时: 1420.36ms
2025/12/13 20:20:53.879697 [20:20:45.028] 用户5843 | ✅ 秒杀成功 | 耗时: 1398.19ms
2025/12/13 20:20:53.879703 [20:20:45.028] 用户4926 | ✅ 秒杀成功 | 耗时: 1391.93ms
2025/12/13 20:20:53.879709 [20:20:45.028] 用户4464 | ✅ 秒杀成功 | 耗时: 1384.56ms
2025/12/13 20:20:53.879715 [20:20:45.030] 用户5766 | ✅ 秒杀成功 | 耗时: 1396.01ms
2025/12/13 20:20:53.879720 [20:20:45.030] 用户123 | ✅ 秒杀成功 | 耗时: 1418.39ms
2025/12/13 20:20:53.879726 [20:20:45.030] 用户2657 | ✅ 秒杀成功 | 耗时: 1358.58ms
2025/12/13 20:20:53.879732 [20:20:45.031] 用户3071 | ✅ 秒杀成功 | 耗时: 1359.46ms
2025/12/13 20:20:53.879738 [20:20:45.031] 用户4989 | ✅ 秒杀成功 | 耗时: 1389.06ms
2025/12/13 20:20:53.879743 [20:20:45.031] 用户10229 | ✅ 秒杀成功 | 耗时: 1419.48ms
2025/12/13 20:20:53.879749 [20:20:45.031] 用户10732 | ✅ 秒杀成功 | 耗时: 1419.26ms
2025/12/13 20:20:53.879755 [20:20:45.031] 用户10013 | ✅ 秒杀成功 | 耗时: 1420.35ms
2025/12/13 20:20:53.879760 [20:20:45.031] 用户211 | ✅ 秒杀成功 | 耗时: 1352.09ms
2025/12/13 20:20:53.879766 [20:20:45.031] 用户3162 | ✅ 秒杀成功 | 耗时: 1366.93ms
2025/12/13 20:20:53.879772 [20:20:45.032] 用户10360 | ✅ 秒杀成功 | 耗时: 1421.17ms
2025/12/13 20:20:53.879778 [20:20:45.032] 用户681 | ✅ 秒杀成功 | 耗时: 1352.60ms
2025/12/13 20:20:53.879784 [20:20:45.032] 用户5140 | ✅ 秒杀成功 | 耗时: 1394.01ms
2025/12/13 20:20:53.879789 [20:20:45.032] 用户10236 | ✅ 秒杀成功 | 耗时: 1420.41ms
2025/12/13 20:20:53.879795 [20:20:45.032] 用户10497 | ✅ 秒杀成功 | 耗时: 1419.92ms
2025/12/13 20:20:53.879800 [20:20:45.032] 用户1926 | ✅ 秒杀成功 | 耗时: 1354.25ms
2025/12/13 20:20:53.879806 [20:20:45.032] 用户106 | ✅ 秒杀成功 | 耗时: 1418.03ms
2025/12/13 20:20:53.879812 [20:20:45.032] 用户2658 | ✅ 秒杀成功 | 耗时: 1360.20ms
2025/12/13 20:20:53.879818 [20:20:45.032] 用户10358 | ✅ 秒杀成功 | 耗时: 1421.58ms
2025/12/13 20:20:53.879824 [20:20:45.032] 用户10363 | ✅ 秒杀成功 | 耗时: 1421.94ms
2025/12/13 20:20:53.879829 [20:20:45.033] 用户10589 | ✅ 秒杀成功 | 耗时: 1355.03ms
2025/12/13 20:20:53.879835 [20:20:45.033] 用户2221 | ✅ 秒杀成功 | 耗时: 1354.96ms
2025/12/13 20:20:53.879841 [20:20:45.033] 用户10744 | ✅ 秒杀成功 | 耗时: 1422.62ms
2025/12/13 20:20:53.879846 [20:20:45.033] 用户2201 | ✅ 秒杀成功 | 耗时: 1354.97ms
2025/12/13 20:20:53.879852 [20:20:45.033] 用户10243 | ✅ 秒杀成功 | 耗时: 1422.68ms
2025/12/13 20:20:53.879858 [20:20:45.033] 用户6023 | ✅ 秒杀成功 | 耗时: 1398.47ms
2025/12/13 20:20:53.879864 [20:20:45.033] 用户1073 | ✅ 秒杀成功 | 耗时: 1350.61ms
2025/12/13 20:20:53.879869 [20:20:45.033] 用户3323 | ✅ 秒杀成功 | 耗时: 1380.78ms
2025/12/13 20:20:53.879875 [20:20:45.034] 用户10740 | ✅ 秒杀成功 | 耗时: 1423.09ms
2025/12/13 20:20:53.879881 [20:20:45.034] 用户10017 | ✅ 秒杀成功 | 耗时: 1423.88ms
2025/12/13 20:20:53.879886 [20:20:45.034] 用户10723 | ✅ 秒杀成功 | 耗时: 1421.69ms
2025/12/13 20:20:53.879898 [20:20:45.034] 用户2056 | ✅ 秒杀成功 | 耗时: 1355.30ms
2025/12/13 20:20:53.879904 [20:20:45.034] 用户10018 | ✅ 秒杀成功 | 耗时: 1424.21ms
2025/12/13 20:20:53.879910 [20:20:45.034] 用户10750 | ✅ 秒杀成功 | 耗时: 1424.93ms
2025/12/13 20:20:53.879915 [20:20:45.034] 用户4173 | ✅ 秒杀成功 | 耗时: 1387.90ms
2025/12/13 20:20:53.879921 [20:20:45.035] 用户2467 | ✅ 秒杀成功 | 耗时: 1355.88ms
2025/12/13 20:20:53.879927 [20:20:45.035] 用户2591 | ✅ 秒杀成功 | 耗时: 1355.83ms
2025/12/13 20:20:53.879933 [20:20:45.035] 用户10244 | ✅ 秒杀成功 | 耗时: 1424.55ms
2025/12/13 20:20:53.879938 [20:20:45.035] 用户10023 | ✅ 秒杀成功 | 耗时: 1425.18ms
2025/12/13 20:20:53.879944 [20:20:45.035] 用户7018 | ✅ 秒杀成功 | 耗时: 1418.36ms
2025/12/13 20:20:53.879950 [20:20:45.035] 用户4075 | ✅ 秒杀成功 | 耗时: 1385.73ms
2025/12/13 20:20:53.879956 [20:20:45.035] 用户4039 | ✅ 秒杀成功 | 耗时: 1382.34ms
2025/12/13 20:20:53.879960 [20:20:45.035] 用户1341 | ✅ 秒杀成功 | 耗时: 1353.01ms
2025/12/13 20:20:53.879965 [20:20:45.035] 用户1346 | ✅ 秒杀成功 | 耗时: 1355.79ms
2025/12/13 20:20:53.879970 [20:20:45.035] 用户5362 | ✅ 秒杀成功 | 耗时: 1392.98ms
2025/12/13 20:20:53.879976 [20:20:45.035] 用户9945 | ✅ 秒杀成功 | 耗时: 1327.06ms
2025/12/13 20:20:53.879980 [20:20:45.035] 用户10376 | ✅ 秒杀成功 | 耗时: 1419.16ms
2025/12/13 20:20:53.879985 [20:20:45.036] 用户10366 | ✅ 秒杀成功 | 耗时: 1426.36ms
2025/12/13 20:20:53.879990 [20:20:45.036] 用户1648 | ✅ 秒杀成功 | 耗时: 1245.24ms
2025/12/13 20:20:53.879995 [20:20:45.038] 用户718 | ✅ 秒杀成功 | 耗时: 1359.51ms
2025/12/13 20:20:53.880000 [20:20:45.038] 用户10231 | ✅ 秒杀成功 | 耗时: 1426.19ms
2025/12/13 20:20:53.880005 [20:20:45.038] 用户10240 | ✅ 秒杀成功 | 耗时: 1426.13ms
2025/12/13 20:20:53.880010 [20:20:45.038] 用户3072 | ✅ 秒杀成功 | 耗时: 1366.03ms
2025/12/13 20:20:53.880015 [20:20:45.038] 用户10349 | ✅ 秒杀成功 | 耗时: 1426.93ms
2025/12/13 20:20:53.880020 [20:20:45.038] 用户10499 | ✅ 秒杀成功 | 耗时: 1426.33ms
2025/12/13 20:20:53.880024 [20:20:45.038] 用户122 | ✅ 秒杀成功 | 耗时: 1428.10ms
2025/12/13 20:20:53.880029 [20:20:45.038] 用户10232 | ✅ 秒杀成功 | 耗时: 1426.28ms
2025/12/13 20:20:53.880038 [20:20:45.038] 用户1726 | ✅ 秒杀成功 | 耗时: 1359.04ms
2025/12/13 20:20:53.880045 [20:20:45.038] 用户8637 | ✅ 秒杀成功 | 耗时: 1425.45ms
2025/12/13 20:20:53.880050 [20:20:45.038] 用户10261 | ✅ 秒杀成功 | 耗时: 1430.84ms
2025/12/13 20:20:53.880055 [20:20:45.038] 用户10106 | ✅ 秒杀成功 | 耗时: 1359.26ms
2025/12/13 20:20:53.880060 [20:20:45.038] 用户5593 | ✅ 秒杀成功 | 耗时: 1402.67ms
2025/12/13 20:20:53.880065 [20:20:45.038] 用户10751 | ✅ 秒杀成功 | 耗时: 1428.26ms
2025/12/13 20:20:53.880071 [20:20:45.038] 用户3755 | ✅ 秒杀成功 | 耗时: 1389.87ms
2025/12/13 20:20:53.880077 [20:20:45.038] 用户3638 | ✅ 秒杀成功 | 耗时: 1385.73ms
2025/12/13 20:20:53.880082 [20:20:45.038] 用户1312 | ✅ 秒杀成功 | 耗时: 1358.34ms
2025/12/13 20:20:53.880086 [20:20:45.038] 用户6637 | ✅ 秒杀成功 | 耗时: 1405.39ms
2025/12/13 20:20:53.880091 [20:20:45.038] 用户10022 | ✅ 秒杀成功 | 耗时: 1428.26ms
2025/12/13 20:20:53.880095 [20:20:45.038] 用户4869 | ✅ 秒杀成功 | 耗时: 1400.37ms
2025/12/13 20:20:53.880100 [20:20:45.038] 用户6770 | ✅ 秒杀成功 | 耗时: 1405.43ms
2025/12/13 20:20:53.880104 [20:20:45.038] 用户10019 | ✅ 秒杀成功 | 耗时: 1428.10ms
2025/12/13 20:20:53.880108 [20:20:45.038] 用户10774 | ✅ 秒杀成功 | 耗时: 1431.31ms
2025/12/13 20:20:53.880112 [20:20:45.038] 用户27 | ✅ 秒杀成功 | 耗时: 1428.72ms
2025/12/13 20:20:53.880115 [20:20:45.038] 用户5990 | ✅ 秒杀成功 | 耗时: 1408.79ms
2025/12/13 20:20:53.880119 [20:20:45.038] 用户7076 | ✅ 秒杀成功 | 耗时: 1414.27ms
2025/12/13 20:20:53.880123 [20:20:45.038] 用户10727 | ✅ 秒杀成功 | 耗时: 1426.01ms
2025/12/13 20:20:53.880135 [20:20:45.038] 用户6051 | ✅ 秒杀成功 | 耗时: 1407.11ms
2025/12/13 20:20:53.880140 [20:20:45.038] 用户10588 | ✅ 秒杀成功 | 耗时: 1360.45ms
2025/12/13 20:20:53.880144 [20:20:45.038] 用户10584 | ✅ 秒杀成功 | 耗时: 1360.33ms
2025/12/13 20:20:53.880149 [20:20:45.038] 用户2666 | ✅ 秒杀成功 | 耗时: 1366.56ms
2025/12/13 20:20:53.880153 [20:20:45.038] 用户10390 | ✅ 秒杀成功 | 耗时: 1431.32ms
2025/12/13 20:20:53.880158 [20:20:45.038] 用户7052 | ✅ 秒杀成功 | 耗时: 1414.24ms
2025/12/13 20:20:53.880163 [20:20:45.038] 用户10491 | ✅ 秒杀成功 | 耗时: 1425.82ms
2025/12/13 20:20:53.880167 [20:20:45.038] 用户113 | ✅ 秒杀成功 | 耗时: 1425.83ms
2025/12/13 20:20:53.880172 [20:20:45.038] 用户10114 | ✅ 秒杀成功 | 耗时: 1425.82ms
2025/12/13 20:20:53.880177 [20:20:45.038] 用户6894 | ✅ 秒杀成功 | 耗时: 1418.70ms
2025/12/13 20:20:53.880181 [20:20:45.038] 用户6209 | ✅ 秒杀成功 | 耗时: 1409.23ms
2025/12/13 20:20:53.880186 [20:20:45.038] 用户5224 | ✅ 秒杀成功 | 耗时: 1400.75ms
2025/12/13 20:20:53.880191 [20:20:45.038] 用户2954 | ✅ 秒杀成功 | 耗时: 1379.09ms
2025/12/13 20:20:53.880195 [20:20:45.038] 用户3175 | ✅ 秒杀成功 | 耗时: 1374.78ms
2025/12/13 20:20:53.880200 [20:20:45.038] 用户10537 | ✅ 秒杀成功 | 耗时: 1431.53ms
2025/12/13 20:20:53.880205 [20:20:45.038] 用户6111 | ✅ 秒杀成功 | 耗时: 1402.87ms
2025/12/13 20:20:53.880209 [20:20:45.038] 用户10378 | ✅ 秒杀成功 | 耗时: 1430.94ms
2025/12/13 20:20:53.880213 [20:20:45.038] 用户10639 | ✅ 秒杀成功 | 耗时: 1162.42ms
2025/12/13 20:20:53.880217 [20:20:45.038] 用户1404 | ✅ 秒杀成功 | 耗时: 1356.12ms
2025/12/13 20:20:53.880221 [20:20:45.038] 用户10134 | ✅ 秒杀成功 | 耗时: 1431.48ms
2025/12/13 20:20:53.880225 [20:20:45.038] 用户9936 | ✅ 秒杀成功 | 耗时: 1330.43ms
2025/12/13 20:20:53.880229 [20:20:45.038] 用户7950 | ✅ 秒杀成功 | 耗时: 1417.75ms
2025/12/13 20:20:53.880232 [20:20:45.038] 用户7019 | ✅ 秒杀成功 | 耗时: 1421.98ms
2025/12/13 20:20:53.880236 [20:20:45.038] 用户10536 | ✅ 秒杀成功 | 耗时: 1431.54ms
2025/12/13 20:20:53.880240 [20:20:45.038] 用户10788 | ✅ 秒杀成功 | 耗时: 1431.53ms
2025/12/13 20:20:53.880244 [20:20:45.038] 用户1235 | ✅ 秒杀成功 | 耗时: 1169.45ms
2025/12/13 20:20:53.880247 [20:20:45.038] 用户5739 | ✅ 秒杀成功 | 耗时: 1400.47ms
2025/12/13 20:20:53.880251 [20:20:45.038] 用户3524 | ✅ 秒杀成功 | 耗时: 1162.94ms
2025/12/13 20:20:53.880255 [20:20:45.038] 用户1921 | ✅ 秒杀成功 | 耗时: 1359.89ms
2025/12/13 20:20:53.880258 [20:20:45.038] 用户3184 | ✅ 秒杀成功 | 耗时: 1379.25ms
2025/12/13 20:20:53.880262 [20:20:45.038] 用户2738 | ✅ 秒杀成功 | 耗时: 1220.14ms
2025/12/13 20:20:53.880266 [20:20:45.039] 用户10379 | ✅ 秒杀成功 | 耗时: 1431.17ms
2025/12/13 20:20:53.880269 [20:20:45.039] 用户604 | ✅ 秒杀成功 | 耗时: 1359.43ms
2025/12/13 20:20:53.880273 [20:20:45.039] 用户10581 | ✅ 秒杀成功 | 耗时: 1360.56ms
2025/12/13 20:20:53.880277 [20:20:45.039] 用户1844 | ✅ 秒杀成功 | 耗时: 1361.17ms
2025/12/13 20:20:53.880280 [20:20:45.039] 用户6263 | ✅ 秒杀成功 | 耗时: 1408.32ms
2025/12/13 20:20:53.880284 [20:20:45.039] 用户6232 | ✅ 秒杀成功 | 耗时: 1415.47ms
2025/12/13 20:20:53.880288 [20:20:45.039] 用户10753 | ✅ 秒杀成功 | 耗时: 1429.76ms
2025/12/13 20:20:53.880291 [20:20:45.039] 用户10508 | ✅ 秒杀成功 | 耗时: 1428.42ms
2025/12/13 20:20:53.880295 [20:20:45.039] 用户3069 | ✅ 秒杀成功 | 耗时: 1367.09ms
2025/12/13 20:20:53.880299 [20:20:45.039] 用户10745 | ✅ 秒杀成功 | 耗时: 1428.98ms
2025/12/13 20:20:53.880302 [20:20:45.040] 用户9898 | ✅ 秒杀成功 | 耗时: 1429.71ms
2025/12/13 20:20:53.880306 [20:20:45.040] 用户10245 | ✅ 秒杀成功 | 耗时: 1429.80ms
2025/12/13 20:20:53.880310 [20:20:45.040] 用户10748 | ✅ 秒杀成功 | 耗时: 1429.87ms
2025/12/13 20:20:53.880317 [20:20:45.040] 用户10233 | ✅ 秒杀成功 | 耗时: 1428.14ms
2025/12/13 20:20:53.880321 [20:20:45.040] 用户112 | ✅ 秒杀成功 | 耗时: 1427.17ms
2025/12/13 20:20:53.880325 [20:20:45.040] 用户10500 | ✅ 秒杀成功 | 耗时: 1428.33ms
2025/12/13 20:20:53.880328 [20:20:45.040] 用户1698 | ✅ 秒杀成功 | 耗时: 1249.78ms
2025/12/13 20:20:53.880332 [20:20:45.042] 用户10717 | ✅ 秒杀成功 | 耗时: 1429.78ms
2025/12/13 20:20:53.880336 [20:20:45.042] 用户10235 | ✅ 秒杀成功 | 耗时: 1430.94ms
2025/12/13 20:20:53.880340 [20:20:45.042] 用户10503 | ✅ 秒杀成功 | 耗时: 1431.05ms
2025/12/13 20:20:53.880343 [20:20:45.042] 用户10242 | ✅ 秒杀成功 | 耗时: 1431.81ms
2025/12/13 20:20:53.880347 [20:20:45.042] 用户10122 | ✅ 秒杀成功 | 耗时: 1434.52ms
2025/12/13 20:20:53.880350 [20:20:45.042] 用户10505 | ✅ 秒杀成功 | 耗时: 1431.24ms
2025/12/13 20:20:53.880354 [20:20:45.042] 用户1910 | ✅ 秒杀成功 | 耗时: 1364.81ms
2025/12/13 20:20:53.880358 [20:20:45.042] 用户10771 | ✅ 秒杀成功 | 耗时: 1435.35ms
2025/12/13 20:20:53.880361 [20:20:45.042] 用户10238 | ✅ 秒杀成功 | 耗时: 1431.36ms
2025/12/13 20:20:53.880365 [20:20:45.042] 用户10738 | ✅ 秒杀成功 | 耗时: 1430.95ms
2025/12/13 20:20:53.880369 [20:20:45.042] 用户6024 | ✅ 秒杀成功 | 耗时: 1408.00ms
2025/12/13 20:20:53.880372 [20:20:45.042] 用户10743 | ✅ 秒杀成功 | 耗时: 1431.93ms
2025/12/13 20:20:53.880376 [20:20:45.042] 用户10766 | ✅ 秒杀成功 | 耗时: 1434.69ms
2025/12/13 20:20:53.880380 [20:20:45.042] 用户10361 | ✅ 秒杀成功 | 耗时: 1432.32ms
2025/12/13 20:20:53.880384 [20:20:45.042] 用户695 | ✅ 秒杀成功 | 耗时: 1363.68ms
2025/12/13 20:20:53.880387 [20:20:45.042] 用户6914 | ✅ 秒杀成功 | 耗时: 1412.74ms
2025/12/13 20:20:53.880391 [20:20:45.042] 用户10237 | ✅ 秒杀成功 | 耗时: 1431.32ms
2025/12/13 20:20:53.880395 [20:20:45.042] 用户10739 | ✅ 秒杀成功 | 耗时: 1431.40ms
2025/12/13 20:20:53.880398 [20:20:45.042] 用户4072 | ✅ 秒杀成功 | 耗时: 1393.30ms
2025/12/13 20:20:53.880402 [20:20:45.043] 用户10746 | ✅ 秒杀成功 | 耗时: 1431.67ms
2025/12/13 20:20:53.880406 [20:20:45.043] 用户10234 | ✅ 秒杀成功 | 耗时: 1431.08ms
2025/12/13 20:20:53.880409 [20:20:45.043] 用户4618 | ✅ 秒杀成功 | 耗时: 1402.39ms
2025/12/13 20:20:53.880413 [20:20:45.043] 用户2659 | ✅ 秒杀成功 | 耗时: 1371.37ms
2025/12/13 20:20:53.880417 [20:20:45.050] 用户111 | ✅ 秒杀成功 | 耗时: 1437.27ms
2025/12/13 20:20:53.880421 [20:20:45.050] 用户110 | ✅ 秒杀成功 | 耗时: 1437.13ms
2025/12/13 20:20:53.880424 [20:20:45.050] 用户10489 | ✅ 秒杀成功 | 耗时: 1437.30ms
2025/12/13 20:20:53.880428 [20:20:45.050] 用户9897 | ✅ 秒杀成功 | 耗时: 1438.90ms
2025/12/13 20:20:53.880431 [20:20:45.050] 用户5281 | ✅ 秒杀成功 | 耗时: 1416.01ms
2025/12/13 20:20:53.880435 [20:20:45.050] 用户10348 | ✅ 秒杀成功 | 耗时: 1437.15ms
2025/12/13 20:20:53.880439 [20:20:45.050] 用户10737 | ✅ 秒杀成功 | 耗时: 1438.81ms
2025/12/13 20:20:53.880443 [20:20:45.050] 用户10735 | ✅ 秒杀成功 | 耗时: 1438.75ms
2025/12/13 20:20:53.880446 [20:20:45.050] 用户10527 | ✅ 秒杀成功 | 耗时: 1438.77ms
2025/12/13 20:20:53.880450 [20:20:45.050] 用户10736 | ✅ 秒杀成功 | 耗时: 1438.83ms
2025/12/13 20:20:53.880454 [20:20:45.050] 用户2660 | ✅ 秒杀成功 | 耗时: 1378.57ms
2025/12/13 20:20:53.880457 [20:20:45.050] 用户371 | ✅ 秒杀成功 | 耗时: 1371.90ms
2025/12/13 20:20:53.880461 [20:20:45.050] 用户2100 | ✅ 秒杀成功 | 耗时: 1371.42ms
2025/12/13 20:20:53.880465 [20:20:45.051] 用户3752 | ✅ 秒杀成功 | 耗时: 1402.25ms
2025/12/13 20:20:53.880468 [20:20:45.051] 用户2220 | ✅ 秒杀成功 | 耗时: 1372.76ms
2025/12/13 20:20:53.880472 [20:20:45.051] 用户2213 | ✅ 秒杀成功 | 耗时: 1372.83ms
2025/12/13 20:20:53.880476 [20:20:45.051] 用户6087 | ✅ 秒杀成功 | 耗时: 1421.55ms
2025/12/13 20:20:53.880483 [20:20:45.051] 用户3240 | ✅ 秒杀成功 | 耗时: 1398.74ms
2025/12/13 20:20:53.880487 [20:20:45.051] 用户10014 | ✅ 秒杀成功 | 耗时: 1439.96ms
2025/12/13 20:20:53.880491 [20:20:45.051] 用户10239 | ✅ 秒杀成功 | 耗时: 1439.98ms
2025/12/13 20:20:53.880494 [20:20:45.051] 用户1841 | ✅ 秒杀成功 | 耗时: 1373.10ms
2025/12/13 20:20:53.880498 [20:20:45.051] 用户7453 | ✅ 秒杀成功 | 耗时: 1429.56ms
2025/12/13 20:20:53.880502 [20:20:45.052] 用户10054 | ✅ 秒杀成功 | 耗时: 1442.53ms
2025/12/13 20:20:53.880505 [20:20:45.052] 用户464 | ✅ 秒杀成功 | 耗时: 1372.89ms
2025/12/13 20:20:53.880509 [20:20:45.052] 用户1709 | ✅ 秒杀成功 | 耗时: 1266.77ms
2025/12/13 20:20:53.880513 [20:20:45.053] 用户10045 | ✅ 秒杀成功 | 耗时: 1345.94ms
2025/12/13 20:20:53.880516 [20:20:45.055] 用户114 | ✅ 秒杀成功 | 耗时: 1442.21ms
2025/12/13 20:20:53.880520 [20:20:45.055] 用户7461 | ✅ 秒杀成功 | 耗时: 1437.54ms
2025/12/13 20:20:53.880524 [20:20:45.055] 用户10252 | ✅ 秒杀成功 | 耗时: 1447.03ms
2025/12/13 20:20:53.880527 [20:20:45.055] 用户10586 | ✅ 秒杀成功 | 耗时: 1376.85ms
2025/12/13 20:20:53.880531 [20:20:45.055] 用户10941 | ✅ 秒杀成功 | 耗时: 1452.06ms
2025/12/13 20:20:53.880535 [20:20:45.055] 用户4247 | ✅ 秒杀成功 | 耗时: 1411.44ms
2025/12/13 20:20:53.880538 [20:20:45.056] 用户9643 | ✅ 秒杀成功 | 耗时: 1376.95ms
2025/12/13 20:20:53.880542 [20:20:45.056] 用户10253 | ✅ 秒杀成功 | 耗时: 1448.44ms
2025/12/13 20:20:53.880546 [20:20:45.056] 用户10012 | ✅ 秒杀成功 | 耗时: 1445.46ms
2025/12/13 20:20:53.880550 [20:20:45.057] 用户10769 | ✅ 秒杀成功 | 耗时: 1449.38ms
2025/12/13 20:20:53.880553 [20:20:45.058] 用户2710 | ✅ 秒杀成功 | 耗时: 1393.16ms
2025/12/13 20:20:53.880557 [20:20:45.062] 用户6626 | ✅ 秒杀成功 | 耗时: 1440.41ms
2025/12/13 20:20:53.880561 [20:20:45.062] 用户118 | ✅ 秒杀成功 | 耗时: 1452.01ms
2025/12/13 20:20:53.880564 [20:20:45.063] 用户9896 | ✅ 秒杀成功 | 耗时: 1449.77ms
2025/12/13 20:20:53.880568 [20:20:45.063] 用户6044 | ✅ 秒杀成功 | 耗时: 1431.66ms
2025/12/13 20:20:53.880572 [20:20:45.063] 用户5507 | ✅ 秒杀成功 | 耗时: 1429.62ms
2025/12/13 20:20:53.880575 [20:20:45.063] 用户1299 | ✅ 秒杀成功 | 耗时: 1383.80ms
2025/12/13 20:20:53.880579 [20:20:45.063] 用户10250 | ✅ 秒杀成功 | 耗时: 1452.44ms
2025/12/13 20:20:53.880583 [20:20:45.063] 用户10506 | ✅ 秒杀成功 | 耗时: 1452.51ms
2025/12/13 20:20:53.880586 [20:20:45.063] 用户108 | ✅ 秒杀成功 | 耗时: 1450.09ms
2025/12/13 20:20:53.880590 [20:20:45.064] 用户3644 | ✅ 秒杀成功 | 耗时: 1400.41ms
2025/12/13 20:20:53.880594 [20:20:45.064] 用户10729 | ✅ 秒杀成功 | 耗时: 1452.19ms
2025/12/13 20:20:53.880597 [20:20:45.064] 用户665 | ✅ 秒杀成功 | 耗时: 1385.31ms
2025/12/13 20:20:53.880601 [20:20:45.065] 用户10498 | ✅ 秒杀成功 | 耗时: 1452.98ms
2025/12/13 20:20:53.880605 [20:20:45.065] 用户10569 | ✅ 秒杀成功 | 耗时: 1386.17ms
2025/12/13 20:20:53.880608 [20:20:45.067] 用户10355 | ✅ 秒杀成功 | 耗时: 1456.15ms
2025/12/13 20:20:53.880612 [20:20:45.067] 用户10490 | ✅ 秒杀成功 | 耗时: 1454.42ms
2025/12/13 20:20:53.880616 [20:20:45.067] 用户10010 | ✅ 秒杀成功 | 耗时: 1453.38ms
2025/12/13 20:20:53.880620 [20:20:45.067] 用户10109 | ✅ 秒杀成功 | 耗时: 1453.39ms
2025/12/13 20:20:53.880623 [20:20:45.067] 用户6921 | ✅ 秒杀成功 | 耗时: 1437.39ms
2025/12/13 20:20:53.880627 [20:20:45.067] 用户10241 | ✅ 秒杀成功 | 耗时: 1456.54ms
2025/12/13 20:20:53.880631 [20:20:45.067] 用户7401 | ✅ 秒杀成功 | 耗时: 1451.39ms
2025/12/13 20:20:53.880635 [20:20:45.067] 用户10728 | ✅ 秒杀成功 | 耗时: 1455.26ms
2025/12/13 20:20:53.880638 [20:20:45.067] 用户5190 | ✅ 秒杀成功 | 耗时: 1431.70ms
2025/12/13 20:20:53.880642 [20:20:45.069] 用户3649 | ✅ 秒杀成功 | 耗时: 1411.42ms
2025/12/13 20:20:53.880646 [20:20:45.069] 用户10742 | ✅ 秒杀成功 | 耗时: 1458.35ms
2025/12/13 20:20:53.880653 [20:20:45.071] 用户7838 | ✅ 秒杀成功 | 耗时: 1454.58ms
2025/12/13 20:20:53.880657 [20:20:45.071] 用户905 | ✅ 秒杀成功 | 耗时: 1368.50ms
2025/12/13 20:20:53.880661 [20:20:45.071] 用户831 | ✅ 秒杀成功 | 耗时: 1387.38ms
2025/12/13 20:20:53.880664 [20:20:45.072] 用户10111 | ✅ 秒杀成功 | 耗时: 1458.67ms
2025/12/13 20:20:53.880668 [20:20:45.072] 用户7154 | ✅ 秒杀成功 | 耗时: 1456.22ms
2025/12/13 20:20:53.880672 [20:20:45.074] 用户3774 | ✅ 秒杀成功 | 耗时: 1422.29ms
2025/12/13 20:20:53.880681 [20:20:45.075] 用户8320 | ✅ 秒杀成功 | 耗时: 1458.88ms
2025/12/13 20:20:53.880685 [20:20:45.075] 用户263 | ✅ 秒杀成功 | 耗时: 1390.94ms
2025/12/13 20:20:53.880689 [20:20:45.075] 用户5054 | ✅ 秒杀成功 | 耗时: 1437.59ms
2025/12/13 20:20:53.880693 [20:20:45.075] 用户10487 | ✅ 秒杀成功 | 耗时: 1460.99ms
2025/12/13 20:20:53.880696 [20:20:45.075] 用户861 | ✅ 秒杀成功 | 耗时: 1394.94ms
2025/12/13 20:20:53.880700 [20:20:45.076] 用户9188 | ✅ 秒杀成功 | 耗时: 1373.27ms
2025/12/13 20:20:53.880704 [20:20:45.076] 用户9186 | ✅ 秒杀成功 | 耗时: 1373.42ms
2025/12/13 20:20:53.880708 [20:20:45.076] 用户8195 | ✅ 秒杀成功 | 耗时: 1359.30ms
2025/12/13 20:20:53.880711 [20:20:45.076] 用户9374 | ✅ 秒杀成功 | 耗时: 1364.25ms
2025/12/13 20:20:53.880715 [20:20:45.077] 用户2133 | ✅ 秒杀成功 | 耗时: 1402.62ms
2025/12/13 20:20:53.880719 [20:20:45.077] 用户749 | ✅ 秒杀成功 | 耗时: 1374.95ms
2025/12/13 20:20:53.880722 [20:20:45.079] 用户7139 | ✅ 秒杀成功 | 耗时: 1463.60ms
2025/12/13 20:20:53.880726 [20:20:45.080] 用户10112 | ✅ 秒杀成功 | 耗时: 1466.55ms
2025/12/13 20:20:53.880730 [20:20:45.080] 用户10352 | ✅ 秒杀成功 | 耗时: 1466.53ms
2025/12/13 20:20:53.880733 [20:20:45.080] 用户9634 | ✅ 秒杀成功 | 耗时: 1465.86ms
2025/12/13 20:20:53.880737 [20:20:45.080] 用户7617 | ✅ 秒杀成功 | 耗时: 1463.75ms
2025/12/13 20:20:53.880741 [20:20:45.081] 用户5989 | ✅ 秒杀成功 | 耗时: 1450.83ms
2025/12/13 20:20:53.880744 [20:20:45.081] 用户10507 | ✅ 秒杀成功 | 耗时: 1470.01ms
2025/12/13 20:20:53.880748 [20:20:45.081] 用户10016 | ✅ 秒杀成功 | 耗时: 1470.05ms
2025/12/13 20:20:53.880752 [20:20:45.084] 用户116 | ✅ 秒杀成功 | 耗时: 1470.25ms
2025/12/13 20:20:53.880756 [20:20:45.084] 用户10015 | ✅ 秒杀成功 | 耗时: 1473.26ms
2025/12/13 20:20:53.880759 [20:20:45.084] 用户10310 | ✅ 秒杀成功 | 耗时: 1470.24ms
2025/12/13 20:20:53.880763 [20:20:45.085] 用户10741 | ✅ 秒杀成功 | 耗时: 1474.07ms
2025/12/13 20:20:53.880767 [20:20:45.085] 用户1682 | ✅ 秒杀成功 | 耗时: 1390.42ms
2025/12/13 20:20:53.880770 [20:20:45.088] 用户10357 | ✅ 秒杀成功 | 耗时: 1477.43ms
2025/12/13 20:20:53.880774 [20:20:45.090] 用户9574 | ✅ 秒杀成功 | 耗时: 1377.95ms
2025/12/13 20:20:53.880778 [20:20:45.090] 用户10733 | ✅ 秒杀成功 | 耗时: 1478.37ms
2025/12/13 20:20:53.880781 [20:20:45.093] 用户109 | ✅ 秒杀成功 | 耗时: 1479.84ms
2025/12/13 20:20:53.880785 [20:20:45.096] 用户9731 | ✅ 秒杀成功 | 耗时: 1382.69ms
2025/12/13 20:20:53.880789 [20:20:45.096] 用户10495 | ✅ 秒杀成功 | 耗时: 1484.56ms
2025/12/13 20:20:53.880793 [20:20:45.096] 用户1825 | ✅ 秒杀成功 | 耗时: 1442.98ms
2025/12/13 20:20:53.880797 [20:20:45.097] 用户2497 | ✅ 秒杀成功 | 耗时: 1418.10ms
2025/12/13 20:20:53.880801 [20:20:45.097] 用户10734 | ✅ 秒杀成功 | 耗时: 1484.56ms
2025/12/13 20:20:53.880806 [20:20:45.097] 用户266 | ✅ 秒杀成功 | 耗时: 1422.40ms
2025/12/13 20:20:53.880811 [20:20:45.098] 用户7165 | ✅ 秒杀成功 | 耗时: 1481.77ms
2025/12/13 20:20:53.880816 [20:20:45.101] 用户10005 | ✅ 秒杀成功 | 耗时: 1487.02ms
2025/12/13 20:20:53.880821 [20:20:45.101] 用户10493 | ✅ 秒杀成功 | 耗时: 1488.69ms
2025/12/13 20:20:53.880826 [20:20:45.101] 用户8321 | ✅ 秒杀成功 | 耗时: 1485.26ms
2025/12/13 20:20:53.880837 [20:20:45.101] 用户10678 | ✅ 秒杀成功 | 耗时: 1394.06ms
2025/12/13 20:20:53.880842 [20:20:45.101] 用户8847 | ✅ 秒杀成功 | 耗时: 1382.11ms
2025/12/13 20:20:53.880847 [20:20:45.101] 用户10718 | ✅ 秒杀成功 | 耗时: 1398.66ms
2025/12/13 20:20:53.880852 [20:20:45.102] 用户2046 | ✅ 秒杀成功 | 耗时: 1427.00ms
2025/12/13 20:20:53.880857 [20:20:45.102] 用户8015 | ✅ 秒杀成功 | 耗时: 1485.92ms
2025/12/13 20:20:53.880862 [20:20:45.102] 用户7022 | ✅ 秒杀成功 | 耗时: 1485.86ms
2025/12/13 20:20:53.880867 [20:20:45.102] 用户10043 | ✅ 秒杀成功 | 耗时: 1395.01ms
2025/12/13 20:20:53.880872 [20:20:45.102] 用户10501 | ✅ 秒杀成功 | 耗时: 1490.74ms
2025/12/13 20:20:53.880877 [20:20:45.102] 用户7280 | ✅ 秒杀成功 | 耗时: 1486.14ms
2025/12/13 20:20:53.880882 [20:20:45.102] 用户7748 | ✅ 秒杀成功 | 耗时: 1486.17ms
2025/12/13 20:20:53.880887 [20:20:45.102] 用户1745 | ✅ 秒杀成功 | 耗时: 1420.27ms
2025/12/13 20:20:53.880892 [20:20:45.102] 用户1251 | ✅ 秒杀成功 | 耗时: 1233.56ms
2025/12/13 20:20:53.880897 [20:20:45.105] 用户8584 | ✅ 秒杀成功 | 耗时: 1390.12ms
2025/12/13 20:20:53.880902 [20:20:45.105] 用户7153 | ✅ 秒杀成功 | 耗时: 1488.80ms
2025/12/13 20:20:53.880909 [20:20:45.105] 用户9628 | ✅ 秒杀成功 | 耗时: 1488.74ms
2025/12/13 20:20:53.880914 [20:20:45.105] 用户7151 | ✅ 秒杀成功 | 耗时: 1488.80ms
2025/12/13 20:20:53.880919 [20:20:45.105] 用户4624 | ✅ 秒杀成功 | 耗时: 1465.98ms
2025/12/13 20:20:53.880924 [20:20:45.105] 用户3839 | ✅ 秒杀成功 | 耗时: 1459.17ms
2025/12/13 20:20:53.880929 [20:20:45.105] 用户10956 | ✅ 秒杀成功 | 耗时: 1503.25ms
2025/12/13 20:20:53.880935 [20:20:45.105] 用户6941 | ✅ 秒杀成功 | 耗时: 1476.33ms
2025/12/13 20:20:53.880939 [20:20:45.105] 用户1990 | ✅ 秒杀成功 | 耗时: 1430.14ms
2025/12/13 20:20:53.880943 [20:20:45.105] 用户1382 | ✅ 秒杀成功 | 耗时: 1422.91ms
2025/12/13 20:20:53.880947 [20:20:45.105] 用户7371 | ✅ 秒杀成功 | 耗时: 1482.61ms
2025/12/13 20:20:53.880950 [20:20:45.105] 用户10726 | ✅ 秒杀成功 | 耗时: 1492.34ms
2025/12/13 20:20:53.880955 [20:20:45.105] 用户5286 | ✅ 秒杀成功 | 耗时: 1469.72ms
2025/12/13 20:20:53.880959 [20:20:45.105] 用户10211 | ✅ 秒杀成功 | 耗时: 1397.70ms
2025/12/13 20:20:53.880963 [20:20:45.105] 用户9598 | ✅ 秒杀成功 | 耗时: 1397.54ms
2025/12/13 20:20:53.880968 [20:20:45.105] 用户1711 | ✅ 秒杀成功 | 耗时: 1410.01ms
2025/12/13 20:20:53.880973 [20:20:45.105] 用户9858 | ✅ 秒杀成功 | 耗时: 1397.58ms
2025/12/13 20:20:53.880977 [20:20:45.105] 用户9648 | ✅ 秒杀成功 | 耗时: 1426.42ms
2025/12/13 20:20:53.880982 [20:20:45.105] 用户10492 | ✅ 秒杀成功 | 耗时: 1492.70ms
2025/12/13 20:20:53.880986 [20:20:45.105] 用户115 | ✅ 秒杀成功 | 耗时: 1492.85ms
2025/12/13 20:20:53.880990 [20:20:45.105] 用户10722 | ✅ 秒杀成功 | 耗时: 1492.17ms
2025/12/13 20:20:53.880994 [20:20:45.105] 用户10590 | ✅ 秒杀成功 | 耗时: 1427.40ms
2025/12/13 20:20:53.880997 [20:20:45.105] 用户706 | ✅ 秒杀成功 | 耗时: 1426.72ms
2025/12/13 20:20:53.881001 [20:20:45.105] 用户10836 | ✅ 秒杀成功 | 耗时: 1409.47ms
2025/12/13 20:20:53.881005 [20:20:45.105] 用户10731 | ✅ 秒杀成功 | 耗时: 1493.13ms
2025/12/13 20:20:53.881009 [20:20:45.105] 用户317 | ✅ 秒杀成功 | 耗时: 1426.13ms
2025/12/13 20:20:53.881013 [20:20:45.105] 用户7752 | ✅ 秒杀成功 | 耗时: 1489.47ms
2025/12/13 20:20:53.881018 [20:20:45.105] 用户7140 | ✅ 秒杀成功 | 耗时: 1489.42ms
2025/12/13 20:20:53.881022 [20:20:45.105] 用户10356 | ✅ 秒杀成功 | 耗时: 1492.50ms
2025/12/13 20:20:53.881027 [20:20:45.106] 用户1789 | ✅ 秒杀成功 | 耗时: 1271.82ms
2025/12/13 20:20:53.881032 [20:20:45.106] 用户119 | ✅ 秒杀成功 | 耗时: 1495.49ms
2025/12/13 20:20:53.881036 [20:20:45.106] 用户539 | ✅ 秒杀成功 | 耗时: 1422.23ms
2025/12/13 20:20:53.881041 [20:20:45.106] 用户10020 | ✅ 秒杀成功 | 耗时: 1495.85ms
2025/12/13 20:20:53.881050 [20:20:45.106] 用户9062 | ✅ 秒杀成功 | 耗时: 1402.43ms
2025/12/13 20:20:53.881055 [20:20:45.106] 用户10173 | ✅ 秒杀成功 | 耗时: 1394.37ms
2025/12/13 20:20:53.881059 [20:20:45.106] 用户4398 | ✅ 秒杀成功 | 耗时: 1465.46ms
2025/12/13 20:20:53.881063 [20:20:45.106] 用户3028 | ✅ 秒杀成功 | 耗时: 1320.70ms
2025/12/13 20:20:53.881066 [20:20:45.106] 用户3067 | ✅ 秒杀成功 | 耗时: 1434.48ms
2025/12/13 20:20:53.881070 [20:20:45.106] 用户2927 | ✅ 秒杀成功 | 耗时: 1443.33ms
2025/12/13 20:20:53.881074 [20:20:45.106] 用户1399 | ✅ 秒杀成功 | 耗时: 1424.58ms
2025/12/13 20:20:53.881078 [20:20:45.106] 用户5151 | ✅ 秒杀成功 | 耗时: 1469.48ms
2025/12/13 20:20:53.881081 [20:20:45.107] 用户8034 | ✅ 秒杀成功 | 耗时: 1491.05ms
2025/12/13 20:20:53.881085 [20:20:45.107] 用户9373 | ✅ 秒杀成功 | 耗时: 1394.70ms
2025/12/13 20:20:53.881089 [20:20:45.107] 用户62 | ✅ 秒杀成功 | 耗时: 1499.79ms
2025/12/13 20:20:53.881092 [20:20:45.107] 用户846 | ✅ 秒杀成功 | 耗时: 1425.49ms
2025/12/13 20:20:53.881096 [20:20:45.109] 用户8590 | ✅ 秒杀成功 | 耗时: 1394.67ms
2025/12/13 20:20:53.881100 [20:20:45.109] 用户10749 | ✅ 秒杀成功 | 耗时: 1499.35ms
2025/12/13 20:20:53.881104 [20:20:45.109] 用户7751 | ✅ 秒杀成功 | 耗时: 1493.69ms
2025/12/13 20:20:53.881107 [20:20:45.112] 用户10800 | ✅ 秒杀成功 | 耗时: 1408.48ms
2025/12/13 20:20:53.881111 [20:20:45.113] 用户7841 | ✅ 秒杀成功 | 耗时: 1496.72ms
2025/12/13 20:20:53.881115 [20:20:45.113] 用户7840 | ✅ 秒杀成功 | 耗时: 1496.72ms
2025/12/13 20:20:53.881118 [20:20:45.113] 用户2035 | ✅ 秒杀成功 | 耗时: 1434.28ms
2025/12/13 20:20:53.881122 [20:20:45.113] 用户10024 | ✅ 秒杀成功 | 耗时: 1503.34ms
2025/12/13 20:20:53.881126 [20:20:45.113] 用户1646 | ✅ 秒杀成功 | 耗时: 1322.29ms
2025/12/13 20:20:53.881129 [20:20:45.113] 用户710 | ✅ 秒杀成功 | 耗时: 1434.35ms
2025/12/13 20:20:53.881133 [20:20:45.113] 用户9992 | ✅ 秒杀成功 | 耗时: 1498.86ms
2025/12/13 20:20:53.881137 [20:20:45.113] 用户10362 | ✅ 秒杀成功 | 耗时: 1502.90ms
2025/12/13 20:20:53.881141 [20:20:45.113] 用户1029 | ✅ 秒杀成功 | 耗时: 1430.29ms
2025/12/13 20:20:53.881145 [20:20:45.113] 用户121 | ✅ 秒杀成功 | 耗时: 1503.41ms
2025/12/13 20:20:53.881148 [20:20:45.113] 用户10747 | ✅ 秒杀成功 | 耗时: 1503.43ms
2025/12/13 20:20:53.881152 [20:20:45.113] 用户120 | ✅ 秒杀成功 | 耗时: 1503.33ms
2025/12/13 20:20:53.881156 [20:20:45.113] 用户10730 | ✅ 秒杀成功 | 耗时: 1501.17ms
2025/12/13 20:20:53.881159 [20:20:45.113] 用户117 | ✅ 秒杀成功 | 耗时: 1501.51ms
2025/12/13 20:20:53.881163 [20:20:45.113] 用户4445 | ✅ 秒杀成功 | 耗时: 1469.44ms
2025/12/13 20:20:53.881167 [20:20:45.113] 用户10354 | ✅ 秒杀成功 | 耗时: 1502.49ms
2025/12/13 20:20:53.881170 [20:20:45.113] 用户10113 | ✅ 秒杀成功 | 耗时: 1500.55ms
2025/12/13 20:20:53.881174 [20:20:45.114] 用户10494 | ✅ 秒杀成功 | 耗时: 1501.59ms
2025/12/13 20:20:53.881178 [20:20:45.114] 用户2664 | ✅ 秒杀成功 | 耗时: 1441.88ms
2025/12/13 20:20:53.881182 [20:20:45.114] 用户10918 | ✅ 秒杀成功 | 耗时: 1512.23ms
2025/12/13 20:20:53.881185 [20:20:45.114] 用户10496 | ✅ 秒杀成功 | 耗时: 1501.98ms
2025/12/13 20:20:53.881194 [20:20:45.114] 用户10258 | ✅ 秒杀成功 | 耗时: 1506.95ms
2025/12/13 20:20:53.881198 [20:20:45.116] 用户7141 | ✅ 秒杀成功 | 耗时: 1500.31ms
2025/12/13 20:20:53.881207 [20:20:45.117] 用户34 | ✅ 秒杀成功 | 耗时: 1506.97ms
2025/12/13 20:20:53.881211 [20:20:45.117] 用户10126 | ✅ 秒杀成功 | 耗时: 1509.50ms
2025/12/13 20:20:53.881216 [20:20:45.117] 用户5074 | ✅ 秒杀成功 | 耗时: 1475.44ms
2025/12/13 20:20:53.881221 [20:20:45.117] 用户10021 | ✅ 秒杀成功 | 耗时: 1507.26ms
2025/12/13 20:20:53.881225 [20:20:45.117] 用户4141 | ✅ 秒杀成功 | 耗时: 1475.79ms
2025/12/13 20:20:53.881230 [20:20:45.117] 用户1621 | ✅ 秒杀成功 | 耗时: 1303.12ms
2025/12/13 20:20:53.881235 [20:20:45.120] 用户7750 | ✅ 秒杀成功 | 耗时: 1504.21ms
2025/12/13 20:20:53.881239 [20:20:45.124] 用户5282 | ✅ 秒杀成功 | 耗时: 1490.12ms
2025/12/13 20:20:53.881244 [20:20:45.125] 用户9640 | ✅ 秒杀成功 | 耗时: 1445.88ms
2025/12/13 20:20:53.881248 [20:20:45.128] 用户2661 | ✅ 秒杀成功 | 耗时: 1456.45ms
2025/12/13 20:20:53.881253 [20:20:45.129] 用户9270 | ✅ 秒杀成功 | 耗时: 1441.10ms
2025/12/13 20:20:53.881257 [20:20:45.135] 用户7269 | ✅ 秒杀成功 | 耗时: 1518.91ms
2025/12/13 20:20:53.881262 [20:20:45.135] 用户7398 | ✅ 秒杀成功 | 耗时: 1517.89ms
2025/12/13 20:20:53.881266 [20:20:45.135] 用户7397 | ✅ 秒杀成功 | 耗时: 1517.93ms
2025/12/13 20:20:53.881270 [20:20:45.135] 用户7391 | ✅ 秒杀成功 | 耗时: 1517.89ms
2025/12/13 20:20:53.881273 [20:20:45.135] 用户7394 | ✅ 秒杀成功 | 耗时: 1517.89ms
2025/12/13 20:20:53.881277 [20:20:45.135] 用户7822 | ✅ 秒杀成功 | 耗时: 1518.23ms
2025/12/13 20:20:53.881281 [20:20:45.135] 用户3767 | ✅ 秒杀成功 | 耗时: 1483.37ms
2025/12/13 20:20:53.881284 [20:20:45.135] 用户9078 | ✅ 秒杀成功 | 耗时: 1431.30ms
2025/12/13 20:20:53.881288 [20:20:45.135] 用户7254 | ✅ 秒杀成功 | 耗时: 1519.15ms
2025/12/13 20:20:53.881293 [20:20:45.135] 用户10486 | ✅ 秒杀成功 | 耗时: 1432.42ms
2025/12/13 20:20:53.881297 [20:20:45.135] 用户7150 | ✅ 秒杀成功 | 耗时: 1519.39ms
2025/12/13 20:20:53.881302 [20:20:45.135] 用户9196 | ✅ 秒杀成功 | 耗时: 1432.47ms
2025/12/13 20:20:53.881306 [20:20:45.135] 用户1736 | ✅ 秒杀成功 | 耗时: 1452.46ms
2025/12/13 20:20:53.881311 [20:20:45.135] 用户7859 | ✅ 秒杀成功 | 耗时: 1417.22ms
2025/12/13 20:20:53.881315 [20:20:45.135] 用户9245 | ✅ 秒杀成功 | 耗时: 1416.96ms
2025/12/13 20:20:53.881320 [20:20:45.135] 用户9165 | ✅ 秒杀成功 | 耗时: 1432.37ms
2025/12/13 20:20:53.881324 [20:20:45.135] 用户9986 | ✅ 秒杀成功 | 耗时: 1428.19ms
2025/12/13 20:20:53.881329 [20:20:45.135] 用户9830 | ✅ 秒杀成功 | 耗时: 1427.31ms
2025/12/13 20:20:53.881334 [20:20:45.135] 用户5019 | ✅ 秒杀成功 | 耗时: 1495.21ms
2025/12/13 20:20:53.881338 [20:20:45.135] 用户2866 | ✅ 秒杀成功 | 耗时: 1259.53ms
2025/12/13 20:20:53.881343 [20:20:45.135] 用户9676 | ✅ 秒杀成功 | 耗时: 1447.90ms
2025/12/13 20:20:53.881347 [20:20:45.135] 用户9723 | ✅ 秒杀成功 | 耗时: 1421.74ms
2025/12/13 20:20:53.881351 [20:20:45.136] 用户2254 | ✅ 秒杀成功 | 耗时: 1315.18ms
2025/12/13 20:20:53.881355 [20:20:45.136] 用户10171 | ✅ 秒杀成功 | 耗时: 1423.84ms
2025/12/13 20:20:53.881358 [20:20:45.136] 用户7489 | ✅ 秒杀成功 | 耗时: 1519.32ms
2025/12/13 20:20:53.881362 [20:20:45.136] 用户9049 | ✅ 秒杀成功 | 耗时: 1431.70ms
2025/12/13 20:20:53.881366 [20:20:45.136] 用户7833 | ✅ 秒杀成功 | 耗时: 1519.42ms
2025/12/13 20:20:53.881370 [20:20:45.136] 用户9758 | ✅ 秒杀成功 | 耗时: 1425.27ms
2025/12/13 20:20:53.881373 [20:20:45.136] 用户743 | ✅ 秒杀成功 | 耗时: 1433.33ms
2025/12/13 20:20:53.881377 [20:20:45.136] 用户8509 | ✅ 秒杀成功 | 耗时: 1417.05ms
2025/12/13 20:20:53.881381 [20:20:45.136] 用户162 | ✅ 秒杀成功 | 耗时: 1416.53ms
2025/12/13 20:20:53.881385 [20:20:45.136] 用户7512 | ✅ 秒杀成功 | 耗时: 1417.42ms
2025/12/13 20:20:53.881388 [20:20:45.136] 用户8400 | ✅ 秒杀成功 | 耗时: 1417.96ms
2025/12/13 20:20:53.881396 [20:20:45.136] 用户9740 | ✅ 秒杀成功 | 耗时: 1423.19ms
2025/12/13 20:20:53.881401 [20:20:45.136] 用户7278 | ✅ 秒杀成功 | 耗时: 1520.35ms
2025/12/13 20:20:53.881406 [20:20:45.136] 用户8007 | ✅ 秒杀成功 | 耗时: 1518.38ms
2025/12/13 20:20:53.881410 [20:20:45.136] 用户7258 | ✅ 秒杀成功 | 耗时: 1520.15ms
2025/12/13 20:20:53.881414 [20:20:45.136] 用户10065 | ✅ 秒杀成功 | 耗时: 1520.26ms
2025/12/13 20:20:53.881424 [20:20:45.136] 用户10283 | ✅ 秒杀成功 | 耗时: 1533.81ms
2025/12/13 20:20:53.881429 [20:20:45.138] 用户10386 | ✅ 秒杀成功 | 耗时: 1522.00ms
2025/12/13 20:20:53.881434 [20:20:45.138] 用户8872 | ✅ 秒杀成功 | 耗时: 1423.58ms
2025/12/13 20:20:53.881438 [20:20:45.138] 用户7270 | ✅ 秒杀成功 | 耗时: 1522.01ms
2025/12/13 20:20:53.881443 [20:20:45.138] 用户7515 | ✅ 秒杀成功 | 耗时: 1522.13ms
2025/12/13 20:20:53.881447 [20:20:45.138] 用户7745 | ✅ 秒杀成功 | 耗时: 1522.14ms
2025/12/13 20:20:53.881452 [20:20:45.138] 用户2878 | ✅ 秒杀成功 | 耗时: 1418.75ms
2025/12/13 20:20:53.881456 [20:20:45.138] 用户7264 | ✅ 秒杀成功 | 耗时: 1522.03ms
2025/12/13 20:20:53.881461 [20:20:45.138] 用户8404 | ✅ 秒杀成功 | 耗时: 1420.56ms
2025/12/13 20:20:53.881465 [20:20:45.138] 用户1842 | ✅ 秒杀成功 | 耗时: 1374.40ms
2025/12/13 20:20:53.881469 [20:20:45.138] 用户7728 | ✅ 秒杀成功 | 耗时: 1521.03ms
2025/12/13 20:20:53.881474 [20:20:45.138] 用户6880 | ✅ 秒杀成功 | 耗时: 1521.15ms
2025/12/13 20:20:53.881478 [20:20:45.138] 用户7403 | ✅ 秒杀成功 | 耗时: 1522.35ms
2025/12/13 20:20:53.881482 [20:20:45.138] 用户7352 | ✅ 秒杀成功 | 耗时: 1520.96ms
2025/12/13 20:20:53.881485 [20:20:45.138] 用户7015 | ✅ 秒杀成功 | 耗时: 1521.14ms
2025/12/13 20:20:53.881489 [20:20:45.138] 用户7483 | ✅ 秒杀成功 | 耗时: 1522.03ms
2025/12/13 20:20:53.881493 [20:20:45.138] 用户7733 | ✅ 秒杀成功 | 耗时: 1521.06ms
2025/12/13 20:20:53.881496 [20:20:45.139] 用户8995 | ✅ 秒杀成功 | 耗时: 1431.77ms
2025/12/13 20:20:53.881500 [20:20:45.139] 用户6882 | ✅ 秒杀成功 | 耗时: 1521.56ms
2025/12/13 20:20:53.881504 [20:20:45.139] 用户7727 | ✅ 秒杀成功 | 耗时: 1521.40ms
2025/12/13 20:20:53.881507 [20:20:45.139] 用户7691 | ✅ 秒杀成功 | 耗时: 1519.97ms
2025/12/13 20:20:53.881511 [20:20:45.139] 用户8611 | ✅ 秒杀成功 | 耗时: 1424.23ms
2025/12/13 20:20:53.881515 [20:20:45.139] 用户3867 | ✅ 秒杀成功 | 耗时: 1443.98ms
2025/12/13 20:20:53.881519 [20:20:45.139] 用户7292 | ✅ 秒杀成功 | 耗时: 1420.36ms
2025/12/13 20:20:53.881522 [20:20:45.139] 用户7259 | ✅ 秒杀成功 | 耗时: 1522.55ms
2025/12/13 20:20:53.881526 [20:20:45.139] 用户10996 | ✅ 秒杀成功 | 耗时: 1419.50ms
2025/12/13 20:20:53.881529 [20:20:45.139] 用户7501 | ✅ 秒杀成功 | 耗时: 1522.60ms
2025/12/13 20:20:53.881533 [20:20:45.139] 用户10042 | ✅ 秒杀成功 | 耗时: 1431.87ms
2025/12/13 20:20:53.881537 [20:20:45.139] 用户1809 | ✅ 秒杀成功 | 耗时: 1301.89ms
2025/12/13 20:20:53.881541 [20:20:45.139] 用户3146 | ✅ 秒杀成功 | 耗时: 1473.15ms
2025/12/13 20:20:53.881544 [20:20:45.139] 用户7224 | ✅ 秒杀成功 | 耗时: 1419.81ms
2025/12/13 20:20:53.881548 [20:20:45.140] 用户9219 | ✅ 秒杀成功 | 耗时: 1523.78ms
2025/12/13 20:20:53.881552 [20:20:45.141] 用户7731 | ✅ 秒杀成功 | 耗时: 1524.04ms
2025/12/13 20:20:53.881555 [20:20:45.141] 用户7698 | ✅ 秒杀成功 | 耗时: 1524.21ms
2025/12/13 20:20:53.881559 [20:20:45.141] 用户9818 | ✅ 秒杀成功 | 耗时: 1465.43ms
2025/12/13 20:20:53.881563 [20:20:45.141] 用户7717 | ✅ 秒杀成功 | 耗时: 1523.83ms
2025/12/13 20:20:53.881571 [20:20:45.141] 用户7718 | ✅ 秒杀成功 | 耗时: 1523.87ms
2025/12/13 20:20:53.881576 [20:20:45.141] 用户5008 | ✅ 秒杀成功 | 耗时: 1500.91ms
2025/12/13 20:20:53.881580 [20:20:45.141] 用户7288 | ✅ 秒杀成功 | 耗时: 1422.80ms
2025/12/13 20:20:53.881585 [20:20:45.141] 用户8602 | ✅ 秒杀成功 | 耗时: 1426.85ms
2025/12/13 20:20:53.881589 [20:20:45.141] 用户1820 | ✅ 秒杀成功 | 耗时: 1304.45ms
2025/12/13 20:20:53.881594 [20:20:45.141] 用户8096 | ✅ 秒杀成功 | 耗时: 1422.97ms
2025/12/13 20:20:53.881598 [20:20:45.141] 用户7645 | ✅ 秒杀成功 | 耗时: 1422.86ms
2025/12/13 20:20:53.881602 [20:20:45.141] 用户9386 | ✅ 秒杀成功 | 耗时: 1454.12ms
2025/12/13 20:20:53.881606 [20:20:45.141] 用户165 | ✅ 秒杀成功 | 耗时: 1422.31ms
2025/12/13 20:20:53.881611 [20:20:45.141] 用户1577 | ✅ 秒杀成功 | 耗时: 1465.93ms
2025/12/13 20:20:53.881614 [20:20:45.141] 用户10205 | ✅ 秒杀成功 | 耗时: 1422.03ms
2025/12/13 20:20:53.881618 [20:20:45.142] 用户163 | ✅ 秒杀成功 | 耗时: 1422.42ms
2025/12/13 20:20:53.881622 [20:20:45.142] 用户8613 | ✅ 秒杀成功 | 耗时: 1427.51ms
2025/12/13 20:20:53.881626 [20:20:45.142] 用户10433 | ✅ 秒杀成功 | 耗时: 1428.85ms
2025/12/13 20:20:53.881629 [20:20:45.142] 用户7661 | ✅ 秒杀成功 | 耗时: 1423.28ms
2025/12/13 20:20:53.881637 [20:20:45.142] 用户7613 | ✅ 秒杀成功 | 耗时: 1525.15ms
2025/12/13 20:20:53.881642 [20:20:45.154] 用户2448 | ✅ 秒杀成功 | 耗时: 1434.49ms
2025/12/13 20:20:53.881646 [20:20:45.155] 用户936 | ✅ 秒杀成功 | 耗时: 1452.57ms
2025/12/13 20:20:53.881651 [20:20:45.155] 用户7017 | ✅ 秒杀成功 | 耗时: 1538.39ms
2025/12/13 20:20:53.881656 [20:20:45.157] 用户8316 | ✅ 秒杀成功 | 耗时: 1443.33ms
2025/12/13 20:20:53.881660 [20:20:45.157] 用户7492 | ✅ 秒杀成功 | 耗时: 1541.09ms
2025/12/13 20:20:53.881665 [20:20:45.157] 用户3293 | ✅ 秒杀成功 | 耗时: 1456.51ms
2025/12/13 20:20:53.881669 [20:20:45.157] 用户7744 | ✅ 秒杀成功 | 耗时: 1540.40ms
2025/12/13 20:20:53.881674 [20:20:45.157] 用户7743 | ✅ 秒杀成功 | 耗时: 1540.37ms
2025/12/13 20:20:53.881678 [20:20:45.157] 用户9010 | ✅ 秒杀成功 | 耗时: 1450.54ms
2025/12/13 20:20:53.881683 [20:20:45.157] 用户9844 | ✅ 秒杀成功 | 耗时: 1449.35ms
2025/12/13 20:20:53.881687 [20:20:45.157] 用户6881 | ✅ 秒杀成功 | 耗时: 1540.58ms
2025/12/13 20:20:53.881692 [20:20:45.158] 用户7825 | ✅ 秒杀成功 | 耗时: 1540.71ms
2025/12/13 20:20:53.881702 [20:20:45.158] 用户7827 | ✅ 秒杀成功 | 耗时: 1540.96ms
2025/12/13 20:20:53.881709 [20:20:45.158] 用户7839 | ✅ 秒杀成功 | 耗时: 1541.79ms
2025/12/13 20:20:53.881714 [20:20:45.158] 用户7746 | ✅ 秒杀成功 | 耗时: 1541.69ms
2025/12/13 20:20:53.881720 [20:20:45.159] 用户2552 | ✅ 秒杀成功 | 耗时: 1439.30ms
2025/12/13 20:20:53.881726 [20:20:45.159] 用户2480 | ✅ 秒杀成功 | 耗时: 1476.19ms
2025/12/13 20:20:53.881732 [20:20:45.159] 用户9524 | ✅ 秒杀成功 | 耗时: 1460.58ms
2025/12/13 20:20:53.881737 [20:20:45.160] 用户8200 | ✅ 秒杀成功 | 耗时: 1442.31ms
2025/12/13 20:20:53.881742 [20:20:45.160] 用户9170 | ✅ 秒杀成功 | 耗时: 1455.66ms
2025/12/13 20:20:53.881747 [20:20:45.160] 用户1529 | ✅ 秒杀成功 | 耗时: 1441.17ms
2025/12/13 20:20:53.881752 [20:20:45.160] 用户10470 | ✅ 秒杀成功 | 耗时: 1448.83ms
2025/12/13 20:20:53.881757 [20:20:45.160] 用户8948 | ✅ 秒杀成功 | 耗时: 1446.63ms
2025/12/13 20:20:53.881762 [20:20:45.160] 用户7829 | ✅ 秒杀成功 | 耗时: 1544.11ms
2025/12/13 20:20:53.881767 [20:20:45.160] 用户7500 | ✅ 秒杀成功 | 耗时: 1544.18ms
2025/12/13 20:20:53.881772 [20:20:45.160] 用户7476 | ✅ 秒杀成功 | 耗时: 1544.04ms
2025/12/13 20:20:53.881777 [20:20:45.160] 用户7145 | ✅ 秒杀成功 | 耗时: 1544.41ms
2025/12/13 20:20:53.881782 [20:20:45.160] 用户7149 | ✅ 秒杀成功 | 耗时: 1544.44ms
2025/12/13 20:20:53.881787 [20:20:45.160] 用户7283 | ✅ 秒杀成功 | 耗时: 1544.41ms
2025/12/13 20:20:53.881792 [20:20:45.160] 用户7146 | ✅ 秒杀成功 | 耗时: 1544.44ms
2025/12/13 20:20:53.881797 [20:20:45.160] 用户7361 | ✅ 秒杀成功 | 耗时: 1544.18ms
2025/12/13 20:20:53.881802 [20:20:45.160] 用户7284 | ✅ 秒杀成功 | 耗时: 1544.45ms
2025/12/13 20:20:53.881807 [20:20:45.160] 用户10161 | ✅ 秒杀成功 | 耗时: 1544.33ms
2025/12/13 20:20:53.881812 [20:20:45.160] 用户7468 | ✅ 秒杀成功 | 耗时: 1543.40ms
2025/12/13 20:20:53.881817 [20:20:45.160] 用户7842 | ✅ 秒杀成功 | 耗时: 1544.64ms
2025/12/13 20:20:53.881822 [20:20:45.160] 用户7016 | ✅ 秒杀成功 | 耗时: 1543.52ms
2025/12/13 20:20:53.881829 [20:20:45.160] 用户7272 | ✅ 秒杀成功 | 耗时: 1544.32ms
2025/12/13 20:20:53.881835 [20:20:45.160] 用户4623 | ✅ 秒杀成功 | 耗时: 1519.76ms
2025/12/13 20:20:53.881841 [20:20:45.160] 用户7464 | ✅ 秒杀成功 | 耗时: 1543.41ms
2025/12/13 20:20:53.881847 [20:20:45.161] 用户7729 | ✅ 秒杀成功 | 耗时: 1543.44ms
2025/12/13 20:20:53.881853 [20:20:45.161] 用户7511 | ✅ 秒杀成功 | 耗时: 1544.44ms
2025/12/13 20:20:53.881858 [20:20:45.161] 用户7740 | ✅ 秒杀成功 | 耗时: 1543.52ms
2025/12/13 20:20:53.881863 [20:20:45.161] 用户7282 | ✅ 秒杀成功 | 耗时: 1544.71ms
2025/12/13 20:20:53.881868 [20:20:45.161] 用户7144 | ✅ 秒杀成功 | 耗时: 1544.72ms
2025/12/13 20:20:53.881873 [20:20:45.161] 用户7819 | ✅ 秒杀成功 | 耗时: 1543.62ms
2025/12/13 20:20:53.881878 [20:20:45.161] 用户8697 | ✅ 秒杀成功 | 耗时: 1441.69ms
2025/12/13 20:20:53.881883 [20:20:45.161] 用户9940 | ✅ 秒杀成功 | 耗时: 1452.79ms
2025/12/13 20:20:53.881888 [20:20:45.161] 用户10674 | ✅ 秒杀成功 | 耗时: 1453.71ms
2025/12/13 20:20:53.881893 [20:20:45.161] 用户9867 | ✅ 秒杀成功 | 耗时: 1454.47ms
2025/12/13 20:20:53.881898 [20:20:45.161] 用户7459 | ✅ 秒杀成功 | 耗时: 1544.06ms
2025/12/13 20:20:53.881904 [20:20:45.161] 用户9116 | ✅ 秒杀成功 | 耗时: 1457.41ms
2025/12/13 20:20:53.881910 [20:20:45.161] 用户10701 | ✅ 秒杀成功 | 耗时: 1458.62ms
2025/12/13 20:20:53.881916 [20:20:45.161] 用户7460 | ✅ 秒杀成功 | 耗时: 1544.38ms
2025/12/13 20:20:53.881922 [20:20:45.162] 用户7713 | ✅ 秒杀成功 | 耗时: 1544.22ms
2025/12/13 20:20:53.881927 [20:20:45.164] 用户7279 | ✅ 秒杀成功 | 耗时: 1548.43ms
2025/12/13 20:20:53.881933 [20:20:45.164] 用户7719 | ✅ 秒杀成功 | 耗时: 1546.96ms
2025/12/13 20:20:53.881939 [20:20:45.165] 用户7286 | ✅ 秒杀成功 | 耗时: 1548.63ms
2025/12/13 20:20:53.881945 [20:20:45.165] 用户7722 | ✅ 秒杀成功 | 耗时: 1547.27ms
2025/12/13 20:20:53.881951 [20:20:45.165] 用户7723 | ✅ 秒杀成功 | 耗时: 1547.30ms
2025/12/13 20:20:53.881956 [20:20:45.165] 用户7720 | ✅ 秒杀成功 | 耗时: 1547.23ms
2025/12/13 20:20:53.881961 [20:20:45.165] 用户7469 | ✅ 秒杀成功 | 耗时: 1547.68ms
2025/12/13 20:20:53.881966 [20:20:45.165] 用户7390 | ✅ 秒杀成功 | 耗时: 1547.34ms
2025/12/13 20:20:53.881971 [20:20:45.165] 用户10791 | ✅ 秒杀成功 | 耗时: 1460.77ms
2025/12/13 20:20:53.881976 [20:20:45.165] 用户8816 | ✅ 秒杀成功 | 耗时: 1445.34ms
2025/12/13 20:20:53.881981 [20:20:45.165] 用户7480 | ✅ 秒杀成功 | 耗时: 1548.44ms
2025/12/13 20:20:53.881986 [20:20:45.165] 用户8457 | ✅ 秒杀成功 | 耗时: 1447.06ms
2025/12/13 20:20:53.881991 [20:20:45.165] 用户8402 | ✅ 秒杀成功 | 耗时: 1447.03ms
2025/12/13 20:20:53.881996 [20:20:45.165] 用户168 | ✅ 秒杀成功 | 耗时: 1445.68ms
2025/12/13 20:20:53.882001 [20:20:45.165] 用户7496 | ✅ 秒杀成功 | 耗时: 1548.60ms
2025/12/13 20:20:53.882006 [20:20:45.165] 用户7484 | ✅ 秒杀成功 | 耗时: 1548.53ms
2025/12/13 20:20:53.882011 [20:20:45.165] 用户7471 | ✅ 秒杀成功 | 耗时: 1548.45ms
2025/12/13 20:20:53.882016 [20:20:45.165] 用户7497 | ✅ 秒杀成功 | 耗时: 1548.63ms
2025/12/13 20:20:53.882021 [20:20:45.165] 用户7274 | ✅ 秒杀成功 | 耗时: 1548.63ms
2025/12/13 20:20:53.882026 [20:20:45.165] 用户7493 | ✅ 秒杀成功 | 耗时: 1548.63ms
2025/12/13 20:20:53.882031 [20:20:45.165] 用户9000 | ✅ 秒杀成功 | 耗时: 1457.98ms
2025/12/13 20:20:53.882036 [20:20:45.165] 用户3375 | ✅ 秒杀成功 | 耗时: 1489.99ms
2025/12/13 20:20:53.882041 [20:20:45.165] 用户8276 | ✅ 秒杀成功 | 耗时: 1450.32ms
2025/12/13 20:20:53.882046 [20:20:45.165] 用户7824 | ✅ 秒杀成功 | 耗时: 1547.92ms
2025/12/13 20:20:53.882051 [20:20:45.165] 用户746 | ✅ 秒杀成功 | 耗时: 1462.67ms
2025/12/13 20:20:53.882056 [20:20:45.165] 用户7263 | ✅ 秒杀成功 | 耗时: 1548.72ms
2025/12/13 20:20:53.882061 [20:20:45.165] 用户2751 | ✅ 秒杀成功 | 耗时: 1403.59ms
2025/12/13 20:20:53.882067 [20:20:45.165] 用户7830 | ✅ 秒杀成功 | 耗时: 1548.75ms
2025/12/13 20:20:53.882073 [20:20:45.165] 用户8143 | ✅ 秒杀成功 | 耗时: 1447.78ms
2025/12/13 20:20:53.882079 [20:20:45.165] 用户7832 | ✅ 秒杀成功 | 耗时: 1548.81ms
2025/12/13 20:20:53.882085 [20:20:45.165] 用户7387 | ✅ 秒杀成功 | 耗时: 1547.83ms
2025/12/13 20:20:53.882090 [20:20:45.165] 用户2305 | ✅ 秒杀成功 | 耗时: 1445.20ms
2025/12/13 20:20:53.882095 [20:20:45.165] 用户54 | ✅ 秒杀成功 | 耗时: 1551.17ms
2025/12/13 20:20:53.882100 [20:20:45.165] 用户9748 | ✅ 秒杀成功 | 耗时: 1451.65ms
2025/12/13 20:20:53.882105 [20:20:45.165] 用户10306 | ✅ 秒杀成功 | 耗时: 1490.03ms
2025/12/13 20:20:53.882109 [20:20:45.165] 用户3096 | ✅ 秒杀成功 | 耗时: 1501.79ms
2025/12/13 20:20:53.882113 [20:20:45.165] 用户9575 | ✅ 秒杀成功 | 耗时: 1453.50ms
2025/12/13 20:20:53.882117 [20:20:45.165] 用户8254 | ✅ 秒杀成功 | 耗时: 1450.69ms
2025/12/13 20:20:53.882121 [20:20:45.165] 用户3580 | ✅ 秒杀成功 | 耗时: 1401.24ms
2025/12/13 20:20:53.882124 [20:20:45.165] 用户7628 | ✅ 秒杀成功 | 耗时: 1447.09ms
2025/12/13 20:20:53.882128 [20:20:45.165] 用户8022 | ✅ 秒杀成功 | 耗时: 1446.88ms
2025/12/13 20:20:53.882132 [20:20:45.165] 用户8850 | ✅ 秒杀成功 | 耗时: 1450.69ms
2025/12/13 20:20:53.882136 [20:20:45.165] 用户7257 | ✅ 秒杀成功 | 耗时: 1548.99ms
2025/12/13 20:20:53.882139 [20:20:45.165] 用户9509 | ✅ 秒杀成功 | 耗时: 1453.55ms
2025/12/13 20:20:53.882143 [20:20:45.165] 用户7725 | ✅ 秒杀成功 | 耗时: 1547.95ms
2025/12/13 20:20:53.882147 [20:20:45.165] 用户9568 | ✅ 秒杀成功 | 耗时: 1453.14ms
2025/12/13 20:20:53.882151 [20:20:45.165] 用户7721 | ✅ 秒杀成功 | 耗时: 1547.73ms
2025/12/13 20:20:53.882155 [20:20:45.165] 用户7478 | ✅ 秒杀成功 | 耗时: 1548.98ms
2025/12/13 20:20:53.882158 [20:20:45.165] 用户7481 | ✅ 秒杀成功 | 耗时: 1549.00ms
2025/12/13 20:20:53.882162 [20:20:45.165] 用户9381 | ✅ 秒杀成功 | 耗时: 1453.32ms
2025/12/13 20:20:53.882166 [20:20:45.165] 用户7616 | ✅ 秒杀成功 | 耗时: 1549.18ms
2025/12/13 20:20:53.882169 [20:20:45.165] 用户7262 | ✅ 秒杀成功 | 耗时: 1549.08ms
2025/12/13 20:20:53.882173 [20:20:45.165] 用户7714 | ✅ 秒杀成功 | 耗时: 1547.73ms
2025/12/13 20:20:53.882177 [20:20:45.165] 用户166 | ✅ 秒杀成功 | 耗时: 1446.20ms
2025/12/13 20:20:53.882181 [20:20:45.165] 用户7503 | ✅ 秒杀成功 | 耗时: 1549.18ms
2025/12/13 20:20:53.882185 [20:20:45.165] 用户9505 | ✅ 秒杀成功 | 耗时: 1453.65ms
2025/12/13 20:20:53.882188 [20:20:45.165] 用户9203 | ✅ 秒杀成功 | 耗时: 1462.50ms
2025/12/13 20:20:53.882192 [20:20:45.165] 用户9729 | ✅ 秒杀成功 | 耗时: 1451.64ms
2025/12/13 20:20:53.882197 [20:20:45.165] 用户735 | ✅ 秒杀成功 | 耗时: 1463.12ms
2025/12/13 20:20:53.882201 [20:20:45.165] 用户7843 | ✅ 秒杀成功 | 耗时: 1549.16ms
2025/12/13 20:20:53.882206 [20:20:45.165] 用户9201 | ✅ 秒杀成功 | 耗时: 1462.51ms
2025/12/13 20:20:53.882210 [20:20:45.165] 用户1094 | ✅ 秒杀成功 | 耗时: 1480.36ms
2025/12/13 20:20:53.882215 [20:20:45.165] 用户7742 | ✅ 秒杀成功 | 耗时: 1548.36ms
2025/12/13 20:20:53.882219 [20:20:45.165] 用户7622 | ✅ 秒杀成功 | 耗时: 1549.08ms
2025/12/13 20:20:53.882224 [20:20:45.165] 用户3594 | ✅ 秒杀成功 | 耗时: 1401.53ms
2025/12/13 20:20:53.882228 [20:20:45.165] 用户7581 | ✅ 秒杀成功 | 耗时: 1446.09ms
2025/12/13 20:20:53.882233 [20:20:45.165] 用户9899 | ✅ 秒杀成功 | 耗时: 1452.85ms
2025/12/13 20:20:53.882237 [20:20:45.165] 用户80 | ✅ 秒杀成功 | 耗时: 1490.28ms
2025/12/13 20:20:53.882241 [20:20:45.165] 用户9868 | ✅ 秒杀成功 | 耗时: 1458.69ms
2025/12/13 20:20:53.882245 [20:20:45.165] 用户8067 | ✅ 秒杀成功 | 耗时: 1447.20ms
2025/12/13 20:20:53.882249 [20:20:45.165] 用户2337 | ✅ 秒杀成功 | 耗时: 1480.91ms
2025/12/13 20:20:53.882252 [20:20:45.165] 用户9185 | ✅ 秒杀成功 | 耗时: 1462.64ms
2025/12/13 20:20:53.882256 [20:20:45.165] 用户9183 | ✅ 秒杀成功 | 耗时: 1462.45ms
2025/12/13 20:20:53.882260 [20:20:45.165] 用户6884 | ✅ 秒杀成功 | 耗时: 1549.24ms
2025/12/13 20:20:53.882263 [20:20:45.165] 用户9801 | ✅ 秒杀成功 | 耗时: 1457.25ms
2025/12/13 20:20:53.882267 [20:20:45.165] 用户7747 | ✅ 秒杀成功 | 耗时: 1549.41ms
2025/12/13 20:20:53.882271 [20:20:45.165] 用户10325 | ✅ 秒杀成功 | 耗时: 1490.09ms
2025/12/13 20:20:53.882275 [20:20:45.165] 用户7437 | ✅ 秒杀成功 | 耗时: 1549.25ms
2025/12/13 20:20:53.882279 [20:20:45.165] 用户8821 | ✅ 秒杀成功 | 耗时: 1458.33ms
2025/12/13 20:20:53.882282 [20:20:45.165] 用户8365 | ✅ 秒杀成功 | 耗时: 1447.55ms
2025/12/13 20:20:53.882286 [20:20:45.165] 用户2061 | ✅ 秒杀成功 | 耗时: 1335.98ms
2025/12/13 20:20:53.882290 [20:20:45.165] 用户2897 | ✅ 秒杀成功 | 耗时: 1446.18ms
2025/12/13 20:20:53.882293 [20:20:45.165] 用户750 | ✅ 秒杀成功 | 耗时: 1463.20ms
2025/12/13 20:20:53.882297 [20:20:45.165] 用户1805 | ✅ 秒杀成功 | 耗时: 1328.45ms
2025/12/13 20:20:53.882301 [20:20:45.165] 用户2644 | ✅ 秒杀成功 | 耗时: 1445.68ms
2025/12/13 20:20:53.882304 [20:20:45.165] 用户9176 | ✅ 秒杀成功 | 耗时: 1447.04ms
2025/12/13 20:20:53.882308 [20:20:45.165] 用户7265 | ✅ 秒杀成功 | 耗时: 1549.29ms
2025/12/13 20:20:53.882312 [20:20:45.165] 用户47 | ✅ 秒杀成功 | 耗时: 1490.52ms
2025/12/13 20:20:53.882316 [20:20:45.165] 用户7502 | ✅ 秒杀成功 | 耗时: 1549.32ms
2025/12/13 20:20:53.882319 [20:20:45.165] 用户7020 | ✅ 秒杀成功 | 耗时: 1549.12ms
2025/12/13 20:20:53.882323 [20:20:45.165] 用户9020 | ✅ 秒杀成功 | 耗时: 1458.71ms
2025/12/13 20:20:53.882327 [20:20:45.165] 用户7732 | ✅ 秒杀成功 | 耗时: 1548.51ms
2025/12/13 20:20:53.882331 [20:20:45.166] 用户7498 | ✅ 秒杀成功 | 耗时: 1549.43ms
2025/12/13 20:20:53.882334 [20:20:45.166] 用户7505 | ✅ 秒杀成功 | 耗时: 1549.51ms
2025/12/13 20:20:53.882338 [20:20:45.166] 用户9599 | ✅ 秒杀成功 | 耗时: 1458.34ms
2025/12/13 20:20:53.882342 [20:20:45.166] 用户10007 | ✅ 秒杀成功 | 耗时: 1549.54ms
2025/12/13 20:20:53.882346 [20:20:45.166] 用户7514 | ✅ 秒杀成功 | 耗时: 1549.59ms
2025/12/13 20:20:53.882349 [20:20:45.168] 用户8874 | ✅ 秒杀成功 | 耗时: 1448.72ms
2025/12/13 20:20:53.882353 [20:20:45.168] 用户8423 | ✅ 秒杀成功 | 耗时: 1450.49ms
2025/12/13 20:20:53.882357 [20:20:45.168] 用户9697 | ✅ 秒杀成功 | 耗时: 1552.75ms
2025/12/13 20:20:53.882361 [20:20:45.169] 用户2995 | ✅ 秒杀成功 | 耗时: 1448.93ms
2025/12/13 20:20:53.882364 [20:20:45.169] 用户9847 | ✅ 秒杀成功 | 耗时: 1461.21ms
2025/12/13 20:20:53.882368 [20:20:45.169] 用户300 | ✅ 秒杀成功 | 耗时: 1488.91ms
2025/12/13 20:20:53.882372 [20:20:45.169] 用户7277 | ✅ 秒杀成功 | 耗时: 1552.74ms
2025/12/13 20:20:53.882375 [20:20:45.169] 用户10698 | ✅ 秒杀成功 | 耗时: 1478.01ms
2025/12/13 20:20:53.882379 [20:20:45.169] 用户7749 | ✅ 秒杀成功 | 耗时: 1552.75ms
2025/12/13 20:20:53.882383 [20:20:45.169] 用户7273 | ✅ 秒杀成功 | 耗时: 1552.65ms
2025/12/13 20:20:53.882387 [20:20:45.169] 用户8451 | ✅ 秒杀成功 | 耗时: 1451.09ms
2025/12/13 20:20:53.882390 [20:20:45.169] 用户7399 | ✅ 秒杀成功 | 耗时: 1551.62ms
2025/12/13 20:20:53.882394 [20:20:45.169] 用户8860 | ✅ 秒杀成功 | 耗时: 1449.57ms
2025/12/13 20:20:53.882398 [20:20:45.169] 用户7462 | ✅ 秒杀成功 | 耗时: 1551.78ms
2025/12/13 20:20:53.882402 [20:20:45.169] 用户7474 | ✅ 秒杀成功 | 耗时: 1551.88ms
2025/12/13 20:20:53.882405 [20:20:45.169] 用户7463 | ✅ 秒杀成功 | 耗时: 1551.86ms
2025/12/13 20:20:53.882409 [20:20:45.169] 用户7395 | ✅ 秒杀成功 | 耗时: 1551.63ms
2025/12/13 20:20:53.882413 [20:20:45.169] 用户10215 | ✅ 秒杀成功 | 耗时: 1450.50ms
2025/12/13 20:20:53.882416 [20:20:45.169] 用户7499 | ✅ 秒杀成功 | 耗时: 1552.88ms
2025/12/13 20:20:53.882420 [20:20:45.169] 用户7482 | ✅ 秒杀成功 | 耗时: 1552.79ms
2025/12/13 20:20:53.882426 [20:20:45.169] 用户9128 | ✅ 秒杀成功 | 耗时: 1465.14ms
2025/12/13 20:20:53.882430 [20:20:45.169] 用户8888 | ✅ 秒杀成功 | 耗时: 1455.01ms
2025/12/13 20:20:53.882433 [20:20:45.170] 用户7621 | ✅ 秒杀成功 | 耗时: 1553.01ms
2025/12/13 20:20:53.882437 [20:20:45.170] 用户7485 | ✅ 秒杀成功 | 耗时: 1553.46ms
2025/12/13 20:20:53.882441 [20:20:45.170] 用户8450 | ✅ 秒杀成功 | 耗时: 1452.02ms
2025/12/13 20:20:53.882444 [20:20:45.170] 用户7612 | ✅ 秒杀成功 | 耗时: 1553.10ms
2025/12/13 20:20:53.882448 [20:20:45.170] 用户2091 | ✅ 秒杀成功 | 耗时: 1405.94ms
2025/12/13 20:20:53.882452 [20:20:45.172] 用户4008 | ✅ 秒杀成功 | 耗时: 1498.23ms
2025/12/13 20:20:53.882455 [20:20:45.172] 用户8030 | ✅ 秒杀成功 | 耗时: 1454.17ms
2025/12/13 20:20:53.882459 [20:20:45.172] 用户8699 | ✅ 秒杀成功 | 耗时: 1452.84ms
2025/12/13 20:20:53.882463 [20:20:45.172] 用户8283 | ✅ 秒杀成功 | 耗时: 1457.41ms
2025/12/13 20:20:53.882467 [20:20:45.172] 用户9171 | ✅ 秒杀成功 | 耗时: 1457.89ms
2025/12/13 20:20:53.882470 [20:20:45.174] 用户79 | ✅ 秒杀成功 | 耗时: 1498.58ms
2025/12/13 20:20:53.882474 [20:20:45.174] 用户7261 | ✅ 秒杀成功 | 耗时: 1557.50ms
2025/12/13 20:20:53.882478 [20:20:45.174] 用户7281 | ✅ 秒杀成功 | 耗时: 1557.77ms
2025/12/13 20:20:53.882481 [20:20:45.174] 用户9401 | ✅ 秒杀成功 | 耗时: 1489.25ms
2025/12/13 20:20:53.882485 [20:20:45.178] 用户7472 | ✅ 秒杀成功 | 耗时: 1561.86ms
2025/12/13 20:20:53.882489 [20:20:45.178] 用户7021 | ✅ 秒杀成功 | 耗时: 1562.20ms
2025/12/13 20:20:53.882493 [20:20:45.178] 用户7475 | ✅ 秒杀成功 | 耗时: 1561.94ms
2025/12/13 20:20:53.882496 [20:20:45.178] 用户7488 | ✅ 秒杀成功 | 耗时: 1561.99ms
2025/12/13 20:20:53.882500 [20:20:45.178] 用户10622 | ✅ 秒杀成功 | 耗时: 1500.48ms
2025/12/13 20:20:53.882504 [20:20:45.179] 用户7828 | ✅ 秒杀成功 | 耗时: 1562.33ms
2025/12/13 20:20:53.882507 [20:20:45.179] 用户7473 | ✅ 秒杀成功 | 耗时: 1562.31ms
2025/12/13 20:20:53.882511 [20:20:45.179] 用户7014 | ✅ 秒杀成功 | 耗时: 1561.48ms
2025/12/13 20:20:53.882515 [20:20:45.179] 用户7487 | ✅ 秒杀成功 | 耗时: 1562.41ms
2025/12/13 20:20:53.882519 [20:20:45.179] 用户7509 | ✅ 秒杀成功 | 耗时: 1562.57ms
2025/12/13 20:20:53.882522 [20:20:45.179] 用户7396 | ✅ 秒杀成功 | 耗时: 1561.42ms
2025/12/13 20:20:53.882526 [20:20:45.179] 用户7601 | ✅ 秒杀成功 | 耗时: 1562.01ms
2025/12/13 20:20:53.882530 [20:20:45.179] 用户78 | ✅ 秒杀成功 | 耗时: 1562.67ms
2025/12/13 20:20:53.882533 [20:20:45.179] 用户7715 | ✅ 秒杀成功 | 耗时: 1561.44ms
2025/12/13 20:20:53.882537 [20:20:45.179] 用户7614 | ✅ 秒杀成功 | 耗时: 1562.33ms
2025/12/13 20:20:53.882541 [20:20:45.179] 用户7724 | ✅ 秒杀成功 | 耗时: 1561.43ms
2025/12/13 20:20:53.882545 [20:20:45.179] 用户7735 | ✅ 秒杀成功 | 耗时: 1561.88ms
2025/12/13 20:20:53.882548 [20:20:45.179] 用户7477 | ✅ 秒杀成功 | 耗时: 1562.60ms
2025/12/13 20:20:53.882552 [20:20:45.179] 用户7435 | ✅ 秒杀成功 | 耗时: 1562.75ms
2025/12/13 20:20:53.882556 [20:20:45.179] 用户7285 | ✅ 秒杀成功 | 耗时: 1563.05ms
2025/12/13 20:20:53.882559 [20:20:45.179] 用户10549 | ✅ 秒杀成功 | 耗时: 1576.90ms
2025/12/13 20:20:53.882563 [20:20:45.179] 用户7428 | ✅ 秒杀成功 | 耗时: 1562.63ms
2025/12/13 20:20:53.882567 [20:20:45.179] 用户8280 | ✅ 秒杀成功 | 耗时: 1464.69ms
2025/12/13 20:20:53.882571 [20:20:45.179] 用户8055 | ✅ 秒杀成功 | 耗时: 1460.01ms
2025/12/13 20:20:53.882574 [20:20:45.179] 用户9835 | ✅ 秒杀成功 | 耗时: 1576.75ms
2025/12/13 20:20:53.882579 [20:20:45.179] 用户7600 | ✅ 秒杀成功 | 耗时: 1562.69ms
2025/12/13 20:20:53.882584 [20:20:45.179] 用户7479 | ✅ 秒杀成功 | 耗时: 1563.10ms
2025/12/13 20:20:53.882588 [20:20:45.179] 用户10407 | ✅ 秒杀成功 | 耗时: 1577.28ms
2025/12/13 20:20:53.882593 [20:20:45.179] 用户7826 | ✅ 秒杀成功 | 耗时: 1562.61ms
2025/12/13 20:20:53.882598 [20:20:45.179] 用户7626 | ✅ 秒杀成功 | 耗时: 1562.99ms
2025/12/13 20:20:53.882602 [20:20:45.181] 用户7835 | ✅ 秒杀成功 | 耗时: 1564.55ms
2025/12/13 20:20:53.882605 [20:20:45.181] 用户8996 | ✅ 秒杀成功 | 耗时: 1473.88ms
2025/12/13 20:20:53.882610 [20:20:45.181] 用户7389 | ✅ 秒杀成功 | 耗时: 1563.35ms
2025/12/13 20:20:53.882614 [20:20:45.188] 用户975 | ✅ 秒杀成功 | 耗时: 1487.47ms
2025/12/13 20:20:53.882619 [20:20:45.188] 用户2256 | ✅ 秒杀成功 | 耗时: 1365.66ms
2025/12/13 20:20:53.882623 [20:20:45.188] 用户7726 | ✅ 秒杀成功 | 耗时: 1570.62ms
2025/12/13 20:20:53.882628 [20:20:45.188] 用户8086 | ✅ 秒杀成功 | 耗时: 1469.90ms
2025/12/13 20:20:53.882632 [20:20:45.188] 用户7271 | ✅ 秒杀成功 | 耗时: 1572.14ms
2025/12/13 20:20:53.882636 [20:20:45.213] 用户7939 | ✅ 秒杀成功 | 耗时: 1591.79ms
2025/12/13 20:20:53.882640 [20:20:45.221] 用户7976 | ✅ 秒杀成功 | 耗时: 1601.05ms
2025/12/13 20:20:53.882644 [20:20:45.229] 用户7562 | ✅ 秒杀成功 | 耗时: 1509.78ms
2025/12/13 20:20:53.882647 [20:20:45.229] 用户7221 | ✅ 秒杀成功 | 耗时: 1510.29ms
2025/12/13 20:20:53.882651 [20:20:45.229] 用户8118 | ✅ 秒杀成功 | 耗时: 1512.14ms
2025/12/13 20:20:53.882655 [20:20:45.229] 用户9132 | ✅ 秒杀成功 | 耗时: 1510.88ms
2025/12/13 20:20:53.882659 [20:20:45.229] 用户7999 | ✅ 秒杀成功 | 耗时: 1611.52ms
2025/12/13 20:20:53.882662 [20:20:45.229] 用户7705 | ✅ 秒杀成功 | 耗时: 1611.67ms
2025/12/13 20:20:53.882666 [20:20:45.229] 用户7457 | ✅ 秒杀成功 | 耗时: 1608.50ms
2025/12/13 20:20:53.882670 [20:20:45.229] 用户6746 | ✅ 秒杀成功 | 耗时: 1608.51ms
2025/12/13 20:20:53.882673 [20:20:45.229] 用户7458 | ✅ 秒杀成功 | 耗时: 1608.49ms
2025/12/13 20:20:53.882689 [20:20:45.229] 用户7941 | ✅ 秒杀成功 | 耗时: 1608.72ms
2025/12/13 20:20:53.882697 [20:20:45.229] 用户6504 | ✅ 秒杀成功 | 耗时: 1608.24ms
2025/12/13 20:20:53.882701 [20:20:45.229] 用户6872 | ✅ 秒杀成功 | 耗时: 1608.25ms
2025/12/13 20:20:53.882705 [20:20:45.229] 用户7970 | ✅ 秒杀成功 | 耗时: 1609.23ms
2025/12/13 20:20:53.882709 [20:20:45.229] 用户6870 | ✅ 秒杀成功 | 耗时: 1608.23ms
2025/12/13 20:20:53.882712 [20:20:45.230] 用户7205 | ✅ 秒杀成功 | 耗时: 1509.67ms
2025/12/13 20:20:53.882716 [20:20:45.230] 用户6898 | ✅ 秒杀成功 | 耗时: 1608.41ms
2025/12/13 20:20:53.882720 [20:20:45.230] 用户9669 | ✅ 秒杀成功 | 耗时: 1509.89ms
2025/12/13 20:20:53.882723 [20:20:45.230] 用户8197 | ✅ 秒杀成功 | 耗时: 1512.49ms
2025/12/13 20:20:53.882727 [20:20:45.230] 用户6750 | ✅ 秒杀成功 | 耗时: 1608.66ms
2025/12/13 20:20:53.882731 [20:20:45.230] 用户7260 | ✅ 秒杀成功 | 耗时: 1613.32ms
2025/12/13 20:20:53.882735 [20:20:45.230] 用户7994 | ✅ 秒杀成功 | 耗时: 1611.74ms
2025/12/13 20:20:53.882738 [20:20:45.230] 用户7451 | ✅ 秒杀成功 | 耗时: 1608.24ms
2025/12/13 20:20:53.882742 [20:20:45.230] 用户7710 | ✅ 秒杀成功 | 耗时: 1611.97ms
2025/12/13 20:20:53.882746 [20:20:45.230] 用户6752 | ✅ 秒杀成功 | 耗时: 1608.80ms
2025/12/13 20:20:53.882749 [20:20:45.230] 用户7712 | ✅ 秒杀成功 | 耗时: 1612.01ms
2025/12/13 20:20:53.882753 [20:20:45.230] 用户7937 | ✅ 秒杀成功 | 耗时: 1608.89ms
2025/12/13 20:20:53.882757 [20:20:45.230] 用户7689 | ✅ 秒杀成功 | 耗时: 1610.85ms
2025/12/13 20:20:53.882761 [20:20:45.230] 用户7539 | ✅ 秒杀成功 | 耗时: 1511.32ms
2025/12/13 20:20:53.882764 [20:20:45.230] 用户9824 | ✅ 秒杀成功 | 耗时: 1554.26ms
2025/12/13 20:20:53.882768 [20:20:45.230] 用户1798 | ✅ 秒杀成功 | 耗时: 1384.25ms
2025/12/13 20:20:53.882772 [20:20:45.230] 用户7682 | ✅ 秒杀成功 | 耗时: 1610.93ms
2025/12/13 20:20:53.882775 [20:20:45.230] 用户8397 | ✅ 秒杀成功 | 耗时: 1512.01ms
2025/12/13 20:20:53.882779 [20:20:45.230] 用户1757 | ✅ 秒杀成功 | 耗时: 1392.85ms
2025/12/13 20:20:53.882783 [20:20:45.230] 用户7986 | ✅ 秒杀成功 | 耗时: 1610.65ms
2025/12/13 20:20:53.882787 [20:20:45.230] 用户7200 | ✅ 秒杀成功 | 耗时: 1509.95ms
2025/12/13 20:20:53.882790 [20:20:45.230] 用户9303 | ✅ 秒杀成功 | 耗时: 1510.08ms
2025/12/13 20:20:53.882794 [20:20:45.230] 用户7955 | ✅ 秒杀成功 | 耗时: 1609.96ms
2025/12/13 20:20:53.882798 [20:20:45.230] 用户6759 | ✅ 秒杀成功 | 耗时: 1609.27ms
2025/12/13 20:20:53.882802 [20:20:45.230] 用户6754 | ✅ 秒杀成功 | 耗时: 1609.25ms
2025/12/13 20:20:53.882805 [20:20:45.230] 用户1754 | ✅ 秒杀成功 | 耗时: 1550.17ms
2025/12/13 20:20:53.882809 [20:20:45.230] 用户6890 | ✅ 秒杀成功 | 耗时: 1609.33ms
2025/12/13 20:20:53.882813 [20:20:45.230] 用户7962 | ✅ 秒杀成功 | 耗时: 1610.50ms
2025/12/13 20:20:53.882816 [20:20:45.230] 用户7981 | ✅ 秒杀成功 | 耗时: 1610.65ms
2025/12/13 20:20:53.882820 [20:20:45.230] 用户7455 | ✅ 秒杀成功 | 耗时: 1609.06ms
2025/12/13 20:20:53.882824 [20:20:45.230] 用户8775 | ✅ 秒杀成功 | 耗时: 1516.61ms
2025/12/13 20:20:53.882828 [20:20:45.230] 用户8277 | ✅ 秒杀成功 | 耗时: 1510.77ms
2025/12/13 20:20:53.882831 [20:20:45.230] 用户7998 | ✅ 秒杀成功 | 耗时: 1612.18ms
2025/12/13 20:20:53.882835 [20:20:45.230] 用户8012 | ✅ 秒杀成功 | 耗时: 1612.26ms
2025/12/13 20:20:53.882839 [20:20:45.230] 用户7704 | ✅ 秒杀成功 | 耗时: 1612.31ms
2025/12/13 20:20:53.882844 [20:20:45.230] 用户7989 | ✅ 秒杀成功 | 耗时: 1610.83ms
2025/12/13 20:20:53.882849 [20:20:45.230] 用户7707 | ✅ 秒杀成功 | 耗时: 1612.42ms
2025/12/13 20:20:53.882854 [20:20:45.230] 用户7374 | ✅ 秒杀成功 | 耗时: 1612.37ms
2025/12/13 20:20:53.882859 [20:20:45.230] 用户8005 | ✅ 秒杀成功 | 耗时: 1611.08ms
2025/12/13 20:20:53.882864 [20:20:45.230] 用户7997 | ✅ 秒杀成功 | 耗时: 1612.23ms
2025/12/13 20:20:53.882869 [20:20:45.230] 用户8003 | ✅ 秒杀成功 | 耗时: 1611.07ms
2025/12/13 20:20:53.882874 [20:20:45.230] 用户7697 | ✅ 秒杀成功 | 耗时: 1611.42ms
2025/12/13 20:20:53.882879 [20:20:45.230] 用户6895 | ✅ 秒杀成功 | 耗时: 1611.00ms
2025/12/13 20:20:53.882884 [20:20:45.230] 用户8016 | ✅ 秒杀成功 | 耗时: 1612.34ms
2025/12/13 20:20:53.882889 [20:20:45.230] 用户7685 | ✅ 秒杀成功 | 耗时: 1611.42ms
2025/12/13 20:20:53.882894 [20:20:45.230] 用户7687 | ✅ 秒杀成功 | 耗时: 1611.26ms
2025/12/13 20:20:53.882899 [20:20:45.230] 用户9888 | ✅ 秒杀成功 | 耗时: 1555.20ms
2025/12/13 20:20:53.882904 [20:20:45.230] 用户7454 | ✅ 秒杀成功 | 耗时: 1609.20ms
2025/12/13 20:20:53.882908 [20:20:45.231] 用户7935 | ✅ 秒杀成功 | 耗时: 1609.78ms
2025/12/13 20:20:53.882913 [20:20:45.231] 用户6887 | ✅ 秒杀成功 | 耗时: 1609.58ms
2025/12/13 20:20:53.882918 [20:20:45.231] 用户6503 | ✅ 秒杀成功 | 耗时: 1609.27ms
2025/12/13 20:20:53.882923 [20:20:45.231] 用户6751 | ✅ 秒杀成功 | 耗时: 1609.73ms
2025/12/13 20:20:53.882933 [20:20:45.231] 用户6747 | ✅ 秒杀成功 | 耗时: 1609.59ms
2025/12/13 20:20:53.882939 [20:20:45.231] 用户7592 | ✅ 秒杀成功 | 耗时: 1511.37ms
2025/12/13 20:20:53.882944 [20:20:45.231] 用户7708 | ✅ 秒杀成功 | 耗时: 1613.00ms
2025/12/13 20:20:53.882949 [20:20:45.231] 用户7379 | ✅ 秒杀成功 | 耗时: 1612.92ms
2025/12/13 20:20:53.882954 [20:20:45.231] 用户6871 | ✅ 秒杀成功 | 耗时: 1609.36ms
2025/12/13 20:20:53.882959 [20:20:45.231] 用户7942 | ✅ 秒杀成功 | 耗时: 1609.90ms
2025/12/13 20:20:53.882964 [20:20:45.231] 用户7948 | ✅ 秒杀成功 | 耗时: 1609.95ms
2025/12/13 20:20:53.882969 [20:20:45.231] 用户7954 | ✅ 秒杀成功 | 耗时: 1610.69ms
2025/12/13 20:20:53.882974 [20:20:45.231] 用户7978 | ✅ 秒杀成功 | 耗时: 1610.60ms
2025/12/13 20:20:53.882979 [20:20:45.231] 用户6736 | ✅ 秒杀成功 | 耗时: 1609.44ms
2025/12/13 20:20:53.882984 [20:20:45.231] 用户7703 | ✅ 秒杀成功 | 耗时: 1612.89ms
2025/12/13 20:20:53.882990 [20:20:45.231] 用户7376 | ✅ 秒杀成功 | 耗时: 1612.96ms
2025/12/13 20:20:53.882995 [20:20:45.231] 用户7996 | ✅ 秒杀成功 | 耗时: 1612.78ms
2025/12/13 20:20:53.883000 [20:20:45.231] 用户7686 | ✅ 秒杀成功 | 耗时: 1611.16ms
2025/12/13 20:20:53.883005 [20:20:45.231] 用户7679 | ✅ 秒杀成功 | 耗时: 1611.18ms
2025/12/13 20:20:53.883010 [20:20:45.231] 用户7960 | ✅ 秒杀成功 | 耗时: 1611.22ms
2025/12/13 20:20:53.883014 [20:20:45.231] 用户7988 | ✅ 秒杀成功 | 耗时: 1611.63ms
2025/12/13 20:20:53.883019 [20:20:45.232] 用户7984 | ✅ 秒杀成功 | 耗时: 1612.78ms
2025/12/13 20:20:53.883024 [20:20:45.233] 用户7382 | ✅ 秒杀成功 | 耗时: 1615.64ms
2025/12/13 20:20:53.883029 [20:20:45.233] 用户8595 | ✅ 秒杀成功 | 耗时: 1518.78ms
2025/12/13 20:20:53.883034 [20:20:45.233] 用户7681 | ✅ 秒杀成功 | 耗时: 1614.49ms
2025/12/13 20:20:53.883039 [20:20:45.233] 用户7694 | ✅ 秒杀成功 | 耗时: 1614.62ms
2025/12/13 20:20:53.883044 [20:20:45.233] 用户7688 | ✅ 秒杀成功 | 耗时: 1614.54ms
2025/12/13 20:20:53.883049 [20:20:45.233] 用户7982 | ✅ 秒杀成功 | 耗时: 1614.06ms
2025/12/13 20:20:53.883054 [20:20:45.233] 用户9305 | ✅ 秒杀成功 | 耗时: 1513.68ms
2025/12/13 20:20:53.883059 [20:20:45.233] 用户6893 | ✅ 秒杀成功 | 耗时: 1613.00ms
2025/12/13 20:20:53.883064 [20:20:45.233] 用户8021 | ✅ 秒杀成功 | 耗时: 1615.56ms
2025/12/13 20:20:53.883069 [20:20:45.233] 用户7959 | ✅ 秒杀成功 | 耗时: 1613.87ms
2025/12/13 20:20:53.883074 [20:20:45.233] 用户7695 | ✅ 秒杀成功 | 耗时: 1614.67ms
2025/12/13 20:20:53.883079 [20:20:45.233] 用户8001 | ✅ 秒杀成功 | 耗时: 1615.57ms
2025/12/13 20:20:53.883084 [20:20:45.233] 用户7375 | ✅ 秒杀成功 | 耗时: 1615.71ms
2025/12/13 20:20:53.883089 [20:20:45.233] 用户7378 | ✅ 秒杀成功 | 耗时: 1615.75ms
2025/12/13 20:20:53.883094 [20:20:45.233] 用户8300 | ✅ 秒杀成功 | 耗时: 1519.44ms
2025/12/13 20:20:53.883098 [20:20:45.233] 用户9066 | ✅ 秒杀成功 | 耗时: 1529.75ms
2025/12/13 20:20:53.883104 [20:20:45.233] 用户9013 | ✅ 秒杀成功 | 耗时: 1526.66ms
2025/12/13 20:20:53.883108 [20:20:45.233] 用户7963 | ✅ 秒杀成功 | 耗时: 1612.79ms
2025/12/13 20:20:53.883113 [20:20:45.233] 用户6506 | ✅ 秒杀成功 | 耗时: 1612.61ms
2025/12/13 20:20:53.883118 [20:20:45.233] 用户7381 | ✅ 秒杀成功 | 耗时: 1615.85ms
2025/12/13 20:20:53.883123 [20:20:45.233] 用户7860 | ✅ 秒杀成功 | 耗时: 1515.03ms
2025/12/13 20:20:53.883128 [20:20:45.233] 用户7377 | ✅ 秒杀成功 | 耗时: 1615.80ms
2025/12/13 20:20:53.883133 [20:20:45.233] 用户7945 | ✅ 秒杀成功 | 耗时: 1612.82ms
2025/12/13 20:20:53.883138 [20:20:45.234] 用户1796 | ✅ 秒杀成功 | 耗时: 1387.99ms
2025/12/13 20:20:53.883143 [20:20:45.234] 用户7384 | ✅ 秒杀成功 | 耗时: 1615.89ms
2025/12/13 20:20:53.883148 [20:20:45.234] 用户9536 | ✅ 秒杀成功 | 耗时: 1535.26ms
2025/12/13 20:20:53.883153 [20:20:45.234] 用户7940 | ✅ 秒杀成功 | 耗时: 1612.80ms
2025/12/13 20:20:53.883158 [20:20:45.234] 用户8782 | ✅ 秒杀成功 | 耗时: 1520.10ms
2025/12/13 20:20:53.883163 [20:20:45.234] 用户7693 | ✅ 秒杀成功 | 耗时: 1614.77ms
2025/12/13 20:20:53.883168 [20:20:45.234] 用户7776 | ✅ 秒杀成功 | 耗时: 1515.26ms
2025/12/13 20:20:53.883172 [20:20:45.234] 用户7659 | ✅ 秒杀成功 | 耗时: 1515.35ms
2025/12/13 20:20:53.883177 [20:20:45.234] 用户6877 | ✅ 秒杀成功 | 耗时: 1612.59ms
2025/12/13 20:20:53.883182 [20:20:45.234] 用户7965 | ✅ 秒杀成功 | 耗时: 1613.42ms
2025/12/13 20:20:53.883187 [20:20:45.234] 用户7947 | ✅ 秒杀成功 | 耗时: 1613.06ms
2025/12/13 20:20:53.883192 [20:20:45.234] 用户1797 | ✅ 秒杀成功 | 耗时: 1388.27ms
2025/12/13 20:20:53.883197 [20:20:45.234] 用户3003 | ✅ 秒杀成功 | 耗时: 1514.14ms
2025/12/13 20:20:53.883202 [20:20:45.234] 用户2809 | ✅ 秒杀成功 | 耗时: 1513.90ms
2025/12/13 20:20:53.883207 [20:20:45.234] 用户7949 | ✅ 秒杀成功 | 耗时: 1613.14ms
2025/12/13 20:20:53.883213 [20:20:45.234] 用户7631 | ✅ 秒杀成功 | 耗时: 1614.08ms
2025/12/13 20:20:53.883218 [20:20:45.234] 用户7332 | ✅ 秒杀成功 | 耗时: 1614.11ms
2025/12/13 20:20:53.883223 [20:20:45.234] 用户7219 | ✅ 秒杀成功 | 耗时: 1514.78ms
2025/12/13 20:20:53.883228 [20:20:45.234] 用户7696 | ✅ 秒杀成功 | 耗时: 1615.15ms
2025/12/13 20:20:53.883233 [20:20:45.234] 用户10462 | ✅ 秒杀成功 | 耗时: 1530.83ms
2025/12/13 20:20:53.883238 [20:20:45.234] 用户1464 | ✅ 秒杀成功 | 耗时: 1558.96ms
2025/12/13 20:20:53.883243 [20:20:45.234] 用户6756 | ✅ 秒杀成功 | 耗时: 1613.22ms
2025/12/13 20:20:53.883248 [20:20:45.234] 用户7334 | ✅ 秒杀成功 | 耗时: 1613.25ms
2025/12/13 20:20:53.883253 [20:20:45.234] 用户7678 | ✅ 秒杀成功 | 耗时: 1614.15ms
2025/12/13 20:20:53.883258 [20:20:45.234] 用户6758 | ✅ 秒杀成功 | 耗时: 1613.27ms
2025/12/13 20:20:53.883263 [20:20:45.234] 用户6054 | ✅ 秒杀成功 | 耗时: 1613.28ms
2025/12/13 20:20:53.883268 [20:20:45.234] 用户7951 | ✅ 秒杀成功 | 耗时: 1613.29ms
2025/12/13 20:20:53.883273 [20:20:45.234] 用户6889 | ✅ 秒杀成功 | 耗时: 1613.32ms
2025/12/13 20:20:53.883278 [20:20:45.234] 用户6749 | ✅ 秒杀成功 | 耗时: 1613.07ms
2025/12/13 20:20:53.883283 [20:20:45.234] 用户9952 | ✅ 秒杀成功 | 耗时: 1515.40ms
2025/12/13 20:20:53.883288 [20:20:45.234] 用户6737 | ✅ 秒杀成功 | 耗时: 1612.79ms
2025/12/13 20:20:53.883293 [20:20:45.234] 用户6875 | ✅ 秒杀成功 | 耗时: 1612.86ms
2025/12/13 20:20:53.883298 [20:20:45.235] 用户7993 | ✅ 秒杀成功 | 耗时: 1617.21ms
2025/12/13 20:20:53.883303 [20:20:45.235] 用户2633 | ✅ 秒杀成功 | 耗时: 1515.25ms
2025/12/13 20:20:53.883308 [20:20:45.236] 用户82 | ✅ 秒杀成功 | 耗时: 1620.30ms
2025/12/13 20:20:53.883313 [20:20:45.236] 用户7690 | ✅ 秒杀成功 | 耗时: 1616.12ms
2025/12/13 20:20:53.883318 [20:20:45.236] 用户7974 | ✅ 秒杀成功 | 耗时: 1616.18ms
2025/12/13 20:20:53.883323 [20:20:45.237] 用户7684 | ✅ 秒杀成功 | 耗时: 1619.35ms
2025/12/13 20:20:53.883328 [20:20:45.237] 用户7817 | ✅ 秒杀成功 | 耗时: 1619.67ms
2025/12/13 20:20:53.883333 [20:20:45.241] 用户7882 | ✅ 秒杀成功 | 耗时: 1622.81ms
2025/12/13 20:20:53.883338 [20:20:45.242] 用户7388 | ✅ 秒杀成功 | 耗时: 1623.97ms
2025/12/13 20:20:53.883343 [20:20:45.249] 用户7956 | ✅ 秒杀成功 | 耗时: 1629.55ms
2025/12/13 20:20:53.883347 [20:20:45.249] 用户7980 | ✅ 秒杀成功 | 耗时: 1629.86ms
2025/12/13 20:20:53.883352 [20:20:45.249] 用户7716 | ✅ 秒杀成功 | 耗时: 1631.68ms
2025/12/13 20:20:53.883357 [20:20:45.249] 用户6753 | ✅ 秒杀成功 | 耗时: 1628.63ms
2025/12/13 20:20:53.883362 [20:20:45.249] 用户7706 | ✅ 秒杀成功 | 耗时: 1631.55ms
2025/12/13 20:20:53.883367 [20:20:45.250] 用户7985 | ✅ 秒杀成功 | 耗时: 1630.43ms
2025/12/13 20:20:53.883372 [20:20:45.250] 用户7818 | ✅ 秒杀成功 | 耗时: 1632.52ms
2025/12/13 20:20:53.883377 [20:20:45.250] 用户7987 | ✅ 秒杀成功 | 耗时: 1630.57ms
2025/12/13 20:20:53.883382 [20:20:45.250] 用户6873 | ✅ 秒杀成功 | 耗时: 1628.45ms
2025/12/13 20:20:53.883387 [20:20:45.250] 用户6888 | ✅ 秒杀成功 | 耗时: 1628.79ms
2025/12/13 20:20:53.883392 [20:20:45.250] 用户8940 | ✅ 秒杀成功 | 耗时: 1535.96ms
2025/12/13 20:20:53.883397 [20:20:45.250] 用户8317 | ✅ 秒杀成功 | 耗时: 1536.26ms
2025/12/13 20:20:53.883401 [20:20:45.250] 用户2773 | ✅ 秒杀成功 | 耗时: 1515.70ms
2025/12/13 20:20:53.883406 [20:20:45.250] 用户7220 | ✅ 秒杀成功 | 耗时: 1530.68ms
2025/12/13 20:20:53.883411 [20:20:45.250] 用户6896 | ✅ 秒杀成功 | 耗时: 1631.04ms
2025/12/13 20:20:53.883416 [20:20:45.250] 用户963 | ✅ 秒杀成功 | 耗时: 1549.70ms
2025/12/13 20:20:53.883421 [20:20:45.250] 用户2806 | ✅ 秒杀成功 | 耗时: 1530.13ms
2025/12/13 20:20:53.883426 [20:20:45.250] 用户6613 | ✅ 秒杀成功 | 耗时: 1629.22ms
2025/12/13 20:20:53.883431 [20:20:45.253] 用户8419 | ✅ 秒杀成功 | 耗时: 1535.87ms
2025/12/13 20:20:53.883436 [20:20:45.253] 用户7227 | ✅ 秒杀成功 | 耗时: 1534.43ms
2025/12/13 20:20:53.883441 [20:20:45.254] 用户7938 | ✅ 秒杀成功 | 耗时: 1632.84ms
2025/12/13 20:20:53.883446 [20:20:45.254] 用户6740 | ✅ 秒杀成功 | 耗时: 1632.68ms
2025/12/13 20:20:53.883451 [20:20:45.254] 用户6300 | ✅ 秒杀成功 | 耗时: 1632.37ms
2025/12/13 20:20:53.883456 [20:20:45.254] 用户7624 | ✅ 秒杀成功 | 耗时: 1535.36ms
2025/12/13 20:20:53.883461 [20:20:45.254] 用户7943 | ✅ 秒杀成功 | 耗时: 1633.06ms
2025/12/13 20:20:53.883466 [20:20:45.254] 用户7964 | ✅ 秒杀成功 | 耗时: 1633.46ms
2025/12/13 20:20:53.883471 [20:20:45.254] 用户6610 | ✅ 秒杀成功 | 耗时: 1632.96ms
2025/12/13 20:20:53.883476 [20:20:45.254] 用户8867 | ✅ 秒杀成功 | 耗时: 1534.55ms
2025/12/13 20:20:53.883481 [20:20:45.254] 用户9016 | ✅ 秒杀成功 | 耗时: 1547.03ms
2025/12/13 20:20:53.883486 [20:20:45.254] 用户6757 | ✅ 秒杀成功 | 耗时: 1633.18ms
2025/12/13 20:20:53.883491 [20:20:45.256] 用户7666 | ✅ 秒杀成功 | 耗时: 1538.73ms
2025/12/13 20:20:53.883496 [20:20:45.256] 用户10416 | ✅ 秒杀成功 | 耗时: 1539.46ms
2025/12/13 20:20:53.883501 [20:20:45.257] 用户6745 | ✅ 秒杀成功 | 耗时: 1635.59ms
2025/12/13 20:20:53.883506 [20:20:45.257] 用户1934 | ✅ 秒杀成功 | 耗时: 1581.35ms
2025/12/13 20:20:53.883511 [20:20:45.257] 用户1060 | ✅ 秒杀成功 | 耗时: 1573.26ms
2025/12/13 20:20:53.883516 [20:20:45.257] 用户7969 | ✅ 秒杀成功 | 耗时: 1636.28ms
2025/12/13 20:20:53.883521 [20:20:45.257] 用户6611 | ✅ 秒杀成功 | 耗时: 1635.75ms
2025/12/13 20:20:53.883526 [20:20:45.257] 用户7971 | ✅ 秒杀成功 | 耗时: 1636.46ms
2025/12/13 20:20:53.883531 [20:20:45.257] 用户7979 | ✅ 秒杀成功 | 耗时: 1635.95ms
2025/12/13 20:20:53.883536 [20:20:45.257] 用户6742 | ✅ 秒杀成功 | 耗时: 1635.76ms
2025/12/13 20:20:53.883541 [20:20:45.257] 用户7677 | ✅ 秒杀成功 | 耗时: 1636.83ms
2025/12/13 20:20:53.883546 [20:20:45.257] 用户7966 | ✅ 秒杀成功 | 耗时: 1636.32ms
2025/12/13 20:20:53.883551 [20:20:45.257] 用户9085 | ✅ 秒杀成功 | 耗时: 1552.78ms
2025/12/13 20:20:53.883556 [20:20:45.257] 用户6739 | ✅ 秒杀成功 | 耗时: 1635.74ms
2025/12/13 20:20:53.883561 [20:20:45.257] 用户3614 | ✅ 秒杀成功 | 耗时: 1538.24ms
2025/12/13 20:20:53.883566 [20:20:45.258] 用户7136 | ✅ 秒杀成功 | 耗时: 1637.96ms
2025/12/13 20:20:53.883571 [20:20:45.258] 用户8587 | ✅ 秒杀成功 | 耗时: 1538.41ms
2025/12/13 20:20:53.883576 [20:20:45.263] 用户7137 | ✅ 秒杀成功 | 耗时: 1643.09ms
2025/12/13 20:20:53.883581 [20:20:45.271] 用户3597 | ✅ 秒杀成功 | 耗时: 1551.36ms
2025/12/13 20:20:53.883586 [20:20:45.271] 用户2781 | ✅ 秒杀成功 | 耗时: 1538.25ms
2025/12/13 20:20:53.883591 [20:20:45.271] 用户9993 | ✅ 秒杀成功 | 耗时: 1552.78ms
2025/12/13 20:20:53.883596 [20:20:45.271] 用户8869 | ✅ 秒杀成功 | 耗时: 1551.48ms
2025/12/13 20:20:53.883601 [20:20:45.271] 用户7975 | ✅ 秒杀成功 | 耗时: 1650.69ms
2025/12/13 20:20:53.883606 [20:20:45.271] 用户6689 | ✅ 秒杀成功 | 耗时: 1649.49ms
2025/12/13 20:20:53.883611 [20:20:45.271] 用户289 | ✅ 秒杀成功 | 耗时: 1588.01ms
2025/12/13 20:20:53.883616 [20:20:45.271] 用户1800 | ✅ 秒杀成功 | 耗时: 1433.93ms
2025/12/13 20:20:53.883620 [20:20:45.274] 用户7450 | ✅ 秒杀成功 | 耗时: 1652.33ms
2025/12/13 20:20:53.883625 [20:20:45.274] 用户149 | ✅ 秒杀成功 | 耗时: 1554.74ms
2025/12/13 20:20:53.883630 [20:20:45.275] 用户8004 | ✅ 秒杀成功 | 耗时: 1655.49ms
2025/12/13 20:20:53.883635 [20:20:45.275] 用户3005 | ✅ 秒杀成功 | 耗时: 1555.00ms
2025/12/13 20:20:53.883640 [20:20:45.279] 用户7977 | ✅ 秒杀成功 | 耗时: 1658.99ms
2025/12/13 20:20:53.883645 [20:20:45.285] 用户7972 | ✅ 秒杀成功 | 耗时: 1665.21ms
2025/12/13 20:20:53.883650 [20:20:45.286] 用户8013 | ✅ 秒杀成功 | 耗时: 1668.22ms
2025/12/13 20:20:53.883655 [20:20:45.286] 用户7155 | ✅ 秒杀成功 | 耗时: 1670.22ms
2025/12/13 20:20:53.883660 [20:20:45.318] 用户7973 | ✅ 秒杀成功 | 耗时: 1698.29ms
2025/12/13 20:20:53.883665 [20:20:45.320] 用户8819 | ✅ 秒杀成功 | 耗时: 1600.93ms
2025/12/13 20:20:53.883670 [20:20:45.321] 用户7946 | ✅ 秒杀成功 | 耗时: 1700.02ms
2025/12/13 20:20:53.883675 [20:20:45.324] 用户7968 | ✅ 秒杀成功 | 耗时: 1703.94ms
2025/12/13 20:20:53.883679 [20:20:45.342] 用户7495 | ✅ 秒杀成功 | 耗时: 1725.90ms
2025/12/13 20:20:53.883684 [20:20:45.372] 用户8014 | ✅ 秒杀成功 | 耗时: 1756.50ms
2025/12/13 20:20:53.883689 [20:20:45.373] 用户6743 | ✅ 秒杀成功 | 耗时: 1751.89ms
2025/12/13 20:20:53.883694 [20:20:45.373] 用户7444 | ✅ 秒杀成功 | 耗时: 1751.87ms
2025/12/13 20:20:53.883699 [20:20:45.373] 用户7967 | ✅ 秒杀成功 | 耗时: 1752.93ms
2025/12/13 20:20:53.883704 [20:20:45.373] 用户7452 | ✅ 秒杀成功 | 耗时: 1751.93ms
2025/12/13 20:20:53.883709 [20:20:45.373] 用户7443 | ✅ 秒杀成功 | 耗时: 1751.89ms
2025/12/13 20:20:53.883714 [20:20:45.373] 用户7448 | ✅ 秒杀成功 | 耗时: 1751.92ms
2025/12/13 20:20:53.883719 [20:20:45.373] 用户6612 | ✅ 秒杀成功 | 耗时: 1752.48ms
2025/12/13 20:20:53.883724 [20:20:45.373] 用户7449 | ✅ 秒杀成功 | 耗时: 1751.94ms
2025/12/13 20:20:53.883729 [20:20:45.374] 用户8431 | ✅ 秒杀成功 | 耗时: 1656.62ms
2025/12/13 20:20:53.883734 [20:20:45.374] 用户6729 | ✅ 秒杀成功 | 耗时: 1752.80ms
2025/12/13 20:20:53.883739 [20:20:45.375] 用户4101 | ✅ 秒杀成功 | 耗时: 1730.87ms
2025/12/13 20:20:53.883744 [20:20:45.385] 用户7834 | ✅ 秒杀成功 | 耗时: 1768.41ms
2025/12/13 20:20:53.883748 [20:20:45.387] 用户6843 | ✅ 秒杀成功 | 耗时: 1764.59ms
2025/12/13 20:20:53.883753 [20:20:45.387] 用户6998 | ✅ 秒杀成功 | 耗时: 1764.64ms
2025/12/13 20:20:53.883758 [20:20:45.387] 用户6854 | ✅ 秒杀成功 | 耗时: 1765.48ms
2025/12/13 20:20:53.883763 [20:20:45.388] 用户7116 | ✅ 秒杀成功 | 耗时: 1764.69ms
2025/12/13 20:20:53.883768 [20:20:45.388] 用户7983 | ✅ 秒杀成功 | 耗时: 1768.87ms
2025/12/13 20:20:53.883774 [20:20:45.388] 用户6856 | ✅ 秒杀成功 | 耗时: 1766.44ms
2025/12/13 20:20:53.883778 [20:20:45.391] 用户7002 | ✅ 秒杀成功 | 耗时: 1769.02ms
2025/12/13 20:20:53.883783 [20:20:45.393] 用户6976 | ✅ 秒杀成功 | 耗时: 1769.37ms
2025/12/13 20:20:53.883788 [20:20:45.393] 用户6863 | ✅ 秒杀成功 | 耗时: 1771.06ms
2025/12/13 20:20:53.883793 [20:20:45.394] 用户6979 | ✅ 秒杀成功 | 耗时: 1770.54ms
2025/12/13 20:20:53.883798 [20:20:45.394] 用户7095 | ✅ 秒杀成功 | 耗时: 1769.90ms
2025/12/13 20:20:53.883803 [20:20:45.394] 用户7138 | ✅ 秒杀成功 | 耗时: 1771.18ms
2025/12/13 20:20:53.883808 [20:20:45.394] 用户6368 | ✅ 秒杀成功 | 耗时: 1770.18ms
2025/12/13 20:20:53.883813 [20:20:45.394] 用户7319 | ✅ 秒杀成功 | 耗时: 1769.45ms
2025/12/13 20:20:53.883818 [20:20:45.395] 用户6624 | ✅ 秒杀成功 | 耗时: 1773.11ms
2025/12/13 20:20:53.883823 [20:20:45.395] 用户6634 | ✅ 秒杀成功 | 耗时: 1773.63ms
2025/12/13 20:20:53.883829 [20:20:45.395] 用户7092 | ✅ 秒杀成功 | 耗时: 1771.55ms
2025/12/13 20:20:53.883835 [20:20:45.395] 用户7434 | ✅ 秒杀成功 | 耗时: 1773.57ms
2025/12/13 20:20:53.883840 [20:20:45.396] 用户6381 | ✅ 秒杀成功 | 耗时: 1773.19ms
2025/12/13 20:20:53.883845 [20:20:45.396] 用户6367 | ✅ 秒杀成功 | 耗时: 1772.98ms
2025/12/13 20:20:53.883851 [20:20:45.396] 用户7114 | ✅ 秒杀成功 | 耗时: 1773.34ms
2025/12/13 20:20:53.883857 [20:20:45.396] 用户7003 | ✅ 秒杀成功 | 耗时: 1774.45ms
2025/12/13 20:20:53.883863 [20:20:45.397] 用户7189 | ✅ 秒杀成功 | 耗时: 1774.02ms
2025/12/13 20:20:53.883869 [20:20:45.398] 用户7431 | ✅ 秒杀成功 | 耗时: 1775.77ms
2025/12/13 20:20:53.883873 [20:20:45.398] 用户6923 | ✅ 秒杀成功 | 耗时: 1775.13ms
2025/12/13 20:20:53.883878 [20:20:45.399] 用户7360 | ✅ 秒杀成功 | 耗时: 1776.48ms
2025/12/13 20:20:53.883888 [20:20:45.399] 用户6347 | ✅ 秒杀成功 | 耗时: 1775.04ms
2025/12/13 20:20:53.883894 [20:20:45.399] 用户6844 | ✅ 秒杀成功 | 耗时: 1777.27ms
2025/12/13 20:20:53.883899 [20:20:45.399] 用户7322 | ✅ 秒杀成功 | 耗时: 1775.82ms
2025/12/13 20:20:53.883904 [20:20:45.399] 用户7113 | ✅ 秒杀成功 | 耗时: 1776.26ms
2025/12/13 20:20:53.883909 [20:20:45.399] 用户6495 | ✅ 秒杀成功 | 耗时: 1776.62ms
2025/12/13 20:20:53.883914 [20:20:45.399] 用户6985 | ✅ 秒杀成功 | 耗时: 1776.77ms
2025/12/13 20:20:53.883919 [20:20:45.399] 用户6361 | ✅ 秒杀成功 | 耗时: 1775.28ms
2025/12/13 20:20:53.883924 [20:20:45.400] 用户7327 | ✅ 秒杀成功 | 耗时: 1776.06ms
2025/12/13 20:20:53.883929 [20:20:45.400] 用户6359 | ✅ 秒杀成功 | 耗时: 1775.31ms
2025/12/13 20:20:53.883934 [20:20:45.400] 用户7320 | ✅ 秒杀成功 | 耗时: 1775.63ms
2025/12/13 20:20:53.883939 [20:20:45.400] 用户6499 | ✅ 秒杀成功 | 耗时: 1776.79ms
2025/12/13 20:20:53.883944 [20:20:45.400] 用户6360 | ✅ 秒杀成功 | 耗时: 1775.39ms
2025/12/13 20:20:53.883949 [20:20:45.400] 用户7083 | ✅ 秒杀成功 | 耗时: 1775.52ms
2025/12/13 20:20:53.883954 [20:20:45.400] 用户6374 | ✅ 秒杀成功 | 耗时: 1776.22ms
2025/12/13 20:20:53.883959 [20:20:45.400] 用户7075 | ✅ 秒杀成功 | 耗时: 1775.71ms
2025/12/13 20:20:53.883964 [20:20:45.400] 用户7055 | ✅ 秒杀成功 | 耗时: 1775.48ms
2025/12/13 20:20:53.883969 [20:20:45.400] 用户7326 | ✅ 秒杀成功 | 耗时: 1776.11ms
2025/12/13 20:20:53.883973 [20:20:45.400] 用户7063 | ✅ 秒杀成功 | 耗时: 1775.79ms
2025/12/13 20:20:53.883978 [20:20:45.400] 用户7308 | ✅ 秒杀成功 | 耗时: 1776.19ms
2025/12/13 20:20:53.883983 [20:20:45.400] 用户6231 | ✅ 秒杀成功 | 耗时: 1776.10ms
2025/12/13 20:20:53.883988 [20:20:45.400] 用户7358 | ✅ 秒杀成功 | 耗时: 1776.79ms
2025/12/13 20:20:53.883993 [20:20:45.400] 用户7062 | ✅ 秒杀成功 | 耗时: 1775.86ms
2025/12/13 20:20:53.883998 [20:20:45.400] 用户7337 | ✅ 秒杀成功 | 耗时: 1776.41ms
2025/12/13 20:20:53.884003 [20:20:45.400] 用户6488 | ✅ 秒杀成功 | 耗时: 1776.88ms
2025/12/13 20:20:53.884008 [20:20:45.400] 用户6366 | ✅ 秒杀成功 | 耗时: 1776.57ms
2025/12/13 20:20:53.884013 [20:20:45.400] 用户7357 | ✅ 秒杀成功 | 耗时: 1777.34ms
2025/12/13 20:20:53.884018 [20:20:45.401] 用户7124 | ✅ 秒杀成功 | 耗时: 1776.89ms
2025/12/13 20:20:53.884023 [20:20:45.401] 用户7064 | ✅ 秒杀成功 | 耗时: 1776.82ms
2025/12/13 20:20:53.884028 [20:20:45.402] 用户7318 | ✅ 秒杀成功 | 耗时: 1777.35ms
2025/12/13 20:20:53.884032 [20:20:45.402] 用户7008 | ✅ 秒杀成功 | 耗时: 1779.76ms
2025/12/13 20:20:53.884037 [20:20:45.402] 用户6977 | ✅ 秒杀成功 | 耗时: 1778.50ms
2025/12/13 20:20:53.884042 [20:20:45.402] 用户7354 | ✅ 秒杀成功 | 耗时: 1778.45ms
2025/12/13 20:20:53.884047 [20:20:45.402] 用户7096 | ✅ 秒杀成功 | 耗时: 1777.98ms
2025/12/13 20:20:53.884052 [20:20:45.402] 用户7132 | ✅ 秒杀成功 | 耗时: 1779.78ms
2025/12/13 20:20:53.884057 [20:20:45.402] 用户7362 | ✅ 秒杀成功 | 耗时: 1779.35ms
2025/12/13 20:20:53.884062 [20:20:45.403] 用户7680 | ✅ 秒杀成功 | 耗时: 1784.42ms
2025/12/13 20:20:53.884067 [20:20:45.403] 用户7370 | ✅ 秒杀成功 | 耗时: 1780.96ms
2025/12/13 20:20:53.884072 [20:20:45.403] 用户7380 | ✅ 秒杀成功 | 耗时: 1781.19ms
2025/12/13 20:20:53.884077 [20:20:45.403] 用户6741 | ✅ 秒杀成功 | 耗时: 1782.60ms
2025/12/13 20:20:53.884082 [20:20:45.403] 用户7304 | ✅ 秒杀成功 | 耗时: 1779.24ms
2025/12/13 20:20:53.884087 [20:20:45.403] 用户6358 | ✅ 秒杀成功 | 耗时: 1779.24ms
2025/12/13 20:20:53.884096 [20:20:45.403] 用户6483 | ✅ 秒杀成功 | 耗时: 1780.14ms
2025/12/13 20:20:53.884116 [20:20:45.403] 用户6975 | ✅ 秒杀成功 | 耗时: 1780.33ms
2025/12/13 20:20:53.884137 [20:20:45.403] 用户7006 | ✅ 秒杀成功 | 耗时: 1781.50ms
2025/12/13 20:20:53.884149 [20:20:45.404] 用户6482 | ✅ 秒杀成功 | 耗时: 1780.13ms
2025/12/13 20:20:53.884157 [20:20:45.404] 用户6730 | ✅ 秒杀成功 | 耗时: 1779.15ms
2025/12/13 20:20:53.884164 [20:20:45.404] 用户7102 | ✅ 秒杀成功 | 耗时: 1779.94ms
2025/12/13 20:20:53.884170 [20:20:45.404] 用户7386 | ✅ 秒杀成功 | 耗时: 1781.27ms
2025/12/13 20:20:53.884177 [20:20:45.404] 用户7080 | ✅ 秒杀成功 | 耗时: 1779.80ms
2025/12/13 20:20:53.884184 [20:20:45.404] 用户7091 | ✅ 秒杀成功 | 耗时: 1779.77ms
2025/12/13 20:20:53.884191 [20:20:45.404] 用户7331 | ✅ 秒杀成功 | 耗时: 1780.16ms
2025/12/13 20:20:53.884197 [20:20:45.404] 用户7077 | ✅ 秒杀成功 | 耗时: 1779.67ms
2025/12/13 20:20:53.884203 [20:20:45.404] 用户6973 | ✅ 秒杀成功 | 耗时: 1780.35ms
2025/12/13 20:20:53.884209 [20:20:45.404] 用户7344 | ✅ 秒杀成功 | 耗时: 1780.36ms
2025/12/13 20:20:53.884215 [20:20:45.404] 用户6480 | ✅ 秒杀成功 | 耗时: 1780.14ms
2025/12/13 20:20:53.884221 [20:20:45.404] 用户6974 | ✅ 秒杀成功 | 耗时: 1780.37ms
2025/12/13 20:20:53.884228 [20:20:45.404] 用户6380 | ✅ 秒杀成功 | 耗时: 1779.96ms
2025/12/13 20:20:53.884233 [20:20:45.404] 用户7251 | ✅ 秒杀成功 | 耗时: 1781.06ms
2025/12/13 20:20:53.884239 [20:20:45.404] 用户6481 | ✅ 秒杀成功 | 耗时: 1780.77ms
2025/12/13 20:20:53.884244 [20:20:45.404] 用户6362 | ✅ 秒杀成功 | 耗时: 1779.79ms
2025/12/13 20:20:53.884249 [20:20:45.404] 用户7204 | ✅ 秒杀成功 | 耗时: 1780.56ms
2025/12/13 20:20:53.884254 [20:20:45.404] 用户6732 | ✅ 秒杀成功 | 耗时: 1779.29ms
2025/12/13 20:20:53.884260 [20:20:45.404] 用户7115 | ✅ 秒杀成功 | 耗时: 1780.52ms
2025/12/13 20:20:53.884265 [20:20:45.404] 用户7117 | ✅ 秒杀成功 | 耗时: 1780.62ms
2025/12/13 20:20:53.884270 [20:20:45.404] 用户7346 | ✅ 秒杀成功 | 耗时: 1780.57ms
2025/12/13 20:20:53.884275 [20:20:45.404] 用户7104 | ✅ 秒杀成功 | 耗时: 1780.13ms
2025/12/13 20:20:53.884280 [20:20:45.404] 用户7106 | ✅ 秒杀成功 | 耗时: 1780.21ms
2025/12/13 20:20:53.884295 [20:20:45.404] 用户7351 | ✅ 秒杀成功 | 耗时: 1780.58ms
2025/12/13 20:20:53.884302 [20:20:45.404] 用户7341 | ✅ 秒杀成功 | 耗时: 1780.61ms
2025/12/13 20:20:53.884307 [20:20:45.404] 用户6727 | ✅ 秒杀成功 | 耗时: 1779.34ms
2025/12/13 20:20:53.884313 [20:20:45.404] 用户7345 | ✅ 秒杀成功 | 耗时: 1780.58ms
2025/12/13 20:20:53.884318 [20:20:45.404] 用户6389 | ✅ 秒杀成功 | 耗时: 1780.35ms
2025/12/13 20:20:53.884323 [20:20:45.404] 用户6853 | ✅ 秒杀成功 | 耗时: 1781.89ms
2025/12/13 20:20:53.884328 [20:20:45.404] 用户7430 | ✅ 秒杀成功 | 耗时: 1781.96ms
2025/12/13 20:20:53.884333 [20:20:45.404] 用户7093 | ✅ 秒杀成功 | 耗时: 1780.01ms
2025/12/13 20:20:53.884338 [20:20:45.404] 用户6858 | ✅ 秒杀成功 | 耗时: 1781.95ms
2025/12/13 20:20:53.884343 [20:20:45.404] 用户7098 | ✅ 秒杀成功 | 耗时: 1779.56ms
2025/12/13 20:20:53.884348 [20:20:45.404] 用户6485 | ✅ 秒杀成功 | 耗时: 1780.45ms
2025/12/13 20:20:53.884353 [20:20:45.404] 用户7009 | ✅ 秒杀成功 | 耗时: 1781.94ms
2025/12/13 20:20:53.884358 [20:20:45.404] 用户6635 | ✅ 秒杀成功 | 耗时: 1782.31ms
2025/12/13 20:20:53.884363 [20:20:45.404] 用户7121 | ✅ 秒杀成功 | 耗时: 1780.77ms
2025/12/13 20:20:53.884369 [20:20:45.404] 用户6862 | ✅ 秒杀成功 | 耗时: 1782.23ms
2025/12/13 20:20:53.884374 [20:20:45.404] 用户7010 | ✅ 秒杀成功 | 耗时: 1782.05ms
2025/12/13 20:20:53.884379 [20:20:45.404] 用户7119 | ✅ 秒杀成功 | 耗时: 1780.81ms
2025/12/13 20:20:53.884384 [20:20:45.404] 用户7353 | ✅ 秒杀成功 | 耗时: 1780.84ms
2025/12/13 20:20:53.884389 [20:20:45.404] 用户6981 | ✅ 秒杀成功 | 耗时: 1780.80ms
2025/12/13 20:20:53.884395 [20:20:45.404] 用户6988 | ✅ 秒杀成功 | 耗时: 1781.21ms
2025/12/13 20:20:53.884401 [20:20:45.404] 用户7094 | ✅ 秒杀成功 | 耗时: 1780.06ms
2025/12/13 20:20:53.884407 [20:20:45.404] 用户6489 | ✅ 秒杀成功 | 耗时: 1780.57ms
2025/12/13 20:20:53.884426 [20:20:45.404] 用户6625 | ✅ 秒杀成功 | 耗时: 1782.04ms
2025/12/13 20:20:53.884432 [20:20:45.404] 用户7436 | ✅ 秒杀成功 | 耗时: 1782.12ms
2025/12/13 20:20:53.884437 [20:20:45.404] 用户6999 | ✅ 秒杀成功 | 耗时: 1781.79ms
2025/12/13 20:20:53.884442 [20:20:45.404] 用户6968 | ✅ 秒杀成功 | 耗时: 1780.32ms
2025/12/13 20:20:53.884448 [20:20:45.404] 用户7339 | ✅ 秒杀成功 | 耗时: 1780.51ms
2025/12/13 20:20:53.884453 [20:20:45.404] 用户6860 | ✅ 秒杀成功 | 耗时: 1782.21ms
2025/12/13 20:20:53.884458 [20:20:45.404] 用户10030 | ✅ 秒杀成功 | 耗时: 1684.61ms
2025/12/13 20:20:53.884463 [20:20:45.404] 用户7355 | ✅ 秒杀成功 | 耗时: 1781.01ms
2025/12/13 20:20:53.884468 [20:20:45.404] 用户7004 | ✅ 秒杀成功 | 耗时: 1781.94ms
2025/12/13 20:20:53.884478 [20:20:45.404] 用户7330 | ✅ 秒杀成功 | 耗时: 1780.62ms
2025/12/13 20:20:53.884482 [20:20:45.404] 用户7348 | ✅ 秒杀成功 | 耗时: 1781.00ms
2025/12/13 20:20:53.884486 [20:20:45.404] 用户7007 | ✅ 秒杀成功 | 耗时: 1782.01ms
2025/12/13 20:20:53.884490 [20:20:45.404] 用户7123 | ✅ 秒杀成功 | 耗时: 1781.03ms
2025/12/13 20:20:53.884494 [20:20:45.404] 用户6849 | ✅ 秒杀成功 | 耗时: 1782.06ms
2025/12/13 20:20:53.884498 [20:20:45.404] 用户7120 | ✅ 秒杀成功 | 耗时: 1781.02ms
2025/12/13 20:20:53.884502 [20:20:45.404] 用户6978 | ✅ 秒杀成功 | 耗时: 1780.86ms
2025/12/13 20:20:53.884506 [20:20:45.404] 用户7112 | ✅ 秒杀成功 | 耗时: 1781.05ms
2025/12/13 20:20:53.884559 [20:20:45.404] 用户6848 | ✅ 秒杀成功 | 耗时: 1782.07ms
2025/12/13 20:20:53.884568 [20:20:45.404] 用户7338 | ✅ 秒杀成功 | 耗时: 1780.72ms
2025/12/13 20:20:53.884573 [20:20:45.404] 用户6847 | ✅ 秒杀成功 | 耗时: 1782.06ms
2025/12/13 20:20:53.884578 [20:20:45.404] 用户6990 | ✅ 秒杀成功 | 耗时: 1781.47ms
2025/12/13 20:20:53.884582 [20:20:45.404] 用户6609 | ✅ 秒杀成功 | 耗时: 1783.21ms
2025/12/13 20:20:53.884587 [20:20:45.404] 用户6363 | ✅ 秒杀成功 | 耗时: 1780.29ms
2025/12/13 20:20:53.884591 [20:20:45.404] 用户6355 | ✅ 秒杀成功 | 耗时: 1779.79ms
2025/12/13 20:20:53.884596 [20:20:45.404] 用户7441 | ✅ 秒杀成功 | 耗时: 1782.41ms
2025/12/13 20:20:53.884600 [20:20:45.404] 用户7056 | ✅ 秒杀成功 | 耗时: 1779.83ms
2025/12/13 20:20:53.884604 [20:20:45.404] 用户7086 | ✅ 秒杀成功 | 耗时: 1780.29ms
2025/12/13 20:20:53.884609 [20:20:45.404] 用户7367 | ✅ 秒杀成功 | 耗时: 1781.71ms
2025/12/13 20:20:53.884613 [20:20:45.404] 用户7366 | ✅ 秒杀成功 | 耗时: 1781.71ms
2025/12/13 20:20:53.884618 [20:20:45.404] 用户6996 | ✅ 秒杀成功 | 耗时: 1781.98ms
2025/12/13 20:20:53.884622 [20:20:45.404] 用户6857 | ✅ 秒杀成功 | 耗时: 1782.41ms
2025/12/13 20:20:53.884627 [20:20:45.404] 用户6623 | ✅ 秒杀成功 | 耗时: 1782.03ms
2025/12/13 20:20:53.884631 [20:20:45.404] 用户7426 | ✅ 秒杀成功 | 耗时: 1782.58ms
2025/12/13 20:20:53.884635 [20:20:45.404] 用户7423 | ✅ 秒杀成功 | 耗时: 1781.68ms
2025/12/13 20:20:53.884640 [20:20:45.404] 用户6351 | ✅ 秒杀成功 | 耗时: 1779.96ms
2025/12/13 20:20:53.884644 [20:20:45.404] 用户7347 | ✅ 秒杀成功 | 耗时: 1781.28ms
2025/12/13 20:20:53.884649 [20:20:45.404] 用户6501 | ✅ 秒杀成功 | 耗时: 1781.84ms
2025/12/13 20:20:53.884653 [20:20:45.404] 用户7100 | ✅ 秒杀成功 | 耗时: 1780.61ms
2025/12/13 20:20:53.884657 [20:20:45.404] 用户6878 | ✅ 秒杀成功 | 耗时: 1782.80ms
2025/12/13 20:20:53.884661 [20:20:45.404] 用户6852 | ✅ 秒杀成功 | 耗时: 1782.60ms
2025/12/13 20:20:53.884665 [20:20:45.404] 用户7134 | ✅ 秒杀成功 | 耗时: 1782.00ms
2025/12/13 20:20:53.884670 [20:20:45.404] 用户6636 | ✅ 秒杀成功 | 耗时: 1783.00ms
2025/12/13 20:20:53.884674 [20:20:45.404] 用户7054 | ✅ 秒杀成功 | 耗时: 1780.28ms
2025/12/13 20:20:53.884678 [20:20:45.405] 用户6850 | ✅ 秒杀成功 | 耗时: 1782.70ms
2025/12/13 20:20:53.884682 [20:20:45.406] 用户7429 | ✅ 秒杀成功 | 耗时: 1783.45ms
2025/12/13 20:20:53.884686 [20:20:45.406] 用户7369 | ✅ 秒杀成功 | 耗时: 1783.41ms
2025/12/13 20:20:53.884691 [20:20:45.406] 用户7101 | ✅ 秒杀成功 | 耗时: 1782.62ms
2025/12/13 20:20:53.884695 [20:20:45.406] 用户7066 | ✅ 秒杀成功 | 耗时: 1782.50ms
2025/12/13 20:20:53.884699 [20:20:45.406] 用户6497 | ✅ 秒杀成功 | 耗时: 1783.54ms
2025/12/13 20:20:53.884703 [20:20:45.407] 用户7961 | ✅ 秒杀成功 | 耗时: 1787.79ms
2025/12/13 20:20:53.884707 [20:20:45.407] 用户7130 | ✅ 秒杀成功 | 耗时: 1784.81ms
2025/12/13 20:20:53.884712 [20:20:45.407] 用户7359 | ✅ 秒杀成功 | 耗时: 1784.38ms
2025/12/13 20:20:53.884716 [20:20:45.407] 用户6984 | ✅ 秒杀成功 | 耗时: 1784.52ms
2025/12/13 20:20:53.884720 [20:20:45.407] 用户7315 | ✅ 秒杀成功 | 耗时: 1783.12ms
2025/12/13 20:20:53.884724 [20:20:45.407] 用户7335 | ✅ 秒杀成功 | 耗时: 1783.97ms
2025/12/13 20:20:53.884728 [20:20:45.407] 用户7099 | ✅ 秒杀成功 | 耗时: 1783.66ms
2025/12/13 20:20:53.884733 [20:20:45.407] 用户7105 | ✅ 秒杀成功 | 耗时: 1783.89ms
2025/12/13 20:20:53.884737 [20:20:45.407] 用户6498 | ✅ 秒杀成功 | 耗时: 1784.56ms
2025/12/13 20:20:53.884741 [20:20:45.407] 用户7108 | ✅ 秒杀成功 | 耗时: 1783.99ms
2025/12/13 20:20:53.884746 [20:20:45.407] 用户6334 | ✅ 秒杀成功 | 耗时: 1783.95ms
2025/12/13 20:20:53.884750 [20:20:45.407] 用户6633 | ✅ 秒杀成功 | 耗时: 1785.82ms
2025/12/13 20:20:53.884754 [20:20:45.407] 用户6735 | ✅ 秒杀成功 | 耗时: 1786.01ms
2025/12/13 20:20:53.884758 [20:20:45.407] 用户7131 | ✅ 秒杀成功 | 耗时: 1784.93ms
2025/12/13 20:20:53.884763 [20:20:45.407] 用户7420 | ✅ 秒杀成功 | 耗时: 1784.86ms
2025/12/13 20:20:53.884767 [20:20:45.407] 用户6867 | ✅ 秒杀成功 | 耗时: 1786.05ms
2025/12/13 20:20:53.884771 [20:20:45.407] 用户7128 | ✅ 秒杀成功 | 耗时: 1784.67ms
2025/12/13 20:20:53.884775 [20:20:45.407] 用户6353 | ✅ 秒杀成功 | 耗时: 1783.22ms
2025/12/13 20:20:53.884779 [20:20:45.407] 用户7349 | ✅ 秒杀成功 | 耗时: 1785.28ms
2025/12/13 20:20:53.884783 [20:20:45.407] 用户7424 | ✅ 秒杀成功 | 耗时: 1785.28ms
2025/12/13 20:20:53.884787 [20:20:45.407] 用户6622 | ✅ 秒杀成功 | 耗时: 1785.39ms
2025/12/13 20:20:53.884791 [20:20:45.407] 用户6982 | ✅ 秒杀成功 | 耗时: 1784.59ms
2025/12/13 20:20:53.884796 [20:20:45.407] 用户6995 | ✅ 秒杀成功 | 耗时: 1785.40ms
2025/12/13 20:20:53.884800 [20:20:45.408] 用户7125 | ✅ 秒杀成功 | 耗时: 1784.71ms
2025/12/13 20:20:53.884804 [20:20:45.408] 用户7364 | ✅ 秒杀成功 | 耗时: 1784.82ms
2025/12/13 20:20:53.884808 [20:20:45.408] 用户6989 | ✅ 秒杀成功 | 耗时: 1785.07ms
2025/12/13 20:20:53.884812 [20:20:45.408] 用户7129 | ✅ 秒杀成功 | 耗时: 1784.92ms
2025/12/13 20:20:53.884817 [20:20:45.408] 用户6987 | ✅ 秒杀成功 | 耗时: 1784.87ms
2025/12/13 20:20:53.884821 [20:20:45.408] 用户7176 | ✅ 秒杀成功 | 耗时: 1784.21ms
2025/12/13 20:20:53.884825 [20:20:45.408] 用户7074 | ✅ 秒杀成功 | 耗时: 1783.81ms
2025/12/13 20:20:53.884829 [20:20:45.408] 用户7456 | ✅ 秒杀成功 | 耗时: 1786.50ms
2025/12/13 20:20:53.884834 [20:20:45.408] 用户7425 | ✅ 秒杀成功 | 耗时: 1786.07ms
2025/12/13 20:20:53.884838 [20:20:45.408] 用户7356 | ✅ 秒杀成功 | 耗时: 1784.86ms
2025/12/13 20:20:53.884842 [20:20:45.408] 用户6496 | ✅ 秒杀成功 | 耗时: 1785.05ms
2025/12/13 20:20:53.884846 [20:20:45.408] 用户7127 | ✅ 秒杀成功 | 耗时: 1785.01ms
2025/12/13 20:20:53.884850 [20:20:45.408] 用户7363 | ✅ 秒杀成功 | 耗时: 1784.99ms
2025/12/13 20:20:53.884854 [20:20:45.408] 用户7122 | ✅ 秒杀成功 | 耗时: 1784.89ms
2025/12/13 20:20:53.884858 [20:20:45.408] 用户6621 | ✅ 秒杀成功 | 耗时: 1785.70ms
2025/12/13 20:20:53.884862 [20:20:45.408] 用户6993 | ✅ 秒杀成功 | 耗时: 1785.80ms
2025/12/13 20:20:53.884866 [20:20:45.408] 用户7675 | ✅ 秒杀成功 | 耗时: 1789.20ms
2025/12/13 20:20:53.884871 [20:20:45.408] 用户7314 | ✅ 秒杀成功 | 耗时: 1783.75ms
2025/12/13 20:20:53.884875 [20:20:45.408] 用户7368 | ✅ 秒杀成功 | 耗时: 1785.78ms
2025/12/13 20:20:53.884880 [20:20:45.408] 用户6992 | ✅ 秒杀成功 | 耗时: 1785.96ms
2025/12/13 20:20:53.884885 [20:20:45.408] 用户7333 | ✅ 秒杀成功 | 耗时: 1784.67ms
2025/12/13 20:20:53.884890 [20:20:45.408] 用户7001 | ✅ 秒杀成功 | 耗时: 1786.10ms
2025/12/13 20:20:53.884894 [20:20:45.408] 用户6354 | ✅ 秒杀成功 | 耗时: 1783.91ms
2025/12/13 20:20:53.884899 [20:20:45.411] 用户6997 | ✅ 秒杀成功 | 耗时: 1789.27ms
2025/12/13 20:20:53.884903 [20:20:45.415] 用户6095 | ✅ 秒杀成功 | 耗时: 1789.97ms
2025/12/13 20:20:53.884907 [20:20:45.415] 用户6470 | ✅ 秒杀成功 | 耗时: 1789.38ms
2025/12/13 20:20:53.884911 [20:20:45.416] 用户6599 | ✅ 秒杀成功 | 耗时: 1790.17ms
2025/12/13 20:20:53.884915 [20:20:45.416] 用户6971 | ✅ 秒杀成功 | 耗时: 1792.80ms
2025/12/13 20:20:53.884919 [20:20:45.416] 用户6965 | ✅ 秒杀成功 | 耗时: 1790.25ms
2025/12/13 20:20:53.884923 [20:20:45.416] 用户6342 | ✅ 秒杀成功 | 耗时: 1791.57ms
2025/12/13 20:20:53.884927 [20:20:45.416] 用户7795 | ✅ 秒杀成功 | 耗时: 1698.55ms
2025/12/13 20:20:53.884931 [20:20:45.416] 用户7317 | ✅ 秒杀成功 | 耗时: 1791.91ms
2025/12/13 20:20:53.884935 [20:20:45.416] 用户7110 | ✅ 秒杀成功 | 耗时: 1792.90ms
2025/12/13 20:20:53.884939 [20:20:45.416] 用户7088 | ✅ 秒杀成功 | 耗时: 1792.94ms
2025/12/13 20:20:53.884943 [20:20:45.416] 用户8672 | ✅ 秒杀成功 | 耗时: 1704.65ms
2025/12/13 20:20:53.884947 [20:20:45.416] 用户7446 | ✅ 秒杀成功 | 耗时: 1794.69ms
2025/12/13 20:20:53.884951 [20:20:45.416] 用户7343 | ✅ 秒杀成功 | 耗时: 1793.00ms
2025/12/13 20:20:53.884955 [20:20:45.416] 用户6370 | ✅ 秒杀成功 | 耗时: 1793.07ms
2025/12/13 20:20:53.884959 [20:20:45.416] 用户6493 | ✅ 秒杀成功 | 耗时: 1793.04ms
2025/12/13 20:20:53.884963 [20:20:45.418] 用户6966 | ✅ 秒杀成功 | 耗时: 1791.93ms
2025/12/13 20:20:53.884967 [20:20:45.418] 用户7085 | ✅ 秒杀成功 | 耗时: 1794.52ms
2025/12/13 20:20:53.884971 [20:20:45.418] 用户7313 | ✅ 秒杀成功 | 耗时: 1793.45ms
2025/12/13 20:20:53.884975 [20:20:45.418] 用户6695 | ✅ 秒杀成功 | 耗时: 1796.38ms
2025/12/13 20:20:53.884979 [20:20:45.420] 用户6994 | ✅ 秒杀成功 | 耗时: 1797.26ms
2025/12/13 20:20:53.884983 [20:20:45.420] 用户7111 | ✅ 秒杀成功 | 耗时: 1796.51ms
2025/12/13 20:20:53.884987 [20:20:45.420] 用户6874 | ✅ 秒杀成功 | 耗时: 1798.97ms
2025/12/13 20:20:53.884991 [20:20:45.420] 用户7447 | ✅ 秒杀成功 | 耗时: 1798.86ms
2025/12/13 20:20:53.884995 [20:20:45.420] 用户6244 | ✅ 秒杀成功 | 耗时: 1794.82ms
2025/12/13 20:20:53.884999 [20:20:45.425] 用户6595 | ✅ 秒杀成功 | 耗时: 1798.75ms
2025/12/13 20:20:53.885003 [20:20:45.425] 用户6106 | ✅ 秒杀成功 | 耗时: 1799.34ms
2025/12/13 20:20:53.885008 [20:20:45.425] 用户6963 | ✅ 秒杀成功 | 耗时: 1798.79ms
2025/12/13 20:20:53.885012 [20:20:45.425] 用户6105 | ✅ 秒杀成功 | 耗时: 1799.54ms
2025/12/13 20:20:53.885016 [20:20:45.425] 用户6104 | ✅ 秒杀成功 | 耗时: 1799.56ms
2025/12/13 20:20:53.885020 [20:20:45.425] 用户6221 | ✅ 秒杀成功 | 耗时: 1799.19ms
2025/12/13 20:20:53.885024 [20:20:45.425] 用户7035 | ✅ 秒杀成功 | 耗时: 1799.78ms
2025/12/13 20:20:53.885028 [20:20:45.425] 用户6324 | ✅ 秒杀成功 | 耗时: 1800.18ms
2025/12/13 20:20:53.885032 [20:20:45.425] 用户6344 | ✅ 秒杀成功 | 耗时: 1800.47ms
2025/12/13 20:20:53.885037 [20:20:45.425] 用户6215 | ✅ 秒杀成功 | 耗时: 1798.54ms
2025/12/13 20:20:53.885042 [20:20:45.425] 用户6721 | ✅ 秒杀成功 | 耗时: 1800.52ms
2025/12/13 20:20:53.885046 [20:20:45.425] 用户6839 | ✅ 秒杀成功 | 耗时: 1799.52ms
2025/12/13 20:20:53.885050 [20:20:45.425] 用户7041 | ✅ 秒杀成功 | 耗时: 1799.55ms
2025/12/13 20:20:53.885054 [20:20:45.425] 用户6457 | ✅ 秒杀成功 | 耗时: 1798.45ms
2025/12/13 20:20:53.885062 [20:20:45.425] 用户5770 | ✅ 秒杀成功 | 耗时: 1799.51ms
2025/12/13 20:20:53.885067 [20:20:45.425] 用户6594 | ✅ 秒杀成功 | 耗时: 1799.29ms
2025/12/13 20:20:53.885071 [20:20:45.425] 用户6319 | ✅ 秒杀成功 | 耗时: 1798.91ms
2025/12/13 20:20:53.885075 [20:20:45.425] 用户6603 | ✅ 秒杀成功 | 耗时: 1800.08ms
2025/12/13 20:20:53.885079 [20:20:45.425] 用户6331 | ✅ 秒杀成功 | 耗时: 1798.58ms
2025/12/13 20:20:53.885084 [20:20:45.425] 用户6327 | ✅ 秒杀成功 | 耗时: 1799.52ms
2025/12/13 20:20:53.885088 [20:20:45.425] 用户6093 | ✅ 秒杀成功 | 耗时: 1799.83ms
2025/12/13 20:20:53.885092 [20:20:45.425] 用户6465 | ✅ 秒杀成功 | 耗时: 1798.98ms
2025/12/13 20:20:53.885096 [20:20:45.425] 用户7065 | ✅ 秒杀成功 | 耗时: 1801.56ms
2025/12/13 20:20:53.885100 [20:20:45.425] 用户6600 | ✅ 秒杀成功 | 耗时: 1804.55ms
2025/12/13 20:20:53.885104 [20:20:45.425] 用户6723 | ✅ 秒杀成功 | 耗时: 1804.00ms
2025/12/13 20:20:53.885109 [20:20:45.425] 用户7438 | ✅ 秒杀成功 | 耗时: 1803.76ms
2025/12/13 20:20:53.885114 [20:20:45.425] 用户6869 | ✅ 秒杀成功 | 耗时: 1804.07ms
2025/12/13 20:20:53.885119 [20:20:45.425] 用户6734 | ✅ 秒杀成功 | 耗时: 1804.06ms
2025/12/13 20:20:53.885124 [20:20:45.425] 用户6868 | ✅ 秒杀成功 | 耗时: 1804.09ms
2025/12/13 20:20:53.885128 [20:20:45.426] 用户6864 | ✅ 秒杀成功 | 耗时: 1804.06ms
2025/12/13 20:20:53.885133 [20:20:45.426] 用户6886 | ✅ 秒杀成功 | 耗时: 1804.10ms
2025/12/13 20:20:53.885138 [20:20:45.426] 用户6866 | ✅ 秒杀成功 | 耗时: 1804.12ms
2025/12/13 20:20:53.885142 [20:20:45.426] 用户6855 | ✅ 秒杀成功 | 耗时: 1803.84ms
2025/12/13 20:20:53.885146 [20:20:45.450] 用户7385 | ✅ 秒杀成功 | 耗时: 1832.54ms
2025/12/13 20:20:53.885150 [20:20:45.450] 用户6970 | ✅ 秒杀成功 | 耗时: 1826.97ms
2025/12/13 20:20:53.885155 [20:20:45.450] 用户6598 | ✅ 秒杀成功 | 耗时: 1824.27ms
2025/12/13 20:20:53.885160 [20:20:45.450] 用户6838 | ✅ 秒杀成功 | 耗时: 1825.59ms
2025/12/13 20:20:53.885174 [20:20:45.450] 用户6452 | ✅ 秒杀成功 | 耗时: 1823.48ms
2025/12/13 20:20:53.885190 [20:20:45.450] 用户6236 | ✅ 秒杀成功 | 耗时: 1824.81ms
2025/12/13 20:20:53.885197 [20:20:45.450] 用户6365 | ✅ 秒杀成功 | 耗时: 1826.55ms
2025/12/13 20:20:53.885203 [20:20:45.450] 用户7081 | ✅ 秒杀成功 | 耗时: 1826.57ms
2025/12/13 20:20:53.885208 [20:20:45.450] 用户6715 | ✅ 秒杀成功 | 耗时: 1825.67ms
2025/12/13 20:20:53.885212 [20:20:45.450] 用户7325 | ✅ 秒杀成功 | 耗时: 1826.73ms
2025/12/13 20:20:53.885216 [20:20:45.450] 用户6593 | ✅ 秒杀成功 | 耗时: 1824.37ms
2025/12/13 20:20:53.885221 [20:20:45.450] 用户7058 | ✅ 秒杀成功 | 耗时: 1824.88ms
2025/12/13 20:20:53.885227 [20:20:45.450] 用户6618 | ✅ 秒杀成功 | 耗时: 1825.45ms
2025/12/13 20:20:53.885232 [20:20:45.450] 用户6840 | ✅ 秒杀成功 | 耗时: 1825.71ms
2025/12/13 20:20:53.885253 [20:20:45.450] 用户6357 | ✅ 秒杀成功 | 耗时: 1826.10ms
2025/12/13 20:20:53.885261 [20:20:45.450] 用户6313 | ✅ 秒杀成功 | 耗时: 1823.90ms
2025/12/13 20:20:53.885266 [20:20:45.450] 用户6841 | ✅ 秒杀成功 | 耗时: 1825.75ms
2025/12/13 20:20:53.885270 [20:20:45.450] 用户6728 | ✅ 秒杀成功 | 耗时: 1826.03ms
2025/12/13 20:20:53.885275 [20:20:45.450] 用户7310 | ✅ 秒杀成功 | 耗时: 1825.93ms
2025/12/13 20:20:53.885279 [20:20:45.450] 用户6301 | ✅ 秒杀成功 | 耗时: 1823.98ms
2025/12/13 20:20:53.885283 [20:20:45.450] 用户6005 | ✅ 秒杀成功 | 耗时: 1823.81ms
2025/12/13 20:20:53.885288 [20:20:45.450] 用户6476 | ✅ 秒杀成功 | 耗时: 1824.40ms
2025/12/13 20:20:53.885293 [20:20:45.450] 用户1985 | ✅ 秒杀成功 | 耗时: 1770.68ms
2025/12/13 20:20:53.885298 [20:20:45.450] 用户6220 | ✅ 秒杀成功 | 耗时: 1824.31ms
2025/12/13 20:20:53.885303 [20:20:45.450] 用户7307 | ✅ 秒杀成功 | 耗时: 1825.78ms
2025/12/13 20:20:53.885308 [20:20:45.450] 用户6335 | ✅ 秒杀成功 | 耗时: 1825.77ms
2025/12/13 20:20:53.885312 [20:20:45.450] 用户6605 | ✅ 秒杀成功 | 耗时: 1825.24ms
2025/12/13 20:20:53.885317 [20:20:45.450] 用户6837 | ✅ 秒杀成功 | 耗时: 1825.71ms
2025/12/13 20:20:53.885321 [20:20:45.450] 用户7440 | ✅ 秒杀成功 | 耗时: 1828.70ms
2025/12/13 20:20:53.885325 [20:20:45.450] 用户6318 | ✅ 秒杀成功 | 耗时: 1823.96ms
2025/12/13 20:20:53.885329 [20:20:45.450] 用户6007 | ✅ 秒杀成功 | 耗时: 1824.92ms
2025/12/13 20:20:53.885333 [20:20:45.450] 用户6242 | ✅ 秒杀成功 | 耗时: 1825.60ms
2025/12/13 20:20:53.885337 [20:20:45.450] 用户6842 | ✅ 秒杀成功 | 耗时: 1825.84ms
2025/12/13 20:20:53.885341 [20:20:45.450] 用户6725 | ✅ 秒杀成功 | 耗时: 1826.00ms
2025/12/13 20:20:53.885345 [20:20:45.450] 用户6575 | ✅ 秒杀成功 | 耗时: 1824.03ms
2025/12/13 20:20:53.885349 [20:20:45.450] 用户6602 | ✅ 秒杀成功 | 耗时: 1825.19ms
2025/12/13 20:20:53.885353 [20:20:45.450] 用户6958 | ✅ 秒杀成功 | 耗时: 1824.36ms
2025/12/13 20:20:53.885357 [20:20:45.450] 用户6469 | ✅ 秒杀成功 | 耗时: 1824.37ms
2025/12/13 20:20:53.885360 [20:20:45.450] 用户6346 | ✅ 秒杀成功 | 耗时: 1826.00ms
2025/12/13 20:20:53.885364 [20:20:45.450] 用户6471 | ✅ 秒杀成功 | 耗时: 1824.33ms
2025/12/13 20:20:53.885368 [20:20:45.450] 用户6573 | ✅ 秒杀成功 | 耗时: 1824.02ms
2025/12/13 20:20:53.885372 [20:20:45.450] 用户7442 | ✅ 秒杀成功 | 耗时: 1828.74ms
2025/12/13 20:20:53.885376 [20:20:45.450] 用户6217 | ✅ 秒杀成功 | 耗时: 1824.36ms
2025/12/13 20:20:53.885380 [20:20:45.450] 用户6487 | ✅ 秒杀成功 | 耗时: 1827.07ms
2025/12/13 20:20:53.885384 [20:20:45.450] 用户7049 | ✅ 秒杀成功 | 耗时: 1826.12ms
2025/12/13 20:20:53.885388 [20:20:45.450] 用户7936 | ✅ 秒杀成功 | 耗时: 1829.67ms
2025/12/13 20:20:53.885392 [20:20:45.450] 用户7439 | ✅ 秒杀成功 | 耗时: 1828.73ms
2025/12/13 20:20:53.885395 [20:20:45.450] 用户6108 | ✅ 秒杀成功 | 耗时: 1825.12ms
2025/12/13 20:20:53.885399 [20:20:45.450] 用户7433 | ✅ 秒杀成功 | 耗时: 1828.23ms
2025/12/13 20:20:53.885403 [20:20:45.450] 用户7038 | ✅ 秒杀成功 | 耗时: 1825.97ms
2025/12/13 20:20:53.885407 [20:20:45.450] 用户6569 | ✅ 秒杀成功 | 耗时: 1823.66ms
2025/12/13 20:20:53.885411 [20:20:45.450] 用户6631 | ✅ 秒杀成功 | 耗时: 1828.81ms
2025/12/13 20:20:53.885415 [20:20:45.450] 用户7039 | ✅ 秒杀成功 | 耗时: 1828.57ms
2025/12/13 20:20:53.885418 [20:20:45.450] 用户8999 | ✅ 秒杀成功 | 耗时: 1743.55ms
2025/12/13 20:20:53.885422 [20:20:45.450] 用户6627 | ✅ 秒杀成功 | 耗时: 1828.78ms
2025/12/13 20:20:53.885426 [20:20:45.450] 用户7922 | ✅ 秒杀成功 | 耗时: 1732.62ms
2025/12/13 20:20:53.885430 [20:20:45.450] 用户8090 | ✅ 秒杀成功 | 耗时: 1732.29ms
2025/12/13 20:20:53.885434 [20:20:45.450] 用户6846 | ✅ 秒杀成功 | 耗时: 1828.40ms
2025/12/13 20:20:53.885437 [20:20:45.450] 用户6451 | ✅ 秒杀成功 | 耗时: 1823.65ms
2025/12/13 20:20:53.885441 [20:20:45.450] 用户6967 | ✅ 秒杀成功 | 耗时: 1824.80ms
2025/12/13 20:20:53.885445 [20:20:45.450] 用户7298 | ✅ 秒杀成功 | 耗时: 1825.72ms
2025/12/13 20:20:53.885449 [20:20:45.450] 用户7309 | ✅ 秒杀成功 | 耗时: 1825.99ms
2025/12/13 20:20:53.885453 [20:20:45.450] 用户6339 | ✅ 秒杀成功 | 耗时: 1825.87ms
2025/12/13 20:20:53.885457 [20:20:45.450] 用户6859 | ✅ 秒杀成功 | 耗时: 1828.84ms
2025/12/13 20:20:53.885460 [20:20:45.450] 用户7084 | ✅ 秒杀成功 | 耗时: 1826.64ms
2025/12/13 20:20:53.885464 [20:20:45.450] 用户6219 | ✅ 秒杀成功 | 耗时: 1824.47ms
2025/12/13 20:20:53.885468 [20:20:45.450] 用户7034 | ✅ 秒杀成功 | 耗时: 1825.33ms
2025/12/13 20:20:53.885472 [20:20:45.450] 用户7133 | ✅ 秒杀成功 | 耗时: 1827.64ms
2025/12/13 20:20:53.885476 [20:20:45.450] 用户6328 | ✅ 秒杀成功 | 耗时: 1824.83ms
2025/12/13 20:20:53.885480 [20:20:45.450] 用户6502 | ✅ 秒杀成功 | 耗时: 1828.59ms
2025/12/13 20:20:53.885484 [20:20:45.450] 用户7013 | ✅ 秒杀成功 | 耗时: 1833.31ms
2025/12/13 20:20:53.885487 [20:20:45.450] 用户6957 | ✅ 秒杀成功 | 耗时: 1824.44ms
2025/12/13 20:20:53.885491 [20:20:45.450] 用户6332 | ✅ 秒杀成功 | 耗时: 1825.02ms
2025/12/13 20:20:53.885495 [20:20:45.450] 用户7711 | ✅ 秒杀成功 | 耗时: 1832.84ms
2025/12/13 20:20:53.885499 [20:20:45.450] 用户6584 | ✅ 秒杀成功 | 耗时: 1824.37ms
2025/12/13 20:20:53.885503 [20:20:45.450] 用户6343 | ✅ 秒杀成功 | 耗时: 1825.98ms
2025/12/13 20:20:53.885507 [20:20:45.451] 用户6341 | ✅ 秒杀成功 | 耗时: 1825.96ms
2025/12/13 20:20:53.885510 [20:20:45.451] 用户6851 | ✅ 秒杀成功 | 耗时: 1828.58ms
2025/12/13 20:20:53.885514 [20:20:45.451] 用户6006 | ✅ 秒杀成功 | 耗时: 1824.97ms
2025/12/13 20:20:53.885518 [20:20:45.451] 用户6326 | ✅ 秒杀成功 | 耗时: 1824.16ms
2025/12/13 20:20:53.885522 [20:20:45.451] 用户7046 | ✅ 秒杀成功 | 耗时: 1826.08ms
2025/12/13 20:20:53.885528 [20:20:45.451] 用户7033 | ✅ 秒杀成功 | 耗时: 1825.36ms
2025/12/13 20:20:53.885532 [20:20:45.451] 用户7109 | ✅ 秒杀成功 | 耗时: 1827.15ms
2025/12/13 20:20:53.885536 [20:20:45.451] 用户6238 | ✅ 秒杀成功 | 耗时: 1825.04ms
2025/12/13 20:20:53.885539 [20:20:45.451] 用户6494 | ✅ 秒杀成功 | 耗时: 1827.71ms
2025/12/13 20:20:53.885543 [20:20:45.451] 用户6340 | ✅ 秒杀成功 | 耗时: 1825.99ms
2025/12/13 20:20:53.885547 [20:20:45.451] 用户6096 | ✅ 秒杀成功 | 耗时: 1825.12ms
2025/12/13 20:20:53.885551 [20:20:45.451] 用户7032 | ✅ 秒杀成功 | 耗时: 1825.36ms
2025/12/13 20:20:53.885555 [20:20:45.451] 用户6616 | ✅ 秒杀成功 | 耗时: 1824.68ms
2025/12/13 20:20:53.885558 [20:20:45.451] 用户6585 | ✅ 秒杀成功 | 耗时: 1824.57ms
2025/12/13 20:20:53.885562 [20:20:45.451] 用户6458 | ✅ 秒杀成功 | 耗时: 1823.82ms
2025/12/13 20:20:53.885566 [20:20:45.451] 用户6214 | ✅ 秒杀成功 | 耗时: 1824.06ms
2025/12/13 20:20:53.885570 [20:20:45.451] 用户3579 | ✅ 秒杀成功 | 耗时: 1686.59ms
2025/12/13 20:20:53.885574 [20:20:45.451] 用户6350 | ✅ 秒杀成功 | 耗时: 1826.27ms
2025/12/13 20:20:53.885578 [20:20:45.451] 用户6218 | ✅ 秒杀成功 | 耗时: 1824.52ms
2025/12/13 20:20:53.885581 [20:20:45.451] 用户6345 | ✅ 秒杀成功 | 耗时: 1826.03ms
2025/12/13 20:20:53.885585 [20:20:45.451] 用户6235 | ✅ 秒杀成功 | 耗时: 1825.08ms
2025/12/13 20:20:53.885589 [20:20:45.451] 用户7045 | ✅ 秒杀成功 | 耗时: 1825.05ms
2025/12/13 20:20:53.885593 [20:20:45.451] 用户6879 | ✅ 秒杀成功 | 耗时: 1824.54ms
2025/12/13 20:20:53.885598 [20:20:45.451] 用户7040 | ✅ 秒杀成功 | 耗时: 1824.95ms
2025/12/13 20:20:53.885602 [20:20:45.451] 用户6619 | ✅ 秒杀成功 | 耗时: 1825.72ms
2025/12/13 20:20:53.885607 [20:20:45.451] 用户6604 | ✅ 秒杀成功 | 耗时: 1825.40ms
2025/12/13 20:20:53.885612 [20:20:45.451] 用户6972 | ✅ 秒杀成功 | 耗时: 1824.98ms
2025/12/13 20:20:53.885617 [20:20:45.451] 用户6477 | ✅ 秒杀成功 | 耗时: 1824.63ms
2025/12/13 20:20:53.885621 [20:20:45.451] 用户7126 | ✅ 秒杀成功 | 耗时: 1827.73ms
2025/12/13 20:20:53.885625 [20:20:45.451] 用户7303 | ✅ 秒杀成功 | 耗时: 1826.07ms
2025/12/13 20:20:53.885629 [20:20:45.451] 用户6247 | ✅ 秒杀成功 | 耗时: 1826.06ms
2025/12/13 20:20:53.885633 [20:20:45.451] 用户6329 | ✅ 秒杀成功 | 耗时: 1827.15ms
2025/12/13 20:20:53.885637 [20:20:45.451] 用户7305 | ✅ 秒杀成功 | 耗时: 1825.99ms
2025/12/13 20:20:53.885642 [20:20:45.451] 用户7031 | ✅ 秒杀成功 | 耗时: 1825.39ms
2025/12/13 20:20:53.885646 [20:20:45.451] 用户6588 | ✅ 秒杀成功 | 耗时: 1824.37ms
2025/12/13 20:20:53.885651 [20:20:45.451] 用户7068 | ✅ 秒杀成功 | 耗时: 1824.95ms
2025/12/13 20:20:53.885655 [20:20:45.451] 用户7030 | ✅ 秒杀成功 | 耗时: 1825.39ms
2025/12/13 20:20:53.885659 [20:20:45.451] 用户7306 | ✅ 秒杀成功 | 耗时: 1826.04ms
2025/12/13 20:20:53.885663 [20:20:45.451] 用户6586 | ✅ 秒杀成功 | 耗时: 1824.31ms
2025/12/13 20:20:53.885667 [20:20:45.451] 用户6969 | ✅ 秒杀成功 | 耗时: 1824.73ms
2025/12/13 20:20:53.885671 [20:20:45.451] 用户6467 | ✅ 秒杀成功 | 耗时: 1824.32ms
2025/12/13 20:20:53.885675 [20:20:45.451] 用户7072 | ✅ 秒杀成功 | 耗时: 1826.63ms
2025/12/13 20:20:53.885679 [20:20:45.451] 用户6597 | ✅ 秒杀成功 | 耗时: 1824.72ms
2025/12/13 20:20:53.885683 [20:20:45.451] 用户7201 | ✅ 秒杀成功 | 耗时: 1826.03ms
2025/12/13 20:20:53.885687 [20:20:45.451] 用户6227 | ✅ 秒杀成功 | 耗时: 1824.86ms
2025/12/13 20:20:53.885691 [20:20:45.451] 用户7311 | ✅ 秒杀成功 | 耗时: 1826.18ms
2025/12/13 20:20:53.885695 [20:20:45.451] 用户6205 | ✅ 秒杀成功 | 耗时: 1824.59ms
2025/12/13 20:20:53.885699 [20:20:45.451] 用户7061 | ✅ 秒杀成功 | 耗时: 1826.76ms
2025/12/13 20:20:53.885703 [20:20:45.451] 用户6491 | ✅ 秒杀成功 | 耗时: 1827.29ms
2025/12/13 20:20:53.885706 [20:20:45.451] 用户7316 | ✅ 秒杀成功 | 耗时: 1826.59ms
2025/12/13 20:20:53.885710 [20:20:45.451] 用户6698 | ✅ 秒杀成功 | 耗时: 1826.22ms
2025/12/13 20:20:53.885714 [20:20:45.451] 用户6226 | ✅ 秒杀成功 | 耗时: 1825.08ms
2025/12/13 20:20:53.885718 [20:20:45.451] 用户7071 | ✅ 秒杀成功 | 耗时: 1826.64ms
2025/12/13 20:20:53.885722 [20:20:45.451] 用户7323 | ✅ 秒杀成功 | 耗时: 1826.63ms
2025/12/13 20:20:53.885725 [20:20:45.451] 用户7047 | ✅ 秒杀成功 | 耗时: 1826.18ms
2025/12/13 20:20:53.885729 [20:20:45.451] 用户6338 | ✅ 秒杀成功 | 耗时: 1826.04ms
2025/12/13 20:20:53.885733 [20:20:45.451] 用户7073 | ✅ 秒杀成功 | 耗时: 1826.66ms
2025/12/13 20:20:53.885750 [20:20:45.451] 用户7011 | ✅ 秒杀成功 | 耗时: 1829.12ms
2025/12/13 20:20:53.885756 [20:20:45.451] 用户6596 | ✅ 秒杀成功 | 耗时: 1825.01ms
2025/12/13 20:20:53.885760 [20:20:45.451] 用户6223 | ✅ 秒杀成功 | 耗时: 1825.17ms
2025/12/13 20:20:53.885764 [20:20:45.451] 用户6101 | ✅ 秒杀成功 | 耗时: 1825.71ms
2025/12/13 20:20:53.885768 [20:20:45.454] 用户6352 | ✅ 秒杀成功 | 耗时: 1829.65ms
2025/12/13 20:20:53.885772 [20:20:45.454] 用户6474 | ✅ 秒杀成功 | 耗时: 1828.14ms
2025/12/13 20:20:53.885775 [20:20:45.454] 用户6107 | ✅ 秒杀成功 | 耗时: 1828.94ms
2025/12/13 20:20:53.885779 [20:20:45.454] 用户6348 | ✅ 秒杀成功 | 耗时: 1829.80ms
2025/12/13 20:20:53.885783 [20:20:45.454] 用户6196 | ✅ 秒杀成功 | 耗时: 1829.53ms
2025/12/13 20:20:53.885787 [20:20:45.454] 用户6228 | ✅ 秒杀成功 | 耗时: 1828.68ms
2025/12/13 20:20:53.885792 [20:20:45.455] 用户501 | ✅ 秒杀成功 | 耗时: 1771.10ms
2025/12/13 20:20:53.885796 [20:20:45.455] 用户6955 | ✅ 秒杀成功 | 耗时: 1828.74ms
2025/12/13 20:20:53.885801 [20:20:45.455] 用户6468 | ✅ 秒杀成功 | 耗时: 1828.72ms
2025/12/13 20:20:53.885806 [20:20:45.455] 用户6564 | ✅ 秒杀成功 | 耗时: 1828.16ms
2025/12/13 20:20:53.885810 [20:20:45.455] 用户7044 | ✅ 秒杀成功 | 耗时: 1829.31ms
2025/12/13 20:20:53.885815 [20:20:45.455] 用户7053 | ✅ 秒杀成功 | 耗时: 1830.83ms
2025/12/13 20:20:53.885819 [20:20:45.455] 用户6230 | ✅ 秒杀成功 | 耗时: 1830.87ms
2025/12/13 20:20:53.885823 [20:20:45.455] 用户6951 | ✅ 秒杀成功 | 耗时: 1828.77ms
2025/12/13 20:20:53.885827 [20:20:45.455] 用户6949 | ✅ 秒杀成功 | 耗时: 1828.75ms
2025/12/13 20:20:53.885831 [20:20:45.456] 用户10504 | ✅ 秒杀成功 | 耗时: 1844.66ms
2025/12/13 20:20:53.885836 [20:20:45.456] 用户7147 | ✅ 秒杀成功 | 耗时: 1839.87ms
2025/12/13 20:20:53.885840 [20:20:45.456] 用户7118 | ✅ 秒杀成功 | 耗时: 1832.75ms
2025/12/13 20:20:53.885844 [20:20:45.456] 用户7000 | ✅ 秒杀成功 | 耗时: 1833.89ms
2025/12/13 20:20:53.885847 [20:20:45.456] 用户8381 | ✅ 秒杀成功 | 耗时: 1759.89ms
2025/12/13 20:20:53.885851 [20:20:45.459] 用户7152 | ✅ 秒杀成功 | 耗时: 1842.65ms
2025/12/13 20:20:53.885855 [20:20:45.459] 用户6892 | ✅ 秒杀成功 | 耗时: 1838.21ms
2025/12/13 20:20:53.885862 [20:20:45.459] 用户6876 | ✅ 秒杀成功 | 耗时: 1837.54ms
2025/12/13 20:20:53.885865 [20:20:45.459] 用户10120 | ✅ 秒杀成功 | 耗时: 1845.08ms
2025/12/13 20:20:53.885869 [20:20:45.459] 用户10011 | ✅ 秒杀成功 | 耗时: 1847.85ms
2025/12/13 20:20:53.885873 [20:20:45.462] 用户6336 | ✅ 秒杀成功 | 耗时: 1837.74ms
2025/12/13 20:20:53.885877 [20:20:45.462] 用户7082 | ✅ 秒杀成功 | 耗时: 1839.41ms
2025/12/13 20:20:53.885881 [20:20:45.462] 用户6320 | ✅ 秒杀成功 | 耗时: 1836.23ms
2025/12/13 20:20:53.885884 [20:20:45.508] 用户6950 | ✅ 秒杀成功 | 耗时: 1881.90ms
2025/12/13 20:20:53.885888 [20:20:45.508] 用户7445 | ✅ 秒杀成功 | 耗时: 1886.73ms
2025/12/13 20:20:53.885892 [20:20:45.508] 用户6587 | ✅ 秒杀成功 | 耗时: 1881.90ms
2025/12/13 20:20:53.885896 [20:20:45.508] 用户6960 | ✅ 秒杀成功 | 耗时: 1882.19ms
2025/12/13 20:20:53.885899 [20:20:45.508] 用户7024 | ✅ 秒杀成功 | 耗时: 1881.33ms
2025/12/13 20:20:53.885903 [20:20:45.508] 用户6461 | ✅ 秒杀成功 | 耗时: 1881.46ms
2025/12/13 20:20:53.885907 [20:20:45.508] 用户6620 | ✅ 秒杀成功 | 耗时: 1883.43ms
2025/12/13 20:20:53.885911 [20:20:45.508] 用户7048 | ✅ 秒杀成功 | 耗时: 1883.76ms
2025/12/13 20:20:53.885916 [20:20:45.508] 用户6311 | ✅ 秒杀成功 | 耗时: 1881.76ms
2025/12/13 20:20:53.885921 [20:20:45.508] 用户6964 | ✅ 秒杀成功 | 耗时: 1882.25ms
2025/12/13 20:20:53.885925 [20:20:45.508] 用户6962 | ✅ 秒杀成功 | 耗时: 1882.27ms
2025/12/13 20:20:53.885930 [20:20:45.509] 用户6077 | ✅ 秒杀成功 | 耗时: 1883.00ms
2025/12/13 20:20:53.885934 [20:20:45.509] 用户6983 | ✅ 秒杀成功 | 耗时: 1885.65ms
2025/12/13 20:20:53.885938 [20:20:45.509] 用户6959 | ✅ 秒杀成功 | 耗时: 1882.76ms
2025/12/13 20:20:53.885942 [20:20:45.509] 用户6321 | ✅ 秒杀成功 | 耗时: 1882.50ms
2025/12/13 20:20:53.885946 [20:20:45.509] 用户6371 | ✅ 秒杀成功 | 耗时: 1882.83ms
2025/12/13 20:20:53.885950 [20:20:45.509] 用户6576 | ✅ 秒杀成功 | 耗时: 1882.41ms
2025/12/13 20:20:53.885953 [20:20:45.509] 用户6475 | ✅ 秒杀成功 | 耗时: 1882.79ms
2025/12/13 20:20:53.885957 [20:20:45.509] 用户6577 | ✅ 秒杀成功 | 耗时: 1882.26ms
2025/12/13 20:20:53.885961 [20:20:45.509] 用户7107 | ✅ 秒杀成功 | 耗时: 1885.38ms
2025/12/13 20:20:53.885965 [20:20:45.509] 用户7321 | ✅ 秒杀成功 | 耗时: 1885.21ms
2025/12/13 20:20:53.885970 [20:20:45.509] 用户7329 | ✅ 秒杀成功 | 耗时: 1885.37ms
2025/12/13 20:20:53.885974 [20:20:45.509] 用户6579 | ✅ 秒杀成功 | 耗时: 1882.22ms
2025/12/13 20:20:53.885981 [20:20:45.509] 用户6490 | ✅ 秒杀成功 | 耗时: 1885.55ms
2025/12/13 20:20:53.885985 [20:20:45.509] 用户9802 | ✅ 秒杀成功 | 耗时: 1800.64ms
2025/12/13 20:20:53.885989 [20:20:45.509] 用户7328 | ✅ 秒杀成功 | 耗时: 1885.30ms
2025/12/13 20:20:53.885993 [20:20:45.509] 用户7079 | ✅ 秒杀成功 | 耗时: 1884.94ms
2025/12/13 20:20:53.885997 [20:20:45.509] 用户7087 | ✅ 秒杀成功 | 耗时: 1885.03ms
2025/12/13 20:20:53.886002 [20:20:45.509] 用户6980 | ✅ 秒杀成功 | 耗时: 1885.80ms
2025/12/13 20:20:53.886007 [20:20:45.509] 用户6349 | ✅ 秒杀成功 | 耗时: 1884.54ms
2025/12/13 20:20:53.886011 [20:20:45.509] 用户6991 | ✅ 秒杀成功 | 耗时: 1886.43ms
2025/12/13 20:20:53.886016 [20:20:45.509] 用户6986 | ✅ 秒杀成功 | 耗时: 1886.14ms
2025/12/13 20:20:53.886020 [20:20:45.509] 用户7067 | ✅ 秒杀成功 | 耗时: 1885.05ms
2025/12/13 20:20:53.886024 [20:20:45.509] 用户7350 | ✅ 秒杀成功 | 耗时: 1885.63ms
2025/12/13 20:20:53.886028 [20:20:45.509] 用户6834 | ✅ 秒杀成功 | 耗时: 1882.05ms
2025/12/13 20:20:53.886032 [20:20:45.509] 用户6952 | ✅ 秒杀成功 | 耗时: 1882.74ms
2025/12/13 20:20:53.886035 [20:20:45.509] 用户6237 | ✅ 秒杀成功 | 耗时: 1883.44ms
2025/12/13 20:20:53.886039 [20:20:45.509] 用户6948 | ✅ 秒杀成功 | 耗时: 1882.63ms
2025/12/13 20:20:53.886043 [20:20:45.509] 用户6567 | ✅ 秒杀成功 | 耗时: 1882.00ms
2025/12/13 20:20:53.886047 [20:20:45.509] 用户6559 | ✅ 秒杀成功 | 耗时: 1881.92ms
2025/12/13 20:20:53.886050 [20:20:45.509] 用户7078 | ✅ 秒杀成功 | 耗时: 1885.05ms
2025/12/13 20:20:53.886054 [20:20:45.509] 用户7090 | ✅ 秒杀成功 | 耗时: 1885.07ms
2025/12/13 20:20:53.886058 [20:20:45.509] 用户6632 | ✅ 秒杀成功 | 耗时: 1887.33ms
2025/12/13 20:20:53.886062 [20:20:45.509] 用户6449 | ✅ 秒杀成功 | 耗时: 1881.95ms
2025/12/13 20:20:53.886066 [20:20:45.509] 用户6568 | ✅ 秒杀成功 | 耗时: 1882.13ms
2025/12/13 20:20:53.886070 [20:20:45.509] 用户6456 | ✅ 秒杀成功 | 耗时: 1882.20ms
2025/12/13 20:20:53.886073 [20:20:45.509] 用户6571 | ✅ 秒杀成功 | 耗时: 1882.30ms
2025/12/13 20:20:53.886077 [20:20:45.509] 用户6572 | ✅ 秒杀成功 | 耗时: 1882.07ms
2025/12/13 20:20:53.886081 [20:20:45.509] 用户6566 | ✅ 秒杀成功 | 耗时: 1881.95ms
2025/12/13 20:20:53.886085 [20:20:45.509] 用户7051 | ✅ 秒杀成功 | 耗时: 1884.86ms
2025/12/13 20:20:53.886089 [20:20:45.509] 用户6563 | ✅ 秒杀成功 | 耗时: 1882.81ms
2025/12/13 20:20:53.886093 [20:20:45.509] 用户7336 | ✅ 秒杀成功 | 耗时: 1885.56ms
2025/12/13 20:20:53.886098 [20:20:45.509] 用户6466 | ✅ 秒杀成功 | 耗时: 1882.66ms
2025/12/13 20:20:53.886103 [20:20:45.509] 用户7027 | ✅ 秒杀成功 | 耗时: 1882.23ms
2025/12/13 20:20:53.886107 [20:20:45.509] 用户7135 | ✅ 秒杀成功 | 耗时: 1889.26ms
2025/12/13 20:20:53.886112 [20:20:45.509] 用户6835 | ✅ 秒杀成功 | 耗时: 1882.35ms
2025/12/13 20:20:53.886116 [20:20:45.509] 用户6204 | ✅ 秒杀成功 | 耗时: 1882.79ms
2025/12/13 20:20:53.886121 [20:20:45.510] 用户7427 | ✅ 秒杀成功 | 耗时: 1888.14ms
2025/12/13 20:20:53.886126 [20:20:45.510] 用户6117 | ✅ 秒杀成功 | 耗时: 1884.58ms
2025/12/13 20:20:53.886130 [20:20:45.510] 用户6450 | ✅ 秒杀成功 | 耗时: 1883.06ms
2025/12/13 20:20:53.886135 [20:20:45.510] 用户7953 | ✅ 秒杀成功 | 耗时: 1889.89ms
2025/12/13 20:20:53.886139 [20:20:45.511] 用户6454 | ✅ 秒杀成功 | 耗时: 1884.01ms
2025/12/13 20:20:53.886144 [20:20:45.513] 用户7005 | ✅ 秒杀成功 | 耗时: 1890.61ms
2025/12/13 20:20:53.886148 [20:20:45.513] 用户7340 | ✅ 秒杀成功 | 耗时: 1889.41ms
2025/12/13 20:20:53.886153 [20:20:45.541] 用户6364 | ✅ 秒杀成功 | 耗时: 1916.59ms
2025/12/13 20:20:53.886158 [20:20:45.541] 用户6861 | ✅ 秒杀成功 | 耗时: 1918.97ms
2025/12/13 20:20:53.886162 [20:20:45.541] 用户6296 | ✅ 秒杀成功 | 耗时: 1912.85ms
2025/12/13 20:20:53.886167 [20:20:45.541] 用户6956 | ✅ 秒杀成功 | 耗时: 1915.15ms
2025/12/13 20:20:53.886171 [20:20:45.554] 用户6536 | ✅ 秒杀成功 | 耗时: 1925.81ms
2025/12/13 20:20:53.886176 [20:20:45.558] 用户6541 | ✅ 秒杀成功 | 耗时: 1930.34ms
2025/12/13 20:20:53.886180 [20:20:45.558] 用户6147 | ✅ 秒杀成功 | 耗时: 1929.18ms
2025/12/13 20:20:53.886185 [20:20:45.558] 用户6315 | ✅ 秒杀成功 | 耗时: 1931.54ms
2025/12/13 20:20:53.886190 [20:20:45.558] 用户6484 | ✅ 秒杀成功 | 耗时: 1934.71ms
2025/12/13 20:20:53.886194 [20:20:45.558] 用户7012 | ✅ 秒杀成功 | 耗时: 1936.68ms
2025/12/13 20:20:53.886199 [20:20:45.558] 用户6109 | ✅ 秒杀成功 | 耗时: 1933.15ms
2025/12/13 20:20:53.886204 [20:20:45.558] 用户8098 | ✅ 秒杀成功 | 耗时: 1840.38ms
2025/12/13 20:20:53.886208 [20:20:45.559] 用户6833 | ✅ 秒杀成功 | 耗时: 1931.94ms
2025/12/13 20:20:53.886213 [20:20:45.559] 用户6510 | ✅ 秒杀成功 | 耗时: 1931.73ms
2025/12/13 20:20:53.886217 [20:20:45.559] 用户6845 | ✅ 秒杀成功 | 耗时: 1937.06ms
2025/12/13 20:20:53.886222 [20:20:45.559] 用户6281 | ✅ 秒杀成功 | 耗时: 1930.33ms
2025/12/13 20:20:53.886227 [20:20:45.560] 用户6486 | ✅ 秒杀成功 | 耗时: 1936.28ms
2025/12/13 20:20:53.886231 [20:20:45.560] 用户6828 | ✅ 秒杀成功 | 耗时: 1931.74ms
2025/12/13 20:20:53.886236 [20:20:45.564] 用户6830 | ✅ 秒杀成功 | 耗时: 1935.80ms
2025/12/13 20:20:53.886240 [20:20:45.564] 用户6533 | ✅ 秒杀成功 | 耗时: 1935.55ms
2025/12/13 20:20:53.886243 [20:20:45.564] 用户6430 | ✅ 秒杀成功 | 耗时: 1935.62ms
2025/12/13 20:20:53.886248 [20:20:45.564] 用户6448 | ✅ 秒杀成功 | 耗时: 1936.75ms
2025/12/13 20:20:53.886252 [20:20:45.564] 用户6561 | ✅ 秒杀成功 | 耗时: 1936.88ms
2025/12/13 20:20:53.886257 [20:20:45.564] 用户6814 | ✅ 秒杀成功 | 耗时: 1935.65ms
2025/12/13 20:20:53.886261 [20:20:45.564] 用户7023 | ✅ 秒杀成功 | 耗时: 1935.95ms
2025/12/13 20:20:53.886266 [20:20:45.564] 用户6815 | ✅ 秒杀成功 | 耗时: 1935.82ms
2025/12/13 20:20:53.886271 [20:20:45.564] 用户6534 | ✅ 秒杀成功 | 耗时: 1935.76ms
2025/12/13 20:20:53.886275 [20:20:45.564] 用户6832 | ✅ 秒杀成功 | 耗时: 1936.15ms
2025/12/13 20:20:53.886278 [20:20:45.564] 用户6444 | ✅ 秒杀成功 | 耗时: 1936.19ms
2025/12/13 20:20:53.886282 [20:20:45.564] 用户6614 | ✅ 秒杀成功 | 耗时: 1943.27ms
2025/12/13 20:20:53.886286 [20:20:45.564] 用户7059 | ✅ 秒杀成功 | 耗时: 1938.68ms
2025/12/13 20:20:53.886290 [20:20:45.564] 用户6286 | ✅ 秒杀成功 | 耗时: 1935.27ms
2025/12/13 20:20:53.886294 [20:20:45.564] 用户6419 | ✅ 秒杀成功 | 耗时: 1935.01ms
2025/12/13 20:20:53.886299 [20:20:45.564] 用户6532 | ✅ 秒杀成功 | 耗时: 1935.83ms
2025/12/13 20:20:53.886303 [20:20:45.564] 用户6831 | ✅ 秒杀成功 | 耗时: 1936.19ms
2025/12/13 20:20:53.886308 [20:20:45.564] 用户7683 | ✅ 秒杀成功 | 耗时: 1945.33ms
2025/12/13 20:20:53.886312 [20:20:45.564] 用户6826 | ✅ 秒杀成功 | 耗时: 1936.02ms
2025/12/13 20:20:53.886316 [20:20:45.564] 用户6439 | ✅ 秒杀成功 | 耗时: 1936.15ms
2025/12/13 20:20:53.886320 [20:20:45.564] 用户6447 | ✅ 秒杀成功 | 耗时: 1937.05ms
2025/12/13 20:20:53.886324 [20:20:45.564] 用户6443 | ✅ 秒杀成功 | 耗时: 1936.25ms
2025/12/13 20:20:53.886329 [20:20:45.564] 用户6827 | ✅ 秒杀成功 | 耗时: 1936.14ms
2025/12/13 20:20:53.886334 [20:20:45.564] 用户6539 | ✅ 秒杀成功 | 耗时: 1935.96ms
2025/12/13 20:20:53.886338 [20:20:45.564] 用户6442 | ✅ 秒杀成功 | 耗时: 1936.14ms
2025/12/13 20:20:53.886342 [20:20:45.564] 用户6562 | ✅ 秒杀成功 | 耗时: 1937.12ms
2025/12/13 20:20:53.886347 [20:20:45.564] 用户6297 | ✅ 秒杀成功 | 耗时: 1936.49ms
2025/12/13 20:20:53.886351 [20:20:45.564] 用户6436 | ✅ 秒杀成功 | 耗时: 1936.13ms
2025/12/13 20:20:53.886356 [20:20:45.564] 用户6401 | ✅ 秒杀成功 | 耗时: 1935.02ms
2025/12/13 20:20:53.886360 [20:20:45.564] 用户7050 | ✅ 秒杀成功 | 耗时: 1939.75ms
2025/12/13 20:20:53.886363 [20:20:45.565] 用户6306 | ✅ 秒杀成功 | 耗时: 1937.34ms
2025/12/13 20:20:53.886367 [20:20:45.567] 用户6939 | ✅ 秒杀成功 | 耗时: 1938.36ms
2025/12/13 20:20:53.886371 [20:20:45.568] 用户6295 | ✅ 秒杀成功 | 耗时: 1939.76ms
2025/12/13 20:20:53.886375 [20:20:45.568] 用户6478 | ✅ 秒杀成功 | 耗时: 1942.17ms
2025/12/13 20:20:53.886379 [20:20:45.569] 用户6435 | ✅ 秒杀成功 | 耗时: 1940.77ms
2025/12/13 20:20:53.886382 [20:20:45.569] 用户6809 | ✅ 秒杀成功 | 耗时: 1940.55ms
2025/12/13 20:20:53.886386 [20:20:45.569] 用户6211 | ✅ 秒杀成功 | 耗时: 1939.93ms
2025/12/13 20:20:53.886390 [20:20:45.569] 用户6420 | ✅ 秒杀成功 | 耗时: 1939.93ms
2025/12/13 20:20:53.886393 [20:20:45.569] 用户6601 | ✅ 秒杀成功 | 耗时: 1943.77ms
2025/12/13 20:20:53.886397 [20:20:45.569] 用户6076 | ✅ 秒杀成功 | 耗时: 1943.43ms
2025/12/13 20:20:53.886401 [20:20:45.569] 用户6608 | ✅ 秒杀成功 | 耗时: 1943.49ms
2025/12/13 20:20:53.886404 [20:20:45.569] 用户6224 | ✅ 秒杀成功 | 耗时: 1943.78ms
2025/12/13 20:20:53.886408 [20:20:45.569] 用户6222 | ✅ 秒杀成功 | 耗时: 1943.68ms
2025/12/13 20:20:53.886412 [20:20:45.569] 用户7060 | ✅ 秒杀成功 | 耗时: 1944.19ms
2025/12/13 20:20:53.886416 [20:20:45.569] 用户6239 | ✅ 秒杀成功 | 耗时: 1944.04ms
2025/12/13 20:20:53.886419 [20:20:45.569] 用户6570 | ✅ 秒杀成功 | 耗时: 1942.59ms
2025/12/13 20:20:53.886423 [20:20:45.570] 用户6943 | ✅ 秒杀成功 | 耗时: 1941.93ms
2025/12/13 20:20:53.886427 [20:20:45.570] 用户6333 | ✅ 秒杀成功 | 耗时: 1944.92ms
2025/12/13 20:20:53.886431 [20:20:45.570] 用户6538 | ✅ 秒杀成功 | 耗时: 1941.92ms
2025/12/13 20:20:53.886434 [20:20:45.570] 用户6445 | ✅ 秒杀成功 | 耗时: 1941.72ms
2025/12/13 20:20:53.886438 [20:20:45.570] 用户6515 | ✅ 秒杀成功 | 耗时: 1939.59ms
2025/12/13 20:20:53.886442 [20:20:45.570] 用户6535 | ✅ 秒杀成功 | 耗时: 1941.52ms
2025/12/13 20:20:53.886446 [20:20:45.570] 用户6234 | ✅ 秒杀成功 | 耗时: 1944.28ms
2025/12/13 20:20:53.886449 [20:20:45.570] 用户150 | ✅ 秒杀成功 | 耗时: 1850.69ms
2025/12/13 20:20:53.886453 [20:20:45.570] 用户6216 | ✅ 秒杀成功 | 耗时: 1940.76ms
2025/12/13 20:20:53.886457 [20:20:45.570] 用户6434 | ✅ 秒杀成功 | 耗时: 1941.74ms
2025/12/13 20:20:53.886461 [20:20:45.570] 用户6537 | ✅ 秒杀成功 | 耗时: 1941.64ms
2025/12/13 20:20:53.886464 [20:20:45.570] 用户6825 | ✅ 秒杀成功 | 耗时: 1941.79ms
2025/12/13 20:20:53.886468 [20:20:45.570] 用户6531 | ✅ 秒杀成功 | 耗时: 1941.59ms
2025/12/13 20:20:53.886472 [20:20:45.570] 用户7043 | ✅ 秒杀成功 | 耗时: 1944.48ms
2025/12/13 20:20:53.886476 [20:20:45.570] 用户6110 | ✅ 秒杀成功 | 耗时: 1944.74ms
2025/12/13 20:20:53.886479 [20:20:45.570] 用户6724 | ✅ 秒杀成功 | 耗时: 1945.62ms
2025/12/13 20:20:53.886483 [20:20:45.570] 用户6079 | ✅ 秒杀成功 | 耗时: 1944.76ms
2025/12/13 20:20:53.886487 [20:20:45.570] 用户524 | ✅ 秒杀成功 | 耗时: 1886.80ms
2025/12/13 20:20:53.886490 [20:20:45.571] 用户8069 | ✅ 秒杀成功 | 耗时: 1852.34ms
2025/12/13 20:20:53.886494 [20:20:45.571] 用户7028 | ✅ 秒杀成功 | 耗时: 1943.94ms
2025/12/13 20:20:53.886498 [20:20:45.571] 用户6098 | ✅ 秒杀成功 | 耗时: 1945.36ms
2025/12/13 20:20:53.886502 [20:20:45.571] 用户6099 | ✅ 秒杀成功 | 耗时: 1945.37ms
2025/12/13 20:20:53.886505 [20:20:45.571] 用户7312 | ✅ 秒杀成功 | 耗时: 1946.52ms
2025/12/13 20:20:53.886509 [20:20:45.571] 用户8358 | ✅ 秒杀成功 | 耗时: 1852.58ms
2025/12/13 20:20:53.886513 [20:20:45.571] 用户6323 | ✅ 秒杀成功 | 耗时: 1946.25ms
2025/12/13 20:20:53.886517 [20:20:45.571] 用户6540 | ✅ 秒杀成功 | 耗时: 1943.30ms
2025/12/13 20:20:53.886520 [20:20:45.571] 用户6243 | ✅ 秒杀成功 | 耗时: 1946.32ms
2025/12/13 20:20:53.886524 [20:20:45.571] 用户7302 | ✅ 秒杀成功 | 耗时: 1946.30ms
2025/12/13 20:20:53.886528 [20:20:45.571] 用户6097 | ✅ 秒杀成功 | 耗时: 1945.62ms
2025/12/13 20:20:53.886531 [20:20:45.571] 用户6820 | ✅ 秒杀成功 | 耗时: 1942.91ms
2025/12/13 20:20:53.886535 [20:20:45.571] 用户6578 | ✅ 秒杀成功 | 耗时: 1944.44ms
2025/12/13 20:20:53.886539 [20:20:45.571] 用户7029 | ✅ 秒杀成功 | 耗时: 1944.48ms
2025/12/13 20:20:53.886543 [20:20:45.571] 用户6580 | ✅ 秒杀成功 | 耗时: 1944.54ms
2025/12/13 20:20:53.886546 [20:20:45.571] 用户6829 | ✅ 秒杀成功 | 耗时: 1943.35ms
2025/12/13 20:20:53.886550 [20:20:45.571] 用户7777 | ✅ 秒杀成功 | 耗时: 1853.06ms
2025/12/13 20:20:53.886554 [20:20:45.571] 用户6924 | ✅ 秒杀成功 | 耗时: 1942.63ms
2025/12/13 20:20:53.886557 [20:20:45.571] 用户6722 | ✅ 秒杀成功 | 耗时: 1942.60ms
2025/12/13 20:20:53.886561 [20:20:45.571] 用户6003 | ✅ 秒杀成功 | 耗时: 1942.55ms
2025/12/13 20:20:53.886565 [20:20:45.572] 用户6229 | ✅ 秒杀成功 | 耗时: 1946.05ms
2025/12/13 20:20:53.886569 [20:20:45.572] 用户3298 | ✅ 秒杀成功 | 耗时: 1888.50ms
2025/12/13 20:20:53.886572 [20:20:45.572] 用户6404 | ✅ 秒杀成功 | 耗时: 1943.08ms
2025/12/13 20:20:53.886576 [20:20:45.572] 用户6821 | ✅ 秒杀成功 | 耗时: 1944.11ms
2025/12/13 20:20:53.886580 [20:20:45.575] 用户7957 | ✅ 秒杀成功 | 耗时: 1955.30ms
2025/12/13 20:20:53.886583 [20:20:45.575] 用户6001 | ✅ 秒杀成功 | 耗时: 1945.97ms
2025/12/13 20:20:53.886600 [20:20:45.575] 用户6797 | ✅ 秒杀成功 | 耗时: 1946.38ms
2025/12/13 20:20:53.886606 [20:20:45.575] 用户6284 | ✅ 秒杀成功 | 耗时: 1946.19ms
2025/12/13 20:20:53.886610 [20:20:45.591] 用户6811 | ✅ 秒杀成功 | 耗时: 1962.48ms
2025/12/13 20:20:53.886613 [20:20:45.591] 用户6802 | ✅ 秒杀成功 | 耗时: 1962.36ms
2025/12/13 20:20:53.886617 [20:20:45.591] 用户6942 | ✅ 秒杀成功 | 耗时: 1963.18ms
2025/12/13 20:20:53.886621 [20:20:45.591] 用户6057 | ✅ 秒杀成功 | 耗时: 1965.16ms
2025/12/13 20:20:53.886625 [20:20:45.591] 用户9199 | ✅ 秒杀成功 | 耗时: 1888.03ms
2025/12/13 20:20:53.886628 [20:20:45.591] 用户10502 | ✅ 秒杀成功 | 耗时: 1887.96ms
2025/12/13 20:20:53.886632 [20:20:45.591] 用户7036 | ✅ 秒杀成功 | 耗时: 1966.46ms
2025/12/13 20:20:53.886636 [20:20:45.591] 用户6213 | ✅ 秒杀成功 | 耗时: 1964.44ms
2025/12/13 20:20:53.886639 [20:20:45.591] 用户6817 | ✅ 秒杀成功 | 耗时: 1962.81ms
2025/12/13 20:20:53.886643 [20:20:45.591] 用户6429 | ✅ 秒杀成功 | 耗时: 1962.40ms
2025/12/13 20:20:53.886647 [20:20:45.591] 用户6102 | ✅ 秒杀成功 | 耗时: 1965.73ms
2025/12/13 20:20:53.886651 [20:20:45.591] 用户6000 | ✅ 秒杀成功 | 耗时: 1962.05ms
2025/12/13 20:20:53.886654 [20:20:45.591] 用户1372 | ✅ 秒杀成功 | 耗时: 1907.93ms
2025/12/13 20:20:53.886658 [20:20:45.591] 用户6431 | ✅ 秒杀成功 | 耗时: 1962.97ms
2025/12/13 20:20:53.886662 [20:20:45.591] 用户8081 | ✅ 秒杀成功 | 耗时: 1872.96ms
2025/12/13 20:20:53.886666 [20:20:45.591] 用户6925 | ✅ 秒杀成功 | 耗时: 1962.23ms
2025/12/13 20:20:53.886669 [20:20:45.591] 用户5708 | ✅ 秒杀成功 | 耗时: 1959.81ms
2025/12/13 20:20:53.886673 [20:20:45.591] 用户6823 | ✅ 秒杀成功 | 耗时: 1963.09ms
2025/12/13 20:20:53.886677 [20:20:45.591] 用户6915 | ✅ 秒杀成功 | 耗时: 1961.55ms
2025/12/13 20:20:53.886680 [20:20:45.591] 用户8997 | ✅ 秒杀成功 | 耗时: 1884.26ms
2025/12/13 20:20:53.886684 [20:20:45.591] 用户5709 | ✅ 秒杀成功 | 耗时: 1959.83ms
2025/12/13 20:20:53.886688 [20:20:45.591] 用户6274 | ✅ 秒杀成功 | 耗时: 1962.05ms
2025/12/13 20:20:53.886692 [20:20:45.591] 用户7494 | ✅ 秒杀成功 | 耗时: 1975.02ms
2025/12/13 20:20:53.886695 [20:20:45.591] 用户8354 | ✅ 秒杀成功 | 耗时: 1872.91ms
2025/12/13 20:20:53.886699 [20:20:45.591] 用户6062 | ✅ 秒杀成功 | 耗时: 1965.56ms
2025/12/13 20:20:53.886703 [20:20:45.591] 用户5987 | ✅ 秒杀成功 | 耗时: 1961.49ms
2025/12/13 20:20:53.886706 [20:20:45.591] 用户6558 | ✅ 秒杀成功 | 耗时: 1964.14ms
2025/12/13 20:20:53.886710 [20:20:45.591] 用户6415 | ✅ 秒杀成功 | 耗时: 1962.08ms
2025/12/13 20:20:53.886714 [20:20:45.591] 用户6522 | ✅ 秒杀成功 | 耗时: 1962.72ms
2025/12/13 20:20:53.886718 [20:20:45.591] 用户5582 | ✅ 秒杀成功 | 耗时: 1959.94ms
2025/12/13 20:20:53.886722 [20:20:45.591] 用户6551 | ✅ 秒杀成功 | 耗时: 1964.57ms
2025/12/13 20:20:53.886725 [20:20:45.591] 用户5842 | ✅ 秒杀成功 | 耗时: 1961.66ms
2025/12/13 20:20:53.886729 [20:20:45.591] 用户6090 | ✅ 秒杀成功 | 耗时: 1965.57ms
2025/12/13 20:20:53.886733 [20:20:45.591] 用户6913 | ✅ 秒杀成功 | 耗时: 1961.62ms
2025/12/13 20:20:53.886739 [20:20:45.591] 用户967 | ✅ 秒杀成功 | 耗时: 1891.13ms
2025/12/13 20:20:53.886743 [20:20:45.591] 用户6394 | ✅ 秒杀成功 | 耗时: 1961.51ms
2025/12/13 20:20:53.886748 [20:20:45.591] 用户6917 | ✅ 秒杀成功 | 耗时: 1961.76ms
2025/12/13 20:20:53.886753 [20:20:45.591] 用户6271 | ✅ 秒杀成功 | 耗时: 1961.92ms
2025/12/13 20:20:53.886764 [20:20:45.591] 用户5988 | ✅ 秒杀成功 | 耗时: 1961.56ms
2025/12/13 20:20:53.886770 [20:20:45.591] 用户5844 | ✅ 秒杀成功 | 耗时: 1962.10ms
2025/12/13 20:20:53.886775 [20:20:45.591] 用户6928 | ✅ 秒杀成功 | 耗时: 1962.42ms
2025/12/13 20:20:53.886780 [20:20:45.591] 用户5945 | ✅ 秒杀成功 | 耗时: 1961.53ms
2025/12/13 20:20:53.886785 [20:20:45.591] 用户6272 | ✅ 秒杀成功 | 耗时: 1962.11ms
2025/12/13 20:20:53.886792 [20:20:45.591] 用户5610 | ✅ 秒杀成功 | 耗时: 1959.99ms
2025/12/13 20:20:53.886798 [20:20:45.591] 用户6193 | ✅ 秒杀成功 | 耗时: 1960.62ms
2025/12/13 20:20:53.886804 [20:20:45.591] 用户6801 | ✅ 秒杀成功 | 耗时: 1962.93ms
2025/12/13 20:20:53.886810 [20:20:45.592] 用户5999 | ✅ 秒杀成功 | 耗时: 1963.06ms
2025/12/13 20:20:53.886815 [20:20:45.592] 用户6799 | ✅ 秒杀成功 | 耗时: 1963.60ms
2025/12/13 20:20:53.886821 [20:20:45.601] 用户6100 | ✅ 秒杀成功 | 耗时: 1975.15ms
2025/12/13 20:20:53.886827 [20:20:45.601] 用户6930 | ✅ 秒杀成功 | 耗时: 1972.36ms
2025/12/13 20:20:53.886833 [20:20:45.601] 用户6269 | ✅ 秒杀成功 | 耗时: 1971.53ms
2025/12/13 20:20:53.886839 [20:20:45.601] 用户6824 | ✅ 秒杀成功 | 耗时: 1973.21ms
2025/12/13 20:20:53.886845 [20:20:45.601] 用户6399 | ✅ 秒杀成功 | 耗时: 1972.13ms
2025/12/13 20:20:53.886851 [20:20:45.601] 用户6050 | ✅ 秒杀成功 | 耗时: 1970.11ms
2025/12/13 20:20:53.886856 [20:20:45.601] 用户9541 | ✅ 秒杀成功 | 耗时: 1903.12ms
2025/12/13 20:20:53.886861 [20:20:45.601] 用户7296 | ✅ 秒杀成功 | 耗时: 1976.52ms
2025/12/13 20:20:53.886865 [20:20:45.601] 用户6432 | ✅ 秒杀成功 | 耗时: 1973.18ms
2025/12/13 20:20:53.886870 [20:20:45.601] 用户5946 | ✅ 秒杀成功 | 耗时: 1972.00ms
2025/12/13 20:20:53.886875 [20:20:45.601] 用户6268 | ✅ 秒杀成功 | 耗时: 1971.09ms
2025/12/13 20:20:53.886884 [20:20:45.601] 用户5578 | ✅ 秒杀成功 | 耗时: 1969.77ms
2025/12/13 20:20:53.886889 [20:20:45.601] 用户6806 | ✅ 秒杀成功 | 耗时: 1973.09ms
2025/12/13 20:20:53.886894 [20:20:45.601] 用户5994 | ✅ 秒杀成功 | 耗时: 1972.32ms
2025/12/13 20:20:53.886899 [20:20:45.601] 用户5995 | ✅ 秒杀成功 | 耗时: 1972.33ms
2025/12/13 20:20:53.886904 [20:20:45.601] 用户7669 | ✅ 秒杀成功 | 耗时: 1883.74ms
2025/12/13 20:20:53.886909 [20:20:45.605] 用户6440 | ✅ 秒杀成功 | 耗时: 1976.58ms
2025/12/13 20:20:53.886914 [20:20:45.605] 用户6918 | ✅ 秒杀成功 | 耗时: 1975.00ms
2025/12/13 20:20:53.886919 [20:20:45.605] 用户6395 | ✅ 秒杀成功 | 耗时: 1975.26ms
2025/12/13 20:20:53.886924 [20:20:45.605] 用户6931 | ✅ 秒杀成功 | 耗时: 1975.66ms
2025/12/13 20:20:53.886929 [20:20:45.605] 用户6086 | ✅ 秒杀成功 | 耗时: 1975.35ms
2025/12/13 20:20:53.886934 [20:20:45.605] 用户6280 | ✅ 秒杀成功 | 耗时: 1975.71ms
2025/12/13 20:20:53.886938 [20:20:45.605] 用户6402 | ✅ 秒杀成功 | 耗时: 1975.47ms
2025/12/13 20:20:53.886943 [20:20:45.605] 用户6438 | ✅ 秒杀成功 | 耗时: 1976.62ms
2025/12/13 20:20:53.886949 [20:20:45.605] 用户5996 | ✅ 秒杀成功 | 耗时: 1975.52ms
2025/12/13 20:20:53.886953 [20:20:45.605] 用户6421 | ✅ 秒杀成功 | 耗时: 1978.73ms
2025/12/13 20:20:53.886958 [20:20:45.605] 用户6528 | ✅ 秒杀成功 | 耗时: 1976.39ms
2025/12/13 20:20:53.886963 [20:20:45.605] 用户6245 | ✅ 秒杀成功 | 耗时: 1973.54ms
2025/12/13 20:20:53.886968 [20:20:45.605] 用户5980 | ✅ 秒杀成功 | 耗时: 1974.46ms
2025/12/13 20:20:53.886973 [20:20:45.605] 用户6177 | ✅ 秒杀成功 | 耗时: 1973.10ms
2025/12/13 20:20:53.886978 [20:20:45.605] 用户6425 | ✅ 秒杀成功 | 耗时: 1975.63ms
2025/12/13 20:20:53.886983 [20:20:45.605] 用户6423 | ✅ 秒杀成功 | 耗时: 1975.59ms
2025/12/13 20:20:53.886988 [20:20:45.605] 用户3993 | ✅ 秒杀成功 | 耗时: 1839.75ms
2025/12/13 20:20:53.886993 [20:20:45.605] 用户7297 | ✅ 秒杀成功 | 耗时: 1980.07ms
2025/12/13 20:20:53.886998 [20:20:45.605] 用户6325 | ✅ 秒杀成功 | 耗时: 1980.14ms
2025/12/13 20:20:53.887003 [20:20:45.605] 用户6004 | ✅ 秒杀成功 | 耗时: 1975.95ms
2025/12/13 20:20:53.887008 [20:20:45.605] 用户5732 | ✅ 秒杀成功 | 耗时: 1974.63ms
2025/12/13 20:20:53.887013 [20:20:45.605] 用户6883 | ✅ 秒杀成功 | 耗时: 1973.66ms
2025/12/13 20:20:53.887018 [20:20:45.605] 用户6707 | ✅ 秒杀成功 | 耗时: 1974.10ms
2025/12/13 20:20:53.887023 [20:20:45.605] 用户5922 | ✅ 秒杀成功 | 耗时: 1974.11ms
2025/12/13 20:20:53.887028 [20:20:45.605] 用户6248 | ✅ 秒杀成功 | 耗时: 1973.70ms
2025/12/13 20:20:53.887033 [20:20:45.605] 用户5970 | ✅ 秒杀成功 | 耗时: 1973.73ms
2025/12/13 20:20:53.887038 [20:20:45.605] 用户6091 | ✅ 秒杀成功 | 耗时: 1979.15ms
2025/12/13 20:20:53.887043 [20:20:45.605] 用户6187 | ✅ 秒杀成功 | 耗时: 1974.11ms
2025/12/13 20:20:53.887048 [20:20:45.605] 用户6412 | ✅ 秒杀成功 | 耗时: 1975.67ms
2025/12/13 20:20:53.887053 [20:20:45.605] 用户6789 | ✅ 秒杀成功 | 耗时: 1976.20ms
2025/12/13 20:20:53.887058 [20:20:45.605] 用户6940 | ✅ 秒杀成功 | 耗时: 1976.23ms
2025/12/13 20:20:53.887063 [20:20:45.605] 用户6791 | ✅ 秒杀成功 | 耗时: 1976.24ms
2025/12/13 20:20:53.887068 [20:20:45.605] 用户582 | ✅ 秒杀成功 | 耗时: 1921.51ms
2025/12/13 20:20:53.887072 [20:20:45.605] 用户6718 | ✅ 秒杀成功 | 耗时: 1975.79ms
2025/12/13 20:20:53.887078 [20:20:45.605] 用户5589 | ✅ 秒杀成功 | 耗时: 1973.52ms
2025/12/13 20:20:53.887082 [20:20:45.605] 用户5280 | ✅ 秒杀成功 | 耗时: 1973.65ms
2025/12/13 20:20:53.887087 [20:20:45.605] 用户6935 | ✅ 秒杀成功 | 耗时: 1976.32ms
2025/12/13 20:20:53.887092 [20:20:45.605] 用户6212 | ✅ 秒杀成功 | 耗时: 1975.99ms
2025/12/13 20:20:53.887097 [20:20:45.605] 用户6793 | ✅ 秒杀成功 | 耗时: 1976.31ms
2025/12/13 20:20:53.887102 [20:20:45.605] 用户6289 | ✅ 秒杀成功 | 耗时: 1976.60ms
2025/12/13 20:20:53.887107 [20:20:45.605] 用户6427 | ✅ 秒杀成功 | 耗时: 1976.04ms
2025/12/13 20:20:53.887112 [20:20:45.605] 用户6270 | ✅ 秒杀成功 | 耗时: 1975.41ms
2025/12/13 20:20:53.887117 [20:20:45.605] 用户6373 | ✅ 秒杀成功 | 耗时: 1975.06ms
2025/12/13 20:20:53.887122 [20:20:45.605] 用户6916 | ✅ 秒杀成功 | 耗时: 1975.48ms
2025/12/13 20:20:53.887127 [20:20:45.605] 用户6711 | ✅ 秒杀成功 | 耗时: 1976.16ms
2025/12/13 20:20:53.887132 [20:20:45.605] 用户2884 | ✅ 秒杀成功 | 耗时: 1885.68ms
2025/12/13 20:20:53.887137 [20:20:45.605] 用户7517 | ✅ 秒杀成功 | 耗时: 1989.16ms
2025/12/13 20:20:53.887142 [20:20:45.605] 用户6462 | ✅ 秒杀成功 | 耗时: 1978.42ms
2025/12/13 20:20:53.887147 [20:20:45.605] 用户5986 | ✅ 秒杀成功 | 耗时: 1975.12ms
2025/12/13 20:20:53.887152 [20:20:45.605] 用户6492 | ✅ 秒杀成功 | 耗时: 1981.98ms
2025/12/13 20:20:53.887157 [20:20:45.605] 用户5840 | ✅ 秒杀成功 | 耗时: 1975.29ms
2025/12/13 20:20:53.887162 [20:20:45.605] 用户5969 | ✅ 秒杀成功 | 耗时: 1973.97ms
2025/12/13 20:20:53.887167 [20:20:45.605] 用户6260 | ✅ 秒杀成功 | 耗时: 1974.85ms
2025/12/13 20:20:53.887172 [20:20:45.605] 用户6783 | ✅ 秒杀成功 | 耗时: 1973.72ms
2025/12/13 20:20:53.887177 [20:20:45.605] 用户6175 | ✅ 秒杀成功 | 耗时: 1973.63ms
2025/12/13 20:20:53.887182 [20:20:45.605] 用户5791 | ✅ 秒杀成功 | 耗时: 1973.77ms
2025/12/13 20:20:53.887187 [20:20:45.605] 用户5965 | ✅ 秒杀成功 | 耗时: 1973.73ms
2025/12/13 20:20:53.887192 [20:20:45.605] 用户6161 | ✅ 秒杀成功 | 耗时: 1973.36ms
2025/12/13 20:20:53.887196 [20:20:45.605] 用户6290 | ✅ 秒杀成功 | 耗时: 1976.93ms
2025/12/13 20:20:53.887201 [20:20:45.605] 用户6525 | ✅ 秒杀成功 | 耗时: 1976.71ms
2025/12/13 20:20:53.887206 [20:20:45.605] 用户6800 | ✅ 秒杀成功 | 耗时: 1976.75ms
2025/12/13 20:20:53.887211 [20:20:45.605] 用户6813 | ✅ 秒杀成功 | 耗时: 1977.00ms
2025/12/13 20:20:53.887217 [20:20:45.605] 用户6947 | ✅ 秒杀成功 | 耗时: 1976.78ms
2025/12/13 20:20:53.887222 [20:20:45.605] 用户6294 | ✅ 秒杀成功 | 耗时: 1977.04ms
2025/12/13 20:20:53.887226 [20:20:45.605] 用户6934 | ✅ 秒杀成功 | 耗时: 1976.69ms
2025/12/13 20:20:53.887231 [20:20:45.605] 用户6795 | ✅ 秒杀成功 | 耗时: 1976.69ms
2025/12/13 20:20:53.887236 [20:20:45.605] 用户6808 | ✅ 秒杀成功 | 耗时: 1976.91ms
2025/12/13 20:20:53.887241 [20:20:45.605] 用户6796 | ✅ 秒杀成功 | 耗时: 1976.77ms
2025/12/13 20:20:53.887246 [20:20:45.605] 用户6922 | ✅ 秒杀成功 | 耗时: 1976.25ms
2025/12/13 20:20:53.887251 [20:20:45.605] 用户6293 | ✅ 秒杀成功 | 耗时: 1977.08ms
2025/12/13 20:20:53.887256 [20:20:45.605] 用户6717 | ✅ 秒杀成功 | 耗时: 1976.23ms
2025/12/13 20:20:53.887261 [20:20:45.605] 用户6812 | ✅ 秒杀成功 | 耗时: 1977.14ms
2025/12/13 20:20:53.887266 [20:20:45.605] 用户6446 | ✅ 秒杀成功 | 耗时: 1978.34ms
2025/12/13 20:20:53.887271 [20:20:45.605] 用户6937 | ✅ 秒杀成功 | 耗时: 1976.87ms
2025/12/13 20:20:53.887276 [20:20:45.605] 用户6803 | ✅ 秒杀成功 | 耗时: 1976.91ms
2025/12/13 20:20:53.887281 [20:20:45.606] 用户5777 | ✅ 秒杀成功 | 耗时: 1974.34ms
2025/12/13 20:20:53.887286 [20:20:45.606] 用户6424 | ✅ 秒杀成功 | 耗时: 1976.45ms
2025/12/13 20:20:53.887291 [20:20:45.606] 用户6288 | ✅ 秒杀成功 | 耗时: 1976.76ms
2025/12/13 20:20:53.887296 [20:20:45.606] 用户6929 | ✅ 秒杀成功 | 耗时: 1976.63ms
2025/12/13 20:20:53.887301 [20:20:45.606] 用户6287 | ✅ 秒杀成功 | 耗时: 1976.78ms
2025/12/13 20:20:53.887306 [20:20:45.606] 用户6933 | ✅ 秒杀成功 | 耗时: 1976.90ms
2025/12/13 20:20:53.887311 [20:20:45.606] 用户6805 | ✅ 秒杀成功 | 耗时: 1977.23ms
2025/12/13 20:20:53.887316 [20:20:45.606] 用户6292 | ✅ 秒杀成功 | 耗时: 1977.31ms
2025/12/13 20:20:53.887321 [20:20:45.606] 用户6417 | ✅ 秒杀成功 | 耗时: 1976.47ms
2025/12/13 20:20:53.887325 [20:20:45.606] 用户5837 | ✅ 秒杀成功 | 耗时: 1975.61ms
2025/12/13 20:20:53.887330 [20:20:45.606] 用户6298 | ✅ 秒杀成功 | 耗时: 1977.39ms
2025/12/13 20:20:53.887335 [20:20:45.606] 用户6088 | ✅ 秒杀成功 | 耗时: 1976.46ms
2025/12/13 20:20:53.887340 [20:20:45.606] 用户6372 | ✅ 秒杀成功 | 耗时: 1975.67ms
2025/12/13 20:20:53.887345 [20:20:45.606] 用户6529 | ✅ 秒杀成功 | 耗时: 1977.43ms
2025/12/13 20:20:53.887350 [20:20:45.606] 用户6369 | ✅ 秒杀成功 | 耗时: 1975.73ms
2025/12/13 20:20:53.887355 [20:20:45.606] 用户6583 | ✅ 秒杀成功 | 耗时: 1976.62ms
2025/12/13 20:20:53.887360 [20:20:45.606] 用户5838 | ✅ 秒杀成功 | 耗时: 1975.76ms
2025/12/13 20:20:53.887365 [20:20:45.606] 用户6919 | ✅ 秒杀成功 | 耗时: 1976.65ms
2025/12/13 20:20:53.887370 [20:20:45.606] 用户5985 | ✅ 秒杀成功 | 耗时: 1975.80ms
2025/12/13 20:20:53.887375 [20:20:45.606] 用户6818 | ✅ 秒杀成功 | 耗时: 1977.70ms
2025/12/13 20:20:53.887380 [20:20:45.606] 用户6716 | ✅ 秒杀成功 | 耗时: 1976.67ms
2025/12/13 20:20:53.887385 [20:20:45.606] 用户6433 | ✅ 秒杀成功 | 耗时: 1977.77ms
2025/12/13 20:20:53.887390 [20:20:45.606] 用户5992 | ✅ 秒杀成功 | 耗时: 1976.70ms
2025/12/13 20:20:53.887395 [20:20:45.606] 用户6819 | ✅ 秒杀成功 | 耗时: 1977.79ms
2025/12/13 20:20:53.887400 [20:20:45.606] 用户5991 | ✅ 秒杀成功 | 耗时: 1976.72ms
2025/12/13 20:20:53.887405 [20:20:45.606] 用户6273 | ✅ 秒杀成功 | 耗时: 1976.74ms
2025/12/13 20:20:53.887410 [20:20:45.606] 用户6416 | ✅ 秒杀成功 | 耗时: 1976.73ms
2025/12/13 20:20:53.887414 [20:20:45.606] 用户6413 | ✅ 秒杀成功 | 耗时: 1976.72ms
2025/12/13 20:20:53.887419 [20:20:45.606] 用户6392 | ✅ 秒杀成功 | 耗时: 1976.75ms
2025/12/13 20:20:53.887424 [20:20:45.606] 用户6505 | ✅ 秒杀成功 | 耗时: 1985.17ms
2025/12/13 20:20:53.887429 [20:20:45.606] 用户5829 | ✅ 秒杀成功 | 耗时: 1974.85ms
2025/12/13 20:20:53.887434 [20:20:45.606] 用户6891 | ✅ 秒杀成功 | 耗时: 1985.44ms
2025/12/13 20:20:53.887439 [20:20:45.606] 用户5835 | ✅ 秒杀成功 | 耗时: 1975.23ms
2025/12/13 20:20:53.887444 [20:20:45.606] 用户6836 | ✅ 秒杀成功 | 耗时: 1981.37ms
2025/12/13 20:20:53.887449 [20:20:45.606] 用户6314 | ✅ 秒杀成功 | 耗时: 1979.00ms
2025/12/13 20:20:53.887454 [20:20:45.606] 用户6249 | ✅ 秒杀成功 | 耗时: 1974.88ms
2025/12/13 20:20:53.887459 [20:20:45.606] 用户5918 | ✅ 秒杀成功 | 耗时: 1974.93ms
2025/12/13 20:20:53.887466 [20:20:45.606] 用户5921 | ✅ 秒杀成功 | 耗时: 1975.27ms
2025/12/13 20:20:53.887471 [20:20:45.606] 用户6710 | ✅ 秒杀成功 | 耗时: 1977.17ms
2025/12/13 20:20:53.887476 [20:20:45.606] 用户6932 | ✅ 秒杀成功 | 耗时: 1977.20ms
2025/12/13 20:20:53.887481 [20:20:45.606] 用户5993 | ✅ 秒杀成功 | 耗时: 1976.97ms
2025/12/13 20:20:53.887485 [20:20:45.606] 用户6279 | ✅ 秒杀成功 | 耗时: 1977.30ms
2025/12/13 20:20:53.887490 [20:20:45.606] 用户8591 | ✅ 秒杀成功 | 耗时: 1891.73ms
2025/12/13 20:20:53.887495 [20:20:45.606] 用户6744 | ✅ 秒杀成功 | 耗时: 1985.34ms
2025/12/13 20:20:53.887500 [20:20:45.606] 用户6275 | ✅ 秒杀成功 | 耗时: 1977.20ms
2025/12/13 20:20:53.887505 [20:20:45.606] 用户6936 | ✅ 秒杀成功 | 耗时: 1977.72ms
2025/12/13 20:20:53.887510 [20:20:45.606] 用户6299 | ✅ 秒杀成功 | 耗时: 1975.88ms
2025/12/13 20:20:53.887515 [20:20:45.606] 用户6911 | ✅ 秒杀成功 | 耗时: 1976.59ms
2025/12/13 20:20:53.887520 [20:20:45.606] 用户6388 | ✅ 秒杀成功 | 耗时: 1975.83ms
2025/12/13 20:20:53.887525 [20:20:45.606] 用户6400 | ✅ 秒杀成功 | 耗时: 1977.26ms
2025/12/13 20:20:53.887530 [20:20:45.606] 用户6386 | ✅ 秒杀成功 | 耗时: 1975.86ms
2025/12/13 20:20:53.887535 [20:20:45.606] 用户6426 | ✅ 秒杀成功 | 耗时: 1977.43ms
2025/12/13 20:20:53.887540 [20:20:45.606] 用户5976 | ✅ 秒杀成功 | 耗时: 1976.06ms
2025/12/13 20:20:53.887544 [20:20:45.606] 用户6375 | ✅ 秒杀成功 | 耗时: 1976.04ms
2025/12/13 20:20:53.887550 [20:20:45.606] 用户6512 | ✅ 秒杀成功 | 耗时: 1976.22ms
2025/12/13 20:20:53.887555 [20:20:45.606] 用户5925 | ✅ 秒杀成功 | 耗时: 1976.01ms
2025/12/13 20:20:53.887560 [20:20:45.606] 用户6387 | ✅ 秒杀成功 | 耗时: 1975.92ms
2025/12/13 20:20:53.887565 [20:20:45.606] 用户6708 | ✅ 秒杀成功 | 耗时: 1975.20ms
2025/12/13 20:20:53.887569 [20:20:45.612] 用户6509 | ✅ 秒杀成功 | 耗时: 1980.94ms
2025/12/13 20:20:53.887574 [20:20:45.651] 用户6794 | ✅ 秒杀成功 | 耗时: 2022.40ms
2025/12/13 20:20:53.887579 [20:20:45.651] 用户5706 | ✅ 秒杀成功 | 耗时: 2020.07ms
2025/12/13 20:20:53.887584 [20:20:45.651] 用户6709 | ✅ 秒杀成功 | 耗时: 2020.98ms
2025/12/13 20:20:53.887589 [20:20:45.651] 用户6788 | ✅ 秒杀成功 | 耗时: 2020.23ms
2025/12/13 20:20:53.887594 [20:20:45.651] 用户5998 | ✅ 秒杀成功 | 耗时: 2022.38ms
2025/12/13 20:20:53.887599 [20:20:45.651] 用户5879 | ✅ 秒杀成功 | 耗时: 2020.36ms
2025/12/13 20:20:53.887604 [20:20:45.651] 用户6266 | ✅ 秒杀成功 | 耗时: 2021.14ms
2025/12/13 20:20:53.887609 [20:20:45.652] 用户6520 | ✅ 秒杀成功 | 耗时: 2022.88ms
2025/12/13 20:20:53.887614 [20:20:45.652] 用户7287 | ✅ 秒杀成功 | 耗时: 2026.71ms
2025/12/13 20:20:53.887619 [20:20:45.652] 用户5588 | ✅ 秒杀成功 | 耗时: 2020.23ms
2025/12/13 20:20:53.887624 [20:20:45.652] 用户6241 | ✅ 秒杀成功 | 耗时: 2026.26ms
2025/12/13 20:20:53.887629 [20:20:45.655] 用户5978 | ✅ 秒杀成功 | 耗时: 2024.58ms
2025/12/13 20:20:53.887634 [20:20:45.655] 用户6473 | ✅ 秒杀成功 | 耗时: 2029.06ms
2025/12/13 20:20:53.887639 [20:20:45.655] 用户7301 | ✅ 秒杀成功 | 耗时: 2030.42ms
2025/12/13 20:20:53.887644 [20:20:45.655] 用户6330 | ✅ 秒杀成功 | 耗时: 2029.07ms
2025/12/13 20:20:53.887649 [20:20:45.655] 用户5880 | ✅ 秒杀成功 | 耗时: 2023.94ms
2025/12/13 20:20:53.887654 [20:20:45.655] 用户7057 | ✅ 秒杀成功 | 耗时: 2029.61ms
2025/12/13 20:20:53.887659 [20:20:45.655] 用户6078 | ✅ 秒杀成功 | 耗时: 2029.70ms
2025/12/13 20:20:53.887664 [20:20:45.655] 用户7267 | ✅ 秒杀成功 | 耗时: 2030.31ms
2025/12/13 20:20:53.887669 [20:20:45.655] 用户6909 | ✅ 秒杀成功 | 耗时: 2024.43ms
2025/12/13 20:20:53.887674 [20:20:45.655] 用户7042 | ✅ 秒杀成功 | 耗时: 2029.49ms
2025/12/13 20:20:53.887679 [20:20:45.655] 用户6103 | ✅ 秒杀成功 | 耗时: 2029.74ms
2025/12/13 20:20:53.887696 [20:20:45.655] 用户6590 | ✅ 秒杀成功 | 耗时: 2029.16ms
2025/12/13 20:20:53.887701 [20:20:45.655] 用户6258 | ✅ 秒杀成功 | 耗时: 2024.60ms
2025/12/13 20:20:53.887706 [20:20:45.655] 用户8849 | ✅ 秒杀成功 | 耗时: 1948.11ms
2025/12/13 20:20:53.887711 [20:20:45.655] 用户6376 | ✅ 秒杀成功 | 耗时: 2024.90ms
2025/12/13 20:20:53.887716 [20:20:45.655] 用户6377 | ✅ 秒杀成功 | 耗时: 2024.64ms
2025/12/13 20:20:53.887721 [20:20:45.655] 用户6405 | ✅ 秒杀成功 | 耗时: 2025.01ms
2025/12/13 20:20:53.887726 [20:20:45.655] 用户6180 | ✅ 秒杀成功 | 耗时: 2023.58ms
2025/12/13 20:20:53.887731 [20:20:45.655] 用户5802 | ✅ 秒杀成功 | 耗时: 2024.06ms
2025/12/13 20:20:53.887736 [20:20:45.655] 用户5755 | ✅ 秒杀成功 | 耗时: 2024.01ms
2025/12/13 20:20:53.887741 [20:20:45.655] 用户6953 | ✅ 秒杀成功 | 耗时: 2028.18ms
2025/12/13 20:20:53.887746 [20:20:45.655] 用户9223 | ✅ 秒杀成功 | 耗时: 2039.07ms
2025/12/13 20:20:53.887751 [20:20:45.655] 用户9005 | ✅ 秒杀成功 | 耗时: 1948.28ms
2025/12/13 20:20:53.887756 [20:20:45.655] 用户7958 | ✅ 秒杀成功 | 耗时: 2035.56ms
2025/12/13 20:20:53.887760 [20:20:45.655] 用户5828 | ✅ 秒杀成功 | 耗时: 2023.97ms
2025/12/13 20:20:53.887765 [20:20:45.655] 用户6179 | ✅ 秒杀成功 | 耗时: 2023.63ms
2025/12/13 20:20:53.887770 [20:20:45.655] 用户7709 | ✅ 秒杀成功 | 耗时: 2037.54ms
2025/12/13 20:20:53.887775 [20:20:45.655] 用户6719 | ✅ 秒杀成功 | 耗时: 2026.30ms
2025/12/13 20:20:53.887780 [20:20:45.655] 用户6521 | ✅ 秒杀成功 | 耗时: 2026.48ms
2025/12/13 20:20:53.887785 [20:20:45.655] 用户8455 | ✅ 秒杀成功 | 耗时: 1937.44ms
2025/12/13 20:20:53.887790 [20:20:45.655] 用户5984 | ✅ 秒杀成功 | 耗时: 2025.09ms
2025/12/13 20:20:53.887795 [20:20:45.655] 用户8010 | ✅ 秒杀成功 | 耗时: 2036.11ms
2025/12/13 20:20:53.887800 [20:20:45.655] 用户9175 | ✅ 秒杀成功 | 耗时: 1952.21ms
2025/12/13 20:20:53.887805 [20:20:45.655] 用户6390 | ✅ 秒杀成功 | 耗时: 2025.09ms
2025/12/13 20:20:53.887810 [20:20:45.655] 用户6807 | ✅ 秒杀成功 | 耗时: 2026.86ms
2025/12/13 20:20:53.887815 [20:20:45.655] 用户6642 | ✅ 秒杀成功 | 耗时: 2033.56ms
2025/12/13 20:20:53.887820 [20:20:45.655] 用户10285 | ✅ 秒杀成功 | 耗时: 2052.89ms
2025/12/13 20:20:53.887831 [20:20:45.655] 用户6926 | ✅ 秒杀成功 | 耗时: 2026.66ms
2025/12/13 20:20:53.887836 [20:20:45.655] 用户6240 | ✅ 秒杀成功 | 耗时: 2029.89ms
2025/12/13 20:20:53.887841 [20:20:45.655] 用户6810 | ✅ 秒杀成功 | 耗时: 2026.90ms
2025/12/13 20:20:53.887845 [20:20:45.655] 用户5285 | ✅ 秒杀成功 | 耗时: 2023.89ms
2025/12/13 20:20:53.887850 [20:20:45.655] 用户6516 | ✅ 秒杀成功 | 耗时: 2024.95ms
2025/12/13 20:20:53.887854 [20:20:45.655] 用户6277 | ✅ 秒杀成功 | 耗时: 2026.26ms
2025/12/13 20:20:53.887859 [20:20:45.655] 用户6865 | ✅ 秒杀成功 | 耗时: 2033.74ms
2025/12/13 20:20:53.887863 [20:20:45.655] 用户6518 | ✅ 秒杀成功 | 耗时: 2026.49ms
2025/12/13 20:20:53.887868 [20:20:45.655] 用户6804 | ✅ 秒杀成功 | 耗时: 2026.77ms
2025/12/13 20:20:53.887873 [20:20:45.655] 用户6513 | ✅ 秒杀成功 | 耗时: 2024.90ms
2025/12/13 20:20:53.887877 [20:20:45.655] 用户6822 | ✅ 秒杀成功 | 耗时: 2027.04ms
2025/12/13 20:20:53.887881 [20:20:45.655] 用户8006 | ✅ 秒杀成功 | 耗时: 2036.20ms
2025/12/13 20:20:53.887886 [20:20:45.655] 用户6053 | ✅ 秒杀成功 | 耗时: 2024.14ms
2025/12/13 20:20:53.887890 [20:20:45.655] 用户6630 | ✅ 秒杀成功 | 耗时: 2033.61ms
2025/12/13 20:20:53.887894 [20:20:45.655] 用户6910 | ✅ 秒杀成功 | 耗时: 2024.60ms
2025/12/13 20:20:53.887898 [20:20:45.655] 用户6047 | ✅ 秒杀成功 | 耗时: 2023.98ms
2025/12/13 20:20:53.887903 [20:20:45.655] 用户5831 | ✅ 秒杀成功 | 耗时: 2024.14ms
2025/12/13 20:20:53.887907 [20:20:45.655] 用户6250 | ✅ 秒杀成功 | 耗时: 2024.15ms
2025/12/13 20:20:53.887912 [20:20:45.655] 用户6385 | ✅ 秒杀成功 | 耗时: 2024.65ms
2025/12/13 20:20:53.887916 [20:20:45.655] 用户6028 | ✅ 秒杀成功 | 耗时: 2025.13ms
2025/12/13 20:20:53.887920 [20:20:45.655] 用户9711 | ✅ 秒杀成功 | 耗时: 1942.19ms
2025/12/13 20:20:53.887925 [20:20:45.655] 用户5979 | ✅ 秒杀成功 | 耗时: 2025.04ms
2025/12/13 20:20:53.887929 [20:20:45.655] 用户9877 | ✅ 秒杀成功 | 耗时: 1979.94ms
2025/12/13 20:20:53.887933 [20:20:45.655] 用户6052 | ✅ 秒杀成功 | 耗时: 2024.15ms
2025/12/13 20:20:53.887937 [20:20:45.655] 用户6246 | ✅ 秒杀成功 | 耗时: 2024.08ms
2025/12/13 20:20:53.887942 [20:20:45.655] 用户9173 | ✅ 秒杀成功 | 耗时: 1952.32ms
2025/12/13 20:20:53.887946 [20:20:45.655] 用户6720 | ✅ 秒杀成功 | 耗时: 2026.48ms
2025/12/13 20:20:53.887950 [20:20:45.655] 用户7383 | ✅ 秒杀成功 | 耗时: 2037.67ms
2025/12/13 20:20:53.887955 [20:20:45.655] 用户5845 | ✅ 秒杀成功 | 耗时: 2026.21ms
2025/12/13 20:20:53.887959 [20:20:45.655] 用户270 | ✅ 秒杀成功 | 耗时: 1971.90ms
2025/12/13 20:20:53.887963 [20:20:45.655] 用户6530 | ✅ 秒杀成功 | 耗时: 2026.81ms
2025/12/13 20:20:53.887968 [20:20:45.655] 用户8506 | ✅ 秒杀成功 | 耗时: 1942.28ms
2025/12/13 20:20:53.887972 [20:20:45.655] 用户6526 | ✅ 秒杀成功 | 耗时: 2026.81ms
2025/12/13 20:20:53.887976 [20:20:45.655] 用户6703 | ✅ 秒杀成功 | 耗时: 2024.06ms
2025/12/13 20:20:53.887981 [20:20:45.655] 用户6885 | ✅ 秒杀成功 | 耗时: 2024.15ms
2025/12/13 20:20:53.887985 [20:20:45.655] 用户4288 | ✅ 秒杀成功 | 耗时: 2015.16ms
2025/12/13 20:20:53.887989 [20:20:45.655] 用户5971 | ✅ 秒杀成功 | 耗时: 2024.23ms
2025/12/13 20:20:53.887994 [20:20:45.655] 用户6262 | ✅ 秒杀成功 | 耗时: 2025.09ms
2025/12/13 20:20:53.887998 [20:20:45.655] 用户6527 | ✅ 秒杀成功 | 耗时: 2026.88ms
2025/12/13 20:20:53.888002 [20:20:45.655] 用户6455 | ✅ 秒杀成功 | 耗时: 2028.63ms
2025/12/13 20:20:53.888007 [20:20:45.655] 用户6309 | ✅ 秒杀成功 | 耗时: 2028.20ms
2025/12/13 20:20:53.888011 [20:20:45.655] 用户7393 | ✅ 秒杀成功 | 耗时: 2037.78ms
2025/12/13 20:20:53.888015 [20:20:45.655] 用户7148 | ✅ 秒杀成功 | 耗时: 2039.45ms
2025/12/13 20:20:53.888019 [20:20:45.655] 用户6322 | ✅ 秒杀成功 | 耗时: 2029.23ms
2025/12/13 20:20:53.888024 [20:20:45.655] 用户6225 | ✅ 秒杀成功 | 耗时: 2029.86ms
2025/12/13 20:20:53.888028 [20:20:45.655] 用户6002 | ✅ 秒杀成功 | 耗时: 2026.44ms
2025/12/13 20:20:53.888033 [20:20:45.655] 用户6316 | ✅ 秒杀成功 | 耗时: 2028.59ms
2025/12/13 20:20:53.888037 [20:20:45.655] 用户6282 | ✅ 秒杀成功 | 耗时: 2026.58ms
2025/12/13 20:20:53.888041 [20:20:45.655] 用户7025 | ✅ 秒杀成功 | 耗时: 2028.59ms
2025/12/13 20:20:53.888045 [20:20:45.655] 用户6257 | ✅ 秒杀成功 | 耗时: 2024.89ms
2025/12/13 20:20:53.888050 [20:20:45.655] 用户7026 | ✅ 秒杀成功 | 耗时: 2028.60ms
2025/12/13 20:20:53.888054 [20:20:45.655] 用户7365 | ✅ 秒杀成功 | 耗时: 2032.63ms
2025/12/13 20:20:53.888058 [20:20:45.655] 用户5975 | ✅ 秒杀成功 | 耗时: 2024.91ms
2025/12/13 20:20:53.888062 [20:20:45.655] 用户6337 | ✅ 秒杀成功 | 耗时: 2030.83ms
2025/12/13 20:20:53.888067 [20:20:45.655] 用户7037 | ✅ 秒杀成功 | 耗时: 2030.96ms
2025/12/13 20:20:53.888071 [20:20:45.655] 用户6524 | ✅ 秒杀成功 | 耗时: 2026.82ms
2025/12/13 20:20:53.888076 [20:20:45.655] 用户404 | ✅ 秒杀成功 | 耗时: 1965.04ms
2025/12/13 20:20:53.888080 [20:20:45.655] 用户5839 | ✅ 秒杀成功 | 耗时: 2025.43ms
2025/12/13 20:20:53.888084 [20:20:45.655] 用户6554 | ✅ 秒杀成功 | 耗时: 2028.26ms
2025/12/13 20:20:53.888089 [20:20:45.655] 用户6927 | ✅ 秒杀成功 | 耗时: 2026.25ms
2025/12/13 20:20:53.888093 [20:20:45.655] 用户6726 | ✅ 秒杀成功 | 耗时: 2030.98ms
2025/12/13 20:20:53.888097 [20:20:45.655] 用户6276 | ✅ 秒杀成功 | 耗时: 2026.49ms
2025/12/13 20:20:53.888102 [20:20:45.655] 用户7299 | ✅ 秒杀成功 | 耗时: 2030.71ms
2025/12/13 20:20:53.888106 [20:20:45.655] 用户6278 | ✅ 秒杀成功 | 耗时: 2026.51ms
2025/12/13 20:20:53.888110 [20:20:45.655] 用户7300 | ✅ 秒杀成功 | 耗时: 2030.81ms
2025/12/13 20:20:53.888115 [20:20:45.655] 用户6265 | ✅ 秒杀成功 | 耗时: 2025.39ms
2025/12/13 20:20:53.888119 [20:20:45.655] 用户6391 | ✅ 秒杀成功 | 耗时: 2025.41ms
2025/12/13 20:20:53.888123 [20:20:45.655] 用户6267 | ✅ 秒杀成功 | 耗时: 2026.53ms
2025/12/13 20:20:53.888128 [20:20:45.655] 用户6523 | ✅ 秒杀成功 | 耗时: 2026.93ms
2025/12/13 20:20:53.888132 [20:20:45.655] 用户6460 | ✅ 秒杀成功 | 耗时: 2028.80ms
2025/12/13 20:20:53.888137 [20:20:45.656] 用户6422 | ✅ 秒杀成功 | 耗时: 2026.66ms
2025/12/13 20:20:53.888141 [20:20:45.656] 用户6428 | ✅ 秒杀成功 | 耗时: 2026.41ms
2025/12/13 20:20:53.888145 [20:20:45.656] 用户5997 | ✅ 秒杀成功 | 耗时: 2026.43ms
2025/12/13 20:20:53.888150 [20:20:45.656] 用户6816 | ✅ 秒杀成功 | 耗时: 2027.39ms
2025/12/13 20:20:53.888154 [20:20:45.656] 用户6285 | ✅ 秒杀成功 | 耗时: 2026.74ms
2025/12/13 20:20:53.888159 [20:20:45.656] 用户5699 | ✅ 秒杀成功 | 耗时: 2024.18ms
2025/12/13 20:20:53.888163 [20:20:45.656] 用户5977 | ✅ 秒杀成功 | 耗时: 2025.43ms
2025/12/13 20:20:53.888168 [20:20:45.656] 用户6259 | ✅ 秒杀成功 | 耗时: 2025.46ms
2025/12/13 20:20:53.888173 [20:20:45.656] 用户6253 | ✅ 秒杀成功 | 耗时: 2025.01ms
2025/12/13 20:20:53.888177 [20:20:45.656] 用户6688 | ✅ 秒杀成功 | 耗时: 2024.46ms
2025/12/13 20:20:53.888181 [20:20:45.656] 用户5824 | ✅ 秒杀成功 | 耗时: 2024.45ms
2025/12/13 20:20:53.888186 [20:20:45.656] 用户5789 | ✅ 秒杀成功 | 耗时: 2024.31ms
2025/12/13 20:20:53.888190 [20:20:45.656] 用户9168 | ✅ 秒杀成功 | 耗时: 1952.92ms
2025/12/13 20:20:53.888194 [20:20:45.656] 用户5981 | ✅ 秒杀成功 | 耗时: 2025.73ms
2025/12/13 20:20:53.888199 [20:20:45.656] 用户9760 | ✅ 秒杀成功 | 耗时: 1945.56ms
2025/12/13 20:20:53.888203 [20:20:45.656] 用户6508 | ✅ 秒杀成功 | 耗时: 2025.23ms
2025/12/13 20:20:53.888207 [20:20:45.656] 用户6043 | ✅ 秒杀成功 | 耗时: 2024.60ms
2025/12/13 20:20:53.888212 [20:20:45.656] 用户10071 | ✅ 秒杀成功 | 耗时: 1936.50ms
2025/12/13 20:20:53.888216 [20:20:45.656] 用户5573 | ✅ 秒杀成功 | 耗时: 2024.25ms
2025/12/13 20:20:53.888220 [20:20:45.656] 用户7295 | ✅ 秒杀成功 | 耗时: 2031.15ms
2025/12/13 20:20:53.888225 [20:20:45.656] 用户6383 | ✅ 秒杀成功 | 耗时: 2025.15ms
2025/12/13 20:20:53.888229 [20:20:45.656] 用户6678 | ✅ 秒杀成功 | 耗时: 2024.28ms
2025/12/13 20:20:53.888233 [20:20:45.656] 用户5576 | ✅ 秒杀成功 | 耗时: 2024.24ms
2025/12/13 20:20:53.888238 [20:20:45.656] 用户6254 | ✅ 秒杀成功 | 耗时: 2025.23ms
2025/12/13 20:20:53.888242 [20:20:45.656] 用户6041 | ✅ 秒杀成功 | 耗时: 2024.63ms
2025/12/13 20:20:53.888247 [20:20:45.656] 用户6190 | ✅ 秒杀成功 | 耗时: 2025.20ms
2025/12/13 20:20:53.888251 [20:20:45.656] 用户5208 | ✅ 秒杀成功 | 耗时: 2025.12ms
2025/12/13 20:20:53.888255 [20:20:45.656] 用户6035 | ✅ 秒杀成功 | 耗时: 2024.47ms
2025/12/13 20:20:53.888259 [20:20:45.656] 用户6037 | ✅ 秒杀成功 | 耗时: 2024.49ms
2025/12/13 20:20:53.888264 [20:20:45.656] 用户6034 | ✅ 秒杀成功 | 耗时: 2024.47ms
2025/12/13 20:20:53.888268 [20:20:45.656] 用户5833 | ✅ 秒杀成功 | 耗时: 2025.16ms
2025/12/13 20:20:53.888272 [20:20:45.656] 用户5572 | ✅ 秒杀成功 | 耗时: 2024.32ms
2025/12/13 20:20:53.888277 [20:20:45.656] 用户6912 | ✅ 秒杀成功 | 耗时: 2025.21ms
2025/12/13 20:20:53.888281 [20:20:45.656] 用户6178 | ✅ 秒杀成功 | 耗时: 2024.48ms
2025/12/13 20:20:53.888285 [20:20:45.656] 用户6163 | ✅ 秒杀成功 | 耗时: 2024.18ms
2025/12/13 20:20:53.888290 [20:20:45.656] 用户5972 | ✅ 秒杀成功 | 耗时: 2024.91ms
2025/12/13 20:20:53.888294 [20:20:45.656] 用户5696 | ✅ 秒杀成功 | 耗时: 2024.18ms
2025/12/13 20:20:53.888298 [20:20:45.656] 用户6514 | ✅ 秒杀成功 | 耗时: 2025.82ms
2025/12/13 20:20:53.888304 [20:20:45.656] 用户6565 | ✅ 秒杀成功 | 耗时: 2024.56ms
2025/12/13 20:20:53.888309 [20:20:45.656] 用户6174 | ✅ 秒杀成功 | 耗时: 2024.41ms
2025/12/13 20:20:53.888313 [20:20:45.656] 用户5584 | ✅ 秒杀成功 | 耗时: 2024.75ms
2025/12/13 20:20:53.888317 [20:20:45.656] 用户5693 | ✅ 秒杀成功 | 耗时: 2024.17ms
2025/12/13 20:20:53.888322 [20:20:45.656] 用户10710 | ✅ 秒杀成功 | 耗时: 1953.30ms
2025/12/13 20:20:53.888326 [20:20:45.656] 用户5565 | ✅ 秒杀成功 | 耗时: 2024.36ms
2025/12/13 20:20:53.888330 [20:20:45.656] 用户6378 | ✅ 秒杀成功 | 耗时: 2025.96ms
2025/12/13 20:20:53.888335 [20:20:45.656] 用户6045 | ✅ 秒杀成功 | 耗时: 2024.82ms
2025/12/13 20:20:53.888339 [20:20:45.656] 用户5701 | ✅ 秒杀成功 | 耗时: 2024.72ms
2025/12/13 20:20:53.888343 [20:20:45.656] 用户6283 | ✅ 秒杀成功 | 耗时: 2024.76ms
2025/12/13 20:20:53.888348 [20:20:45.656] 用户6169 | ✅ 秒杀成功 | 耗时: 2024.32ms
2025/12/13 20:20:53.888352 [20:20:45.656] 用户5832 | ✅ 秒杀成功 | 耗时: 2025.23ms
2025/12/13 20:20:53.888356 [20:20:45.656] 用户9596 | ✅ 秒杀成功 | 耗时: 1945.82ms
2025/12/13 20:20:53.888361 [20:20:45.656] 用户5878 | ✅ 秒杀成功 | 耗时: 2024.97ms
2025/12/13 20:20:53.888365 [20:20:45.656] 用户5688 | ✅ 秒杀成功 | 耗时: 2024.51ms
2025/12/13 20:20:53.888369 [20:20:45.656] 用户6684 | ✅ 秒杀成功 | 耗时: 2024.52ms
2025/12/13 20:20:53.888374 [20:20:45.656] 用户5574 | ✅ 秒杀成功 | 耗时: 2024.49ms
2025/12/13 20:20:53.888378 [20:20:45.656] 用户8799 | ✅ 秒杀成功 | 耗时: 1942.75ms
2025/12/13 20:20:53.888382 [20:20:45.656] 用户5920 | ✅ 秒杀成功 | 耗时: 2025.26ms
2025/12/13 20:20:53.888387 [20:20:45.656] 用户5780 | ✅ 秒杀成功 | 耗时: 2024.49ms
2025/12/13 20:20:53.888391 [20:20:45.656] 用户6696 | ✅ 秒杀成功 | 耗时: 2024.80ms
2025/12/13 20:20:53.888395 [20:20:45.656] 用户5697 | ✅ 秒杀成功 | 耗时: 2024.64ms
2025/12/13 20:20:53.888400 [20:20:45.656] 用户5188 | ✅ 秒杀成功 | 耗时: 2025.12ms
2025/12/13 20:20:53.888404 [20:20:45.656] 用户6038 | ✅ 秒杀成功 | 耗时: 2024.65ms
2025/12/13 20:20:53.888408 [20:20:45.656] 用户6036 | ✅ 秒杀成功 | 耗时: 2024.64ms
2025/12/13 20:20:53.888413 [20:20:45.656] 用户6786 | ✅ 秒杀成功 | 耗时: 2024.76ms
2025/12/13 20:20:53.888417 [20:20:45.656] 用户6464 | ✅ 秒杀成功 | 耗时: 2029.84ms
2025/12/13 20:20:53.888422 [20:20:45.656] 用户6954 | ✅ 秒杀成功 | 耗时: 2030.15ms
2025/12/13 20:20:53.888426 [20:20:45.656] 用户6574 | ✅ 秒杀成功 | 耗时: 2029.80ms
2025/12/13 20:20:53.888430 [20:20:45.656] 用户5830 | ✅ 秒杀成功 | 耗时: 2025.16ms
2025/12/13 20:20:53.888435 [20:20:45.656] 用户6356 | ✅ 秒杀成功 | 耗时: 2032.02ms
2025/12/13 20:20:53.888440 [20:20:45.656] 用户6317 | ✅ 秒杀成功 | 耗时: 2029.81ms
2025/12/13 20:20:53.888444 [20:20:45.656] 用户9667 | ✅ 秒杀成功 | 耗时: 1936.63ms
2025/12/13 20:20:53.888448 [20:20:45.656] 用户6629 | ✅ 秒杀成功 | 耗时: 2031.35ms
2025/12/13 20:20:53.888452 [20:20:45.656] 用户5459 | ✅ 秒杀成功 | 耗时: 2024.63ms
2025/12/13 20:20:53.888457 [20:20:45.656] 用户152 | ✅ 秒杀成功 | 耗时: 1937.16ms
2025/12/13 20:20:53.888461 [20:20:45.656] 用户6592 | ✅ 秒杀成功 | 耗时: 2031.31ms
2025/12/13 20:20:53.888466 [20:20:45.656] 用户10454 | ✅ 秒杀成功 | 耗时: 1948.15ms
2025/12/13 20:20:53.888470 [20:20:45.656] 用户6686 | ✅ 秒杀成功 | 耗时: 2024.64ms
2025/12/13 20:20:53.888474 [20:20:45.656] 用户5458 | ✅ 秒杀成功 | 耗时: 2024.61ms
2025/12/13 20:20:53.888479 [20:20:45.656] 用户6182 | ✅ 秒杀成功 | 耗时: 2024.81ms
2025/12/13 20:20:53.888483 [20:20:45.656] 用户9063 | ✅ 秒杀成功 | 耗时: 1937.81ms
2025/12/13 20:20:53.888487 [20:20:45.656] 用户6184 | ✅ 秒杀成功 | 耗时: 2024.83ms
2025/12/13 20:20:53.888492 [20:20:45.656] 用户5917 | ✅ 秒杀成功 | 耗时: 2024.86ms
2025/12/13 20:20:53.888496 [20:20:45.656] 用户3653 | ✅ 秒杀成功 | 耗时: 2000.53ms
2025/12/13 20:20:53.888500 [20:20:45.656] 用户9586 | ✅ 秒杀成功 | 耗时: 1944.75ms
2025/12/13 20:20:53.888505 [20:20:45.656] 用户6303 | ✅ 秒杀成功 | 耗时: 2029.11ms
2025/12/13 20:20:53.888509 [20:20:45.656] 用户6305 | ✅ 秒杀成功 | 耗时: 2029.17ms
2025/12/13 20:20:53.888513 [20:20:45.656] 用户2988 | ✅ 秒杀成功 | 耗时: 1936.69ms
2025/12/13 20:20:53.888518 [20:20:45.656] 用户6560 | ✅ 秒杀成功 | 耗时: 2029.46ms
2025/12/13 20:20:53.888522 [20:20:45.656] 用户8220 | ✅ 秒杀成功 | 耗时: 1939.39ms
2025/12/13 20:20:53.888526 [20:20:45.656] 用户6706 | ✅ 秒杀成功 | 耗时: 2025.16ms
2025/12/13 20:20:53.888531 [20:20:45.656] 用户6607 | ✅ 秒杀成功 | 耗时: 2031.36ms
2025/12/13 20:20:53.888535 [20:20:45.656] 用户6581 | ✅ 秒杀成功 | 耗时: 2029.82ms
2025/12/13 20:20:53.888539 [20:20:45.656] 用户5711 | ✅ 秒杀成功 | 耗时: 2025.12ms
2025/12/13 20:20:53.888544 [20:20:45.656] 用户6075 | ✅ 秒杀成功 | 耗时: 2030.77ms
2025/12/13 20:20:53.888548 [20:20:45.656] 用户7620 | ✅ 秒杀成功 | 耗时: 1937.96ms
2025/12/13 20:20:53.888552 [20:20:45.656] 用户8299 | ✅ 秒杀成功 | 耗时: 1942.46ms
2025/12/13 20:20:53.888556 [20:20:45.656] 用户6312 | ✅ 秒杀成功 | 耗时: 2030.47ms
2025/12/13 20:20:53.888561 [20:20:45.656] 用户5635 | ✅ 秒杀成功 | 耗时: 2025.15ms
2025/12/13 20:20:53.888565 [20:20:45.657] 用户5707 | ✅ 秒杀成功 | 耗时: 2025.16ms
2025/12/13 20:20:53.888569 [20:20:45.657] 用户6543 | ✅ 秒杀成功 | 耗时: 2028.98ms
2025/12/13 20:20:53.888574 [20:20:45.657] 用户6693 | ✅ 秒杀成功 | 耗时: 2025.20ms
2025/12/13 20:20:53.888578 [20:20:45.657] 用户6302 | ✅ 秒杀成功 | 耗时: 2029.21ms
2025/12/13 20:20:53.888582 [20:20:45.657] 用户167 | ✅ 秒杀成功 | 耗时: 1937.41ms
2025/12/13 20:20:53.888587 [20:20:45.657] 用户6304 | ✅ 秒杀成功 | 耗时: 2029.19ms
2025/12/13 20:20:53.888591 [20:20:45.657] 用户6546 | ✅ 秒杀成功 | 耗时: 2029.25ms
2025/12/13 20:20:53.888595 [20:20:45.657] 用户6310 | ✅ 秒杀成功 | 耗时: 2029.33ms
2025/12/13 20:20:53.888600 [20:20:45.657] 用户6557 | ✅ 秒杀成功 | 耗时: 2025.25ms
2025/12/13 20:20:53.888604 [20:20:45.657] 用户5983 | ✅ 秒杀成功 | 耗时: 2026.44ms
2025/12/13 20:20:53.888609 [20:20:45.657] 用户6545 | ✅ 秒杀成功 | 耗时: 2029.13ms
2025/12/13 20:20:53.888613 [20:20:45.657] 用户6692 | ✅ 秒杀成功 | 耗时: 2025.23ms
2025/12/13 20:20:53.888617 [20:20:45.657] 用户2536 | ✅ 秒杀成功 | 耗时: 1936.67ms
2025/12/13 20:20:53.888622 [20:20:45.657] 用户6547 | ✅ 秒杀成功 | 耗时: 2029.30ms
2025/12/13 20:20:53.888626 [20:20:45.657] 用户6945 | ✅ 秒杀成功 | 耗时: 2029.39ms
2025/12/13 20:20:53.888630 [20:20:45.657] 用户6784 | ✅ 秒杀成功 | 耗时: 2025.13ms
2025/12/13 20:20:53.888635 [20:20:45.657] 用户5583 | ✅ 秒杀成功 | 耗时: 2025.23ms
2025/12/13 20:20:53.888639 [20:20:45.657] 用户6553 | ✅ 秒杀成功 | 耗时: 2029.38ms
2025/12/13 20:20:53.888643 [20:20:45.657] 用户6908 | ✅ 秒杀成功 | 耗时: 2025.97ms
2025/12/13 20:20:53.888648 [20:20:45.657] 用户5705 | ✅ 秒杀成功 | 耗时: 2025.26ms
2025/12/13 20:20:53.888652 [20:20:45.657] 用户6441 | ✅ 秒杀成功 | 耗时: 2028.69ms
2025/12/13 20:20:53.888656 [20:20:45.657] 用户6549 | ✅ 秒杀成功 | 耗时: 2029.05ms
2025/12/13 20:20:53.888661 [20:20:45.657] 用户5826 | ✅ 秒杀成功 | 耗时: 2025.25ms
2025/12/13 20:20:53.888665 [20:20:45.657] 用户7324 | ✅ 秒杀成功 | 耗时: 2033.09ms
2025/12/13 20:20:53.888669 [20:20:45.657] 用户6507 | ✅ 秒杀成功 | 耗时: 2025.99ms
2025/12/13 20:20:53.888673 [20:20:45.657] 用户6544 | ✅ 秒杀成功 | 耗时: 2029.19ms
2025/12/13 20:20:53.888678 [20:20:45.657] 用户7589 | ✅ 秒杀成功 | 耗时: 1937.45ms
2025/12/13 20:20:53.888682 [20:20:45.657] 用户10209 | ✅ 秒杀成功 | 耗时: 1937.26ms
2025/12/13 20:20:53.888686 [20:20:45.657] 用户5788 | ✅ 秒杀成功 | 耗时: 2025.08ms
2025/12/13 20:20:53.888691 [20:20:45.657] 用户6459 | ✅ 秒杀成功 | 耗时: 2028.88ms
2025/12/13 20:20:53.888695 [20:20:45.657] 用户8252 | ✅ 秒杀成功 | 耗时: 1942.15ms
2025/12/13 20:20:53.888699 [20:20:45.657] 用户6944 | ✅ 秒杀成功 | 耗时: 2029.41ms
2025/12/13 20:20:53.888703 [20:20:45.657] 用户6511 | ✅ 秒杀成功 | 耗时: 2029.10ms
2025/12/13 20:20:53.888708 [20:20:45.657] 用户6170 | ✅ 秒杀成功 | 耗时: 2024.97ms
2025/12/13 20:20:53.888712 [20:20:45.657] 用户5579 | ✅ 秒杀成功 | 耗时: 2025.09ms
2025/12/13 20:20:53.888716 [20:20:45.657] 用户6556 | ✅ 秒杀成功 | 耗时: 2029.57ms
2025/12/13 20:20:53.888721 [20:20:45.657] 用户6206 | ✅ 秒杀成功 | 耗时: 2029.10ms
2025/12/13 20:20:53.888725 [20:20:45.657] 用户6291 | ✅ 秒杀成功 | 耗时: 2028.02ms
2025/12/13 20:20:53.888729 [20:20:45.657] 用户6517 | ✅ 秒杀成功 | 耗时: 2028.14ms
2025/12/13 20:20:53.888734 [20:20:45.657] 用户6542 | ✅ 秒杀成功 | 耗时: 2029.22ms
2025/12/13 20:20:53.888738 [20:20:45.657] 用户6790 | ✅ 秒杀成功 | 耗时: 2028.15ms
2025/12/13 20:20:53.888742 [20:20:45.657] 用户3595 | ✅ 秒杀成功 | 耗时: 1893.05ms
2025/12/13 20:20:53.888747 [20:20:45.657] 用户6437 | ✅ 秒杀成功 | 耗时: 2028.18ms
2025/12/13 20:20:53.888751 [20:20:45.657] 用户6308 | ✅ 秒杀成功 | 耗时: 2029.66ms
2025/12/13 20:20:53.888755 [20:20:45.657] 用户6617 | ✅ 秒杀成功 | 耗时: 2032.00ms
2025/12/13 20:20:53.888760 [20:20:45.657] 用户7615 | ✅ 秒杀成功 | 耗时: 2040.62ms
2025/12/13 20:20:53.888764 [20:20:45.657] 用户5569 | ✅ 秒杀成功 | 耗时: 2025.33ms
2025/12/13 20:20:53.888768 [20:20:45.657] 用户6591 | ✅ 秒杀成功 | 耗时: 2025.41ms
2025/12/13 20:20:53.888773 [20:20:45.657] 用户7372 | ✅ 秒杀成功 | 耗时: 2034.81ms
2025/12/13 20:20:53.888777 [20:20:45.657] 用户6500 | ✅ 秒杀成功 | 耗时: 2034.26ms
2025/12/13 20:20:53.888782 [20:20:45.657] 用户6713 | ✅ 秒杀成功 | 耗时: 2026.32ms
2025/12/13 20:20:53.888786 [20:20:45.657] 用户6472 | ✅ 秒杀成功 | 耗时: 2031.01ms
2025/12/13 20:20:53.888790 [20:20:45.657] 用户10040 | ✅ 秒杀成功 | 耗时: 1950.18ms
2025/12/13 20:20:53.888795 [20:20:45.657] 用户5457 | ✅ 秒杀成功 | 耗时: 2025.39ms
2025/12/13 20:20:53.888799 [20:20:45.657] 用户6307 | ✅ 秒杀成功 | 耗时: 2029.95ms
2025/12/13 20:20:53.888804 [20:20:45.657] 用户6156 | ✅ 秒杀成功 | 耗时: 2025.29ms
2025/12/13 20:20:53.888808 [20:20:45.657] 用户6166 | ✅ 秒杀成功 | 耗时: 2025.34ms
2025/12/13 20:20:53.888812 [20:20:45.657] 用户5874 | ✅ 秒杀成功 | 耗时: 2025.73ms
2025/12/13 20:20:53.888817 [20:20:45.657] 用户7240 | ✅ 秒杀成功 | 耗时: 1938.83ms
2025/12/13 20:20:53.888821 [20:20:45.657] 用户6382 | ✅ 秒杀成功 | 耗时: 2026.38ms
2025/12/13 20:20:53.888825 [20:20:45.657] 用户5818 | ✅ 秒杀成功 | 耗时: 2025.58ms
2025/12/13 20:20:53.888829 [20:20:45.657] 用户3561 | ✅ 秒杀成功 | 耗时: 1892.53ms
2025/12/13 20:20:53.888834 [20:20:45.657] 用户6792 | ✅ 秒杀成功 | 耗时: 2026.00ms
2025/12/13 20:20:53.888838 [20:20:45.657] 用户342 | ✅ 秒杀成功 | 耗时: 1975.55ms
2025/12/13 20:20:53.888842 [20:20:45.657] 用户6185 | ✅ 秒杀成功 | 耗时: 2025.84ms
2025/12/13 20:20:53.888847 [20:20:45.657] 用户6165 | ✅ 秒杀成功 | 耗时: 2025.55ms
2025/12/13 20:20:53.888851 [20:20:45.657] 用户6181 | ✅ 秒杀成功 | 耗时: 2025.86ms
2025/12/13 20:20:53.888856 [20:20:45.657] 用户6039 | ✅ 秒杀成功 | 耗时: 2025.88ms
2025/12/13 20:20:53.888861 [20:20:45.657] 用户5968 | ✅ 秒杀成功 | 耗时: 2025.94ms
2025/12/13 20:20:53.888867 [20:20:45.657] 用户6176 | ✅ 秒杀成功 | 耗时: 2025.85ms
2025/12/13 20:20:53.888872 [20:20:45.657] 用户5581 | ✅ 秒杀成功 | 耗时: 2026.06ms
2025/12/13 20:20:53.888877 [20:20:45.657] 用户5703 | ✅ 秒杀成功 | 耗时: 2026.07ms
2025/12/13 20:20:53.888882 [20:20:45.657] 用户6186 | ✅ 秒杀成功 | 耗时: 2025.99ms
2025/12/13 20:20:53.888887 [20:20:45.657] 用户6785 | ✅ 秒杀成功 | 耗时: 2026.06ms
2025/12/13 20:20:53.888892 [20:20:45.658] 用户9886 | ✅ 秒杀成功 | 耗时: 1982.20ms
2025/12/13 20:20:53.888898 [20:20:45.658] 用户1389 | ✅ 秒杀成功 | 耗时: 1974.36ms
2025/12/13 20:20:53.888903 [20:20:45.658] 用户5819 | ✅ 秒杀成功 | 耗时: 2026.13ms
2025/12/13 20:20:53.888908 [20:20:45.658] 用户5694 | ✅ 秒杀成功 | 耗时: 2026.17ms
2025/12/13 20:20:53.888913 [20:20:45.658] 用户6714 | ✅ 秒杀成功 | 耗时: 2027.31ms
2025/12/13 20:20:53.888917 [20:20:45.658] 用户6685 | ✅ 秒杀成功 | 耗时: 2026.47ms
2025/12/13 20:20:53.888922 [20:20:45.658] 用户5568 | ✅ 秒杀成功 | 耗时: 2026.50ms
2025/12/13 20:20:53.888926 [20:20:45.658] 用户6189 | ✅ 秒杀成功 | 耗时: 2027.33ms
2025/12/13 20:20:53.888930 [20:20:45.658] 用户5562 | ✅ 秒杀成功 | 耗时: 2026.23ms
2025/12/13 20:20:53.888935 [20:20:45.658] 用户175 | ✅ 秒杀成功 | 耗时: 1938.99ms
2025/12/13 20:20:53.888939 [20:20:45.658] 用户6682 | ✅ 秒杀成功 | 耗时: 2026.49ms
2025/12/13 20:20:53.888943 [20:20:45.658] 用户661 | ✅ 秒杀成功 | 耗时: 1976.45ms
2025/12/13 20:20:53.888948 [20:20:45.658] 用户5561 | ✅ 秒杀成功 | 耗时: 2026.26ms
2025/12/13 20:20:53.888952 [20:20:45.658] 用户6164 | ✅ 秒杀成功 | 耗时: 2026.35ms
2025/12/13 20:20:53.888956 [20:20:45.658] 用户5801 | ✅ 秒杀成功 | 耗时: 2026.63ms
2025/12/13 20:20:53.888961 [20:20:45.658] 用户6233 | ✅ 秒杀成功 | 耗时: 2026.96ms
2025/12/13 20:20:53.888965 [20:20:45.659] 用户6690 | ✅ 秒杀成功 | 耗时: 2027.76ms
2025/12/13 20:20:53.888969 [20:20:45.659] 用户2200 | ✅ 秒杀成功 | 耗时: 1897.70ms
2025/12/13 20:20:53.888973 [20:20:45.659] 用户1121 | ✅ 秒杀成功 | 耗时: 1975.73ms
2025/12/13 20:20:53.888978 [20:20:45.659] 用户6699 | ✅ 秒杀成功 | 耗时: 2027.87ms
2025/12/13 20:20:53.888982 [20:20:45.659] 用户2268 | ✅ 秒杀成功 | 耗时: 1979.43ms
2025/12/13 20:20:53.888986 [20:20:45.659] 用户6188 | ✅ 秒杀成功 | 耗时: 2027.73ms
2025/12/13 20:20:53.888991 [20:20:45.659] 用户6681 | ✅ 秒杀成功 | 耗时: 2027.52ms
2025/12/13 20:20:53.889013 [20:20:45.659] 用户6160 | ✅ 秒杀成功 | 耗时: 2027.36ms
2025/12/13 20:20:53.889020 [20:20:45.659] 用户9750 | ✅ 秒杀成功 | 耗时: 1945.75ms
2025/12/13 20:20:53.889024 [20:20:45.659] 用户6398 | ✅ 秒杀成功 | 耗时: 2029.25ms
2025/12/13 20:20:53.889029 [20:20:45.659] 用户6463 | ✅ 秒杀成功 | 耗时: 2032.57ms
2025/12/13 20:20:53.889033 [20:20:45.660] 用户5586 | ✅ 秒杀成功 | 耗时: 2029.03ms
2025/12/13 20:20:53.889037 [20:20:45.660] 用户8377 | ✅ 秒杀成功 | 耗时: 1942.50ms
2025/12/13 20:20:53.889042 [20:20:45.660] 用户6168 | ✅ 秒杀成功 | 耗时: 2028.56ms
2025/12/13 20:20:53.889046 [20:20:45.660] 用户6906 | ✅ 秒杀成功 | 耗时: 2029.68ms
2025/12/13 20:20:53.889050 [20:20:45.660] 用户6702 | ✅ 秒杀成功 | 耗时: 2029.06ms
2025/12/13 20:20:53.889054 [20:20:45.660] 用户9058 | ✅ 秒杀成功 | 耗时: 1941.88ms
2025/12/13 20:20:53.889059 [20:20:45.660] 用户5974 | ✅ 秒杀成功 | 耗时: 2029.71ms
2025/12/13 20:20:53.889063 [20:20:45.660] 用户6779 | ✅ 秒杀成功 | 耗时: 2028.21ms
2025/12/13 20:20:53.889067 [20:20:45.660] 用户6158 | ✅ 秒杀成功 | 耗时: 2028.31ms
2025/12/13 20:20:53.889072 [20:20:45.661] 用户5642 | ✅ 秒杀成功 | 耗时: 2028.33ms
2025/12/13 20:20:53.889076 [20:20:45.661] 用户5690 | ✅ 秒杀成功 | 耗时: 2028.51ms
2025/12/13 20:20:53.889080 [20:20:45.661] 用户5605 | ✅ 秒杀成功 | 耗时: 2028.40ms
2025/12/13 20:20:53.889084 [20:20:45.661] 用户5607 | ✅ 秒杀成功 | 耗时: 2028.40ms
2025/12/13 20:20:53.889089 [20:20:45.661] 用户5691 | ✅ 秒杀成功 | 耗时: 2028.55ms
2025/12/13 20:20:53.889093 [20:20:45.661] 用户5692 | ✅ 秒杀成功 | 耗时: 2028.58ms
2025/12/13 20:20:53.889098 [20:20:45.661] 用户5804 | ✅ 秒杀成功 | 耗时: 2028.35ms
2025/12/13 20:20:53.889103 [20:20:45.661] 用户6155 | ✅ 秒杀成功 | 耗时: 2028.41ms
2025/12/13 20:20:53.889110 [20:20:45.661] 用户5803 | ✅ 秒杀成功 | 耗时: 2028.36ms
2025/12/13 20:20:53.889115 [20:20:45.661] 用户7886 | ✅ 秒杀成功 | 耗时: 1942.77ms
2025/12/13 20:20:53.889121 [20:20:45.661] 用户5685 | ✅ 秒杀成功 | 耗时: 2028.37ms
2025/12/13 20:20:53.889126 [20:20:45.661] 用户5821 | ✅ 秒杀成功 | 耗时: 2028.34ms
2025/12/13 20:20:53.889131 [20:20:45.661] 用户8294 | ✅ 秒杀成功 | 耗时: 1946.16ms
2025/12/13 20:20:53.889136 [20:20:45.661] 用户6582 | ✅ 秒杀成功 | 耗时: 2028.37ms
2025/12/13 20:20:53.889141 [20:20:45.661] 用户6152 | ✅ 秒杀成功 | 耗时: 2028.41ms
2025/12/13 20:20:53.889146 [20:20:45.661] 用户5816 | ✅ 秒杀成功 | 耗时: 2028.77ms
2025/12/13 20:20:53.889156 [20:20:45.661] 用户6680 | ✅ 秒杀成功 | 耗时: 2028.41ms
2025/12/13 20:20:53.889160 [20:20:45.661] 用户5798 | ✅ 秒杀成功 | 耗时: 2028.75ms
2025/12/13 20:20:53.889163 [20:20:45.661] 用户5822 | ✅ 秒杀成功 | 耗时: 2028.38ms
2025/12/13 20:20:53.889167 [20:20:45.661] 用户6167 | ✅ 秒杀成功 | 耗时: 2029.05ms
2025/12/13 20:20:53.889171 [20:20:45.661] 用户6679 | ✅ 秒杀成功 | 耗时: 2028.45ms
2025/12/13 20:20:53.889175 [20:20:45.661] 用户5923 | ✅ 秒杀成功 | 耗时: 2029.94ms
2025/12/13 20:20:53.889178 [20:20:45.661] 用户6264 | ✅ 秒杀成功 | 耗时: 2030.57ms
2025/12/13 20:20:53.889182 [20:20:45.661] 用户6040 | ✅ 秒杀成功 | 耗时: 2029.35ms
2025/12/13 20:20:53.889186 [20:20:45.661] 用户6691 | ✅ 秒杀成功 | 耗时: 2029.38ms
2025/12/13 20:20:53.889190 [20:20:45.661] 用户5587 | ✅ 秒杀成功 | 耗时: 2029.43ms
2025/12/13 20:20:53.889194 [20:20:45.661] 用户6705 | ✅ 秒杀成功 | 耗时: 2029.45ms
2025/12/13 20:20:53.889197 [20:20:45.661] 用户9724 | ✅ 秒杀成功 | 耗时: 1946.99ms
2025/12/13 20:20:53.889201 [20:20:45.661] 用户6042 | ✅ 秒杀成功 | 耗时: 2029.41ms
2025/12/13 20:20:53.889205 [20:20:45.661] 用户6899 | ✅ 秒杀成功 | 耗时: 2030.02ms
2025/12/13 20:20:53.889209 [20:20:45.661] 用户10671 | ✅ 秒杀成功 | 耗时: 1953.54ms
2025/12/13 20:20:53.889212 [20:20:45.661] 用户7774 | ✅ 秒杀成功 | 耗时: 1942.28ms
2025/12/13 20:20:53.889216 [20:20:45.661] 用户6907 | ✅ 秒杀成功 | 耗时: 2030.10ms
2025/12/13 20:20:53.889220 [20:20:45.661] 用户6704 | ✅ 秒杀成功 | 耗时: 2029.50ms
2025/12/13 20:20:53.889223 [20:20:45.661] 用户5700 | ✅ 秒杀成功 | 耗时: 2029.41ms
2025/12/13 20:20:53.889227 [20:20:45.661] 用户159 | ✅ 秒杀成功 | 耗时: 1941.68ms
2025/12/13 20:20:53.889231 [20:20:45.661] 用户6191 | ✅ 秒杀成功 | 耗时: 2030.05ms
2025/12/13 20:20:53.889234 [20:20:45.661] 用户6697 | ✅ 秒杀成功 | 耗时: 2029.51ms
2025/12/13 20:20:53.889238 [20:20:45.661] 用户6251 | ✅ 秒杀成功 | 耗时: 2029.76ms
2025/12/13 20:20:53.889242 [20:20:45.661] 用户6256 | ✅ 秒杀成功 | 耗时: 2030.19ms
2025/12/13 20:20:53.889246 [20:20:45.661] 用户5449 | ✅ 秒杀成功 | 耗时: 2028.13ms
2025/12/13 20:20:53.889249 [20:20:45.661] 用户9158 | ✅ 秒杀成功 | 耗时: 1957.30ms
2025/12/13 20:20:53.889253 [20:20:45.661] 用户2355 | ✅ 秒杀成功 | 耗时: 1977.33ms
2025/12/13 20:20:53.889257 [20:20:45.661] 用户4967 | ✅ 秒杀成功 | 耗时: 2018.00ms
2025/12/13 20:20:53.889260 [20:20:45.661] 用户6694 | ✅ 秒杀成功 | 耗时: 2029.55ms
2025/12/13 20:20:53.889264 [20:20:45.661] 用户5623 | ✅ 秒杀成功 | 耗时: 2029.58ms
2025/12/13 20:20:53.889268 [20:20:45.661] 用户9243 | ✅ 秒杀成功 | 耗时: 1957.94ms
2025/12/13 20:20:53.889271 [20:20:45.661] 用户6162 | ✅ 秒杀成功 | 耗时: 2029.08ms
2025/12/13 20:20:53.889275 [20:20:45.661] 用户5836 | ✅ 秒杀成功 | 耗时: 2030.88ms
2025/12/13 20:20:53.889279 [20:20:45.661] 用户9414 | ✅ 秒杀成功 | 耗时: 1973.66ms
2025/12/13 20:20:53.889282 [20:20:45.661] 用户6046 | ✅ 秒杀成功 | 耗时: 2029.68ms
2025/12/13 20:20:53.889286 [20:20:45.661] 用户5580 | ✅ 秒杀成功 | 耗时: 2029.55ms
2025/12/13 20:20:53.889290 [20:20:45.661] 用户5710 | ✅ 秒杀成功 | 耗时: 2029.61ms
2025/12/13 20:20:53.889294 [20:20:45.661] 用户5790 | ✅ 秒杀成功 | 耗时: 2030.13ms
2025/12/13 20:20:53.889297 [20:20:45.661] 用户6192 | ✅ 秒杀成功 | 耗时: 2030.24ms
2025/12/13 20:20:53.889301 [20:20:45.661] 用户6252 | ✅ 秒杀成功 | 耗时: 2030.19ms
2025/12/13 20:20:53.889305 [20:20:45.661] 用户6674 | ✅ 秒杀成功 | 耗时: 2028.79ms
2025/12/13 20:20:53.889308 [20:20:45.661] 用户5558 | ✅ 秒杀成功 | 耗时: 2028.83ms
2025/12/13 20:20:53.889312 [20:20:45.661] 用户9566 | ✅ 秒杀成功 | 耗时: 1948.94ms
2025/12/13 20:20:53.889316 [20:20:45.661] 用户6677 | ✅ 秒杀成功 | 耗时: 2028.85ms
2025/12/13 20:20:53.889319 [20:20:45.661] 用户6777 | ✅ 秒杀成功 | 耗时: 2028.84ms
2025/12/13 20:20:53.889323 [20:20:45.661] 用户5563 | ✅ 秒杀成功 | 耗时: 2028.88ms
2025/12/13 20:20:53.889327 [20:20:45.661] 用户6159 | ✅ 秒杀成功 | 耗时: 2029.29ms
2025/12/13 20:20:53.889331 [20:20:45.661] 用户5689 | ✅ 秒杀成功 | 耗时: 2029.10ms
2025/12/13 20:20:53.889334 [20:20:45.661] 用户5557 | ✅ 秒杀成功 | 耗时: 2028.87ms
2025/12/13 20:20:53.889338 [20:20:45.661] 用户5426 | ✅ 秒杀成功 | 耗时: 2028.87ms
2025/12/13 20:20:53.889342 [20:20:45.661] 用户9950 | ✅ 秒杀成功 | 耗时: 1942.61ms
2025/12/13 20:20:53.889345 [20:20:45.661] 用户5684 | ✅ 秒杀成功 | 耗时: 2028.95ms
2025/12/13 20:20:53.889349 [20:20:45.661] 用户5456 | ✅ 秒杀成功 | 耗时: 2029.00ms
2025/12/13 20:20:53.889353 [20:20:45.661] 用户5683 | ✅ 秒杀成功 | 耗时: 2028.93ms
2025/12/13 20:20:53.889356 [20:20:45.661] 用户6675 | ✅ 秒杀成功 | 耗时: 2029.05ms
2025/12/13 20:20:53.889360 [20:20:45.661] 用户6157 | ✅ 秒杀成功 | 耗时: 2029.47ms
2025/12/13 20:20:53.889364 [20:20:45.661] 用户6781 | ✅ 秒杀成功 | 耗时: 2029.16ms
2025/12/13 20:20:53.889368 [20:20:45.661] 用户6672 | ✅ 秒杀成功 | 耗时: 2028.91ms
2025/12/13 20:20:53.889371 [20:20:45.662] 用户6687 | ✅ 秒杀成功 | 耗时: 2030.70ms
2025/12/13 20:20:53.889375 [20:20:45.662] 用户8279 | ✅ 秒杀成功 | 耗时: 1947.61ms
2025/12/13 20:20:53.889378 [20:20:45.662] 用户5967 | ✅ 秒杀成功 | 耗时: 2030.70ms
2025/12/13 20:20:53.889382 [20:20:45.662] 用户5534 | ✅ 秒杀成功 | 耗时: 2029.67ms
2025/12/13 20:20:53.889386 [20:20:45.662] 用户6033 | ✅ 秒杀成功 | 耗时: 2029.67ms
2025/12/13 20:20:53.889394 [20:20:45.662] 用户6668 | ✅ 秒杀成功 | 耗时: 2029.72ms
2025/12/13 20:20:53.889398 [20:20:45.662] 用户8 | ✅ 秒杀成功 | 耗时: 1979.16ms
2025/12/13 20:20:53.889407 [20:20:45.662] 用户6670 | ✅ 秒杀成功 | 耗时: 2029.68ms
2025/12/13 20:20:53.889410 [20:20:45.662] 用户6154 | ✅ 秒杀成功 | 耗时: 2030.04ms
2025/12/13 20:20:53.889415 [20:20:45.662] 用户5536 | ✅ 秒杀成功 | 耗时: 2029.74ms
2025/12/13 20:20:53.889420 [20:20:45.662] 用户6774 | ✅ 秒杀成功 | 耗时: 2029.75ms
2025/12/13 20:20:53.889424 [20:20:45.662] 用户8018 | ✅ 秒杀成功 | 耗时: 1944.58ms
2025/12/13 20:20:53.889429 [20:20:45.662] 用户7668 | ✅ 秒杀成功 | 耗时: 1944.53ms
2025/12/13 20:20:53.889433 [20:20:45.662] 用户5548 | ✅ 秒杀成功 | 耗时: 2029.86ms
2025/12/13 20:20:53.889438 [20:20:45.662] 用户6782 | ✅ 秒杀成功 | 耗时: 2030.08ms
2025/12/13 20:20:53.889442 [20:20:45.662] 用户6773 | ✅ 秒杀成功 | 耗时: 2029.88ms
2025/12/13 20:20:53.889447 [20:20:45.662] 用户5542 | ✅ 秒杀成功 | 耗时: 2029.85ms
2025/12/13 20:20:53.889451 [20:20:45.662] 用户5543 | ✅ 秒杀成功 | 耗时: 2029.85ms
2025/12/13 20:20:53.889456 [20:20:45.662] 用户5676 | ✅ 秒杀成功 | 耗时: 2029.82ms
2025/12/13 20:20:53.889460 [20:20:45.662] 用户5554 | ✅ 秒杀成功 | 耗时: 2029.97ms
2025/12/13 20:20:53.889465 [20:20:45.662] 用户5675 | ✅ 秒杀成功 | 耗时: 2029.82ms
2025/12/13 20:20:53.889469 [20:20:45.662] 用户5682 | ✅ 秒杀成功 | 耗时: 2029.94ms
2025/12/13 20:20:53.889473 [20:20:45.662] 用户6403 | ✅ 秒杀成功 | 耗时: 2033.19ms
2025/12/13 20:20:53.889477 [20:20:45.662] 用户6667 | ✅ 秒杀成功 | 耗时: 2029.80ms
2025/12/13 20:20:53.889480 [20:20:45.662] 用户5544 | ✅ 秒杀成功 | 耗时: 2029.89ms
2025/12/13 20:20:53.889484 [20:20:45.662] 用户5678 | ✅ 秒杀成功 | 耗时: 2029.90ms
2025/12/13 20:20:53.889488 [20:20:45.662] 用户5559 | ✅ 秒杀成功 | 耗时: 2029.97ms
2025/12/13 20:20:53.889492 [20:20:45.662] 用户5679 | ✅ 秒杀成功 | 耗时: 2029.91ms
2025/12/13 20:20:53.889495 [20:20:45.662] 用户5313 | ✅ 秒杀成功 | 耗时: 2029.74ms
2025/12/13 20:20:53.889499 [20:20:45.662] 用户5535 | ✅ 秒杀成功 | 耗时: 2029.82ms
2025/12/13 20:20:53.889503 [20:20:45.662] 用户6767 | ✅ 秒杀成功 | 耗时: 2029.74ms
2025/12/13 20:20:53.889506 [20:20:45.662] 用户6768 | ✅ 秒杀成功 | 耗时: 2029.77ms
2025/12/13 20:20:53.889510 [20:20:45.662] 用户6673 | ✅ 秒杀成功 | 耗时: 2029.85ms
2025/12/13 20:20:53.889514 [20:20:45.662] 用户5539 | ✅ 秒杀成功 | 耗时: 2029.88ms
2025/12/13 20:20:53.889518 [20:20:45.662] 用户5545 | ✅ 秒杀成功 | 耗时: 2029.92ms
2025/12/13 20:20:53.889521 [20:20:45.662] 用户6031 | ✅ 秒杀成功 | 耗时: 2029.80ms
2025/12/13 20:20:53.889525 [20:20:45.662] 用户5540 | ✅ 秒杀成功 | 耗时: 2029.89ms
2025/12/13 20:20:53.889529 [20:20:45.662] 用户5799 | ✅ 秒杀成功 | 耗时: 2030.17ms
2025/12/13 20:20:53.889533 [20:20:45.662] 用户5797 | ✅ 秒杀成功 | 耗时: 2030.47ms
2025/12/13 20:20:53.889536 [20:20:45.662] 用户6669 | ✅ 秒杀成功 | 耗时: 2029.85ms
2025/12/13 20:20:53.889540 [20:20:45.662] 用户6030 | ✅ 秒杀成功 | 耗时: 2029.81ms
2025/12/13 20:20:53.889544 [20:20:45.662] 用户5560 | ✅ 秒杀成功 | 耗时: 2030.19ms
2025/12/13 20:20:53.889548 [20:20:45.662] 用户6772 | ✅ 秒杀成功 | 耗时: 2029.87ms
2025/12/13 20:20:53.889551 [20:20:45.662] 用户5538 | ✅ 秒杀成功 | 耗时: 2029.93ms
2025/12/13 20:20:53.889555 [20:20:45.662] 用户5537 | ✅ 秒杀成功 | 耗时: 2029.93ms
2025/12/13 20:20:53.889559 [20:20:45.662] 用户5674 | ✅ 秒杀成功 | 耗时: 2029.95ms
2025/12/13 20:20:53.889562 [20:20:45.662] 用户5677 | ✅ 秒杀成功 | 耗时: 2029.99ms
2025/12/13 20:20:53.889566 [20:20:45.662] 用户6771 | ✅ 秒杀成功 | 耗时: 2029.93ms
2025/12/13 20:20:53.889570 [20:20:45.663] 用户5549 | ✅ 秒杀成功 | 耗时: 2030.09ms
2025/12/13 20:20:53.889573 [20:20:45.663] 用户6032 | ✅ 秒杀成功 | 耗时: 2029.96ms
2025/12/13 20:20:53.889577 [20:20:45.663] 用户6048 | ✅ 秒杀成功 | 耗时: 2031.46ms
2025/12/13 20:20:53.889581 [20:20:45.663] 用户5551 | ✅ 秒杀成功 | 耗时: 2030.81ms
2025/12/13 20:20:53.889585 [20:20:45.665] 用户5841 | ✅ 秒杀成功 | 耗时: 2035.55ms
2025/12/13 20:20:53.889588 [20:20:45.666] 用户1025 | ✅ 秒杀成功 | 耗时: 1947.11ms
2025/12/13 20:20:53.889592 [20:20:45.666] 用户9172 | ✅ 秒杀成功 | 耗时: 1963.27ms
2025/12/13 20:20:53.889596 [20:20:45.666] 用户5771 | ✅ 秒杀成功 | 耗时: 2034.36ms
2025/12/13 20:20:53.889605 [20:20:45.671] 用户5687 | ✅ 秒杀成功 | 耗时: 2038.91ms
2025/12/13 20:20:53.889610 [20:20:45.675] 用户5702 | ✅ 秒杀成功 | 耗时: 2043.15ms
2025/12/13 20:20:53.889614 [20:20:45.675] 用户8688 | ✅ 秒杀成功 | 耗时: 1966.40ms
2025/12/13 20:20:53.889619 [20:20:45.675] 用户5503 | ✅ 秒杀成功 | 耗时: 2040.89ms
2025/12/13 20:20:53.889624 [20:20:45.675] 用户5289 | ✅ 秒杀成功 | 耗时: 2040.82ms
2025/12/13 20:20:53.889628 [20:20:45.675] 用户6755 | ✅ 秒杀成功 | 耗时: 2041.15ms
2025/12/13 20:20:53.889633 [20:20:45.675] 用户5430 | ✅ 秒杀成功 | 耗时: 2041.36ms
2025/12/13 20:20:53.889638 [20:20:45.675] 用户5288 | ✅ 秒杀成功 | 耗时: 2040.84ms
2025/12/13 20:20:53.889642 [20:20:45.675] 用户5324 | ✅ 秒杀成功 | 耗时: 2040.95ms
2025/12/13 20:20:53.889647 [20:20:45.675] 用户5522 | ✅ 秒杀成功 | 耗时: 2041.62ms
2025/12/13 20:20:53.889651 [20:20:45.675] 用户5161 | ✅ 秒杀成功 | 耗时: 2041.02ms
2025/12/13 20:20:53.889655 [20:20:45.675] 用户5768 | ✅ 秒杀成功 | 耗时: 2040.91ms
2025/12/13 20:20:53.889658 [20:20:45.675] 用户6652 | ✅ 秒杀成功 | 耗时: 2040.96ms
2025/12/13 20:20:53.889662 [20:20:45.675] 用户5440 | ✅ 秒杀成功 | 耗时: 2041.73ms
2025/12/13 20:20:53.889666 [20:20:45.677] 用户7593 | ✅ 秒杀成功 | 耗时: 1957.85ms
2025/12/13 20:20:53.889670 [20:20:45.677] 用户6701 | ✅ 秒杀成功 | 耗时: 2045.74ms
2025/12/13 20:20:53.889673 [20:20:45.677] 用户6049 | ✅ 秒杀成功 | 耗时: 2045.87ms
2025/12/13 20:20:53.889677 [20:20:45.677] 用户1070 | ✅ 秒杀成功 | 耗时: 1994.12ms
2025/12/13 20:20:53.889681 [20:20:45.677] 用户5937 | ✅ 秒杀成功 | 耗时: 2044.17ms
2025/12/13 20:20:53.889684 [20:20:45.677] 用户1786 | ✅ 秒杀成功 | 耗时: 1840.22ms
2025/12/13 20:20:53.889688 [20:20:45.677] 用户5290 | ✅ 秒杀成功 | 耗时: 2043.52ms
2025/12/13 20:20:53.889692 [20:20:45.677] 用户6379 | ✅ 秒杀成功 | 耗时: 2047.16ms
2025/12/13 20:20:53.889696 [20:20:45.677] 用户6712 | ✅ 秒杀成功 | 耗时: 2046.56ms
2025/12/13 20:20:53.889700 [20:20:45.679] 用户5947 | ✅ 秒杀成功 | 耗时: 2048.88ms
2025/12/13 20:20:53.889704 [20:20:45.679] 用户6787 | ✅ 秒杀成功 | 耗时: 2047.36ms
2025/12/13 20:20:53.889707 [20:20:45.679] 用户5566 | ✅ 秒杀成功 | 耗时: 2047.07ms
2025/12/13 20:20:53.889711 [20:20:45.679] 用户170 | ✅ 秒杀成功 | 耗时: 1959.88ms
2025/12/13 20:20:53.889715 [20:20:45.681] 用户6683 | ✅ 秒杀成功 | 耗时: 2049.04ms
2025/12/13 20:20:53.889719 [20:20:45.681] 用户5575 | ✅ 秒杀成功 | 耗时: 2049.51ms
2025/12/13 20:20:53.889722 [20:20:45.681] 用户5529 | ✅ 秒杀成功 | 耗时: 2048.53ms
2025/12/13 20:20:53.889726 [20:20:45.681] 用户5272 | ✅ 秒杀成功 | 耗时: 2047.56ms
2025/12/13 20:20:53.889730 [20:20:45.681] 用户5307 | ✅ 秒杀成功 | 耗时: 2048.27ms
2025/12/13 20:20:53.889734 [20:20:45.681] 用户7770 | ✅ 秒杀成功 | 耗时: 1962.98ms
2025/12/13 20:20:53.889737 [20:20:45.681] 用户5814 | ✅ 秒杀成功 | 耗时: 2047.98ms
2025/12/13 20:20:53.889741 [20:20:45.681] 用户5599 | ✅ 秒杀成功 | 耗时: 2048.01ms
2025/12/13 20:20:53.889745 [20:20:45.681] 用户5515 | ✅ 秒杀成功 | 耗时: 2048.10ms
2025/12/13 20:20:53.889748 [20:20:45.681] 用户5428 | ✅ 秒杀成功 | 耗时: 2048.01ms
2025/12/13 20:20:53.889752 [20:20:45.681] 用户5512 | ✅ 秒杀成功 | 耗时: 2048.07ms
2025/12/13 20:20:53.889756 [20:20:45.681] 用户5603 | ✅ 秒杀成功 | 耗时: 2048.21ms
2025/12/13 20:20:53.889760 [20:20:45.681] 用户5300 | ✅ 秒杀成功 | 耗时: 2047.97ms
2025/12/13 20:20:53.889765 [20:20:45.681] 用户5526 | ✅ 秒杀成功 | 耗时: 2048.55ms
2025/12/13 20:20:53.889774 [20:20:45.681] 用户5506 | ✅ 秒杀成功 | 耗时: 2047.78ms
2025/12/13 20:20:53.889780 [20:20:45.681] 用户609 | ✅ 秒杀成功 | 耗时: 2002.31ms
2025/12/13 20:20:53.889784 [20:20:45.681] 用户5787 | ✅ 秒杀成功 | 耗时: 2047.65ms
2025/12/13 20:20:53.889789 [20:20:45.681] 用户5508 | ✅ 秒杀成功 | 耗时: 2047.91ms
2025/12/13 20:20:53.889793 [20:20:45.681] 用户172 | ✅ 秒杀成功 | 耗时: 1962.23ms
2025/12/13 20:20:53.889797 [20:20:45.681] 用户5319 | ✅ 秒杀成功 | 耗时: 2048.03ms
2025/12/13 20:20:53.889802 [20:20:45.681] 用户5600 | ✅ 秒杀成功 | 耗时: 2048.09ms
2025/12/13 20:20:53.889806 [20:20:45.681] 用户5665 | ✅ 秒杀成功 | 耗时: 2048.46ms
2025/12/13 20:20:53.889810 [20:20:45.681] 用户5624 | ✅ 秒杀成功 | 耗时: 2048.02ms
2025/12/13 20:20:53.889814 [20:20:45.681] 用户5317 | ✅ 秒杀成功 | 耗时: 2047.70ms
2025/12/13 20:20:53.889819 [20:20:45.681] 用户5641 | ✅ 秒杀成功 | 耗时: 2047.98ms
2025/12/13 20:20:53.889823 [20:20:45.681] 用户5505 | ✅ 秒杀成功 | 耗时: 2047.82ms
2025/12/13 20:20:53.889827 [20:20:45.681] 用户6662 | ✅ 秒杀成功 | 耗时: 2048.40ms
2025/12/13 20:20:53.889831 [20:20:45.681] 用户5940 | ✅ 秒杀成功 | 耗时: 2048.36ms
2025/12/13 20:20:53.889841 [20:20:45.681] 用户5686 | ✅ 秒杀成功 | 耗时: 2048.29ms
2025/12/13 20:20:53.889847 [20:20:45.681] 用户5301 | ✅ 秒杀成功 | 耗时: 2048.08ms
2025/12/13 20:20:53.889852 [20:20:45.681] 用户5955 | ✅ 秒杀成功 | 耗时: 2048.36ms
2025/12/13 20:20:53.889856 [20:20:45.681] 用户6765 | ✅ 秒杀成功 | 耗时: 2047.90ms
2025/12/13 20:20:53.889860 [20:20:45.681] 用户5291 | ✅ 秒杀成功 | 耗时: 2047.65ms
2025/12/13 20:20:53.889864 [20:20:45.681] 用户5784 | ✅ 秒杀成功 | 耗时: 2047.85ms
2025/12/13 20:20:53.889869 [20:20:45.681] 用户5434 | ✅ 秒杀成功 | 耗时: 2048.14ms
2025/12/13 20:20:53.889873 [20:20:45.681] 用户5954 | ✅ 秒杀成功 | 耗时: 2048.30ms
2025/12/13 20:20:53.889877 [20:20:45.681] 用户5812 | ✅ 秒杀成功 | 耗时: 2048.06ms
2025/12/13 20:20:53.889881 [20:20:45.681] 用户5331 | ✅ 秒杀成功 | 耗时: 2048.33ms
2025/12/13 20:20:53.889886 [20:20:45.681] 用户6761 | ✅ 秒杀成功 | 耗时: 2047.90ms
2025/12/13 20:20:53.889890 [20:20:45.681] 用户5671 | ✅ 秒杀成功 | 耗时: 2048.66ms
2025/12/13 20:20:53.889894 [20:20:45.681] 用户5455 | ✅ 秒杀成功 | 耗时: 2048.44ms
2025/12/13 20:20:53.889899 [20:20:45.681] 用户6766 | ✅ 秒杀成功 | 耗时: 2048.00ms
2025/12/13 20:20:53.889903 [20:20:45.683] 用户5962 | ✅ 秒杀成功 | 耗时: 2050.05ms
2025/12/13 20:20:53.889907 [20:20:45.683] 用户6764 | ✅ 秒杀成功 | 耗时: 2049.38ms
2025/12/13 20:20:53.889911 [20:20:45.683] 用户5322 | ✅ 秒杀成功 | 耗时: 2049.32ms
2025/12/13 20:20:53.889916 [20:20:45.683] 用户5673 | ✅ 秒杀成功 | 耗时: 2050.36ms
2025/12/13 20:20:53.889920 [20:20:45.683] 用户5435 | ✅ 秒杀成功 | 耗时: 2049.79ms
2025/12/13 20:20:53.889924 [20:20:45.683] 用户5681 | ✅ 秒杀成功 | 耗时: 2050.49ms
2025/12/13 20:20:53.889928 [20:20:45.683] 用户5639 | ✅ 秒杀成功 | 耗时: 2049.44ms
2025/12/13 20:20:53.889933 [20:20:45.683] 用户5783 | ✅ 秒杀成功 | 耗时: 2049.39ms
2025/12/13 20:20:53.889937 [20:20:45.683] 用户5294 | ✅ 秒杀成功 | 耗时: 2049.46ms
2025/12/13 20:20:53.889941 [20:20:45.683] 用户5809 | ✅ 秒杀成功 | 耗时: 2049.53ms
2025/12/13 20:20:53.889945 [20:20:45.683] 用户6760 | ✅ 秒杀成功 | 耗时: 2049.43ms
2025/12/13 20:20:53.889950 [20:20:45.683] 用户5425 | ✅ 秒杀成功 | 耗时: 2049.65ms
2025/12/13 20:20:53.889954 [20:20:45.683] 用户5525 | ✅ 秒杀成功 | 耗时: 2050.19ms
2025/12/13 20:20:53.889958 [20:20:45.683] 用户5602 | ✅ 秒杀成功 | 耗时: 2049.90ms
2025/12/13 20:20:53.889963 [20:20:45.683] 用户5944 | ✅ 秒杀成功 | 耗时: 2050.01ms
2025/12/13 20:20:53.889967 [20:20:45.684] 用户5939 | ✅ 秒杀成功 | 耗时: 2051.08ms
2025/12/13 20:20:53.889972 [20:20:45.684] 用户5437 | ✅ 秒杀成功 | 耗时: 2050.97ms
2025/12/13 20:20:53.889976 [20:20:45.684] 用户5640 | ✅ 秒杀成功 | 耗时: 2050.77ms
2025/12/13 20:20:53.889981 [20:20:45.684] 用户5667 | ✅ 秒杀成功 | 耗时: 2051.29ms
2025/12/13 20:20:53.889985 [20:20:45.684] 用户5441 | ✅ 秒杀成功 | 耗时: 2051.22ms
2025/12/13 20:20:53.889989 [20:20:45.684] 用户5670 | ✅ 秒杀成功 | 耗时: 2051.36ms
2025/12/13 20:20:53.889994 [20:20:45.684] 用户5445 | ✅ 秒杀成功 | 耗时: 2051.32ms
2025/12/13 20:20:53.889998 [20:20:45.684] 用户5325 | ✅ 秒杀成功 | 耗时: 2050.89ms
2025/12/13 20:20:53.890002 [20:20:45.684] 用户5302 | ✅ 秒杀成功 | 耗时: 2050.81ms
2025/12/13 20:20:53.890006 [20:20:45.684] 用户5664 | ✅ 秒杀成功 | 耗时: 2051.26ms
2025/12/13 20:20:53.890010 [20:20:45.684] 用户5333 | ✅ 秒杀成功 | 耗时: 2050.90ms
2025/12/13 20:20:53.890015 [20:20:45.684] 用户5332 | ✅ 秒杀成功 | 耗时: 2051.15ms
2025/12/13 20:20:53.890019 [20:20:45.684] 用户6656 | ✅ 秒杀成功 | 耗时: 2051.28ms
2025/12/13 20:20:53.890023 [20:20:45.684] 用户5556 | ✅ 秒杀成功 | 耗时: 2052.10ms
2025/12/13 20:20:53.890027 [20:20:45.684] 用户5501 | ✅ 秒杀成功 | 耗时: 2050.64ms
2025/12/13 20:20:53.890032 [20:20:45.684] 用户5326 | ✅ 秒杀成功 | 耗时: 2051.02ms
2025/12/13 20:20:53.890036 [20:20:45.684] 用户5666 | ✅ 秒杀成功 | 耗时: 2051.42ms
2025/12/13 20:20:53.890040 [20:20:45.684] 用户5810 | ✅ 秒杀成功 | 耗时: 2050.90ms
2025/12/13 20:20:53.890044 [20:20:45.684] 用户5942 | ✅ 秒杀成功 | 耗时: 2051.56ms
2025/12/13 20:20:53.890049 [20:20:45.684] 用户5659 | ✅ 秒杀成功 | 耗时: 2050.79ms
2025/12/13 20:20:53.890053 [20:20:45.684] 用户5504 | ✅ 秒杀成功 | 耗时: 2050.75ms
2025/12/13 20:20:53.890057 [20:20:45.684] 用户5296 | ✅ 秒杀成功 | 耗时: 2050.87ms
2025/12/13 20:20:53.890062 [20:20:45.684] 用户5953 | ✅ 秒杀成功 | 耗时: 2051.19ms
2025/12/13 20:20:53.890066 [20:20:45.684] 用户6660 | ✅ 秒杀成功 | 耗时: 2051.46ms
2025/12/13 20:20:53.890070 [20:20:45.684] 用户6738 | ✅ 秒杀成功 | 耗时: 2050.81ms
2025/12/13 20:20:53.890075 [20:20:45.684] 用户5662 | ✅ 秒杀成功 | 耗时: 2051.36ms
2025/12/13 20:20:53.890079 [20:20:45.684] 用户5873 | ✅ 秒杀成功 | 耗时: 2051.12ms
2025/12/13 20:20:53.890083 [20:20:45.684] 用户6657 | ✅ 秒杀成功 | 耗时: 2051.43ms
2025/12/13 20:20:53.890087 [20:20:45.684] 用户5638 | ✅ 秒杀成功 | 耗时: 2050.93ms
2025/12/13 20:20:53.890092 [20:20:45.684] 用户6655 | ✅ 秒杀成功 | 耗时: 2051.38ms
2025/12/13 20:20:53.890103 [20:20:45.684] 用户5785 | ✅ 秒杀成功 | 耗时: 2050.83ms
2025/12/13 20:20:53.890108 [20:20:45.684] 用户5320 | ✅ 秒杀成功 | 耗时: 2050.75ms
2025/12/13 20:20:53.890112 [20:20:45.684] 用户5982 | ✅ 秒杀成功 | 耗时: 2051.16ms
2025/12/13 20:20:53.890116 [20:20:45.684] 用户5323 | ✅ 秒杀成功 | 耗时: 2050.78ms
2025/12/13 20:20:53.890121 [20:20:45.684] 用户5443 | ✅ 秒杀成功 | 耗时: 2051.46ms
2025/12/13 20:20:53.890125 [20:20:45.684] 用户5960 | ✅ 秒杀成功 | 耗时: 2051.42ms
2025/12/13 20:20:53.890129 [20:20:45.684] 用户5813 | ✅ 秒杀成功 | 耗时: 2051.03ms
2025/12/13 20:20:53.890133 [20:20:45.684] 用户5959 | ✅ 秒杀成功 | 耗时: 2051.41ms
2025/12/13 20:20:53.890138 [20:20:45.684] 用户5299 | ✅ 秒杀成功 | 耗时: 2050.82ms
2025/12/13 20:20:53.890142 [20:20:45.684] 用户6663 | ✅ 秒杀成功 | 耗时: 2051.63ms
2025/12/13 20:20:53.890146 [20:20:45.684] 用户5511 | ✅ 秒杀成功 | 耗时: 2051.16ms
2025/12/13 20:20:53.890150 [20:20:45.684] 用户6653 | ✅ 秒杀成功 | 耗时: 2050.66ms
2025/12/13 20:20:53.890155 [20:20:45.684] 用户5680 | ✅ 秒杀成功 | 耗时: 2051.94ms
2025/12/13 20:20:53.890159 [20:20:45.684] 用户5964 | ✅ 秒杀成功 | 耗时: 2051.61ms
2025/12/13 20:20:53.890163 [20:20:45.684] 用户9826 | ✅ 秒杀成功 | 耗时: 2008.79ms
2025/12/13 20:20:53.890167 [20:20:45.684] 用户5672 | ✅ 秒杀成功 | 耗时: 2051.63ms
2025/12/13 20:20:53.890171 [20:20:45.684] 用户5604 | ✅ 秒杀成功 | 耗时: 2051.08ms
2025/12/13 20:20:53.890176 [20:20:45.684] 用户6640 | ✅ 秒杀成功 | 耗时: 2051.61ms
2025/12/13 20:20:53.890180 [20:20:45.684] 用户745 | ✅ 秒杀成功 | 耗时: 1982.14ms
2025/12/13 20:20:53.890184 [20:20:45.684] 用户5915 | ✅ 秒杀成功 | 耗时: 2051.15ms
2025/12/13 20:20:53.890188 [20:20:45.684] 用户7637 | ✅ 秒杀成功 | 耗时: 1966.14ms
2025/12/13 20:20:53.890193 [20:20:45.684] 用户5427 | ✅ 秒杀成功 | 耗时: 2051.12ms
2025/12/13 20:20:53.890197 [20:20:45.684] 用户6151 | ✅ 秒杀成功 | 耗时: 2052.14ms
2025/12/13 20:20:53.890201 [20:20:45.684] 用户5321 | ✅ 秒杀成功 | 耗时: 2050.85ms
2025/12/13 20:20:53.890205 [20:20:45.684] 用户5318 | ✅ 秒杀成功 | 耗时: 2050.81ms
2025/12/13 20:20:53.890210 [20:20:45.684] 用户5308 | ✅ 秒杀成功 | 耗时: 2051.46ms
2025/12/13 20:20:53.890214 [20:20:45.684] 用户5811 | ✅ 秒杀成功 | 耗时: 2051.08ms
2025/12/13 20:20:53.890218 [20:20:45.684] 用户5513 | ✅ 秒杀成功 | 耗时: 2051.27ms
2025/12/13 20:20:53.890222 [20:20:45.684] 用户7218 | ✅ 秒杀成功 | 耗时: 1965.37ms
2025/12/13 20:20:53.890227 [20:20:45.684] 用户5447 | ✅ 秒杀成功 | 耗时: 2051.68ms
2025/12/13 20:20:53.890231 [20:20:45.684] 用户5550 | ✅ 秒杀成功 | 耗时: 2052.06ms
2025/12/13 20:20:53.890235 [20:20:45.684] 用户5298 | ✅ 秒杀成功 | 耗时: 2051.09ms
2025/12/13 20:20:53.890239 [20:20:45.684] 用户5663 | ✅ 秒杀成功 | 耗时: 2051.54ms
2025/12/13 20:20:53.890244 [20:20:45.684] 用户5297 | ✅ 秒杀成功 | 耗时: 2051.08ms
2025/12/13 20:20:53.890248 [20:20:45.684] 用户6775 | ✅ 秒杀成功 | 耗时: 2052.10ms
2025/12/13 20:20:53.890252 [20:20:45.684] 用户5546 | ✅ 秒杀成功 | 耗时: 2052.07ms
2025/12/13 20:20:53.890256 [20:20:45.684] 用户5553 | ✅ 秒杀成功 | 耗时: 2052.09ms
2025/12/13 20:20:53.890260 [20:20:45.684] 用户5293 | ✅ 秒杀成功 | 耗时: 2051.00ms
2025/12/13 20:20:53.890265 [20:20:45.685] 用户5438 | ✅ 秒杀成功 | 耗时: 2051.46ms
2025/12/13 20:20:53.890269 [20:20:45.685] 用户5916 | ✅ 秒杀成功 | 耗时: 2051.30ms
2025/12/13 20:20:53.890273 [20:20:45.685] 用户6666 | ✅ 秒杀成功 | 耗时: 2052.00ms
2025/12/13 20:20:53.890277 [20:20:45.685] 用户5448 | ✅ 秒杀成功 | 耗时: 2052.03ms
2025/12/13 20:20:53.890282 [20:20:45.685] 用户5442 | ✅ 秒杀成功 | 耗时: 2052.01ms
2025/12/13 20:20:53.890286 [20:20:45.685] 用户5698 | ✅ 秒杀成功 | 耗时: 2052.76ms
2025/12/13 20:20:53.890290 [20:20:45.685] 用户5637 | ✅ 秒杀成功 | 耗时: 2051.45ms
2025/12/13 20:20:53.890294 [20:20:45.685] 用户6659 | ✅ 秒杀成功 | 耗时: 2052.06ms
2025/12/13 20:20:53.890299 [20:20:45.685] 用户5531 | ✅ 秒杀成功 | 耗时: 2052.66ms
2025/12/13 20:20:53.890303 [20:20:45.685] 用户155 | ✅ 秒杀成功 | 耗时: 1965.97ms
2025/12/13 20:20:53.890307 [20:20:45.685] 用户5943 | ✅ 秒杀成功 | 耗时: 2052.45ms
2025/12/13 20:20:53.890311 [20:20:45.685] 用户5436 | ✅ 秒杀成功 | 耗时: 2052.08ms
2025/12/13 20:20:53.890316 [20:20:45.685] 用户5433 | ✅ 秒杀成功 | 耗时: 2052.13ms
2025/12/13 20:20:53.890320 [20:20:45.685] 用户5330 | ✅ 秒杀成功 | 耗时: 2052.18ms
2025/12/13 20:20:53.890324 [20:20:45.685] 用户5329 | ✅ 秒杀成功 | 耗时: 2052.14ms
2025/12/13 20:20:53.890328 [20:20:45.686] 用户5516 | ✅ 秒杀成功 | 耗时: 2052.46ms
2025/12/13 20:20:53.890333 [20:20:45.686] 用户5952 | ✅ 秒杀成功 | 耗时: 2052.39ms
2025/12/13 20:20:53.890337 [20:20:45.686] 用户5191 | ✅ 秒杀成功 | 耗时: 2052.39ms
2025/12/13 20:20:53.890341 [20:20:45.686] 用户5517 | ✅ 秒杀成功 | 耗时: 2052.39ms
2025/12/13 20:20:53.890345 [20:20:45.686] 用户5514 | ✅ 秒杀成功 | 耗时: 2052.42ms
2025/12/13 20:20:53.890350 [20:20:45.687] 用户5454 | ✅ 秒杀成功 | 耗时: 2054.28ms
2025/12/13 20:20:53.890354 [20:20:45.687] 用户6780 | ✅ 秒杀成功 | 耗时: 2054.52ms
2025/12/13 20:20:53.890358 [20:20:45.687] 用户5432 | ✅ 秒杀成功 | 耗时: 2053.76ms
2025/12/13 20:20:53.890362 [20:20:45.687] 用户6762 | ✅ 秒杀成功 | 耗时: 2053.48ms
2025/12/13 20:20:53.890367 [20:20:45.687] 用户5786 | ✅ 秒杀成功 | 耗时: 2053.47ms
2025/12/13 20:20:53.890371 [20:20:45.687] 用户5606 | ✅ 秒杀成功 | 耗时: 2054.84ms
2025/12/13 20:20:53.890375 [20:20:45.687] 用户5636 | ✅ 秒杀成功 | 耗时: 2053.62ms
2025/12/13 20:20:53.890380 [20:20:45.687] 用户5815 | ✅ 秒杀成功 | 耗时: 2054.86ms
2025/12/13 20:20:53.890384 [20:20:45.687] 用户6171 | ✅ 秒杀成功 | 耗时: 2055.67ms
2025/12/13 20:20:53.890388 [20:20:45.687] 用户7856 | ✅ 秒杀成功 | 耗时: 1969.23ms
2025/12/13 20:20:53.890392 [20:20:45.687] 用户8704 | ✅ 秒杀成功 | 耗时: 1980.01ms
2025/12/13 20:20:53.890397 [20:20:45.687] 用户6173 | ✅ 秒杀成功 | 耗时: 2055.78ms
2025/12/13 20:20:53.890401 [20:20:45.688] 用户5552 | ✅ 秒杀成功 | 耗时: 2055.49ms
2025/12/13 20:20:53.890405 [20:20:45.688] 用户5555 | ✅ 秒杀成功 | 耗时: 2055.56ms
2025/12/13 20:20:53.890409 [20:20:45.688] 用户6776 | ✅ 秒杀成功 | 耗时: 2055.59ms
2025/12/13 20:20:53.890414 [20:20:45.688] 用户5465 | ✅ 秒杀成功 | 耗时: 2055.62ms
2025/12/13 20:20:53.890418 [20:20:45.688] 用户8288 | ✅ 秒杀成功 | 耗时: 1973.47ms
2025/12/13 20:20:53.890422 [20:20:45.688] 用户5444 | ✅ 秒杀成功 | 耗时: 2055.16ms
2025/12/13 20:20:53.890426 [20:20:45.688] 用户5439 | ✅ 秒杀成功 | 耗时: 2055.01ms
2025/12/13 20:20:53.890431 [20:20:45.688] 用户5309 | ✅ 秒杀成功 | 耗时: 2055.07ms
2025/12/13 20:20:53.890435 [20:20:45.688] 用户5310 | ✅ 秒杀成功 | 耗时: 2055.15ms
2025/12/13 20:20:53.890439 [20:20:45.688] 用户5957 | ✅ 秒杀成功 | 耗时: 2055.14ms
2025/12/13 20:20:53.890444 [20:20:45.688] 用户5192 | ✅ 秒杀成功 | 耗时: 2055.12ms
2025/12/13 20:20:53.890448 [20:20:45.688] 用户5315 | ✅ 秒杀成功 | 耗时: 2055.06ms
2025/12/13 20:20:53.890452 [20:20:45.688] 用户5520 | ✅ 秒杀成功 | 耗时: 2055.13ms
2025/12/13 20:20:53.890456 [20:20:45.688] 用户5823 | ✅ 秒杀成功 | 耗时: 2054.91ms
2025/12/13 20:20:53.890460 [20:20:45.688] 用户5510 | ✅ 秒杀成功 | 耗时: 2055.15ms
2025/12/13 20:20:53.890465 [20:20:45.688] 用户5601 | ✅ 秒杀成功 | 耗时: 2055.18ms
2025/12/13 20:20:53.890469 [20:20:45.688] 用户5327 | ✅ 秒杀成功 | 耗时: 2055.17ms
2025/12/13 20:20:53.890473 [20:20:45.689] 用户5523 | ✅ 秒杀成功 | 耗时: 2055.68ms
2025/12/13 20:20:53.890478 [20:20:45.689] 用户5956 | ✅ 秒杀成功 | 耗时: 2055.69ms
2025/12/13 20:20:53.890482 [20:20:45.689] 用户5311 | ✅ 秒杀成功 | 耗时: 2055.63ms
2025/12/13 20:20:53.890486 [20:20:45.701] 用户6393 | ✅ 秒杀成功 | 耗时: 2071.57ms
2025/12/13 20:20:53.890490 [20:20:45.701] 用户5966 | ✅ 秒杀成功 | 耗时: 2069.94ms
2025/12/13 20:20:53.890495 [20:20:45.730] 用户7142 | ✅ 秒杀成功 | 耗时: 1919.70ms
2025/12/13 20:20:53.890499 [20:20:45.731] 用户5626 | ✅ 秒杀成功 | 耗时: 2096.88ms
2025/12/13 20:20:53.890503 [20:20:45.732] 用户9590 | ✅ 秒杀成功 | 耗时: 2021.04ms
2025/12/13 20:20:53.890507 [20:20:45.732] 用户5725 | ✅ 秒杀成功 | 耗时: 2097.29ms
2025/12/13 20:20:53.890512 [20:20:45.732] 用户1551 | ✅ 秒杀成功 | 耗时: 2056.95ms
2025/12/13 20:20:53.890516 [20:20:45.732] 用户8329 | ✅ 秒杀成功 | 耗时: 2013.97ms
2025/12/13 20:20:53.890520 [20:20:45.732] 用户2825 | ✅ 秒杀成功 | 耗时: 2012.55ms
2025/12/13 20:20:53.890524 [20:20:45.732] 用户8488 | ✅ 秒杀成功 | 耗时: 2014.96ms
2025/12/13 20:20:53.890529 [20:20:45.732] 用户8308 | ✅ 秒杀成功 | 耗时: 2013.18ms
2025/12/13 20:20:53.890533 [20:20:45.732] 用户8017 | ✅ 秒杀成功 | 耗时: 2014.75ms
2025/12/13 20:20:53.890537 [20:20:45.732] 用户2554 | ✅ 秒杀成功 | 耗时: 2012.83ms
2025/12/13 20:20:53.890541 [20:20:45.732] 用户2888 | ✅ 秒杀成功 | 耗时: 2013.07ms
2025/12/13 20:20:53.890546 [20:20:45.732] 用户5902 | ✅ 秒杀成功 | 耗时: 2097.53ms
2025/12/13 20:20:53.890550 [20:20:45.732] 用户7734 | ✅ 秒杀成功 | 耗时: 2014.36ms
2025/12/13 20:20:53.890554 [20:20:45.733] 用户1283 | ✅ 秒杀成功 | 耗时: 1886.86ms
2025/12/13 20:20:53.890558 [20:20:45.733] 用户8107 | ✅ 秒杀成功 | 耗时: 2015.35ms
2025/12/13 20:20:53.890563 [20:20:45.733] 用户8384 | ✅ 秒杀成功 | 耗时: 2014.70ms
2025/12/13 20:20:53.890567 [20:20:45.733] 用户2412 | ✅ 秒杀成功 | 耗时: 1998.48ms
2025/12/13 20:20:53.890571 [20:20:45.733] 用户4903 | ✅ 秒杀成功 | 耗时: 2096.33ms
2025/12/13 20:20:53.890575 [20:20:45.733] 用户9765 | ✅ 秒杀成功 | 耗时: 2024.29ms
2025/12/13 20:20:53.890580 [20:20:45.733] 用户3006 | ✅ 秒杀成功 | 耗时: 2012.99ms
2025/12/13 20:20:53.890584 [20:20:45.733] 用户2889 | ✅ 秒杀成功 | 耗时: 2013.01ms
2025/12/13 20:20:53.890588 [20:20:45.733] 用户9057 | ✅ 秒杀成功 | 耗时: 2028.85ms
2025/12/13 20:20:53.890592 [20:20:45.733] 用户7864 | ✅ 秒杀成功 | 耗时: 2014.89ms
2025/12/13 20:20:53.890597 [20:20:45.733] 用户7890 | ✅ 秒杀成功 | 耗时: 2015.24ms
2025/12/13 20:20:53.890601 [20:20:45.733] 用户7910 | ✅ 秒杀成功 | 耗时: 2015.35ms
2025/12/13 20:20:53.890605 [20:20:45.733] 用户9938 | ✅ 秒杀成功 | 耗时: 2014.18ms
2025/12/13 20:20:53.890609 [20:20:45.734] 用户5528 | ✅ 秒杀成功 | 耗时: 2101.33ms
2025/12/13 20:20:53.890615 [20:20:45.734] 用户811 | ✅ 秒杀成功 | 耗时: 2047.39ms
2025/12/13 20:20:53.890620 [20:20:45.736] 用户9925 | ✅ 秒杀成功 | 耗时: 2025.16ms
2025/12/13 20:20:53.890624 [20:20:45.736] 用户6665 | ✅ 秒杀成功 | 耗时: 2102.95ms
2025/12/13 20:20:53.890629 [20:20:45.741] 用户10182 | ✅ 秒杀成功 | 耗时: 2053.66ms
2025/12/13 20:20:53.890633 [20:20:45.741] 用户5533 | ✅ 秒杀成功 | 耗时: 2108.16ms
2025/12/13 20:20:53.890637 [20:20:45.743] 用户9292 | ✅ 秒杀成功 | 耗时: 2049.00ms
2025/12/13 20:20:53.890642 [20:20:45.743] 用户5643 | ✅ 秒杀成功 | 耗时: 2111.29ms
2025/12/13 20:20:53.890646 [20:20:45.744] 用户5961 | ✅ 秒杀成功 | 耗时: 2110.98ms
2025/12/13 20:20:53.890650 [20:20:45.744] 用户9736 | ✅ 秒杀成功 | 耗时: 2068.99ms
2025/12/13 20:20:53.890654 [20:20:45.745] 用户2197 | ✅ 秒杀成功 | 耗时: 1983.05ms
2025/12/13 20:20:53.890659 [20:20:45.746] 用户8631 | ✅ 秒杀成功 | 耗时: 2032.65ms
2025/12/13 20:20:53.890663 [20:20:45.746] 用户9276 | ✅ 秒杀成功 | 耗时: 2043.45ms
2025/12/13 20:20:53.890667 [20:20:45.746] 用户10334 | ✅ 秒杀成功 | 耗时: 2053.47ms
2025/12/13 20:20:53.890672 [20:20:45.749] 用户5909 | ✅ 秒杀成功 | 耗时: 2114.68ms
2025/12/13 20:20:53.890676 [20:20:45.749] 用户8394 | ✅ 秒杀成功 | 耗时: 2031.34ms
2025/12/13 20:20:53.890680 [20:20:45.749] 用户103 | ✅ 秒杀成功 | 耗时: 2065.73ms
2025/12/13 20:20:53.890685 [20:20:45.750] 用户9148 | ✅ 秒杀成功 | 耗时: 2046.10ms
2025/12/13 20:20:53.890689 [20:20:45.753] 用户5669 | ✅ 秒杀成功 | 耗时: 2120.34ms
2025/12/13 20:20:53.890693 [20:20:45.753] 用户3259 | ✅ 秒杀成功 | 耗时: 2068.48ms
2025/12/13 20:20:53.890697 [20:20:45.753] 用户889 | ✅ 秒杀成功 | 耗时: 2056.93ms
2025/12/13 20:20:53.890701 [20:20:45.754] 用户5806 | ✅ 秒杀成功 | 耗时: 2122.78ms
2025/12/13 20:20:53.890706 [20:20:45.754] 用户2183 | ✅ 秒杀成功 | 耗时: 1990.27ms
2025/12/13 20:20:53.890710 [20:20:45.754] 用户8407 | ✅ 秒杀成功 | 耗时: 2036.59ms
2025/12/13 20:20:53.890714 [20:20:45.754] 用户173 | ✅ 秒杀成功 | 耗时: 2035.29ms
2025/12/13 20:20:53.890719 [20:20:45.754] 用户5800 | ✅ 秒杀成功 | 耗时: 2122.76ms
2025/12/13 20:20:53.890723 [20:20:45.754] 用户5924 | ✅ 秒杀成功 | 耗时: 2123.87ms
2025/12/13 20:20:53.890727 [20:20:45.754] 用户2450 | ✅ 秒杀成功 | 耗时: 2034.85ms
2025/12/13 20:20:53.890731 [20:20:45.755] 用户7583 | ✅ 秒杀成功 | 耗时: 2035.32ms
2025/12/13 20:20:53.890736 [20:20:45.755] 用户5827 | ✅ 秒杀成功 | 耗时: 2123.26ms
2025/12/13 20:20:53.890740 [20:20:45.755] 用户5316 | ✅ 秒杀成功 | 耗时: 2123.33ms
2025/12/13 20:20:53.890745 [20:20:45.755] 用户5585 | ✅ 秒杀成功 | 耗时: 2123.44ms
2025/12/13 20:20:53.890749 [20:20:45.755] 用户9138 | ✅ 秒杀成功 | 耗时: 2036.31ms
2025/12/13 20:20:53.890753 [20:20:45.755] 用户5704 | ✅ 秒杀成功 | 耗时: 2123.77ms
2025/12/13 20:20:53.890757 [20:20:45.758] 用户6700 | ✅ 秒杀成功 | 耗时: 2126.25ms
2025/12/13 20:20:53.890762 [20:20:45.758] 用户5509 | ✅ 秒杀成功 | 耗时: 2124.65ms
2025/12/13 20:20:53.890766 [20:20:45.758] 用户5660 | ✅ 秒杀成功 | 耗时: 2124.99ms
2025/12/13 20:20:53.890770 [20:20:45.760] 用户9924 | ✅ 秒杀成功 | 耗时: 2048.51ms
2025/12/13 20:20:53.890774 [20:20:45.764] 用户2479 | ✅ 秒杀成功 | 耗时: 2080.79ms
2025/12/13 20:20:53.890779 [20:20:45.765] 用户1310 | ✅ 秒杀成功 | 耗时: 1919.31ms
2025/12/13 20:20:53.890783 [20:20:45.765] 用户5914 | ✅ 秒杀成功 | 耗时: 2131.67ms
2025/12/13 20:20:53.890787 [20:20:45.766] 用户4906 | ✅ 秒杀成功 | 耗时: 2130.14ms
2025/12/13 20:20:53.890791 [20:20:45.773] 用户10327 | ✅ 秒杀成功 | 耗时: 2157.82ms
2025/12/13 20:20:53.890796 [20:20:45.773] 用户8803 | ✅ 秒杀成功 | 耗时: 2060.10ms
2025/12/13 20:20:53.890800 [20:20:45.774] 用户5450 | ✅ 秒杀成功 | 耗时: 2140.85ms
2025/12/13 20:20:53.890804 [20:20:45.778] 用户5262 | ✅ 秒杀成功 | 耗时: 2143.32ms
2025/12/13 20:20:53.890814 [20:20:45.779] 用户8720 | ✅ 秒杀成功 | 耗时: 2061.79ms
2025/12/13 20:20:53.890819 [20:20:45.783] 用户978 | ✅ 秒杀成功 | 耗时: 2095.71ms
2025/12/13 20:20:53.890823 [20:20:45.783] 用户8396 | ✅ 秒杀成功 | 耗时: 2065.25ms
2025/12/13 20:20:53.890827 [20:20:45.783] 用户10059 | ✅ 秒杀成功 | 耗时: 2092.91ms
2025/12/13 20:20:53.890832 [20:20:45.786] 用户8829 | ✅ 秒杀成功 | 耗时: 2078.89ms
2025/12/13 20:20:53.890836 [20:20:45.786] 用户9152 | ✅ 秒杀成功 | 耗时: 2082.40ms
2025/12/13 20:20:53.890840 [20:20:45.786] 用户8933 | ✅ 秒杀成功 | 耗时: 2072.26ms
2025/12/13 20:20:53.890845 [20:20:45.786] 用户952 | ✅ 秒杀成功 | 耗时: 2085.22ms
2025/12/13 20:20:53.890849 [20:20:45.786] 用户9837 | ✅ 秒杀成功 | 耗时: 2111.21ms
2025/12/13 20:20:53.890853 [20:20:45.786] 用户10083 | ✅ 秒杀成功 | 耗时: 2103.01ms
2025/12/13 20:20:53.890858 [20:20:45.788] 用户8842 | ✅ 秒杀成功 | 耗时: 2081.48ms
2025/12/13 20:20:53.890862 [20:20:45.790] 用户199 | ✅ 秒杀成功 | 耗时: 2106.71ms
2025/12/13 20:20:53.890866 [20:20:45.790] 用户2588 | ✅ 秒杀成功 | 耗时: 2070.25ms
2025/12/13 20:20:53.890870 [20:20:45.790] 用户7619 | ✅ 秒杀成功 | 耗时: 2071.54ms
2025/12/13 20:20:53.890875 [20:20:45.790] 用户945 | ✅ 秒杀成功 | 耗时: 2102.67ms
2025/12/13 20:20:53.890879 [20:20:45.790] 用户9941 | ✅ 秒杀成功 | 耗时: 2070.86ms
2025/12/13 20:20:53.890883 [20:20:45.790] 用户5912 | ✅ 秒杀成功 | 耗时: 2155.93ms
2025/12/13 20:20:53.890888 [20:20:45.790] 用户3988 | ✅ 秒杀成功 | 耗时: 2025.32ms
2025/12/13 20:20:53.890892 [20:20:45.794] 用户6128 | ✅ 秒杀成功 | 耗时: 2158.74ms
2025/12/13 20:20:53.890896 [20:20:45.806] 用户2192 | ✅ 秒杀成功 | 耗时: 2043.91ms
2025/12/13 20:20:53.890910 [20:20:45.806] 用户8658 | ✅ 秒杀成功 | 耗时: 2094.24ms
2025/12/13 20:20:53.890915 [20:20:45.806] 用户5495 | ✅ 秒杀成功 | 耗时: 2170.67ms
2025/12/13 20:20:53.890921 [20:20:45.806] 用户5412 | ✅ 秒杀成功 | 耗时: 2170.82ms
2025/12/13 20:20:53.890926 [20:20:45.806] 用户5963 | ✅ 秒杀成功 | 耗时: 2173.03ms
2025/12/13 20:20:53.890931 [20:20:45.806] 用户1965 | ✅ 秒杀成功 | 耗时: 2106.32ms
2025/12/13 20:20:53.890936 [20:20:45.807] 用户9928 | ✅ 秒杀成功 | 耗时: 2096.52ms
2025/12/13 20:20:53.890940 [20:20:45.808] 用户6125 | ✅ 秒杀成功 | 耗时: 2172.53ms
2025/12/13 20:20:53.890944 [20:20:45.809] 用户5260 | ✅ 秒杀成功 | 耗时: 2174.07ms
2025/12/13 20:20:53.890949 [20:20:45.810] 用户7780 | ✅ 秒杀成功 | 耗时: 2091.96ms
2025/12/13 20:20:53.890953 [20:20:45.815] 用户10317 | ✅ 秒杀成功 | 耗时: 2140.18ms
2025/12/13 20:20:53.890957 [20:20:45.815] 用户4901 | ✅ 秒杀成功 | 耗时: 2178.75ms
2025/12/13 20:20:53.890964 [20:20:45.815] 用户5658 | ✅ 秒杀成功 | 耗时: 2181.50ms
2025/12/13 20:20:53.890968 [20:20:45.815] 用户9874 | ✅ 秒杀成功 | 耗时: 2140.15ms
2025/12/13 20:20:53.890972 [20:20:45.816] 用户8189 | ✅ 秒杀成功 | 耗时: 2098.56ms
2025/12/13 20:20:53.890976 [20:20:45.816] 用户10337 | ✅ 秒杀成功 | 耗时: 2129.20ms
2025/12/13 20:20:53.890980 [20:20:45.821] 用户5400 | ✅ 秒杀成功 | 耗时: 2184.76ms
2025/12/13 20:20:53.890984 [20:20:45.821] 用户751 | ✅ 秒杀成功 | 耗时: 2118.59ms
2025/12/13 20:20:53.890987 [20:20:45.821] 用户5268 | ✅ 秒杀成功 | 耗时: 2185.74ms
2025/12/13 20:20:53.890991 [20:20:45.821] 用户416 | ✅ 秒杀成功 | 耗时: 2133.38ms
2025/12/13 20:20:53.890995 [20:20:45.821] 用户5401 | ✅ 秒杀成功 | 耗时: 2184.86ms
2025/12/13 20:20:53.891000 [20:20:45.821] 用户8810 | ✅ 秒杀成功 | 耗时: 2107.71ms
2025/12/13 20:20:53.891005 [20:20:45.821] 用户1683 | ✅ 秒杀成功 | 耗时: 2126.07ms
2025/12/13 20:20:53.891009 [20:20:45.821] 用户2449 | ✅ 秒杀成功 | 耗时: 2101.27ms
2025/12/13 20:20:53.891014 [20:20:45.821] 用户9827 | ✅ 秒杀成功 | 耗时: 2112.72ms
2025/12/13 20:20:53.891019 [20:20:45.821] 用户9854 | ✅ 秒杀成功 | 耗时: 2145.81ms
2025/12/13 20:20:53.891023 [20:20:45.821] 用户8386 | ✅ 秒杀成功 | 耗时: 2103.14ms
2025/12/13 20:20:53.891027 [20:20:45.825] 用户9754 | ✅ 秒杀成功 | 耗时: 2112.07ms
2025/12/13 20:20:53.891031 [20:20:45.825] 用户10466 | ✅ 秒杀成功 | 耗时: 2150.24ms
2025/12/13 20:20:53.891035 [20:20:45.826] 用户5413 | ✅ 秒杀成功 | 耗时: 2190.56ms
2025/12/13 20:20:53.891039 [20:20:45.826] 用户5795 | ✅ 秒杀成功 | 耗时: 2191.95ms
2025/12/13 20:20:53.891042 [20:20:45.826] 用户8447 | ✅ 秒杀成功 | 耗时: 2113.14ms
2025/12/13 20:20:53.891046 [20:20:45.826] 用户7187 | ✅ 秒杀成功 | 耗时: 2015.49ms
2025/12/13 20:20:53.891050 [20:20:45.827] 用户5156 | ✅ 秒杀成功 | 耗时: 2190.01ms
2025/12/13 20:20:53.891054 [20:20:45.828] 用户9918 | ✅ 秒杀成功 | 耗时: 2116.65ms
2025/12/13 20:20:53.891058 [20:20:45.828] 用户10994 | ✅ 秒杀成功 | 耗时: 2108.99ms
2025/12/13 20:20:53.891063 [20:20:45.834] 用户2286 | ✅ 秒杀成功 | 耗时: 2083.46ms
2025/12/13 20:20:53.891067 [20:20:45.834] 用户6119 | ✅ 秒杀成功 | 耗时: 2198.31ms
2025/12/13 20:20:53.891072 [20:20:45.834] 用户4526 | ✅ 秒杀成功 | 耗时: 2194.31ms
2025/12/13 20:20:53.891076 [20:20:45.834] 用户5388 | ✅ 秒杀成功 | 耗时: 2194.06ms
2025/12/13 20:20:53.891080 [20:20:45.834] 用户4808 | ✅ 秒杀成功 | 耗时: 2197.84ms
2025/12/13 20:20:53.891084 [20:20:45.834] 用户1552 | ✅ 秒杀成功 | 耗时: 2159.07ms
2025/12/13 20:20:53.891088 [20:20:45.836] 用户9104 | ✅ 秒杀成功 | 耗时: 2132.03ms
2025/12/13 20:20:53.891091 [20:20:45.837] 用户9806 | ✅ 秒杀成功 | 耗时: 2161.35ms
2025/12/13 20:20:53.891095 [20:20:45.838] 用户5056 | ✅ 秒杀成功 | 耗时: 2201.74ms
2025/12/13 20:20:53.891098 [20:20:45.838] 用户5905 | ✅ 秒杀成功 | 耗时: 2203.28ms
2025/12/13 20:20:53.891102 [20:20:45.838] 用户1479 | ✅ 秒杀成功 | 耗时: 2163.21ms
2025/12/13 20:20:53.891106 [20:20:45.838] 用户2558 | ✅ 秒杀成功 | 耗时: 2118.75ms
2025/12/13 20:20:53.891109 [20:20:45.839] 用户8978 | ✅ 秒杀成功 | 耗时: 2134.69ms
2025/12/13 20:20:53.891113 [20:20:45.839] 用户8628 | ✅ 秒杀成功 | 耗时: 2126.02ms
2025/12/13 20:20:53.891117 [20:20:45.839] 用户9115 | ✅ 秒杀成功 | 耗时: 2134.93ms
2025/12/13 20:20:53.891120 [20:20:45.841] 用户7238 | ✅ 秒杀成功 | 耗时: 2149.72ms
2025/12/13 20:20:53.891124 [20:20:45.841] 用户5284 | ✅ 秒杀成功 | 耗时: 2207.21ms
2025/12/13 20:20:53.891128 [20:20:45.843] 用户3285 | ✅ 秒杀成功 | 耗时: 2158.20ms
2025/12/13 20:20:53.891131 [20:20:45.843] 用户5760 | ✅ 秒杀成功 | 耗时: 2208.29ms
2025/12/13 20:20:53.891135 [20:20:45.847] 用户5446 | ✅ 秒杀成功 | 耗时: 2213.95ms
2025/12/13 20:20:53.891139 [20:20:45.848] 用户2756 | ✅ 秒杀成功 | 耗时: 2097.43ms
2025/12/13 20:20:53.891142 [20:20:45.851] 用户9935 | ✅ 秒杀成功 | 耗时: 2140.21ms
2025/12/13 20:20:53.891146 [20:20:45.851] 用户4802 | ✅ 秒杀成功 | 耗时: 2214.50ms
2025/12/13 20:20:53.891150 [20:20:45.851] 用户2827 | ✅ 秒杀成功 | 耗时: 2131.18ms
2025/12/13 20:20:53.891153 [20:20:45.852] 用户1087 | ✅ 秒杀成功 | 耗时: 2164.99ms
2025/12/13 20:20:53.891157 [20:20:45.855] 用户852 | ✅ 秒杀成功 | 耗时: 2172.96ms
2025/12/13 20:20:53.891161 [20:20:45.855] 用户5397 | ✅ 秒杀成功 | 耗时: 2218.67ms
2025/12/13 20:20:53.891165 [20:20:45.856] 用户5931 | ✅ 秒杀成功 | 耗时: 2221.76ms
2025/12/13 20:20:53.891168 [20:20:45.856] 用户5414 | ✅ 秒杀成功 | 耗时: 2221.07ms
2025/12/13 20:20:53.891172 [20:20:45.856] 用户9003 | ✅ 秒杀成功 | 耗时: 2149.22ms
2025/12/13 20:20:53.891175 [20:20:45.856] 用户6142 | ✅ 秒杀成功 | 耗时: 2221.96ms
2025/12/13 20:20:53.891179 [20:20:45.856] 用户5244 | ✅ 秒杀成功 | 耗时: 2219.62ms
2025/12/13 20:20:53.891183 [20:20:45.858] 用户2812 | ✅ 秒杀成功 | 耗时: 2138.33ms
2025/12/13 20:20:53.891187 [20:20:45.858] 用户6661 | ✅ 秒杀成功 | 耗时: 2225.43ms
2025/12/13 20:20:53.891190 [20:20:45.858] 用户8796 | ✅ 秒杀成功 | 耗时: 2144.94ms
2025/12/13 20:20:53.891194 [20:20:45.861] 用户2202 | ✅ 秒杀成功 | 耗时: 2166.28ms
2025/12/13 20:20:53.891198 [20:20:45.865] 用户9852 | ✅ 秒杀成功 | 耗时: 2189.95ms
2025/12/13 20:20:53.891202 [20:20:45.865] 用户8169 | ✅ 秒杀成功 | 耗时: 2145.82ms
2025/12/13 20:20:53.891206 [20:20:45.865] 用户9671 | ✅ 秒杀成功 | 耗时: 2146.44ms
2025/12/13 20:20:53.891209 [20:20:45.865] 用户10330 | ✅ 秒杀成功 | 耗时: 2250.23ms
2025/12/13 20:20:53.891213 [20:20:45.866] 用户5306 | ✅ 秒杀成功 | 耗时: 2232.60ms
2025/12/13 20:20:53.891217 [20:20:45.869] 用户7767 | ✅ 秒杀成功 | 耗时: 2150.91ms
2025/12/13 20:20:53.891221 [20:20:45.871] 用户2317 | ✅ 秒杀成功 | 耗时: 2151.54ms
2025/12/13 20:20:53.891224 [20:20:45.872] 用户4910 | ✅ 秒杀成功 | 耗时: 2235.53ms
2025/12/13 20:20:53.891228 [20:20:45.872] 用户2219 | ✅ 秒杀成功 | 耗时: 2110.26ms
2025/12/13 20:20:53.891231 [20:20:45.872] 用户6650 | ✅ 秒杀成功 | 耗时: 2238.19ms
2025/12/13 20:20:53.891235 [20:20:45.874] 用户5266 | ✅ 秒杀成功 | 耗时: 2238.60ms
2025/12/13 20:20:53.891239 [20:20:45.874] 用户5170 | ✅ 秒杀成功 | 耗时: 2238.19ms
2025/12/13 20:20:53.891243 [20:20:45.874] 用户6029 | ✅ 秒杀成功 | 耗时: 2241.60ms
2025/12/13 20:20:53.891246 [20:20:45.879] 用户1801 | ✅ 秒杀成功 | 耗时: 2041.69ms
2025/12/13 20:20:53.891250 [20:20:45.879] 用户10208 | ✅ 秒杀成功 | 耗时: 2171.48ms
2025/12/13 20:20:53.891254 [20:20:45.879] 用户8592 | ✅ 秒杀成功 | 耗时: 2164.25ms
2025/12/13 20:20:53.891257 [20:20:45.879] 用户8938 | ✅ 秒杀成功 | 耗时: 2159.60ms
2025/12/13 20:20:53.891261 [20:20:45.879] 用户6129 | ✅ 秒杀成功 | 耗时: 2243.77ms
2025/12/13 20:20:53.891265 [20:20:45.879] 用户6120 | ✅ 秒杀成功 | 耗时: 2243.89ms
2025/12/13 20:20:53.891268 [20:20:45.882] 用户8209 | ✅ 秒杀成功 | 耗时: 2162.43ms
2025/12/13 20:20:53.891272 [20:20:45.882] 用户1765 | ✅ 秒杀成功 | 耗时: 2036.57ms
2025/12/13 20:20:53.891276 [20:20:45.882] 用户6651 | ✅ 秒杀成功 | 耗时: 2248.54ms
2025/12/13 20:20:53.891279 [20:20:45.883] 用户10168 | ✅ 秒杀成功 | 耗时: 2170.68ms
2025/12/13 20:20:53.891283 [20:20:45.883] 用户9674 | ✅ 秒杀成功 | 耗时: 2190.87ms
2025/12/13 20:20:53.891287 [20:20:45.883] 用户9673 | ✅ 秒杀成功 | 耗时: 2164.27ms
2025/12/13 20:20:53.891290 [20:20:45.885] 用户5243 | ✅ 秒杀成功 | 耗时: 2248.69ms
2025/12/13 20:20:53.891294 [20:20:45.886] 用户3636 | ✅ 秒杀成功 | 耗时: 2249.16ms
2025/12/13 20:20:53.891298 [20:20:45.886] 用户5958 | ✅ 秒杀成功 | 耗时: 2253.53ms
2025/12/13 20:20:53.891301 [20:20:45.886] 用户2634 | ✅ 秒杀成功 | 耗时: 2166.70ms
2025/12/13 20:20:53.891305 [20:20:45.887] 用户5647 | ✅ 秒杀成功 | 耗时: 2253.43ms
2025/12/13 20:20:53.891309 [20:20:45.889] 用户5482 | ✅ 秒杀成功 | 耗时: 2253.07ms
2025/12/13 20:20:53.891312 [20:20:45.889] 用户9475 | ✅ 秒杀成功 | 耗时: 2186.67ms
2025/12/13 20:20:53.891316 [20:20:45.889] 用户5189 | ✅ 秒杀成功 | 耗时: 2251.39ms
2025/12/13 20:20:53.891320 [20:20:45.889] 用户7231 | ✅ 秒杀成功 | 耗时: 2170.07ms
2025/12/13 20:20:53.891324 [20:20:45.894] 用户4687 | ✅ 秒杀成功 | 耗时: 2255.94ms
2025/12/13 20:20:53.891327 [20:20:45.894] 用户1583 | ✅ 秒杀成功 | 耗时: 2218.51ms
2025/12/13 20:20:53.891331 [20:20:45.894] 用户2234 | ✅ 秒杀成功 | 耗时: 2200.17ms
2025/12/13 20:20:53.891335 [20:20:45.897] 用户2549 | ✅ 秒杀成功 | 耗时: 2176.93ms
2025/12/13 20:20:53.891339 [20:20:45.897] 用户4904 | ✅ 秒杀成功 | 耗时: 2260.35ms
2025/12/13 20:20:53.891342 [20:20:45.897] 用户1588 | ✅ 秒杀成功 | 耗时: 2221.10ms
2025/12/13 20:20:53.891346 [20:20:45.897] 用户8820 | ✅ 秒杀成功 | 耗时: 2189.51ms
2025/12/13 20:20:53.891350 [20:20:45.897] 用户6769 | ✅ 秒杀成功 | 耗时: 2264.25ms
2025/12/13 20:20:53.891354 [20:20:45.898] 用户5477 | ✅ 秒杀成功 | 耗时: 2261.36ms
2025/12/13 20:20:53.891358 [20:20:45.898] 用户1905 | ✅ 秒杀成功 | 耗时: 2219.13ms
2025/12/13 20:20:53.891362 [20:20:45.898] 用户1792 | ✅ 秒杀成功 | 耗时: 2052.70ms
2025/12/13 20:20:53.891365 [20:20:45.898] 用户8815 | ✅ 秒杀成功 | 耗时: 2181.61ms
2025/12/13 20:20:53.891369 [20:20:45.900] 用户5402 | ✅ 秒杀成功 | 耗时: 2263.77ms
2025/12/13 20:20:53.891373 [20:20:45.900] 用户9537 | ✅ 秒杀成功 | 耗时: 2201.50ms
2025/12/13 20:20:53.891376 [20:20:45.900] 用户5452 | ✅ 秒杀成功 | 耗时: 2267.16ms
2025/12/13 20:20:53.891380 [20:20:45.900] 用户1816 | ✅ 秒杀成功 | 耗时: 2224.79ms
2025/12/13 20:20:53.891384 [20:20:45.900] 用户10478 | ✅ 秒杀成功 | 耗时: 2224.91ms
2025/12/13 20:20:53.891387 [20:20:45.900] 用户9446 | ✅ 秒杀成功 | 耗时: 2180.35ms
2025/12/13 20:20:53.891391 [20:20:45.901] 用户5241 | ✅ 秒杀成功 | 耗时: 2264.57ms
2025/12/13 20:20:53.891395 [20:20:45.901] 用户8491 | ✅ 秒杀成功 | 耗时: 2184.06ms
2025/12/13 20:20:53.891398 [20:20:45.901] 用户1541 | ✅ 秒杀成功 | 耗时: 2226.13ms
2025/12/13 20:20:53.891402 [20:20:45.902] 用户1592 | ✅ 秒杀成功 | 耗时: 2090.93ms
2025/12/13 20:20:53.891406 [20:20:45.902] 用户2447 | ✅ 秒杀成功 | 耗时: 2182.07ms
2025/12/13 20:20:53.891409 [20:20:45.902] 用户5231 | ✅ 秒杀成功 | 耗时: 2264.14ms
2025/12/13 20:20:53.891413 [20:20:45.902] 用户5486 | ✅ 秒杀成功 | 耗时: 2266.08ms
2025/12/13 20:20:53.891417 [20:20:45.902] 用户5451 | ✅ 秒杀成功 | 耗时: 2269.44ms
2025/12/13 20:20:53.891420 [20:20:45.902] 用户2096 | ✅ 秒杀成功 | 耗时: 2140.61ms
2025/12/13 20:20:53.891424 [20:20:45.902] 用户9930 | ✅ 秒杀成功 | 耗时: 2190.99ms
2025/12/13 20:20:53.891428 [20:20:45.903] 用户1549 | ✅ 秒杀成功 | 耗时: 2227.29ms
2025/12/13 20:20:53.891431 [20:20:45.903] 用户84 | ✅ 秒杀成功 | 耗时: 2215.54ms
2025/12/13 20:20:53.891435 [20:20:45.903] 用户6011 | ✅ 秒杀成功 | 耗时: 2265.37ms
2025/12/13 20:20:53.891439 [20:20:45.907] 用户5460 | ✅ 秒杀成功 | 耗时: 2270.01ms
2025/12/13 20:20:53.891443 [20:20:45.907] 用户5212 | ✅ 秒杀成功 | 耗时: 2269.71ms
2025/12/13 20:20:53.891446 [20:20:45.908] 用户5532 | ✅ 秒杀成功 | 耗时: 2275.81ms
2025/12/13 20:20:53.891450 [20:20:45.911] 用户5527 | ✅ 秒杀成功 | 耗时: 2277.81ms
2025/12/13 20:20:53.891454 [20:20:45.912] 用户5474 | ✅ 秒杀成功 | 耗时: 2276.05ms
2025/12/13 20:20:53.891457 [20:20:45.912] 用户5252 | ✅ 秒杀成功 | 耗时: 2276.07ms
2025/12/13 20:20:53.891461 [20:20:45.913] 用户5746 | ✅ 秒杀成功 | 耗时: 2278.56ms
2025/12/13 20:20:53.891465 [20:20:45.913] 用户1553 | ✅ 秒杀成功 | 耗时: 2237.26ms
2025/12/13 20:20:53.891468 [20:20:45.913] 用户10473 | ✅ 秒杀成功 | 耗时: 2237.65ms
2025/12/13 20:20:53.891472 [20:20:45.913] 用户6015 | ✅ 秒杀成功 | 耗时: 2275.31ms
2025/12/13 20:20:53.891476 [20:20:45.913] 用户7289 | ✅ 秒杀成功 | 耗时: 2194.94ms
2025/12/13 20:20:53.891479 [20:20:45.913] 用户9926 | ✅ 秒杀成功 | 耗时: 2202.86ms
2025/12/13 20:20:53.891483 [20:20:45.913] 用户8192 | ✅ 秒杀成功 | 耗时: 2196.19ms
2025/12/13 20:20:53.891487 [20:20:45.913] 用户2321 | ✅ 秒杀成功 | 耗时: 2193.54ms
2025/12/13 20:20:53.891490 [20:20:45.913] 用户5411 | ✅ 秒杀成功 | 耗时: 2277.65ms
2025/12/13 20:20:53.891494 [20:20:45.913] 用户9857 | ✅ 秒杀成功 | 耗时: 2238.11ms
2025/12/13 20:20:53.891498 [20:20:45.914] 用户2182 | ✅ 秒杀成功 | 耗时: 2219.04ms
2025/12/13 20:20:53.891501 [20:20:45.914] 用户4927 | ✅ 秒杀成功 | 耗时: 2277.51ms
2025/12/13 20:20:53.891505 [20:20:45.914] 用户944 | ✅ 秒杀成功 | 耗时: 2226.41ms
2025/12/13 20:20:53.891509 [20:20:45.914] 用户6063 | ✅ 秒杀成功 | 耗时: 2280.94ms
2025/12/13 20:20:53.891513 [20:20:45.914] 用户5249 | ✅ 秒杀成功 | 耗时: 2277.23ms
2025/12/13 20:20:53.891516 [20:20:45.914] 用户5936 | ✅ 秒杀成功 | 耗时: 2279.59ms
2025/12/13 20:20:53.891520 [20:20:45.914] 用户6008 | ✅ 秒杀成功 | 耗时: 2275.95ms
2025/12/13 20:20:53.891524 [20:20:45.914] 用户8133 | ✅ 秒杀成功 | 耗时: 2196.54ms
2025/12/13 20:20:53.891527 [20:20:45.914] 用户5259 | ✅ 秒杀成功 | 耗时: 2278.38ms
2025/12/13 20:20:53.891531 [20:20:45.914] 用户5483 | ✅ 秒杀成功 | 耗时: 2278.04ms
2025/12/13 20:20:53.891535 [20:20:45.914] 用户4880 | ✅ 秒杀成功 | 耗时: 2276.22ms
2025/12/13 20:20:53.891538 [20:20:45.914] 用户5245 | ✅ 秒杀成功 | 耗时: 2277.22ms
2025/12/13 20:20:53.891542 [20:20:45.914] 用户5141 | ✅ 秒杀成功 | 耗时: 2276.25ms
2025/12/13 20:20:53.891546 [20:20:45.914] 用户1803 | ✅ 秒杀成功 | 耗时: 2076.87ms
2025/12/13 20:20:53.891549 [20:20:45.914] 用户5169 | ✅ 秒杀成功 | 耗时: 2278.09ms
2025/12/13 20:20:53.891553 [20:20:45.914] 用户4909 | ✅ 秒杀成功 | 耗时: 2277.88ms
2025/12/13 20:20:53.891557 [20:20:45.914] 用户9927 | ✅ 秒杀成功 | 耗时: 2203.67ms
2025/12/13 20:20:53.891561 [20:20:45.914] 用户5155 | ✅ 秒杀成功 | 耗时: 2277.20ms
2025/12/13 20:20:53.891564 [20:20:45.914] 用户5598 | ✅ 秒杀成功 | 耗时: 2279.03ms
2025/12/13 20:20:53.891568 [20:20:45.914] 用户5194 | ✅ 秒杀成功 | 耗时: 2275.82ms
2025/12/13 20:20:53.891572 [20:20:45.914] 用户4874 | ✅ 秒杀成功 | 耗时: 2276.48ms
2025/12/13 20:20:53.891575 [20:20:45.914] 用户5471 | ✅ 秒杀成功 | 耗时: 2277.87ms
2025/12/13 20:20:53.891579 [20:20:45.914] 用户5139 | ✅ 秒杀成功 | 耗时: 2276.63ms
2025/12/13 20:20:53.891583 [20:20:45.915] 用户5172 | ✅ 秒杀成功 | 耗时: 2279.01ms
2025/12/13 20:20:53.891586 [20:20:45.924] 用户5472 | ✅ 秒杀成功 | 耗时: 2288.16ms
2025/12/13 20:20:53.891590 [20:20:45.925] 用户8912 | ✅ 秒杀成功 | 耗时: 2205.37ms
2025/12/13 20:20:53.891594 [20:20:45.925] 用户4907 | ✅ 秒杀成功 | 耗时: 2288.45ms
2025/12/13 20:20:53.891597 [20:20:45.926] 用户6116 | ✅ 秒杀成功 | 耗时: 2290.89ms
2025/12/13 20:20:53.891601 [20:20:45.927] 用户5409 | ✅ 秒杀成功 | 耗时: 2290.81ms
2025/12/13 20:20:53.891605 [20:20:45.927] 用户5740 | ✅ 秒杀成功 | 耗时: 2289.35ms
2025/12/13 20:20:53.891608 [20:20:45.928] 用户5145 | ✅ 秒杀成功 | 耗时: 2290.28ms
2025/12/13 20:20:53.891612 [20:20:45.928] 用户5470 | ✅ 秒杀成功 | 耗时: 2291.43ms
2025/12/13 20:20:53.891616 [20:20:45.930] 用户5278 | ✅ 秒杀成功 | 耗时: 2295.87ms
2025/12/13 20:20:53.891619 [20:20:45.930] 用户4891 | ✅ 秒杀成功 | 耗时: 2292.53ms
2025/12/13 20:20:53.891623 [20:20:45.933] 用户5221 | ✅ 秒杀成功 | 耗时: 2295.03ms
2025/12/13 20:20:53.891627 [20:20:45.933] 用户5147 | ✅ 秒杀成功 | 耗时: 2295.22ms
2025/12/13 20:20:53.891630 [20:20:45.933] 用户5055 | ✅ 秒杀成功 | 耗时: 2296.91ms
2025/12/13 20:20:53.891634 [20:20:45.933] 用户8261 | ✅ 秒杀成功 | 耗时: 2216.11ms
2025/12/13 20:20:53.891638 [20:20:45.933] 用户8686 | ✅ 秒杀成功 | 耗时: 2224.81ms
2025/12/13 20:20:53.891641 [20:20:45.933] 用户8436 | ✅ 秒杀成功 | 耗时: 2215.43ms
2025/12/13 20:20:53.891645 [20:20:45.934] 用户5058 | ✅ 秒杀成功 | 耗时: 2297.75ms
2025/12/13 20:20:53.891649 [20:20:45.934] 用户5165 | ✅ 秒杀成功 | 耗时: 2297.70ms
2025/12/13 20:20:53.891652 [20:20:45.936] 用户4890 | ✅ 秒杀成功 | 耗时: 2298.23ms
2025/12/13 20:20:53.891656 [20:20:45.936] 用户5744 | ✅ 秒杀成功 | 耗时: 2297.90ms
2025/12/13 20:20:53.891660 [20:20:45.937] 用户8971 | ✅ 秒杀成功 | 耗时: 2218.23ms
2025/12/13 20:20:53.891664 [20:20:45.938] 用户2198 | ✅ 秒杀成功 | 耗时: 2176.32ms
2025/12/13 20:20:53.891667 [20:20:45.938] 用户2451 | ✅ 秒杀成功 | 耗时: 2218.25ms
2025/12/13 20:20:53.891671 [20:20:45.938] 用户1466 | ✅ 秒杀成功 | 耗时: 2127.52ms
2025/12/13 20:20:53.891675 [20:20:45.938] 用户5206 | ✅ 秒杀成功 | 耗时: 2300.67ms
2025/12/13 20:20:53.891679 [20:20:45.944] 用户6183 | ✅ 秒杀成功 | 耗时: 2312.61ms
2025/12/13 20:20:53.891682 [20:20:45.944] 用户8360 | ✅ 秒杀成功 | 耗时: 2225.82ms
2025/12/13 20:20:53.891686 [20:20:45.945] 用户2196 | ✅ 秒杀成功 | 耗时: 2183.08ms
2025/12/13 20:20:53.891690 [20:20:45.945] 用户2325 | ✅ 秒杀成功 | 耗时: 2225.26ms
2025/12/13 20:20:53.891693 [20:20:45.945] 用户5150 | ✅ 秒杀成功 | 耗时: 2307.74ms
2025/12/13 20:20:53.891697 [20:20:45.945] 用户7196 | ✅ 秒杀成功 | 耗时: 2141.68ms
2025/12/13 20:20:53.891701 [20:20:45.945] 用户983 | ✅ 秒杀成功 | 耗时: 2258.00ms
2025/12/13 20:20:53.891704 [20:20:45.945] 用户5475 | ✅ 秒杀成功 | 耗时: 2308.97ms
2025/12/13 20:20:53.891708 [20:20:45.984] 用户2331 | ✅ 秒杀成功 | 耗时: 2264.45ms
2025/12/13 20:20:53.891712 [20:20:45.984] 用户5264 | ✅ 秒杀成功 | 耗时: 2349.12ms
2025/12/13 20:20:53.891715 [20:20:45.984] 用户5592 | ✅ 秒杀成功 | 耗时: 2348.97ms
2025/12/13 20:20:53.891719 [20:20:45.984] 用户5174 | ✅ 秒杀成功 | 耗时: 2348.53ms
2025/12/13 20:20:53.891723 [20:20:45.984] 用户6131 | ✅ 秒杀成功 | 耗时: 2349.26ms
2025/12/13 20:20:53.891727 [20:20:45.984] 用户5521 | ✅ 秒杀成功 | 耗时: 2351.39ms
2025/12/13 20:20:53.891730 [20:20:45.984] 用户5168 | ✅ 秒杀成功 | 耗时: 2348.58ms
2025/12/13 20:20:53.891734 [20:20:45.984] 用户5052 | ✅ 秒杀成功 | 耗时: 2348.60ms
2025/12/13 20:20:53.891738 [20:20:45.984] 用户5254 | ✅ 秒杀成功 | 耗时: 2348.52ms
2025/12/13 20:20:53.891741 [20:20:45.984] 用户5461 | ✅ 秒杀成功 | 耗时: 2347.81ms
2025/12/13 20:20:53.891745 [20:20:45.984] 用户6122 | ✅ 秒杀成功 | 耗时: 2349.06ms
2025/12/13 20:20:53.891749 [20:20:45.985] 用户6647 | ✅ 秒杀成功 | 耗时: 2350.71ms
2025/12/13 20:20:53.891752 [20:20:45.985] 用户10037 | ✅ 秒杀成功 | 耗时: 2265.81ms
2025/12/13 20:20:53.891756 [20:20:45.986] 用户5615 | ✅ 秒杀成功 | 耗时: 2351.30ms
2025/12/13 20:20:53.891760 [20:20:45.986] 用户4875 | ✅ 秒杀成功 | 耗时: 2348.24ms
2025/12/13 20:20:53.891763 [20:20:45.986] 用户8906 | ✅ 秒杀成功 | 耗时: 2266.85ms
2025/12/13 20:20:53.891767 [20:20:45.986] 用户5183 | ✅ 秒杀成功 | 耗时: 2350.31ms
2025/12/13 20:20:53.891771 [20:20:45.986] 用户5057 | ✅ 秒杀成功 | 耗时: 2350.41ms
2025/12/13 20:20:53.891775 [20:20:45.986] 用户6140 | ✅ 秒杀成功 | 耗时: 2351.93ms
2025/12/13 20:20:53.891779 [20:20:45.988] 用户5484 | ✅ 秒杀成功 | 耗时: 2352.02ms
2025/12/13 20:20:53.891782 [20:20:45.988] 用户6414 | ✅ 秒杀成功 | 耗时: 2358.48ms
2025/12/13 20:20:53.891786 [20:20:45.988] 用户6114 | ✅ 秒杀成功 | 耗时: 2352.29ms
2025/12/13 20:20:53.891790 [20:20:45.988] 用户2555 | ✅ 秒杀成功 | 耗时: 2268.16ms
2025/12/13 20:20:53.891794 [20:20:45.988] 用户6130 | ✅ 秒杀成功 | 耗时: 2352.77ms
2025/12/13 20:20:53.891798 [20:20:45.988] 用户4882 | ✅ 秒杀成功 | 耗时: 2350.23ms
2025/12/13 20:20:53.891801 [20:20:45.988] 用户5469 | ✅ 秒杀成功 | 耗时: 2351.45ms
2025/12/13 20:20:53.891805 [20:20:45.988] 用户9933 | ✅ 秒杀成功 | 耗时: 2277.46ms
2025/12/13 20:20:53.891809 [20:20:45.988] 用户2150 | ✅ 秒杀成功 | 耗时: 2313.15ms
2025/12/13 20:20:53.891813 [20:20:45.988] 用户6644 | ✅ 秒杀成功 | 耗时: 2353.94ms
2025/12/13 20:20:53.891817 [20:20:45.988] 用户5410 | ✅ 秒杀成功 | 耗时: 2352.05ms
2025/12/13 20:20:53.891821 [20:20:45.988] 用户8097 | ✅ 秒杀成功 | 耗时: 2269.76ms
2025/12/13 20:20:53.891825 [20:20:45.988] 用户4895 | ✅ 秒杀成功 | 耗时: 2350.51ms
2025/12/13 20:20:53.891828 [20:20:45.988] 用户5616 | ✅ 秒杀成功 | 耗时: 2353.20ms
2025/12/13 20:20:53.891832 [20:20:45.988] 用户5146 | ✅ 秒杀成功 | 耗时: 2350.53ms
2025/12/13 20:20:53.891836 [20:20:45.988] 用户5591 | ✅ 秒杀成功 | 耗时: 2352.63ms
2025/12/13 20:20:53.891840 [20:20:45.988] 用户5453 | ✅ 秒杀成功 | 耗时: 2355.36ms
2025/12/13 20:20:53.891844 [20:20:45.988] 用户4845 | ✅ 秒杀成功 | 耗时: 2349.75ms
2025/12/13 20:20:53.891847 [20:20:45.988] 用户10568 | ✅ 秒杀成功 | 耗时: 2309.65ms
2025/12/13 20:20:53.891851 [20:20:45.988] 用户5178 | ✅ 秒杀成功 | 耗时: 2352.30ms
2025/12/13 20:20:53.891855 [20:20:45.988] 用户5938 | ✅ 秒杀成功 | 耗时: 2353.82ms
2025/12/13 20:20:53.891859 [20:20:45.988] 用户5764 | ✅ 秒杀成功 | 耗时: 2353.62ms
2025/12/13 20:20:53.891862 [20:20:45.988] 用户5866 | ✅ 秒杀成功 | 耗时: 2353.32ms
2025/12/13 20:20:53.891874 [20:20:45.988] 用户5796 | ✅ 秒杀成功 | 耗时: 2353.98ms
2025/12/13 20:20:53.891879 [20:20:45.988] 用户5406 | ✅ 秒杀成功 | 耗时: 2352.24ms
2025/12/13 20:20:53.891883 [20:20:45.988] 用户4900 | ✅ 秒杀成功 | 耗时: 2351.89ms
2025/12/13 20:20:53.891887 [20:20:45.988] 用户6132 | ✅ 秒杀成功 | 耗时: 2353.67ms
2025/12/13 20:20:53.891890 [20:20:45.988] 用户5253 | ✅ 秒杀成功 | 耗时: 2351.99ms
2025/12/13 20:20:53.891894 [20:20:45.988] 用户5911 | ✅ 秒杀成功 | 耗时: 2353.90ms
2025/12/13 20:20:53.891898 [20:20:45.988] 用户5153 | ✅ 秒杀成功 | 耗时: 2351.34ms
2025/12/13 20:20:53.891902 [20:20:45.988] 用户5782 | ✅ 秒杀成功 | 耗时: 2353.97ms
2025/12/13 20:20:53.891906 [20:20:45.988] 用户5468 | ✅ 秒杀成功 | 耗时: 2351.91ms
2025/12/13 20:20:53.891910 [20:20:45.988] 用户5152 | ✅ 秒杀成功 | 耗时: 2351.34ms
2025/12/13 20:20:53.891914 [20:20:45.988] 用户5423 | ✅ 秒杀成功 | 耗时: 2353.60ms
2025/12/13 20:20:53.891917 [20:20:45.988] 用户5211 | ✅ 秒杀成功 | 耗时: 2351.15ms
2025/12/13 20:20:53.891921 [20:20:45.988] 用户321 | ✅ 秒杀成功 | 耗时: 2288.31ms
2025/12/13 20:20:53.891925 [20:20:45.988] 用户4672 | ✅ 秒杀成功 | 耗时: 2350.20ms
2025/12/13 20:20:53.891929 [20:20:45.988] 用户6649 | ✅ 秒杀成功 | 耗时: 2354.60ms
2025/12/13 20:20:53.891933 [20:20:45.988] 用户5794 | ✅ 秒杀成功 | 耗时: 2354.63ms
2025/12/13 20:20:53.891936 [20:20:45.988] 用户6139 | ✅ 秒杀成功 | 耗时: 2354.16ms
2025/12/13 20:20:53.891940 [20:20:45.988] 用户5248 | ✅ 秒杀成功 | 耗时: 2352.02ms
2025/12/13 20:20:53.891944 [20:20:45.988] 用户7537 | ✅ 秒杀成功 | 耗时: 2270.13ms
2025/12/13 20:20:53.891948 [20:20:45.989] 用户5265 | ✅ 秒杀成功 | 耗时: 2353.37ms
2025/12/13 20:20:53.891952 [20:20:45.989] 用户8781 | ✅ 秒杀成功 | 耗时: 2275.16ms
2025/12/13 20:20:53.891956 [20:20:45.989] 用户5184 | ✅ 秒杀成功 | 耗时: 2353.08ms
2025/12/13 20:20:53.891959 [20:20:45.989] 用户5494 | ✅ 秒杀成功 | 耗时: 2353.25ms
2025/12/13 20:20:53.891963 [20:20:45.989] 用户4892 | ✅ 秒杀成功 | 耗时: 2351.30ms
2025/12/13 20:20:53.891967 [20:20:45.989] 用户5277 | ✅ 秒杀成功 | 耗时: 2354.86ms
2025/12/13 20:20:53.891971 [20:20:45.989] 用户8870 | ✅ 秒杀成功 | 耗时: 2269.49ms
2025/12/13 20:20:53.891975 [20:20:45.989] 用户4670 | ✅ 秒杀成功 | 耗时: 2350.51ms
2025/12/13 20:20:53.891979 [20:20:45.989] 用户5242 | ✅ 秒杀成功 | 耗时: 2352.10ms
2025/12/13 20:20:53.891983 [20:20:45.989] 用户8497 | ✅ 秒杀成功 | 耗时: 2271.33ms
2025/12/13 20:20:53.891986 [20:20:45.989] 用户4881 | ✅ 秒杀成功 | 耗时: 2350.95ms
2025/12/13 20:20:53.891990 [20:20:45.989] 用户5201 | ✅ 秒杀成功 | 耗时: 2351.36ms
2025/12/13 20:20:53.891994 [20:20:45.989] 用户5173 | ✅ 秒杀成功 | 耗时: 2353.01ms
2025/12/13 20:20:53.891998 [20:20:45.989] 用户9503 | ✅ 秒杀成功 | 耗时: 2276.56ms
2025/12/13 20:20:53.892002 [20:20:45.989] 用户7673 | ✅ 秒杀成功 | 耗时: 2271.28ms
2025/12/13 20:20:53.892005 [20:20:45.989] 用户5422 | ✅ 秒杀成功 | 耗时: 2354.16ms
2025/12/13 20:20:53.892009 [20:20:45.989] 用户5287 | ✅ 秒杀成功 | 耗时: 2355.13ms
2025/12/13 20:20:53.892013 [20:20:45.989] 用户4889 | ✅ 秒杀成功 | 耗时: 2351.30ms
2025/12/13 20:20:53.892017 [20:20:45.989] 用户8714 | ✅ 秒杀成功 | 耗时: 2269.51ms
2025/12/13 20:20:53.892021 [20:20:45.989] 用户6113 | ✅ 秒杀成功 | 耗时: 2353.48ms
2025/12/13 20:20:53.892025 [20:20:45.989] 用户5255 | ✅ 秒杀成功 | 耗时: 2353.01ms
2025/12/13 20:20:53.892030 [20:20:45.989] 用户7213 | ✅ 秒杀成功 | 耗时: 2269.09ms
2025/12/13 20:20:53.892034 [20:20:45.989] 用户5935 | ✅ 秒杀成功 | 耗时: 2354.89ms
2025/12/13 20:20:53.892037 [20:20:45.989] 用户7206 | ✅ 秒杀成功 | 耗时: 2269.11ms
2025/12/13 20:20:53.892041 [20:20:45.989] 用户5181 | ✅ 秒杀成功 | 耗时: 2353.52ms
2025/12/13 20:20:53.892045 [20:20:45.989] 用户5668 | ✅ 秒杀成功 | 耗时: 2356.19ms
2025/12/13 20:20:53.892049 [20:20:45.989] 用户5138 | ✅ 秒杀成功 | 耗时: 2351.38ms
2025/12/13 20:20:53.892053 [20:20:45.989] 用户4918 | ✅ 秒杀成功 | 耗时: 2352.92ms
2025/12/13 20:20:53.892056 [20:20:45.989] 用户6138 | ✅ 秒杀成功 | 耗时: 2354.53ms
2025/12/13 20:20:53.892060 [20:20:45.989] 用户5463 | ✅ 秒杀成功 | 耗时: 2352.41ms
2025/12/13 20:20:53.892064 [20:20:45.989] 用户5498 | ✅ 秒杀成功 | 耗时: 2355.19ms
2025/12/13 20:20:53.892068 [20:20:45.989] 用户5632 | ✅ 秒杀成功 | 耗时: 2354.71ms
2025/12/13 20:20:53.892072 [20:20:45.989] 用户5614 | ✅ 秒杀成功 | 耗时: 2354.32ms
2025/12/13 20:20:53.892076 [20:20:45.989] 用户5399 | ✅ 秒杀成功 | 耗时: 2353.06ms
2025/12/13 20:20:53.892079 [20:20:45.989] 用户5736 | ✅ 秒杀成功 | 耗时: 2351.01ms
2025/12/13 20:20:53.892083 [20:20:45.989] 用户5619 | ✅ 秒杀成功 | 耗时: 2354.39ms
2025/12/13 20:20:53.892087 [20:20:45.989] 用户5276 | ✅ 秒杀成功 | 耗时: 2353.15ms
2025/12/13 20:20:53.892091 [20:20:45.989] 用户5176 | ✅ 秒杀成功 | 耗时: 2353.28ms
2025/12/13 20:20:53.892095 [20:20:45.989] 用户4865 | ✅ 秒杀成功 | 耗时: 2351.18ms
2025/12/13 20:20:53.892099 [20:20:45.989] 用户6210 | ✅ 秒杀成功 | 耗时: 2360.22ms
2025/12/13 20:20:53.892102 [20:20:45.989] 用户8621 | ✅ 秒杀成功 | 耗时: 2275.91ms
2025/12/13 20:20:53.892106 [20:20:45.989] 用户5177 | ✅ 秒杀成功 | 耗时: 2353.34ms
2025/12/13 20:20:53.892110 [20:20:45.989] 用户6118 | ✅ 秒杀成功 | 耗时: 2353.71ms
2025/12/13 20:20:53.892114 [20:20:45.989] 用户5187 | ✅ 秒杀成功 | 耗时: 2353.72ms
2025/12/13 20:20:53.892118 [20:20:45.989] 用户4815 | ✅ 秒杀成功 | 耗时: 2353.19ms
2025/12/13 20:20:53.892121 [20:20:45.989] 用户5398 | ✅ 秒杀成功 | 耗时: 2353.45ms
2025/12/13 20:20:53.892125 [20:20:45.989] 用户5117 | ✅ 秒杀成功 | 耗时: 2350.39ms
2025/12/13 20:20:53.892129 [20:20:45.989] 用户5491 | ✅ 秒杀成功 | 耗时: 2353.95ms
2025/12/13 20:20:53.892133 [20:20:45.989] 用户5738 | ✅ 秒杀成功 | 耗时: 2351.45ms
2025/12/13 20:20:53.892137 [20:20:45.990] 用户5769 | ✅ 秒杀成功 | 耗时: 2356.04ms
2025/12/13 20:20:53.892140 [20:20:45.990] 用户5645 | ✅ 秒杀成功 | 耗时: 2355.71ms
2025/12/13 20:20:53.892144 [20:20:45.990] 用户6010 | ✅ 秒杀成功 | 耗时: 2352.16ms
2025/12/13 20:20:53.892148 [20:20:45.990] 用户6027 | ✅ 秒杀成功 | 耗时: 2355.55ms
2025/12/13 20:20:53.892152 [20:20:45.990] 用户5541 | ✅ 秒杀成功 | 耗时: 2355.62ms
2025/12/13 20:20:53.892156 [20:20:45.990] 用户6012 | ✅ 秒杀成功 | 耗时: 2352.26ms
2025/12/13 20:20:53.892159 [20:20:45.990] 用户6115 | ✅ 秒杀成功 | 耗时: 2354.47ms
2025/12/13 20:20:53.892163 [20:20:45.990] 用户5741 | ✅ 秒杀成功 | 耗时: 2352.04ms
2025/12/13 20:20:53.892167 [20:20:45.990] 用户4662 | ✅ 秒杀成功 | 耗时: 2351.53ms
2025/12/13 20:20:53.892175 [20:20:45.990] 用户5765 | ✅ 秒杀成功 | 耗时: 2355.51ms
2025/12/13 20:20:53.892179 [20:20:45.990] 用户5462 | ✅ 秒杀成功 | 耗时: 2353.32ms
2025/12/13 20:20:53.892183 [20:20:45.990] 用户5279 | ✅ 秒杀成功 | 耗时: 2356.05ms
2025/12/13 20:20:53.892187 [20:20:45.990] 用户5481 | ✅ 秒杀成功 | 耗时: 2353.68ms
2025/12/13 20:20:53.892191 [20:20:45.990] 用户4850 | ✅ 秒杀成功 | 耗时: 2351.90ms
2025/12/13 20:20:53.892195 [20:20:45.990] 用户5199 | ✅ 秒杀成功 | 耗时: 2352.52ms
2025/12/13 20:20:53.892199 [20:20:45.990] 用户4234 | ✅ 秒杀成功 | 耗时: 2350.62ms
2025/12/13 20:20:53.892203 [20:20:45.990] 用户4825 | ✅ 秒杀成功 | 耗时: 2352.10ms
2025/12/13 20:20:53.892207 [20:20:45.990] 用户4780 | ✅ 秒杀成功 | 耗时: 2350.63ms
2025/12/13 20:20:53.892211 [20:20:45.990] 用户4410 | ✅ 秒杀成功 | 耗时: 2350.65ms
2025/12/13 20:20:53.892215 [20:20:45.990] 用户5737 | ✅ 秒杀成功 | 耗时: 2352.01ms
2025/12/13 20:20:53.892219 [20:20:45.990] 用户5473 | ✅ 秒杀成功 | 耗时: 2353.70ms
2025/12/13 20:20:53.892223 [20:20:45.990] 用户4928 | ✅ 秒杀成功 | 耗时: 2354.12ms
2025/12/13 20:20:53.892227 [20:20:45.990] 用户4847 | ✅ 秒杀成功 | 耗时: 2351.82ms
2025/12/13 20:20:53.892230 [20:20:45.990] 用户6013 | ✅ 秒杀成功 | 耗时: 2352.49ms
2025/12/13 20:20:53.892234 [20:20:45.990] 用户4884 | ✅ 秒杀成功 | 耗时: 2352.55ms
2025/12/13 20:20:53.892238 [20:20:45.990] 用户4669 | ✅ 秒杀成功 | 耗时: 2351.85ms
2025/12/13 20:20:53.892242 [20:20:45.990] 用户4883 | ✅ 秒杀成功 | 耗时: 2352.58ms
2025/12/13 20:20:53.892246 [20:20:45.990] 用户5217 | ✅ 秒杀成功 | 耗时: 2352.23ms
2025/12/13 20:20:53.892250 [20:20:45.990] 用户5720 | ✅ 秒杀成功 | 耗时: 2352.06ms
2025/12/13 20:20:53.892253 [20:20:45.990] 用户5747 | ✅ 秒杀成功 | 耗时: 2355.76ms
2025/12/13 20:20:53.892257 [20:20:45.990] 用户4675 | ✅ 秒杀成功 | 耗时: 2352.47ms
2025/12/13 20:20:53.892261 [20:20:45.990] 用户5719 | ✅ 秒杀成功 | 耗时: 2351.90ms
2025/12/13 20:20:53.892265 [20:20:45.990] 用户8311 | ✅ 秒杀成功 | 耗时: 2270.96ms
2025/12/13 20:20:53.892268 [20:20:45.990] 用户7876 | ✅ 秒杀成功 | 耗时: 2272.08ms
2025/12/13 20:20:53.892272 [20:20:45.990] 用户5126 | ✅ 秒杀成功 | 耗时: 2351.24ms
2025/12/13 20:20:53.892276 [20:20:45.990] 用户5129 | ✅ 秒杀成功 | 耗时: 2351.73ms
2025/12/13 20:20:53.892280 [20:20:45.990] 用户4849 | ✅ 秒杀成功 | 耗时: 2351.95ms
2025/12/13 20:20:53.892284 [20:20:45.990] 用户6009 | ✅ 秒杀成功 | 耗时: 2352.51ms
2025/12/13 20:20:53.892287 [20:20:45.990] 用户6628 | ✅ 秒杀成功 | 耗时: 2368.61ms
2025/12/13 20:20:53.892291 [20:20:45.990] 用户5154 | ✅ 秒杀成功 | 耗时: 2353.38ms
2025/12/13 20:20:53.892295 [20:20:45.990] 用户5223 | ✅ 秒杀成功 | 耗时: 2352.68ms
2025/12/13 20:20:53.892299 [20:20:45.990] 用户4639 | ✅ 秒杀成功 | 耗时: 2351.32ms
2025/12/13 20:20:53.892303 [20:20:45.990] 用户5049 | ✅ 秒杀成功 | 耗时: 2353.12ms
2025/12/13 20:20:53.892307 [20:20:45.990] 用户4872 | ✅ 秒杀成功 | 耗时: 2352.70ms
2025/12/13 20:20:53.892310 [20:20:45.990] 用户5570 | ✅ 秒杀成功 | 耗时: 2358.66ms
2025/12/13 20:20:53.892314 [20:20:45.990] 用户5157 | ✅ 秒杀成功 | 耗时: 2353.18ms
2025/12/13 20:20:53.892318 [20:20:45.990] 用户9948 | ✅ 秒杀成功 | 耗时: 2282.44ms
2025/12/13 20:20:53.892322 [20:20:45.990] 用户5594 | ✅ 秒杀成功 | 耗时: 2355.04ms
2025/12/13 20:20:53.892326 [20:20:45.990] 用户4796 | ✅ 秒杀成功 | 耗时: 2352.04ms
2025/12/13 20:20:53.892329 [20:20:45.991] 用户5396 | ✅ 秒杀成功 | 耗时: 2354.47ms
2025/12/13 20:20:53.892333 [20:20:45.991] 用户1863 | ✅ 秒杀成功 | 耗时: 2315.85ms
2025/12/13 20:20:53.892337 [20:20:45.991] 用户219 | ✅ 秒杀成功 | 耗时: 2306.21ms
2025/12/13 20:20:53.892341 [20:20:45.991] 用户4885 | ✅ 秒杀成功 | 耗时: 2353.05ms
2025/12/13 20:20:53.892345 [20:20:45.991] 用户5908 | ✅ 秒杀成功 | 耗时: 2356.14ms
2025/12/13 20:20:53.892349 [20:20:45.991] 用户7192 | ✅ 秒杀成功 | 耗时: 2179.95ms
2025/12/13 20:20:53.892352 [20:20:45.991] 用户5230 | ✅ 秒杀成功 | 耗时: 2353.01ms
2025/12/13 20:20:53.892356 [20:20:45.991] 用户6135 | ✅ 秒杀成功 | 耗时: 2355.62ms
2025/12/13 20:20:53.892360 [20:20:45.991] 用户6664 | ✅ 秒杀成功 | 耗时: 2357.89ms
2025/12/13 20:20:53.892364 [20:20:45.991] 用户4648 | ✅ 秒杀成功 | 耗时: 2351.77ms
2025/12/13 20:20:53.892368 [20:20:45.991] 用户5735 | ✅ 秒杀成功 | 耗时: 2352.55ms
2025/12/13 20:20:53.892372 [20:20:45.991] 用户5577 | ✅ 秒杀成功 | 耗时: 2355.66ms
2025/12/13 20:20:53.892375 [20:20:45.991] 用户6017 | ✅ 秒杀成功 | 耗时: 2353.47ms
2025/12/13 20:20:53.892379 [20:20:45.991] 用户5856 | ✅ 秒杀成功 | 耗时: 2351.26ms
2025/12/13 20:20:53.892383 [20:20:45.991] 用户5464 | ✅ 秒杀成功 | 耗时: 2354.05ms
2025/12/13 20:20:53.892387 [20:20:45.991] 用户9002 | ✅ 秒杀成功 | 耗时: 2283.89ms
2025/12/13 20:20:53.892391 [20:20:45.991] 用户4873 | ✅ 秒杀成功 | 耗时: 2353.64ms
2025/12/13 20:20:53.892394 [20:20:45.991] 用户5858 | ✅ 秒杀成功 | 耗时: 2351.70ms
2025/12/13 20:20:53.892398 [20:20:45.991] 用户1470 | ✅ 秒杀成功 | 耗时: 2315.94ms
2025/12/13 20:20:53.892402 [20:20:45.992] 用户9321 | ✅ 秒杀成功 | 耗时: 2301.12ms
2025/12/13 20:20:53.892406 [20:20:45.992] 用户5853 | ✅ 秒杀成功 | 耗时: 2352.03ms
2025/12/13 20:20:53.892410 [20:20:45.994] 用户5240 | ✅ 秒杀成功 | 耗时: 2356.75ms
2025/12/13 20:20:53.892413 [20:20:45.994] 用户5629 | ✅ 秒杀成功 | 耗时: 2359.28ms
2025/12/13 20:20:53.892417 [20:20:45.994] 用户5203 | ✅ 秒杀成功 | 耗时: 2356.40ms
2025/12/13 20:20:53.892421 [20:20:45.994] 用户5143 | ✅ 秒杀成功 | 耗时: 2356.27ms
2025/12/13 20:20:53.892425 [20:20:45.994] 用户6026 | ✅ 秒杀成功 | 耗时: 2359.51ms
2025/12/13 20:20:53.892429 [20:20:45.994] 用户947 | ✅ 秒杀成功 | 耗时: 2306.62ms
2025/12/13 20:20:53.892433 [20:20:45.994] 用户5754 | ✅ 秒杀成功 | 耗时: 2359.00ms
2025/12/13 20:20:53.892437 [20:20:45.994] 用户5627 | ✅ 秒杀成功 | 耗时: 2359.31ms
2025/12/13 20:20:53.892440 [20:20:45.994] 用户5218 | ✅ 秒杀成功 | 耗时: 2356.00ms
2025/12/13 20:20:53.892444 [20:20:45.994] 用户5238 | ✅ 秒杀成功 | 耗时: 2356.93ms
2025/12/13 20:20:53.892448 [20:20:45.994] 用户4871 | ✅ 秒杀成功 | 耗时: 2356.20ms
2025/12/13 20:20:53.892452 [20:20:45.994] 用户6020 | ✅ 秒杀成功 | 耗时: 2359.41ms
2025/12/13 20:20:53.892456 [20:20:45.994] 用户5713 | ✅ 秒杀成功 | 耗时: 2355.23ms
2025/12/13 20:20:53.892460 [20:20:45.994] 用户5207 | ✅ 秒杀成功 | 耗时: 2356.88ms
2025/12/13 20:20:53.892463 [20:20:45.994] 用户5903 | ✅ 秒杀成功 | 耗时: 2359.07ms
2025/12/13 20:20:53.892467 [20:20:45.994] 用户5196 | ✅ 秒杀成功 | 耗时: 2355.67ms
2025/12/13 20:20:53.892471 [20:20:45.994] 用户8646 | ✅ 秒杀成功 | 耗时: 2280.95ms
2025/12/13 20:20:53.892475 [20:20:45.994] 用户4533 | ✅ 秒杀成功 | 耗时: 2354.74ms
2025/12/13 20:20:53.892479 [20:20:45.994] 用户5723 | ✅ 秒杀成功 | 耗时: 2359.20ms
2025/12/13 20:20:53.892483 [20:20:45.994] 用户516 | ✅ 秒杀成功 | 耗时: 2309.44ms
2025/12/13 20:20:53.892487 [20:20:45.994] 用户5927 | ✅ 秒杀成功 | 耗时: 2359.85ms
2025/12/13 20:20:53.892490 [20:20:45.994] 用户5617 | ✅ 秒杀成功 | 耗时: 2359.43ms
2025/12/13 20:20:53.892494 [20:20:45.994] 用户5656 | ✅ 秒杀成功 | 耗时: 2360.26ms
2025/12/13 20:20:53.892498 [20:20:45.994] 用户5496 | ✅ 秒杀成功 | 耗时: 2359.21ms
2025/12/13 20:20:53.892502 [20:20:45.994] 用户5171 | ✅ 秒杀成功 | 耗时: 2358.52ms
2025/12/13 20:20:53.892506 [20:20:45.995] 用户6153 | ✅ 秒杀成功 | 耗时: 2360.55ms
2025/12/13 20:20:53.892509 [20:20:45.995] 用户2901 | ✅ 秒杀成功 | 耗时: 2244.41ms
2025/12/13 20:20:53.892513 [20:20:45.995] 用户6149 | ✅ 秒杀成功 | 耗时: 2360.71ms
2025/12/13 20:20:53.892517 [20:20:45.995] 用户4887 | ✅ 秒杀成功 | 耗时: 2357.55ms
2025/12/13 20:20:53.892521 [20:20:45.995] 用户5750 | ✅ 秒杀成功 | 耗时: 2360.80ms
2025/12/13 20:20:53.892524 [20:20:45.995] 用户4898 | ✅ 秒杀成功 | 耗时: 2357.65ms
2025/12/13 20:20:53.892528 [20:20:45.995] 用户5226 | ✅ 秒杀成功 | 耗时: 2357.59ms
2025/12/13 20:20:53.892532 [20:20:45.995] 用户4864 | ✅ 秒杀成功 | 耗时: 2356.98ms
2025/12/13 20:20:53.892536 [20:20:45.995] 用户10991 | ✅ 秒杀成功 | 耗时: 2275.58ms
2025/12/13 20:20:53.892540 [20:20:45.995] 用户9388 | ✅ 秒杀成功 | 耗时: 2307.62ms
2025/12/13 20:20:53.892544 [20:20:45.995] 用户916 | ✅ 秒杀成功 | 耗时: 2292.67ms
2025/12/13 20:20:53.892548 [20:20:45.995] 用户9905 | ✅ 秒杀成功 | 耗时: 2282.21ms
2025/12/13 20:20:53.892551 [20:20:45.995] 用户5166 | ✅ 秒杀成功 | 耗时: 2359.07ms
2025/12/13 20:20:53.892555 [20:20:45.995] 用户5717 | ✅ 秒杀成功 | 耗时: 2356.29ms
2025/12/13 20:20:53.892559 [20:20:45.995] 用户4781 | ✅ 秒杀成功 | 耗时: 2355.55ms
2025/12/13 20:20:53.892563 [20:20:45.995] 用户5648 | ✅ 秒杀成功 | 耗时: 2360.91ms
2025/12/13 20:20:53.892567 [20:20:45.995] 用户2180 | ✅ 秒杀成功 | 耗时: 2300.45ms
2025/12/13 20:20:53.892571 [20:20:45.995] 用户7884 | ✅ 秒杀成功 | 耗时: 2307.78ms
2025/12/13 20:20:53.892575 [20:20:45.995] 用户9755 | ✅ 秒杀成功 | 耗时: 2284.64ms
2025/12/13 20:20:53.892578 [20:20:45.995] 用户5748 | ✅ 秒杀成功 | 耗时: 2360.72ms
2025/12/13 20:20:53.892582 [20:20:45.995] 用户5897 | ✅ 秒杀成功 | 耗时: 2355.58ms
2025/12/13 20:20:53.892586 [20:20:45.995] 用户5048 | ✅ 秒杀成功 | 耗时: 2355.86ms
2025/12/13 20:20:53.892590 [20:20:45.995] 用户5193 | ✅ 秒杀成功 | 耗时: 2356.99ms
2025/12/13 20:20:53.892594 [20:20:45.995] 用户4893 | ✅ 秒杀成功 | 耗时: 2357.89ms
2025/12/13 20:20:53.892597 [20:20:45.996] 用户5727 | ✅ 秒杀成功 | 耗时: 2357.39ms
2025/12/13 20:20:53.892601 [20:20:45.996] 用户5467 | ✅ 秒杀成功 | 耗时: 2359.43ms
2025/12/13 20:20:53.892605 [20:20:45.996] 用户5328 | ✅ 秒杀成功 | 耗时: 2362.75ms
2025/12/13 20:20:53.892609 [20:20:45.996] 用户5232 | ✅ 秒杀成功 | 耗时: 2358.86ms
2025/12/13 20:20:53.892613 [20:20:45.996] 用户5237 | ✅ 秒杀成功 | 耗时: 2359.03ms
2025/12/13 20:20:53.892616 [20:20:45.996] 用户4531 | ✅ 秒杀成功 | 耗时: 2356.71ms
2025/12/13 20:20:53.892621 [20:20:45.996] 用户287 | ✅ 秒杀成功 | 耗时: 2313.18ms
2025/12/13 20:20:53.892624 [20:20:45.996] 用户52 | ✅ 秒杀成功 | 耗时: 2321.11ms
2025/12/13 20:20:53.892628 [20:20:45.996] 用户4799 | ✅ 秒杀成功 | 耗时: 2358.84ms
2025/12/13 20:20:53.892632 [20:20:45.997] 用户6074 | ✅ 秒杀成功 | 耗时: 2361.64ms
2025/12/13 20:20:53.892636 [20:20:45.997] 用户6639 | ✅ 秒杀成功 | 耗时: 2362.85ms
2025/12/13 20:20:53.892640 [20:20:45.997] 用户5793 | ✅ 秒杀成功 | 耗时: 2361.68ms
2025/12/13 20:20:53.892644 [20:20:45.997] 用户5227 | ✅ 秒杀成功 | 耗时: 2359.67ms
2025/12/13 20:20:53.892648 [20:20:45.997] 用户4787 | ✅ 秒杀成功 | 耗时: 2357.50ms
2025/12/13 20:20:53.892652 [20:20:45.997] 用户5257 | ✅ 秒杀成功 | 耗时: 2359.82ms
2025/12/13 20:20:53.892656 [20:20:45.997] 用户4894 | ✅ 秒杀成功 | 耗时: 2359.50ms
2025/12/13 20:20:53.892659 [20:20:45.997] 用户4773 | ✅ 秒杀成功 | 耗时: 2357.22ms
2025/12/13 20:20:53.892663 [20:20:45.997] 用户4647 | ✅ 秒杀成功 | 耗时: 2358.07ms
2025/12/13 20:20:53.892667 [20:20:45.997] 用户4848 | ✅ 秒杀成功 | 耗时: 2358.65ms
2025/12/13 20:20:53.892671 [20:20:45.997] 用户4778 | ✅ 秒杀成功 | 耗时: 2357.38ms
2025/12/13 20:20:53.892675 [20:20:45.997] 用户6121 | ✅ 秒杀成功 | 耗时: 2361.53ms
2025/12/13 20:20:53.892678 [20:20:45.997] 用户3702 | ✅ 秒杀成功 | 耗时: 2357.97ms
2025/12/13 20:20:53.892682 [20:20:45.997] 用户4779 | ✅ 秒杀成功 | 耗时: 2360.71ms
2025/12/13 20:20:53.892686 [20:20:45.997] 用户5625 | ✅ 秒杀成功 | 耗时: 2362.03ms
2025/12/13 20:20:53.892690 [20:20:45.997] 用户5652 | ✅ 秒杀成功 | 耗时: 2362.95ms
2025/12/13 20:20:53.892694 [20:20:45.997] 用户5195 | ✅ 秒杀成功 | 耗时: 2359.21ms
2025/12/13 20:20:53.892697 [20:20:45.998] 用户6022 | ✅ 秒杀成功 | 耗时: 2363.70ms
2025/12/13 20:20:53.892701 [20:20:45.998] 用户5621 | ✅ 秒杀成功 | 耗时: 2363.58ms
2025/12/13 20:20:53.892705 [20:20:45.998] 用户4922 | ✅ 秒杀成功 | 耗时: 2362.16ms
2025/12/13 20:20:53.892709 [20:20:45.999] 用户4859 | ✅ 秒杀成功 | 耗时: 2359.84ms
2025/12/13 20:20:53.892713 [20:20:45.999] 用户4790 | ✅ 秒杀成功 | 耗时: 2359.50ms
2025/12/13 20:20:53.892717 [20:20:45.999] 用户4902 | ✅ 秒杀成功 | 耗时: 2362.45ms
2025/12/13 20:20:53.892722 [20:20:45.999] 用户5210 | ✅ 秒杀成功 | 耗时: 2363.76ms
2025/12/13 20:20:53.892726 [20:20:45.999] 用户4844 | ✅ 秒杀成功 | 耗时: 2360.69ms
2025/12/13 20:20:53.892729 [20:20:45.999] 用户8472 | ✅ 秒杀成功 | 耗时: 2281.41ms
2025/12/13 20:20:53.892733 [20:20:45.999] 用户4877 | ✅ 秒杀成功 | 耗时: 2361.21ms
2025/12/13 20:20:53.892737 [20:20:46.000] 用户5772 | ✅ 秒杀成功 | 耗时: 2365.16ms
2025/12/13 20:20:53.892741 [20:20:46.000] 用户4923 | ✅ 秒杀成功 | 耗时: 2363.98ms
2025/12/13 20:20:53.892745 [20:20:46.000] 用户736 | ✅ 秒杀成功 | 耗时: 2297.84ms
2025/12/13 20:20:53.892748 [20:20:46.000] 用户5590 | ✅ 秒杀成功 | 耗时: 2364.80ms
2025/12/13 20:20:53.892752 [20:20:46.000] 用户4824 | ✅ 秒杀成功 | 耗时: 2363.90ms
2025/12/13 20:20:53.892756 [20:20:46.000] 用户4840 | ✅ 秒杀成功 | 耗时: 2361.15ms
2025/12/13 20:20:53.892760 [20:20:46.000] 用户5304 | ✅ 秒杀成功 | 耗时: 2364.17ms
2025/12/13 20:20:53.892764 [20:20:46.000] 用户4629 | ✅ 秒杀成功 | 耗时: 2360.99ms
2025/12/13 20:20:53.892768 [20:20:46.000] 用户4794 | ✅ 秒杀成功 | 耗时: 2361.25ms
2025/12/13 20:20:53.892772 [20:20:46.000] 用户4870 | ✅ 秒杀成功 | 耗时: 2362.50ms
2025/12/13 20:20:53.892776 [20:20:46.000] 用户5246 | ✅ 秒杀成功 | 耗时: 2363.69ms
2025/12/13 20:20:53.892781 [20:20:46.000] 用户5142 | ✅ 秒杀成功 | 耗时: 2362.72ms
2025/12/13 20:20:53.892785 [20:20:46.000] 用户5121 | ✅ 秒杀成功 | 耗时: 2361.36ms
2025/12/13 20:20:53.892790 [20:20:46.001] 用户5122 | ✅ 秒杀成功 | 耗时: 2361.67ms
2025/12/13 20:20:53.892794 [20:20:46.001] 用户5164 | ✅ 秒杀成功 | 耗时: 2364.25ms
2025/12/13 20:20:53.892799 [20:20:46.004] 用户4876 | ✅ 秒杀成功 | 耗时: 2365.95ms
2025/12/13 20:20:53.892804 [20:20:46.004] 用户4556 | ✅ 秒杀成功 | 耗时: 2364.72ms
2025/12/13 20:20:53.892808 [20:20:46.004] 用户5859 | ✅ 秒杀成功 | 耗时: 2364.85ms
2025/12/13 20:20:53.892811 [20:20:46.004] 用户5137 | ✅ 秒杀成功 | 耗时: 2365.94ms
2025/12/13 20:20:53.892815 [20:20:46.004] 用户5497 | ✅ 秒杀成功 | 耗时: 2368.37ms
2025/12/13 20:20:53.892819 [20:20:46.004] 用户5805 | ✅ 秒杀成功 | 耗时: 2371.61ms
2025/12/13 20:20:53.892823 [20:20:46.004] 用户5267 | ✅ 秒杀成功 | 耗时: 2368.81ms
2025/12/13 20:20:53.892827 [20:20:46.004] 用户4899 | ✅ 秒杀成功 | 耗时: 2367.65ms
2025/12/13 20:20:53.892831 [20:20:46.004] 用户5229 | ✅ 秒杀成功 | 耗时: 2366.45ms
2025/12/13 20:20:53.892835 [20:20:46.004] 用户1144 | ✅ 秒杀成功 | 耗时: 2311.87ms
2025/12/13 20:20:53.892839 [20:20:46.004] 用户4789 | ✅ 秒杀成功 | 耗时: 2364.81ms
2025/12/13 20:20:53.892842 [20:20:46.004] 用户5219 | ✅ 秒杀成功 | 耗时: 2366.20ms
2025/12/13 20:20:53.892846 [20:20:46.004] 用户4863 | ✅ 秒杀成功 | 耗时: 2365.55ms
2025/12/13 20:20:53.892850 [20:20:46.004] 用户4851 | ✅ 秒杀成功 | 耗时: 2366.02ms
2025/12/13 20:20:53.892854 [20:20:46.004] 用户7644 | ✅ 秒杀成功 | 耗时: 2286.02ms
2025/12/13 20:20:53.892858 [20:20:46.004] 用户1793 | ✅ 秒杀成功 | 耗时: 2158.58ms
2025/12/13 20:20:53.892862 [20:20:46.004] 用户6141 | ✅ 秒杀成功 | 耗时: 2369.90ms
2025/12/13 20:20:53.892866 [20:20:46.007] 用户5261 | ✅ 秒杀成功 | 耗时: 2371.72ms
2025/12/13 20:20:53.892870 [20:20:46.007] 用户4886 | ✅ 秒杀成功 | 耗时: 2369.61ms
2025/12/13 20:20:53.892874 [20:20:46.007] 用户5734 | ✅ 秒杀成功 | 耗时: 2369.10ms
2025/12/13 20:20:53.892878 [20:20:46.007] 用户4879 | ✅ 秒杀成功 | 耗时: 2369.38ms
2025/12/13 20:20:53.892881 [20:20:46.007] 用户4920 | ✅ 秒杀成功 | 耗时: 2371.18ms
2025/12/13 20:20:53.892885 [20:20:46.007] 用户3710 | ✅ 秒杀成功 | 耗时: 2368.88ms
2025/12/13 20:20:53.892889 [20:20:46.007] 用户4921 | ✅ 秒杀成功 | 耗时: 2371.21ms
2025/12/13 20:20:53.892893 [20:20:46.007] 用户4915 | ✅ 秒杀成功 | 耗时: 2371.20ms
2025/12/13 20:20:53.892897 [20:20:46.007] 用户5216 | ✅ 秒杀成功 | 耗时: 2369.42ms
2025/12/13 20:20:53.892901 [20:20:46.007] 用户5724 | ✅ 秒杀成功 | 耗时: 2372.61ms
2025/12/13 20:20:53.892905 [20:20:46.064] 用户5476 | ✅ 秒杀成功 | 耗时: 2427.47ms
2025/12/13 20:20:53.892909 [20:20:46.064] 用户5951 | ✅ 秒杀成功 | 耗时: 2429.46ms
2025/12/13 20:20:53.892913 [20:20:46.064] 用户4668 | ✅ 秒杀成功 | 耗时: 2426.06ms
2025/12/13 20:20:53.892917 [20:20:46.076] 用户5220 | ✅ 秒杀成功 | 耗时: 2438.21ms
2025/12/13 20:20:53.892921 [20:20:46.076] 用户2641 | ✅ 秒杀成功 | 耗时: 2356.66ms
2025/12/13 20:20:53.892925 [20:20:46.076] 用户8875 | ✅ 秒杀成功 | 耗时: 2361.96ms
2025/12/13 20:20:53.892928 [20:20:46.077] 用户8702 | ✅ 秒杀成功 | 耗时: 2369.08ms
2025/12/13 20:20:53.892932 [20:20:46.077] 用户5421 | ✅ 秒杀成功 | 耗时: 2441.79ms
2025/12/13 20:20:53.892936 [20:20:46.077] 用户4775 | ✅ 秒杀成功 | 耗时: 2437.05ms
2025/12/13 20:20:53.892940 [20:20:46.077] 用户4919 | ✅ 秒杀成功 | 耗时: 2440.52ms
2025/12/13 20:20:53.892956 [20:20:46.077] 用户4878 | ✅ 秒杀成功 | 耗时: 2438.87ms
2025/12/13 20:20:53.892962 [20:20:46.077] 用户929 | ✅ 秒杀成功 | 耗时: 2377.56ms
2025/12/13 20:20:53.892966 [20:20:46.078] 用户6550 | ✅ 秒杀成功 | 耗时: 2450.54ms
2025/12/13 20:20:53.892970 [20:20:46.078] 用户5478 | ✅ 秒杀成功 | 耗时: 2441.97ms
2025/12/13 20:20:53.892973 [20:20:46.079] 用户4866 | ✅ 秒杀成功 | 耗时: 2440.88ms
2025/12/13 20:20:53.892978 [20:20:46.079] 用户5743 | ✅ 秒杀成功 | 耗时: 2441.07ms
2025/12/13 20:20:53.892982 [20:20:46.079] 用户5205 | ✅ 秒杀成功 | 耗时: 2441.91ms
2025/12/13 20:20:53.892987 [20:20:46.079] 用户4525 | ✅ 秒杀成功 | 耗时: 2439.94ms
2025/12/13 20:20:53.892991 [20:20:46.080] 用户8083 | ✅ 秒杀成功 | 耗时: 2361.59ms
2025/12/13 20:20:53.892995 [20:20:46.082] 用户5047 | ✅ 秒杀成功 | 耗时: 2442.33ms
2025/12/13 20:20:53.892999 [20:20:46.082] 用户10654 | ✅ 秒杀成功 | 耗时: 2385.81ms
2025/12/13 20:20:53.893003 [20:20:46.082] 用户4748 | ✅ 秒杀成功 | 耗时: 2442.70ms
2025/12/13 20:20:53.893007 [20:20:46.082] 用户943 | ✅ 秒杀成功 | 耗时: 2394.92ms
2025/12/13 20:20:53.893011 [20:20:46.082] 用户5492 | ✅ 秒杀成功 | 耗时: 2446.48ms
2025/12/13 20:20:53.893015 [20:20:46.082] 用户5200 | ✅ 秒杀成功 | 耗时: 2444.84ms
2025/12/13 20:20:53.893018 [20:20:46.082] 用户203 | ✅ 秒杀成功 | 耗时: 2402.37ms
2025/12/13 20:20:53.893022 [20:20:46.082] 用户7641 | ✅ 秒杀成功 | 耗时: 2364.32ms
2025/12/13 20:20:53.893026 [20:20:46.083] 用户8953 | ✅ 秒杀成功 | 耗时: 2388.10ms
2025/12/13 20:20:53.893030 [20:20:46.083] 用户5930 | ✅ 秒杀成功 | 耗时: 2448.42ms
2025/12/13 20:20:53.893034 [20:20:46.083] 用户4673 | ✅ 秒杀成功 | 耗时: 2445.02ms
2025/12/13 20:20:53.893038 [20:20:46.083] 用户5480 | ✅ 秒杀成功 | 耗时: 2447.09ms
2025/12/13 20:20:53.893042 [20:20:46.083] 用户4413 | ✅ 秒杀成功 | 耗时: 2443.84ms
2025/12/13 20:20:53.893046 [20:20:46.083] 用户5120 | ✅ 秒杀成功 | 耗时: 2444.24ms
2025/12/13 20:20:53.893050 [20:20:46.084] 用户5745 | ✅ 秒杀成功 | 耗时: 2448.66ms
2025/12/13 20:20:53.893054 [20:20:46.084] 用户4798 | ✅ 秒杀成功 | 耗时: 2445.22ms
2025/12/13 20:20:53.893058 [20:20:46.086] 用户5932 | ✅ 秒杀成功 | 耗时: 2451.92ms
2025/12/13 20:20:53.893063 [20:20:46.087] 用户1484 | ✅ 秒杀成功 | 耗时: 2411.87ms
2025/12/13 20:20:53.893068 [20:20:46.090] 用户5907 | ✅ 秒杀成功 | 耗时: 2455.79ms
2025/12/13 20:20:53.893072 [20:20:46.091] 用户5613 | ✅ 秒杀成功 | 耗时: 2456.23ms
2025/12/13 20:20:53.893077 [20:20:46.092] 用户4929 | ✅ 秒杀成功 | 耗时: 2455.76ms
2025/12/13 20:20:53.893081 [20:20:46.092] 用户5258 | ✅ 秒杀成功 | 耗时: 2456.01ms
2025/12/13 20:20:53.893084 [20:20:46.093] 用户5418 | ✅ 秒杀成功 | 耗时: 2456.89ms
2025/12/13 20:20:53.893088 [20:20:46.095] 用户2584 | ✅ 秒杀成功 | 耗时: 2415.27ms
2025/12/13 20:20:53.893092 [20:20:46.107] 用户8367 | ✅ 秒杀成功 | 耗时: 2389.18ms
2025/12/13 20:20:53.893096 [20:20:46.111] 用户5133 | ✅ 秒杀成功 | 耗时: 2472.69ms
2025/12/13 20:20:53.893100 [20:20:46.112] 用户5906 | ✅ 秒杀成功 | 耗时: 2477.09ms
2025/12/13 20:20:53.893104 [20:20:46.112] 用户4563 | ✅ 秒杀成功 | 耗时: 2473.42ms
2025/12/13 20:20:53.893116 [20:20:46.113] 用户4524 | ✅ 秒杀成功 | 耗时: 2473.21ms
2025/12/13 20:20:53.893121 [20:20:46.114] 用户5113 | ✅ 秒杀成功 | 耗时: 2474.69ms
2025/12/13 20:20:53.893125 [20:20:46.121] 用户4791 | ✅ 秒杀成功 | 耗时: 2481.63ms
2025/12/13 20:20:53.893131 [20:20:46.121] 用户5135 | ✅ 秒杀成功 | 耗时: 2482.49ms
2025/12/13 20:20:53.893136 [20:20:46.121] 用户4793 | ✅ 秒杀成功 | 耗时: 2481.92ms
2025/12/13 20:20:53.893140 [20:20:46.131] 用户4661 | ✅ 秒杀成功 | 耗时: 2492.52ms
2025/12/13 20:20:53.893144 [20:20:46.138] 用户4860 | ✅ 秒杀成功 | 耗时: 2499.66ms
2025/12/13 20:20:53.893148 [20:20:46.142] 用户4654 | ✅ 秒杀成功 | 耗时: 2503.01ms
2025/12/13 20:20:53.893152 [20:20:46.142] 用户5408 | ✅ 秒杀成功 | 耗时: 2505.85ms
2025/12/13 20:20:53.893156 [20:20:46.142] 用户5733 | ✅ 秒杀成功 | 耗时: 2504.05ms
2025/12/13 20:20:53.893160 [20:20:46.142] 用户6123 | ✅ 秒杀成功 | 耗时: 2507.10ms
2025/12/13 20:20:53.893164 [20:20:46.143] 用户5394 | ✅ 秒杀成功 | 耗时: 2503.52ms
2025/12/13 20:20:53.893168 [20:20:46.144] 用户3615 | ✅ 秒杀成功 | 耗时: 2505.99ms
2025/12/13 20:20:53.893172 [20:20:46.145] 用户6643 | ✅ 秒杀成功 | 耗时: 2511.16ms
2025/12/13 20:20:53.893176 [20:20:46.145] 用户5870 | ✅ 秒杀成功 | 耗时: 2510.37ms
2025/12/13 20:20:53.893180 [20:20:46.145] 用户4664 | ✅ 秒杀成功 | 耗时: 2506.83ms
2025/12/13 20:20:53.893184 [20:20:46.145] 用户4839 | ✅ 秒杀成功 | 耗时: 2506.05ms
2025/12/13 20:20:53.893188 [20:20:46.145] 用户4774 | ✅ 秒杀成功 | 耗时: 2505.67ms
2025/12/13 20:20:53.893192 [20:20:46.145] 用户5127 | ✅ 秒杀成功 | 耗时: 2506.70ms
2025/12/13 20:20:53.893196 [20:20:46.145] 用户4846 | ✅ 秒杀成功 | 耗时: 2507.17ms
2025/12/13 20:20:53.893200 [20:20:46.145] 用户4914 | ✅ 秒杀成功 | 耗时: 2509.13ms
2025/12/13 20:20:53.893203 [20:20:46.145] 用户5123 | ✅ 秒杀成功 | 耗时: 2506.42ms
2025/12/13 20:20:53.893217 [20:20:46.145] 用户5712 | ✅ 秒杀成功 | 耗时: 2506.63ms
2025/12/13 20:20:53.893222 [20:20:46.145] 用户4522 | ✅ 秒杀成功 | 耗时: 2505.79ms
2025/12/13 20:20:53.893226 [20:20:46.145] 用户4633 | ✅ 秒杀成功 | 耗时: 2506.40ms
2025/12/13 20:20:53.893230 [20:20:46.145] 用户4785 | ✅ 秒杀成功 | 耗时: 2506.13ms
2025/12/13 20:20:53.893270 [20:20:46.145] 用户4416 | ✅ 秒杀成功 | 耗时: 2506.48ms
2025/12/13 20:20:53.893283 [20:20:46.146] 用户6019 | ✅ 秒杀成功 | 耗时: 2508.54ms
2025/12/13 20:20:53.893288 [20:20:46.146] 用户4652 | ✅ 秒杀成功 | 耗时: 2506.86ms
2025/12/13 20:20:53.893293 [20:20:46.146] 用户4530 | ✅ 秒杀成功 | 耗时: 2506.20ms
2025/12/13 20:20:53.893298 [20:20:46.146] 用户4861 | ✅ 秒杀成功 | 耗时: 2506.93ms
2025/12/13 20:20:53.893302 [20:20:46.146] 用户5479 | ✅ 秒杀成功 | 耗时: 2509.81ms
2025/12/13 20:20:53.893307 [20:20:46.146] 用户5612 | ✅ 秒杀成功 | 耗时: 2510.83ms
2025/12/13 20:20:53.893311 [20:20:46.146] 用户5726 | ✅ 秒杀成功 | 耗时: 2507.11ms
2025/12/13 20:20:53.893315 [20:20:46.146] 用户4641 | ✅ 秒杀成功 | 耗时: 2506.74ms
2025/12/13 20:20:53.893319 [20:20:46.146] 用户4442 | ✅ 秒杀成功 | 耗时: 2506.52ms
2025/12/13 20:20:53.893323 [20:20:46.146] 用户4858 | ✅ 秒杀成功 | 耗时: 2506.75ms
2025/12/13 20:20:53.893327 [20:20:46.146] 用户4656 | ✅ 秒杀成功 | 耗时: 2507.25ms
2025/12/13 20:20:53.893331 [20:20:46.146] 用户5392 | ✅ 秒杀成功 | 耗时: 2506.30ms
2025/12/13 20:20:53.893335 [20:20:46.146] 用户946 | ✅ 秒杀成功 | 耗时: 2458.68ms
2025/12/13 20:20:53.893339 [20:20:46.146] 用户5487 | ✅ 秒杀成功 | 耗时: 2510.24ms
2025/12/13 20:20:53.893343 [20:20:46.146] 用户5115 | ✅ 秒杀成功 | 耗时: 2506.80ms
2025/12/13 20:20:53.893347 [20:20:46.146] 用户4553 | ✅ 秒杀成功 | 耗时: 2506.75ms
2025/12/13 20:20:53.893351 [20:20:46.146] 用户5715 | ✅ 秒杀成功 | 耗时: 2507.26ms
2025/12/13 20:20:53.893355 [20:20:46.146] 用户5239 | ✅ 秒杀成功 | 耗时: 2509.04ms
2025/12/13 20:20:53.893360 [20:20:46.146] 用户4566 | ✅ 秒杀成功 | 耗时: 2506.88ms
2025/12/13 20:20:53.893364 [20:20:46.146] 用户5661 | ✅ 秒杀成功 | 耗时: 2511.99ms
2025/12/13 20:20:53.893368 [20:20:46.146] 用户5250 | ✅ 秒杀成功 | 耗时: 2509.76ms
2025/12/13 20:20:53.893372 [20:20:46.146] 用户5149 | ✅ 秒杀成功 | 耗时: 2508.88ms
2025/12/13 20:20:53.893376 [20:20:46.146] 用户4784 | ✅ 秒杀成功 | 耗时: 2506.81ms
2025/12/13 20:20:53.893380 [20:20:46.146] 用户4897 | ✅ 秒杀成功 | 耗时: 2508.99ms
2025/12/13 20:20:53.893384 [20:20:46.146] 用户4896 | ✅ 秒杀成功 | 耗时: 2508.97ms
2025/12/13 20:20:53.893388 [20:20:46.146] 用户4558 | ✅ 秒杀成功 | 耗时: 2507.35ms
2025/12/13 20:20:53.893392 [20:20:46.146] 用户5273 | ✅ 秒杀成功 | 耗时: 2511.82ms
2025/12/13 20:20:53.893396 [20:20:46.146] 用户4555 | ✅ 秒杀成功 | 耗时: 2507.28ms
2025/12/13 20:20:53.893400 [20:20:46.146] 用户5136 | ✅ 秒杀成功 | 耗时: 2508.50ms
2025/12/13 20:20:53.893404 [20:20:46.146] 用户4636 | ✅ 秒杀成功 | 耗时: 2507.46ms
2025/12/13 20:20:53.893408 [20:20:46.146] 用户1150 | ✅ 秒杀成功 | 耗时: 2459.26ms
2025/12/13 20:20:53.893412 [20:20:46.146] 用户5596 | ✅ 秒杀成功 | 耗时: 2511.30ms
2025/12/13 20:20:53.893415 [20:20:46.147] 用户5131 | ✅ 秒杀成功 | 耗时: 2508.16ms
2025/12/13 20:20:53.893419 [20:20:46.147] 用户6146 | ✅ 秒杀成功 | 耗时: 2512.60ms
2025/12/13 20:20:53.893423 [20:20:46.147] 用户5749 | ✅ 秒杀成功 | 耗时: 2512.21ms
2025/12/13 20:20:53.893427 [20:20:46.147] 用户5864 | ✅ 秒杀成功 | 耗时: 2511.83ms
2025/12/13 20:20:53.893431 [20:20:46.147] 用户5869 | ✅ 秒杀成功 | 耗时: 2511.82ms
2025/12/13 20:20:53.893434 [20:20:46.147] 用户5657 | ✅ 秒杀成功 | 耗时: 2512.81ms
2025/12/13 20:20:53.893438 [20:20:46.147] 用户5403 | ✅ 秒杀成功 | 耗时: 2510.74ms
2025/12/13 20:20:53.893442 [20:20:46.147] 用户4233 | ✅ 秒杀成功 | 耗时: 2507.49ms
2025/12/13 20:20:53.893446 [20:20:46.147] 用户5758 | ✅ 秒杀成功 | 耗时: 2512.04ms
2025/12/13 20:20:53.893450 [20:20:46.147] 用户4868 | ✅ 秒杀成功 | 耗时: 2508.98ms
2025/12/13 20:20:53.893454 [20:20:46.147] 用户9389 | ✅ 秒杀成功 | 耗时: 2459.66ms
2025/12/13 20:20:53.893457 [20:20:46.147] 用户9538 | ✅ 秒杀成功 | 耗时: 2448.54ms
2025/12/13 20:20:53.893461 [20:20:46.147] 用户4755 | ✅ 秒杀成功 | 耗时: 2506.75ms
2025/12/13 20:20:53.893465 [20:20:46.147] 用户4777 | ✅ 秒杀成功 | 耗时: 2507.45ms
2025/12/13 20:20:53.893469 [20:20:46.147] 用户5429 | ✅ 秒杀成功 | 耗时: 2512.05ms
2025/12/13 20:20:53.893473 [20:20:46.147] 用户5817 | ✅ 秒杀成功 | 耗时: 2515.19ms
2025/12/13 20:20:53.893476 [20:20:46.148] 用户5026 | ✅ 秒杀成功 | 耗时: 2507.71ms
2025/12/13 20:20:53.893480 [20:20:46.149] 用户5124 | ✅ 秒杀成功 | 耗时: 2510.61ms
2025/12/13 20:20:53.893484 [20:20:46.149] 用户4800 | ✅ 秒杀成功 | 耗时: 2511.06ms
2025/12/13 20:20:53.893488 [20:20:46.149] 用户5731 | ✅ 秒杀成功 | 耗时: 2511.09ms
2025/12/13 20:20:53.893492 [20:20:46.149] 用户5395 | ✅ 秒杀成功 | 耗时: 2510.02ms
2025/12/13 20:20:53.893496 [20:20:46.150] 用户4925 | ✅ 秒杀成功 | 耗时: 2513.47ms
2025/12/13 20:20:53.893500 [20:20:46.150] 用户5225 | ✅ 秒杀成功 | 耗时: 2512.85ms
2025/12/13 20:20:53.893503 [20:20:46.150] 用户5631 | ✅ 秒杀成功 | 耗时: 2515.75ms
2025/12/13 20:20:53.893508 [20:20:46.150] 用户4562 | ✅ 秒杀成功 | 耗时: 2511.58ms
2025/12/13 20:20:53.893512 [20:20:46.150] 用户5128 | ✅ 秒杀成功 | 耗时: 2511.62ms
2025/12/13 20:20:53.893521 [20:20:46.150] 用户5111 | ✅ 秒杀成功 | 耗时: 2511.17ms
2025/12/13 20:20:53.893525 [20:20:46.151] 用户5872 | ✅ 秒杀成功 | 耗时: 2516.40ms
2025/12/13 20:20:53.893529 [20:20:46.151] 用户5857 | ✅ 秒杀成功 | 耗时: 2512.04ms
2025/12/13 20:20:53.893533 [20:20:46.152] 用户6016 | ✅ 秒杀成功 | 耗时: 2514.32ms
2025/12/13 20:20:53.893537 [20:20:46.152] 用户5622 | ✅ 秒杀成功 | 耗时: 2516.95ms
2025/12/13 20:20:53.893541 [20:20:46.152] 用户5116 | ✅ 秒杀成功 | 耗时: 2512.50ms
2025/12/13 20:20:53.893545 [20:20:46.152] 用户5236 | ✅ 秒杀成功 | 耗时: 2514.60ms
2025/12/13 20:20:53.893548 [20:20:46.152] 用户6676 | ✅ 秒杀成功 | 耗时: 2519.57ms
2025/12/13 20:20:53.893552 [20:20:46.152] 用户5901 | ✅ 秒杀成功 | 耗时: 2513.10ms
2025/12/13 20:20:53.893556 [20:20:46.155] 用户4394 | ✅ 秒杀成功 | 耗时: 2515.83ms
2025/12/13 20:20:53.893560 [20:20:46.159] 用户4407 | ✅ 秒杀成功 | 耗时: 2518.99ms
2025/12/13 20:20:53.893563 [20:20:46.159] 用户5493 | ✅ 秒杀成功 | 耗时: 2523.12ms
2025/12/13 20:20:53.893567 [20:20:46.159] 用户5860 | ✅ 秒杀成功 | 耗时: 2523.65ms
2025/12/13 20:20:53.893571 [20:20:46.159] 用户1932 | ✅ 秒杀成功 | 耗时: 2484.31ms
2025/12/13 20:20:53.893575 [20:20:46.161] 用户5855 | ✅ 秒杀成功 | 耗时: 2521.17ms
2025/12/13 20:20:53.893579 [20:20:46.161] 用户4527 | ✅ 秒杀成功 | 耗时: 2521.64ms
2025/12/13 20:20:53.893582 [20:20:46.161] 用户5759 | ✅ 秒杀成功 | 耗时: 2526.16ms
2025/12/13 20:20:53.893586 [20:20:46.161] 用户5767 | ✅ 秒杀成功 | 耗时: 2526.40ms
2025/12/13 20:20:53.893590 [20:20:46.161] 用户5198 | ✅ 秒杀成功 | 耗时: 2526.50ms
2025/12/13 20:20:53.893594 [20:20:46.161] 用户4917 | ✅ 秒杀成功 | 耗时: 2525.06ms
2025/12/13 20:20:53.893598 [20:20:46.161] 用户5125 | ✅ 秒杀成功 | 耗时: 2522.53ms
2025/12/13 20:20:53.893601 [20:20:46.162] 用户5114 | ✅ 秒杀成功 | 耗时: 2522.42ms
2025/12/13 20:20:53.893605 [20:20:46.162] 用户4665 | ✅ 秒杀成功 | 耗时: 2523.44ms
2025/12/13 20:20:53.893609 [20:20:46.162] 用户5050 | ✅ 秒杀成功 | 耗时: 2522.31ms
2025/12/13 20:20:53.893613 [20:20:46.162] 用户4554 | ✅ 秒杀成功 | 耗时: 2522.80ms
2025/12/13 20:20:53.893616 [20:20:46.162] 用户5644 | ✅ 秒杀成功 | 耗时: 2527.40ms
2025/12/13 20:20:53.893620 [20:20:46.164] 用户5417 | ✅ 秒杀成功 | 耗时: 2529.49ms
2025/12/13 20:20:53.893624 [20:20:46.164] 用户2045 | ✅ 秒杀成功 | 耗时: 2489.83ms
2025/12/13 20:20:53.893628 [20:20:46.164] 用户4532 | ✅ 秒杀成功 | 耗时: 2525.10ms
2025/12/13 20:20:53.893632 [20:20:46.166] 用户5608 | ✅ 秒杀成功 | 耗时: 2534.64ms
2025/12/13 20:20:53.893636 [20:20:46.167] 用户4853 | ✅ 秒杀成功 | 耗时: 2527.63ms
2025/12/13 20:20:53.893639 [20:20:46.170] 用户4519 | ✅ 秒杀成功 | 耗时: 2530.44ms
2025/12/13 20:20:53.893643 [20:20:46.170] 用户5415 | ✅ 秒杀成功 | 耗时: 2535.20ms
2025/12/13 20:20:53.893647 [20:20:46.170] 用户4638 | ✅ 秒杀成功 | 耗时: 2531.15ms
2025/12/13 20:20:53.893651 [20:20:46.170] 用户4651 | ✅ 秒杀成功 | 耗时: 2531.47ms
2025/12/13 20:20:53.893654 [20:20:46.170] 用户5761 | ✅ 秒杀成功 | 耗时: 2535.60ms
2025/12/13 20:20:53.893658 [20:20:46.170] 用户6021 | ✅ 秒杀成功 | 耗时: 2535.68ms
2025/12/13 20:20:53.893662 [20:20:46.170] 用户4912 | ✅ 秒杀成功 | 耗时: 2534.23ms
2025/12/13 20:20:53.893666 [20:20:46.171] 用户6014 | ✅ 秒杀成功 | 耗时: 2533.20ms
2025/12/13 20:20:53.893669 [20:20:46.171] 用户4855 | ✅ 秒杀成功 | 耗时: 2531.76ms
2025/12/13 20:20:53.893673 [20:20:46.171] 用户4666 | ✅ 秒杀成功 | 耗时: 2532.31ms
2025/12/13 20:20:53.893677 [20:20:46.171] 用户5391 | ✅ 秒杀成功 | 耗时: 2531.29ms
2025/12/13 20:20:53.893681 [20:20:46.171] 用户6646 | ✅ 秒杀成功 | 耗时: 2537.03ms
2025/12/13 20:20:53.893684 [20:20:46.171] 用户5729 | ✅ 秒杀成功 | 耗时: 2532.45ms
2025/12/13 20:20:53.893705 [20:20:46.171] 用户5854 | ✅ 秒杀成功 | 耗时: 2531.34ms
2025/12/13 20:20:53.893722 [20:20:46.171] 用户5045 | ✅ 秒杀成功 | 耗时: 2531.36ms
2025/12/13 20:20:53.893737 [20:20:46.171] 用户5180 | ✅ 秒杀成功 | 耗时: 2535.43ms
2025/12/13 20:20:53.893743 [20:20:46.171] 用户4644 | ✅ 秒杀成功 | 耗时: 2532.04ms
2025/12/13 20:20:53.893748 [20:20:46.171] 用户5044 | ✅ 秒杀成功 | 耗时: 2531.35ms
2025/12/13 20:20:53.893752 [20:20:46.171] 用户4667 | ✅ 秒杀成功 | 耗时: 2532.67ms
2025/12/13 20:20:53.893756 [20:20:46.171] 用户8273 | ✅ 秒杀成功 | 耗时: 2456.39ms
2025/12/13 20:20:53.893761 [20:20:46.171] 用户5404 | ✅ 秒杀成功 | 耗时: 2535.43ms
2025/12/13 20:20:53.893765 [20:20:46.171] 用户4637 | ✅ 秒杀成功 | 耗时: 2532.42ms
2025/12/13 20:20:53.893769 [20:20:46.171] 用户4415 | ✅ 秒杀成功 | 耗时: 2532.25ms
2025/12/13 20:20:53.893773 [20:20:46.171] 用户4650 | ✅ 秒杀成功 | 耗时: 2532.76ms
2025/12/13 20:20:53.893777 [20:20:46.171] 用户5714 | ✅ 秒杀成功 | 耗时: 2532.79ms
2025/12/13 20:20:53.893780 [20:20:46.171] 用户4856 | ✅ 秒杀成功 | 耗时: 2532.50ms
2025/12/13 20:20:53.893784 [20:20:46.171] 用户4655 | ✅ 秒杀成功 | 耗时: 2532.88ms
2025/12/13 20:20:53.893789 [20:20:46.172] 用户6654 | ✅ 秒杀成功 | 耗时: 2537.57ms
2025/12/13 20:20:53.893793 [20:20:46.172] 用户5144 | ✅ 秒杀成功 | 耗时: 2533.68ms
2025/12/13 20:20:53.893800 [20:20:46.172] 用户5051 | ✅ 秒杀成功 | 耗时: 2535.72ms
2025/12/13 20:20:53.893805 [20:20:46.172] 用户4795 | ✅ 秒杀成功 | 耗时: 2532.39ms
2025/12/13 20:20:53.893820 [20:20:46.172] 用户4625 | ✅ 秒杀成功 | 耗时: 2532.55ms
2025/12/13 20:20:53.893841 [20:20:46.172] 用户4520 | ✅ 秒杀成功 | 耗时: 2531.98ms
2025/12/13 20:20:53.893846 [20:20:46.172] 用户4232 | ✅ 秒杀成功 | 耗时: 2532.21ms
2025/12/13 20:20:53.893857 [20:20:46.172] 用户4649 | ✅ 秒杀成功 | 耗时: 2532.86ms
2025/12/13 20:20:53.893868 [20:20:46.172] 用户4783 | ✅ 秒杀成功 | 耗时: 2532.27ms
2025/12/13 20:20:53.893873 [20:20:46.172] 用户4412 | ✅ 秒杀成功 | 耗时: 2532.34ms
2025/12/13 20:20:53.893877 [20:20:46.172] 用户4630 | ✅ 秒杀成功 | 耗时: 2532.45ms
2025/12/13 20:20:53.893881 [20:20:46.172] 用户4659 | ✅ 秒杀成功 | 耗时: 2532.85ms
2025/12/13 20:20:53.893885 [20:20:46.174] 用户5898 | ✅ 秒杀成功 | 耗时: 2534.43ms
2025/12/13 20:20:53.893889 [20:20:46.175] 用户4911 | ✅ 秒杀成功 | 耗时: 2538.68ms
2025/12/13 20:20:53.893892 [20:20:46.175] 用户3663 | ✅ 秒杀成功 | 耗时: 2538.82ms
2025/12/13 20:20:53.893896 [20:20:46.175] 用户5718 | ✅ 秒杀成功 | 耗时: 2536.36ms
2025/12/13 20:20:53.893900 [20:20:46.175] 用户5043 | ✅ 秒杀成功 | 耗时: 2535.35ms
2025/12/13 20:20:53.893930 [20:20:46.175] 用户7574 | ✅ 秒杀成功 | 耗时: 2455.48ms
2025/12/13 20:20:53.893935 [20:20:46.175] 用户4414 | ✅ 秒杀成功 | 耗时: 2535.87ms
2025/12/13 20:20:53.893938 [20:20:46.175] 用户5132 | ✅ 秒杀成功 | 耗时: 2536.82ms
2025/12/13 20:20:53.893940 [20:20:46.176] 用户5651 | ✅ 秒杀成功 | 耗时: 2542.22ms
2025/12/13 20:20:53.893942 [20:20:46.176] 用户4801 | ✅ 秒杀成功 | 耗时: 2538.75ms
2025/12/13 20:20:53.893944 [20:20:46.176] 用户5204 | ✅ 秒杀成功 | 耗时: 2538.89ms
2025/12/13 20:20:53.893946 [20:20:46.176] 用户4631 | ✅ 秒杀成功 | 耗时: 2537.01ms
2025/12/13 20:20:53.893948 [20:20:46.176] 用户5742 | ✅ 秒杀成功 | 耗时: 2538.38ms
2025/12/13 20:20:53.893950 [20:20:46.176] 用户4663 | ✅ 秒杀成功 | 耗时: 2537.87ms
2025/12/13 20:20:53.893952 [20:20:46.176] 用户5752 | ✅ 秒杀成功 | 耗时: 2542.36ms
2025/12/13 20:20:53.893954 [20:20:46.176] 用户4776 | ✅ 秒杀成功 | 耗时: 2536.81ms
2025/12/13 20:20:53.893955 [20:20:46.176] 用户5234 | ✅ 秒杀成功 | 耗时: 2539.33ms
2025/12/13 20:20:53.893957 [20:20:46.176] 用户4642 | ✅ 秒杀成功 | 耗时: 2537.60ms
2025/12/13 20:20:53.893959 [20:20:46.176] 用户6018 | ✅ 秒杀成功 | 耗时: 2539.48ms
2025/12/13 20:20:53.893961 [20:20:46.176] 用户8604 | ✅ 秒杀成功 | 耗时: 2457.26ms
2025/12/13 20:20:53.893962 [20:20:46.177] 用户5728 | ✅ 秒杀成功 | 耗时: 2538.11ms
2025/12/13 20:20:53.893964 [20:20:46.177] 用户4397 | ✅ 秒杀成功 | 耗时: 2537.26ms
2025/12/13 20:20:53.893965 [20:20:46.179] 用户5275 | ✅ 秒杀成功 | 耗时: 2544.45ms
2025/12/13 20:20:53.893967 [20:20:46.180] 用户5910 | ✅ 秒杀成功 | 耗时: 2545.20ms
2025/12/13 20:20:53.893968 [20:20:46.180] 用户4645 | ✅ 秒杀成功 | 耗时: 2540.76ms
2025/12/13 20:20:53.893970 [20:20:46.180] 用户4634 | ✅ 秒杀成功 | 耗时: 2540.65ms
2025/12/13 20:20:53.893972 [20:20:46.180] 用户9821 | ✅ 秒杀成功 | 耗时: 2503.80ms
2025/12/13 20:20:53.893973 [20:20:46.180] 用户5118 | ✅ 秒杀成功 | 耗时: 2540.67ms
2025/12/13 20:20:53.893975 [20:20:46.180] 用户6645 | ✅ 秒杀成功 | 耗时: 2545.90ms
2025/12/13 20:20:53.893976 [20:20:46.180] 用户2205 | ✅ 秒杀成功 | 耗时: 2459.95ms
2025/12/13 20:20:53.893978 [20:20:46.180] 用户8263 | ✅ 秒杀成功 | 耗时: 2463.10ms
2025/12/13 20:20:53.893979 [20:20:46.180] 用户5808 | ✅ 秒杀成功 | 耗时: 2546.20ms
2025/12/13 20:20:53.893980 [20:20:46.180] 用户6025 | ✅ 秒杀成功 | 耗时: 2545.69ms
2025/12/13 20:20:53.893982 [20:20:46.180] 用户6145 | ✅ 秒杀成功 | 耗时: 2546.01ms
2025/12/13 20:20:53.893983 [20:20:46.180] 用户5899 | ✅ 秒杀成功 | 耗时: 2540.52ms
2025/12/13 20:20:53.893985 [20:20:46.180] 用户4653 | ✅ 秒杀成功 | 耗时: 2540.69ms
2025/12/13 20:20:53.893986 [20:20:46.180] 用户5500 | ✅ 秒杀成功 | 耗时: 2544.99ms
2025/12/13 20:20:53.893987 [20:20:46.180] 用户4561 | ✅ 秒杀成功 | 耗时: 2541.41ms
2025/12/13 20:20:53.893989 [20:20:46.180] 用户4406 | ✅ 秒杀成功 | 耗时: 2540.77ms
2025/12/13 20:20:53.893990 [20:20:46.180] 用户5929 | ✅ 秒杀成功 | 耗时: 2546.17ms
2025/12/13 20:20:53.893992 [20:20:46.180] 用户4843 | ✅ 秒杀成功 | 耗时: 2542.03ms
2025/12/13 20:20:53.893993 [20:20:46.180] 用户57 | ✅ 秒杀成功 | 耗时: 2490.06ms
2025/12/13 20:20:53.893994 [20:20:46.181] 用户5274 | ✅ 秒杀成功 | 耗时: 2546.01ms
2025/12/13 20:20:53.893996 [20:20:46.181] 用户5390 | ✅ 秒杀成功 | 耗时: 2541.18ms
2025/12/13 20:20:53.893997 [20:20:46.181] 用户5595 | ✅ 秒杀成功 | 耗时: 2545.56ms
2025/12/13 20:20:53.893999 [20:20:46.181] 用户5148 | ✅ 秒杀成功 | 耗时: 2543.34ms
2025/12/13 20:20:53.894000 [20:20:46.181] 用户5863 | ✅ 秒杀成功 | 耗时: 2545.90ms
2025/12/13 20:20:53.894001 [20:20:46.181] 用户5867 | ✅ 秒杀成功 | 耗时: 2545.98ms
2025/12/13 20:20:53.894003 [20:20:46.181] 用户9570 | ✅ 秒杀成功 | 耗时: 2468.57ms
2025/12/13 20:20:53.894004 [20:20:46.181] 用户5021 | ✅ 秒杀成功 | 耗时: 2540.60ms
2025/12/13 20:20:53.894006 [20:20:46.181] 用户4222 | ✅ 秒杀成功 | 耗时: 2541.02ms
2025/12/13 20:20:53.894007 [20:20:46.181] 用户4552 | ✅ 秒杀成功 | 耗时: 2541.62ms
2025/12/13 20:20:53.894008 [20:20:46.181] 用户5130 | ✅ 秒杀成功 | 耗时: 2542.27ms
2025/12/13 20:20:53.894010 [20:20:46.181] 用户4751 | ✅ 秒杀成功 | 耗时: 2540.59ms
2025/12/13 20:20:53.894011 [20:20:46.181] 用户5263 | ✅ 秒杀成功 | 耗时: 2545.91ms
2025/12/13 20:20:53.894013 [20:20:46.181] 用户4792 | ✅ 秒杀成功 | 耗时: 2541.78ms
2025/12/13 20:20:53.894014 [20:20:46.181] 用户5036 | ✅ 秒杀成功 | 耗时: 2541.14ms
2025/12/13 20:20:53.894015 [20:20:46.181] 用户5649 | ✅ 秒杀成功 | 耗时: 2547.12ms
2025/12/13 20:20:53.894017 [20:20:46.181] 用户4905 | ✅ 秒杀成功 | 耗时: 2541.16ms
2025/12/13 20:20:53.894018 [20:20:46.181] 用户5763 | ✅ 秒杀成功 | 耗时: 2546.39ms
2025/12/13 20:20:53.894020 [20:20:46.181] 用户8493 | ✅ 秒杀成功 | 耗时: 2463.82ms
2025/12/13 20:20:53.894021 [20:20:46.181] 用户9913 | ✅ 秒杀成功 | 耗时: 2469.69ms
2025/12/13 20:20:53.894022 [20:20:46.181] 用户4913 | ✅ 秒杀成功 | 耗时: 2545.14ms
2025/12/13 20:20:53.894024 [20:20:46.181] 用户5109 | ✅ 秒杀成功 | 耗时: 2542.15ms
2025/12/13 20:20:53.894025 [20:20:46.181] 用户5235 | ✅ 秒杀成功 | 耗时: 2546.13ms
2025/12/13 20:20:53.894027 [20:20:46.181] 用户5618 | ✅ 秒杀成功 | 耗时: 2546.74ms
2025/12/13 20:20:53.894028 [20:20:46.181] 用户5757 | ✅ 秒杀成功 | 耗时: 2546.80ms
2025/12/13 20:20:53.894029 [20:20:46.181] 用户6150 | ✅ 秒杀成功 | 耗时: 2548.50ms
2025/12/13 20:20:53.894031 [20:20:46.182] 用户6134 | ✅ 秒杀成功 | 耗时: 2547.02ms
2025/12/13 20:20:53.894040 [20:20:46.182] 用户5485 | ✅ 秒杀成功 | 耗时: 2545.88ms
2025/12/13 20:20:53.894043 [20:20:46.182] 用户5490 | ✅ 秒杀成功 | 耗时: 2546.05ms
2025/12/13 20:20:53.894044 [20:20:46.182] 用户4750 | ✅ 秒杀成功 | 耗时: 2542.03ms
2025/12/13 20:20:53.894046 [20:20:46.182] 用户6112 | ✅ 秒杀成功 | 耗时: 2546.11ms
2025/12/13 20:20:53.894047 [20:20:46.182] 用户5868 | ✅ 秒杀成功 | 耗时: 2546.75ms
2025/12/13 20:20:53.894049 [20:20:46.182] 用户10658 | ✅ 秒杀成功 | 耗时: 2485.47ms
2025/12/13 20:20:53.894050 [20:20:46.182] 用户5884 | ✅ 秒杀成功 | 耗时: 2541.52ms
2025/12/13 20:20:53.894052 [20:20:46.182] 用户6671 | ✅ 秒杀成功 | 耗时: 2549.13ms
2025/12/13 20:20:53.894053 [20:20:46.182] 用户5488 | ✅ 秒杀成功 | 耗时: 2546.06ms
2025/12/13 20:20:53.894054 [20:20:46.182] 用户8318 | ✅ 秒杀成功 | 耗时: 2468.68ms
2025/12/13 20:20:53.894056 [20:20:46.182] 用户9500 | ✅ 秒杀成功 | 耗时: 2469.50ms
2025/12/13 20:20:53.894057 [20:20:46.182] 用户5134 | ✅ 秒杀成功 | 耗时: 2543.35ms
2025/12/13 20:20:53.894059 [20:20:46.182] 用户8108 | ✅ 秒杀成功 | 耗时: 2464.52ms
2025/12/13 20:20:53.894060 [20:20:46.182] 用户5716 | ✅ 秒杀成功 | 耗时: 2543.07ms
2025/12/13 20:20:53.894083 [20:20:46.182] 用户4408 | ✅ 秒杀成功 | 耗时: 2541.05ms
2025/12/13 20:20:53.894089 [20:20:46.182] 用户4888 | ✅ 秒杀成功 | 耗时: 2544.54ms
2025/12/13 20:20:53.894092 [20:20:46.182] 用户5650 | ✅ 秒杀成功 | 耗时: 2547.79ms
2025/12/13 20:20:53.894094 [20:20:46.182] 用户2880 | ✅ 秒杀成功 | 耗时: 2462.32ms
2025/12/13 20:20:53.894097 [20:20:46.182] 用户6144 | ✅ 秒杀成功 | 耗时: 2547.76ms
2025/12/13 20:20:53.894099 [20:20:46.182] 用户7867 | ✅ 秒杀成功 | 耗时: 2464.38ms
2025/12/13 20:20:53.894101 [20:20:46.182] 用户4749 | ✅ 秒杀成功 | 耗时: 2541.96ms
2025/12/13 20:20:53.894102 [20:20:46.182] 用户5848 | ✅ 秒杀成功 | 耗时: 2542.15ms
2025/12/13 20:20:53.894104 [20:20:46.182] 用户4275 | ✅ 秒杀成功 | 耗时: 2541.97ms
2025/12/13 20:20:53.894106 [20:20:46.183] 用户1998 | ✅ 秒杀成功 | 耗时: 2507.89ms
2025/12/13 20:20:53.894107 [20:20:46.183] 用户5773 | ✅ 秒杀成功 | 耗时: 2548.24ms
2025/12/13 20:20:53.894109 [20:20:46.183] 用户4279 | ✅ 秒杀成功 | 耗时: 2542.11ms
2025/12/13 20:20:53.894111 [20:20:46.183] 用户5023 | ✅ 秒杀成功 | 耗时: 2542.41ms
2025/12/13 20:20:53.894112 [20:20:46.183] 用户5762 | ✅ 秒杀成功 | 耗时: 2548.14ms
2025/12/13 20:20:53.894114 [20:20:46.183] 用户6638 | ✅ 秒杀成功 | 耗时: 2548.71ms
2025/12/13 20:20:53.894115 [20:20:46.183] 用户5416 | ✅ 秒杀成功 | 耗时: 2547.80ms
2025/12/13 20:20:53.894117 [20:20:46.183] 用户5934 | ✅ 秒杀成功 | 耗时: 2548.64ms
2025/12/13 20:20:53.894118 [20:20:46.183] 用户8692 | ✅ 秒杀成功 | 耗时: 2474.61ms
2025/12/13 20:20:53.894120 [20:20:46.183] 用户702 | ✅ 秒杀成功 | 耗时: 2504.30ms
2025/12/13 20:20:53.894121 [20:20:46.183] 用户5597 | ✅ 秒杀成功 | 耗时: 2547.76ms
2025/12/13 20:20:53.894124 [20:20:46.183] 用户10457 | ✅ 秒杀成功 | 耗时: 2479.34ms
2025/12/13 20:20:53.894126 [20:20:46.183] 用户4521 | ✅ 秒杀成功 | 耗时: 2543.31ms
2025/12/13 20:20:53.894127 [20:20:46.183] 用户5209 | ✅ 秒杀成功 | 耗时: 2545.85ms
2025/12/13 20:20:53.894129 [20:20:46.183] 用户5405 | ✅ 秒杀成功 | 耗时: 2547.26ms
2025/12/13 20:20:53.894130 [20:20:46.183] 用户5038 | ✅ 秒杀成功 | 耗时: 2543.25ms
2025/12/13 20:20:53.894134 [20:20:46.183] 用户5108 | ✅ 秒杀成功 | 耗时: 2543.01ms
2025/12/13 20:20:53.894135 [20:20:46.184] 用户9493 | ✅ 秒杀成功 | 耗时: 2471.47ms
2025/12/13 20:20:53.894137 [20:20:46.188] 用户5104 | ✅ 秒杀成功 | 耗时: 2547.41ms
2025/12/13 20:20:53.894138 [20:20:46.188] 用户4837 | ✅ 秒杀成功 | 耗时: 2547.34ms
2025/12/13 20:20:53.894140 [20:20:46.188] 用户5489 | ✅ 秒杀成功 | 耗时: 2552.01ms
2025/12/13 20:20:53.894141 [20:20:46.188] 用户4403 | ✅ 秒杀成功 | 耗时: 2546.88ms
2025/12/13 20:20:53.894142 [20:20:46.188] 用户5849 | ✅ 秒杀成功 | 耗时: 2547.22ms
2025/12/13 20:20:53.894153 [20:20:46.188] 用户5060 | ✅ 秒杀成功 | 耗时: 2552.09ms
2025/12/13 20:20:53.894168 [20:20:46.188] 用户8639 | ✅ 秒杀成功 | 耗时: 2500.47ms
2025/12/13 20:20:53.894173 [20:20:46.188] 用户5213 | ✅ 秒杀成功 | 耗时: 2551.68ms
2025/12/13 20:20:53.894182 [20:20:46.188] 用户5407 | ✅ 秒杀成功 | 耗时: 2551.75ms
2025/12/13 20:20:53.894192 [20:20:46.188] 用户5020 | ✅ 秒杀成功 | 耗时: 2547.39ms
2025/12/13 20:20:53.894198 [20:20:46.188] 用户9102 | ✅ 秒杀成功 | 耗时: 2483.84ms
2025/12/13 20:20:53.894200 [20:20:46.188] 用户9814 | ✅ 秒杀成功 | 耗时: 2511.72ms
2025/12/13 20:20:53.894202 [20:20:46.188] 用户5928 | ✅ 秒杀成功 | 耗时: 2553.42ms
2025/12/13 20:20:53.894206 [20:20:46.188] 用户2158 | ✅ 秒杀成功 | 耗时: 2513.09ms
2025/12/13 20:20:53.894208 [20:20:46.188] 用户8373 | ✅ 秒杀成功 | 耗时: 2469.85ms
2025/12/13 20:20:53.894210 [20:20:46.188] 用户4273 | ✅ 秒杀成功 | 耗时: 2547.18ms
2025/12/13 20:20:53.894212 [20:20:46.188] 用户4754 | ✅ 秒杀成功 | 耗时: 2547.68ms
2025/12/13 20:20:53.894214 [20:20:46.188] 用户1483 | ✅ 秒杀成功 | 耗时: 2512.95ms
2025/12/13 20:20:53.894216 [20:20:46.188] 用户5098 | ✅ 秒杀成功 | 耗时: 2547.83ms
2025/12/13 20:20:53.894218 [20:20:46.188] 用户2767 | ✅ 秒杀成功 | 耗时: 2451.03ms
2025/12/13 20:20:53.894220 [20:20:46.188] 用户4857 | ✅ 秒杀成功 | 耗时: 2549.43ms
2025/12/13 20:20:53.894221 [20:20:46.188] 用户5009 | ✅ 秒杀成功 | 耗时: 2547.74ms
2025/12/13 20:20:53.894223 [20:20:46.188] 用户1080 | ✅ 秒杀成功 | 耗时: 2497.47ms
2025/12/13 20:20:53.894225 [20:20:46.188] 用户43 | ✅ 秒杀成功 | 耗时: 2513.22ms
2025/12/13 20:20:53.894227 [20:20:46.188] 用户5634 | ✅ 秒杀成功 | 耗时: 2553.92ms
2025/12/13 20:20:53.894229 [20:20:46.188] 用户5025 | ✅ 秒杀成功 | 耗时: 2548.05ms
2025/12/13 20:20:53.894230 [20:20:46.188] 用户8636 | ✅ 秒杀成功 | 耗时: 2475.19ms
2025/12/13 20:20:53.894232 [20:20:46.188] 用户6133 | ✅ 秒杀成功 | 耗时: 2553.72ms
2025/12/13 20:20:53.894234 [20:20:46.188] 用户740 | ✅ 秒杀成功 | 耗时: 2486.08ms
2025/12/13 20:20:53.894236 [20:20:46.188] 用户5751 | ✅ 秒杀成功 | 耗时: 2554.39ms
2025/12/13 20:20:53.894237 [20:20:46.188] 用户5182 | ✅ 秒杀成功 | 耗时: 2552.88ms
2025/12/13 20:20:53.894239 [20:20:46.188] 用户5030 | ✅ 秒杀成功 | 耗时: 2548.32ms
2025/12/13 20:20:53.894241 [20:20:46.188] 用户6126 | ✅ 秒杀成功 | 耗时: 2553.22ms
2025/12/13 20:20:53.894242 [20:20:46.188] 用户60 | ✅ 秒杀成功 | 耗时: 2501.62ms
2025/12/13 20:20:53.894244 [20:20:46.189] 用户10673 | ✅ 秒杀成功 | 耗时: 2481.52ms
2025/12/13 20:20:53.894246 [20:20:46.189] 用户9024 | ✅ 秒杀成功 | 耗时: 2482.70ms
2025/12/13 20:20:53.894248 [20:20:46.190] 用户5270 | ✅ 秒杀成功 | 耗时: 2555.18ms
2025/12/13 20:20:53.894249 [20:20:46.190] 用户9850 | ✅ 秒杀成功 | 耗时: 2481.57ms
2025/12/13 20:20:53.894251 [20:20:46.190] 用户8691 | ✅ 秒杀成功 | 耗时: 2481.53ms
2025/12/13 20:20:53.894253 [20:20:46.190] 用户8155 | ✅ 秒杀成功 | 耗时: 2472.63ms
2025/12/13 20:20:53.894254 [20:20:46.190] 用户8047 | ✅ 秒杀成功 | 耗时: 2472.32ms
2025/12/13 20:20:53.894256 [20:20:46.190] 用户9380 | ✅ 秒杀成功 | 耗时: 2498.55ms
2025/12/13 20:20:53.894258 [20:20:46.197] 用户218 | ✅ 秒杀成功 | 耗时: 2513.10ms
2025/12/13 20:20:53.894260 [20:20:46.197] 用户9160 | ✅ 秒杀成功 | 耗时: 2494.36ms
2025/12/13 20:20:53.894261 [20:20:46.197] 用户4218 | ✅ 秒杀成功 | 耗时: 2557.34ms
2025/12/13 20:20:53.894263 [20:20:46.201] 用户5499 | ✅ 秒杀成功 | 耗时: 2567.14ms
2025/12/13 20:20:53.894265 [20:20:46.201] 用户5424 | ✅ 秒杀成功 | 耗时: 2567.44ms
2025/12/13 20:20:53.894266 [20:20:46.201] 用户5004 | ✅ 秒杀成功 | 耗时: 2560.78ms
2025/12/13 20:20:53.894267 [20:20:46.201] 用户4671 | ✅ 秒杀成功 | 耗时: 2563.28ms
2025/12/13 20:20:53.894269 [20:20:46.201] 用户5100 | ✅ 秒杀成功 | 耗时: 2561.17ms
2025/12/13 20:20:53.894270 [20:20:46.201] 用户5017 | ✅ 秒杀成功 | 耗时: 2561.21ms
2025/12/13 20:20:53.894272 [20:20:46.202] 用户5035 | ✅ 秒杀成功 | 耗时: 2561.64ms
2025/12/13 20:20:53.894273 [20:20:46.202] 用户6136 | ✅ 秒杀成功 | 耗时: 2567.52ms
2025/12/13 20:20:53.894274 [20:20:46.202] 用户5271 | ✅ 秒杀成功 | 耗时: 2568.19ms
2025/12/13 20:20:53.894276 [20:20:46.202] 用户6148 | ✅ 秒杀成功 | 耗时: 2567.94ms
2025/12/13 20:20:53.894277 [20:20:46.202] 用户6615 | ✅ 秒杀成功 | 耗时: 2568.10ms
2025/12/13 20:20:53.894279 [20:20:46.202] 用户5847 | ✅ 秒杀成功 | 耗时: 2561.65ms
2025/12/13 20:20:53.894281 [20:20:46.202] 用户7858 | ✅ 秒杀成功 | 耗时: 2484.01ms
2025/12/13 20:20:53.894283 [20:20:46.202] 用户4271 | ✅ 秒杀成功 | 耗时: 2561.62ms
2025/12/13 20:20:53.894284 [20:20:46.202] 用户5846 | ✅ 秒杀成功 | 耗时: 2561.81ms
2025/12/13 20:20:53.894286 [20:20:46.203] 用户4404 | ✅ 秒杀成功 | 耗时: 2562.38ms
2025/12/13 20:20:53.894288 [20:20:46.203] 用户9035 | ✅ 秒杀成功 | 耗时: 2500.04ms
2025/12/13 20:20:53.894289 [20:20:46.203] 用户5228 | ✅ 秒杀成功 | 耗时: 2564.79ms
2025/12/13 20:20:53.894291 [20:20:46.203] 用户4788 | ✅ 秒杀成功 | 耗时: 2563.78ms
2025/12/13 20:20:53.894293 [20:20:46.203] 用户4908 | ✅ 秒杀成功 | 耗时: 2566.94ms
2025/12/13 20:20:53.894295 [20:20:46.212] 用户8466 | ✅ 秒杀成功 | 耗时: 2494.38ms
2025/12/13 20:20:53.894296 [20:20:46.212] 用户8834 | ✅ 秒杀成功 | 耗时: 2504.99ms
2025/12/13 20:20:53.894298 [20:20:46.212] 用户5885 | ✅ 秒杀成功 | 耗时: 2571.89ms
2025/12/13 20:20:53.894300 [20:20:46.212] 用户5655 | ✅ 秒杀成功 | 耗时: 2578.14ms
2025/12/13 20:20:53.894301 [20:20:46.212] 用户5006 | ✅ 秒杀成功 | 耗时: 2571.56ms
2025/12/13 20:20:53.894303 [20:20:46.212] 用户5620 | ✅ 秒杀成功 | 耗时: 2577.46ms
2025/12/13 20:20:53.894305 [20:20:46.212] 用户5010 | ✅ 秒杀成功 | 耗时: 2571.80ms
2025/12/13 20:20:53.894306 [20:20:46.213] 用户4278 | ✅ 秒杀成功 | 耗时: 2572.66ms
2025/12/13 20:20:53.894308 [20:20:46.213] 用户4523 | ✅ 秒杀成功 | 耗时: 2574.54ms
2025/12/13 20:20:53.894310 [20:20:46.216] 用户747 | ✅ 秒杀成功 | 耗时: 2513.35ms
2025/12/13 20:20:53.894311 [20:20:46.216] 用户5028 | ✅ 秒杀成功 | 耗时: 2575.48ms
2025/12/13 20:20:53.894313 [20:20:46.216] 用户1069 | ✅ 秒杀成功 | 耗时: 2532.54ms
2025/12/13 20:20:53.894315 [20:20:46.216] 用户8559 | ✅ 秒杀成功 | 耗时: 2502.94ms
2025/12/13 20:20:53.894316 [20:20:46.216] 用户5633 | ✅ 秒杀成功 | 耗时: 2581.35ms
2025/12/13 20:20:53.894318 [20:20:46.218] 用户8855 | ✅ 秒杀成功 | 耗时: 2501.53ms
2025/12/13 20:20:53.894320 [20:20:46.219] 用户4622 | ✅ 秒杀成功 | 耗时: 2578.65ms
2025/12/13 20:20:53.894322 [20:20:46.219] 用户4513 | ✅ 秒杀成功 | 耗时: 2578.07ms
2025/12/13 20:20:53.894323 [20:20:46.219] 用户5014 | ✅ 秒杀成功 | 耗时: 2578.66ms
2025/12/13 20:20:53.894325 [20:20:46.219] 用户4384 | ✅ 秒杀成功 | 耗时: 2578.18ms
2025/12/13 20:20:53.894327 [20:20:46.219] 用户3592 | ✅ 秒杀成功 | 耗时: 2455.25ms
2025/12/13 20:20:53.894328 [20:20:46.219] 用户5001 | ✅ 秒杀成功 | 耗时: 2578.35ms
2025/12/13 20:20:53.894330 [20:20:46.219] 用户5095 | ✅ 秒杀成功 | 耗时: 2578.35ms
2025/12/13 20:20:53.894332 [20:20:46.219] 用户4721 | ✅ 秒杀成功 | 耗时: 2578.01ms
2025/12/13 20:20:53.894333 [20:20:46.219] 用户4835 | ✅ 秒杀成功 | 耗时: 2578.83ms
2025/12/13 20:20:53.894335 [20:20:46.219] 用户9665 | ✅ 秒杀成功 | 耗时: 2499.49ms
2025/12/13 20:20:53.894337 [20:20:46.219] 用户4744 | ✅ 秒杀成功 | 耗时: 2578.85ms
2025/12/13 20:20:53.894339 [20:20:46.219] 用户4385 | ✅ 秒杀成功 | 耗时: 2578.26ms
2025/12/13 20:20:53.894340 [20:20:46.219] 用户5082 | ✅ 秒杀成功 | 耗时: 2578.07ms
2025/12/13 20:20:53.894342 [20:20:46.219] 用户5628 | ✅ 秒杀成功 | 耗时: 2584.75ms
2025/12/13 20:20:53.894344 [20:20:46.219] 用户8707 | ✅ 秒杀成功 | 耗时: 2499.71ms
2025/12/13 20:20:53.894345 [20:20:46.219] 用户5371 | ✅ 秒杀成功 | 耗时: 2578.21ms
2025/12/13 20:20:53.894347 [20:20:46.219] 用户4609 | ✅ 秒杀成功 | 耗时: 2578.18ms
2025/12/13 20:20:53.894348 [20:20:46.219] 用户923 | ✅ 秒杀成功 | 耗时: 2517.00ms
2025/12/13 20:20:53.894350 [20:20:46.219] 用户4723 | ✅ 秒杀成功 | 耗时: 2578.13ms
2025/12/13 20:20:53.894351 [20:20:46.219] 用户8550 | ✅ 秒杀成功 | 耗时: 2506.27ms
2025/12/13 20:20:53.894353 [20:20:46.219] 用户4515 | ✅ 秒杀成功 | 耗时: 2578.37ms
2025/12/13 20:20:53.894354 [20:20:46.219] 用户4283 | ✅ 秒杀成功 | 耗时: 2578.44ms
2025/12/13 20:20:53.894356 [20:20:46.219] 用户8344 | ✅ 秒杀成功 | 耗时: 2501.30ms
2025/12/13 20:20:53.894357 [20:20:46.219] 用户8574 | ✅ 秒杀成功 | 耗时: 2506.62ms
2025/12/13 20:20:53.894359 [20:20:46.219] 用户4400 | ✅ 秒杀成功 | 耗时: 2578.55ms
2025/12/13 20:20:53.894361 [20:20:46.219] 用户4626 | ✅ 秒杀成功 | 耗时: 2578.56ms
2025/12/13 20:20:53.894362 [20:20:46.219] 用户4266 | ✅ 秒杀成功 | 耗时: 2578.59ms
2025/12/13 20:20:53.894364 [20:20:46.219] 用户636 | ✅ 秒杀成功 | 耗时: 2535.13ms
2025/12/13 20:20:53.894366 [20:20:46.219] 用户5086 | ✅ 秒杀成功 | 耗时: 2578.38ms
2025/12/13 20:20:53.894367 [20:20:46.219] 用户4135 | ✅ 秒杀成功 | 耗时: 2577.86ms
2025/12/13 20:20:53.894369 [20:20:46.219] 用户2998 | ✅ 秒杀成功 | 耗时: 2499.68ms
2025/12/13 20:20:53.894370 [20:20:46.219] 用户4730 | ✅ 秒杀成功 | 耗时: 2578.41ms
2025/12/13 20:20:53.894372 [20:20:46.219] 用户6124 | ✅ 秒杀成功 | 耗时: 2584.07ms
2025/12/13 20:20:53.894373 [20:20:46.219] 用户5053 | ✅ 秒杀成功 | 耗时: 2583.56ms
2025/12/13 20:20:53.894375 [20:20:46.219] 用户8184 | ✅ 秒杀成功 | 耗时: 2502.58ms
2025/12/13 20:20:53.894376 [20:20:46.219] 用户9221 | ✅ 秒杀成功 | 耗时: 2516.73ms
2025/12/13 20:20:53.894378 [20:20:46.219] 用户9277 | ✅ 秒杀成功 | 耗时: 2509.12ms
2025/12/13 20:20:53.894380 [20:20:46.219] 用户7871 | ✅ 秒杀成功 | 耗时: 2501.36ms
2025/12/13 20:20:53.894381 [20:20:46.219] 用户3866 | ✅ 秒杀成功 | 耗时: 2452.73ms
2025/12/13 20:20:53.894383 [20:20:46.220] 用户4268 | ✅ 秒杀成功 | 耗时: 2578.85ms
2025/12/13 20:20:53.894385 [20:20:46.220] 用户2168 | ✅ 秒杀成功 | 耗时: 2545.06ms
2025/12/13 20:20:53.894386 [20:20:46.220] 用户9167 | ✅ 秒杀成功 | 耗时: 2516.61ms
2025/12/13 20:20:53.894388 [20:20:46.220] 用户8572 | ✅ 秒杀成功 | 耗时: 2507.00ms
2025/12/13 20:20:53.894390 [20:20:46.220] 用户5093 | ✅ 秒杀成功 | 耗时: 2578.95ms
2025/12/13 20:20:53.894392 [20:20:46.220] 用户4516 | ✅ 秒杀成功 | 耗时: 2579.43ms
2025/12/13 20:20:53.894393 [20:20:46.221] 用户10172 | ✅ 秒杀成功 | 耗时: 2509.07ms
2025/12/13 20:20:53.894395 [20:20:46.221] 用户9145 | ✅ 秒杀成功 | 耗时: 2517.18ms
2025/12/13 20:20:53.894397 [20:20:46.222] 用户5179 | ✅ 秒杀成功 | 耗时: 2586.06ms
2025/12/13 20:20:53.894398 [20:20:46.223] 用户5003 | ✅ 秒杀成功 | 耗时: 2582.63ms
2025/12/13 20:20:53.894400 [20:20:46.224] 用户9242 | ✅ 秒杀成功 | 耗时: 2529.52ms
2025/12/13 20:20:53.894402 [20:20:46.224] 用户5112 | ✅ 秒杀成功 | 耗时: 2584.18ms
2025/12/13 20:20:53.894403 [20:20:46.224] 用户7658 | ✅ 秒杀成功 | 耗时: 2506.34ms
2025/12/13 20:20:53.894404 [20:20:46.224] 用户4274 | ✅ 秒杀成功 | 耗时: 2583.73ms
2025/12/13 20:20:53.894406 [20:20:46.224] 用户4262 | ✅ 秒杀成功 | 耗时: 2583.16ms
2025/12/13 20:20:53.894407 [20:20:46.224] 用户4613 | ✅ 秒杀成功 | 耗时: 2583.46ms
2025/12/13 20:20:53.894408 [20:20:46.224] 用户7647 | ✅ 秒杀成功 | 耗时: 2533.12ms
2025/12/13 20:20:53.894410 [20:20:46.224] 用户5865 | ✅ 秒杀成功 | 耗时: 2589.58ms
2025/12/13 20:20:53.894412 [20:20:46.224] 用户4739 | ✅ 秒杀成功 | 耗时: 2583.82ms
2025/12/13 20:20:53.894413 [20:20:46.224] 用户4277 | ✅ 秒杀成功 | 耗时: 2583.92ms
2025/12/13 20:20:53.894415 [20:20:46.225] 用户4280 | ✅ 秒杀成功 | 耗时: 2584.46ms
2025/12/13 20:20:53.894417 [20:20:46.225] 用户8839 | ✅ 秒杀成功 | 耗时: 2517.89ms
2025/12/13 20:20:53.894418 [20:20:46.225] 用户7190 | ✅ 秒杀成功 | 耗时: 2414.36ms
2025/12/13 20:20:53.894420 [20:20:46.225] 用户4753 | ✅ 秒杀成功 | 耗时: 2584.88ms
2025/12/13 20:20:53.894422 [20:20:46.225] 用户4742 | ✅ 秒杀成功 | 耗时: 2584.31ms
2025/12/13 20:20:53.894423 [20:20:46.225] 用户4738 | ✅ 秒杀成功 | 耗时: 2584.58ms
2025/12/13 20:20:53.894425 [20:20:46.225] 用户5653 | ✅ 秒杀成功 | 耗时: 2591.21ms
2025/12/13 20:20:53.894426 [20:20:46.225] 用户10828 | ✅ 秒杀成功 | 耗时: 2525.81ms
2025/12/13 20:20:53.894427 [20:20:46.225] 用户4282 | ✅ 秒杀成功 | 耗时: 2584.88ms
2025/12/13 20:20:53.894429 [20:20:46.225] 用户2120 | ✅ 秒杀成功 | 耗时: 2530.10ms
2025/12/13 20:20:53.894431 [20:20:46.225] 用户5419 | ✅ 秒杀成功 | 耗时: 2590.45ms
2025/12/13 20:20:53.894432 [20:20:46.225] 用户1155 | ✅ 秒杀成功 | 耗时: 2530.17ms
2025/12/13 20:20:53.894434 [20:20:46.225] 用户9851 | ✅ 秒杀成功 | 耗时: 2517.44ms
2025/12/13 20:20:53.894436 [20:20:46.225] 用户8421 | ✅ 秒杀成功 | 耗时: 2507.91ms
2025/12/13 20:20:53.894437 [20:20:46.226] 用户4145 | ✅ 秒杀成功 | 耗时: 2584.49ms
2025/12/13 20:20:53.894439 [20:20:46.226] 用户9136 | ✅ 秒杀成功 | 耗时: 2521.86ms
2025/12/13 20:20:53.894441 [20:20:46.226] 用户5186 | ✅ 秒杀成功 | 耗时: 2590.64ms
2025/12/13 20:20:53.894442 [20:20:46.226] 用户4126 | ✅ 秒杀成功 | 耗时: 2583.88ms
2025/12/13 20:20:53.894444 [20:20:46.226] 用户4990 | ✅ 秒杀成功 | 耗时: 2583.77ms
2025/12/13 20:20:53.894446 [20:20:46.226] 用户4612 | ✅ 秒杀成功 | 耗时: 2584.82ms
2025/12/13 20:20:53.894448 [20:20:46.226] 用户8743 | ✅ 秒杀成功 | 耗时: 2512.13ms
2025/12/13 20:20:53.894449 [20:20:46.226] 用户4735 | ✅ 秒杀成功 | 耗时: 2584.96ms
2025/12/13 20:20:53.894451 [20:20:46.226] 用户7229 | ✅ 秒杀成功 | 耗时: 2506.72ms
2025/12/13 20:20:53.894453 [20:20:46.226] 用户5654 | ✅ 秒杀成功 | 耗时: 2591.88ms
2025/12/13 20:20:53.894454 [20:20:46.228] 用户4862 | ✅ 秒杀成功 | 耗时: 2589.67ms
2025/12/13 20:20:53.894456 [20:20:46.229] 用户4276 | ✅ 秒杀成功 | 耗时: 2588.35ms
2025/12/13 20:20:53.894457 [20:20:46.229] 用户4517 | ✅ 秒杀成功 | 耗时: 2589.34ms
2025/12/13 20:20:53.894459 [20:20:46.229] 用户4129 | ✅ 秒杀成功 | 耗时: 2587.64ms
2025/12/13 20:20:53.894461 [20:20:46.271] 用户10316 | ✅ 秒杀成功 | 耗时: 2596.17ms
2025/12/13 20:20:53.894463 [20:20:46.274] 用户10200 | ✅ 秒杀成功 | 耗时: 2658.70ms
2025/12/13 20:20:53.894464 [20:20:46.275] 用户2764 | ✅ 秒杀成功 | 耗时: 2536.80ms
2025/12/13 20:20:53.894466 [20:20:46.291] 用户5070 | ✅ 秒杀成功 | 耗时: 2649.17ms
2025/12/13 20:20:53.894468 [20:20:46.291] 用户9073 | ✅ 秒杀成功 | 耗时: 2586.99ms
2025/12/13 20:20:53.894469 [20:20:46.291] 用户4797 | ✅ 秒杀成功 | 耗时: 2651.95ms
2025/12/13 20:20:53.894471 [20:20:46.291] 用户4734 | ✅ 秒杀成功 | 耗时: 2649.78ms
2025/12/13 20:20:53.894472 [20:20:46.291] 用户4396 | ✅ 秒杀成功 | 耗时: 2650.03ms
2025/12/13 20:20:53.894473 [20:20:46.291] 用户4409 | ✅ 秒杀成功 | 耗时: 2651.43ms
2025/12/13 20:20:53.894476 [20:20:46.291] 用户4393 | ✅ 秒杀成功 | 耗时: 2650.00ms
2025/12/13 20:20:53.894477 [20:20:46.291] 用户8761 | ✅ 秒杀成功 | 耗时: 2598.41ms
2025/12/13 20:20:53.894479 [20:20:46.291] 用户4261 | ✅ 秒杀成功 | 耗时: 2649.71ms
2025/12/13 20:20:53.894480 [20:20:46.291] 用户4159 | ✅ 秒杀成功 | 耗时: 2650.46ms
2025/12/13 20:20:53.894482 [20:20:46.291] 用户4284 | ✅ 秒杀成功 | 耗时: 2649.63ms
2025/12/13 20:20:53.894483 [20:20:46.291] 用户5034 | ✅ 秒杀成功 | 耗时: 2650.89ms
2025/12/13 20:20:53.894484 [20:20:46.291] 用户5080 | ✅ 秒杀成功 | 耗时: 2649.76ms
2025/12/13 20:20:53.894486 [20:20:46.291] 用户4401 | ✅ 秒杀成功 | 耗时: 2650.19ms
2025/12/13 20:20:53.894487 [20:20:46.291] 用户9969 | ✅ 秒杀成功 | 耗时: 2583.52ms
2025/12/13 20:20:53.894488 [20:20:46.291] 用户4916 | ✅ 秒杀成功 | 耗时: 2654.84ms
2025/12/13 20:20:53.894490 [20:20:46.291] 用户4674 | ✅ 秒杀成功 | 耗时: 2652.64ms
2025/12/13 20:20:53.894491 [20:20:46.291] 用户8680 | ✅ 秒杀成功 | 耗时: 2582.81ms
2025/12/13 20:20:53.894493 [20:20:46.291] 用户9573 | ✅ 秒杀成功 | 耗时: 2579.02ms
2025/12/13 20:20:53.894495 [20:20:46.291] 用户4828 | ✅ 秒杀成功 | 耗时: 2649.64ms
2025/12/13 20:20:53.894496 [20:20:46.291] 用户9050 | ✅ 秒杀成功 | 耗时: 2578.90ms
2025/12/13 20:20:53.894498 [20:20:46.291] 用户9845 | ✅ 秒杀成功 | 耗时: 2583.59ms
2025/12/13 20:20:53.894500 [20:20:46.291] 用户4605 | ✅ 秒杀成功 | 耗时: 2649.87ms
2025/12/13 20:20:53.894501 [20:20:46.291] 用户4497 | ✅ 秒杀成功 | 耗时: 2648.70ms
2025/12/13 20:20:53.894503 [20:20:46.291] 用户8645 | ✅ 秒杀成功 | 耗时: 2578.06ms
2025/12/13 20:20:53.894504 [20:20:46.291] 用户734 | ✅ 秒杀成功 | 耗时: 2588.85ms
2025/12/13 20:20:53.894506 [20:20:46.291] 用户9077 | ✅ 秒杀成功 | 耗时: 2587.40ms
2025/12/13 20:20:53.894507 [20:20:46.291] 用户4534 | ✅ 秒杀成功 | 耗时: 2650.21ms
2025/12/13 20:20:53.894509 [20:20:46.291] 用户2823 | ✅ 秒杀成功 | 耗时: 2571.24ms
2025/12/13 20:20:53.894510 [20:20:46.291] 用户5000 | ✅ 秒杀成功 | 耗时: 2650.33ms
2025/12/13 20:20:53.894512 [20:20:46.291] 用户4603 | ✅ 秒杀成功 | 耗时: 2649.85ms
2025/12/13 20:20:53.894514 [20:20:46.291] 用户5018 | ✅ 秒杀成功 | 耗时: 2650.73ms
2025/12/13 20:20:53.894515 [20:20:46.291] 用户5089 | ✅ 秒杀成功 | 耗时: 2650.21ms
2025/12/13 20:20:53.894517 [20:20:46.291] 用户4740 | ✅ 秒杀成功 | 耗时: 2650.41ms
2025/12/13 20:20:53.894519 [20:20:46.291] 用户4264 | ✅ 秒杀成功 | 耗时: 2650.05ms
2025/12/13 20:20:53.894520 [20:20:46.291] 用户9091 | ✅ 秒杀成功 | 耗时: 2587.30ms
2025/12/13 20:20:53.894522 [20:20:46.291] 用户4632 | ✅ 秒杀成功 | 耗时: 2650.87ms
2025/12/13 20:20:53.894524 [20:20:46.291] 用户5564 | ✅ 秒杀成功 | 耗时: 2659.32ms
2025/12/13 20:20:53.894526 [20:20:46.291] 用户10448 | ✅ 秒杀成功 | 耗时: 2578.49ms
2025/12/13 20:20:53.894527 [20:20:46.291] 用户5871 | ✅ 秒杀成功 | 耗时: 2656.42ms
2025/12/13 20:20:53.894529 [20:20:46.291] 用户8969 | ✅ 秒杀成功 | 耗时: 2585.41ms
2025/12/13 20:20:53.894530 [20:20:46.291] 用户4741 | ✅ 秒杀成功 | 耗时: 2650.49ms
2025/12/13 20:20:53.894532 [20:20:46.291] 用户9953 | ✅ 秒杀成功 | 耗时: 2583.79ms
2025/12/13 20:20:53.894533 [20:20:46.291] 用户8696 | ✅ 秒杀成功 | 耗时: 2583.10ms
2025/12/13 20:20:53.894534 [20:20:46.291] 用户4220 | ✅ 秒杀成功 | 耗时: 2651.28ms
2025/12/13 20:20:53.894536 [20:20:46.291] 用户9771 | ✅ 秒杀成功 | 耗时: 2616.56ms
2025/12/13 20:20:53.894537 [20:20:46.291] 用户5102 | ✅ 秒杀成功 | 耗时: 2651.02ms
2025/12/13 20:20:53.894538 [20:20:46.291] 用户4136 | ✅ 秒杀成功 | 耗时: 2650.92ms
2025/12/13 20:20:53.894540 [20:20:46.291] 用户5007 | ✅ 秒杀成功 | 耗时: 2650.79ms
2025/12/13 20:20:53.894541 [20:20:46.291] 用户5861 | ✅ 秒杀成功 | 耗时: 2656.32ms
2025/12/13 20:20:53.894542 [20:20:46.291] 用户5215 | ✅ 秒杀成功 | 耗时: 2653.16ms
2025/12/13 20:20:53.894544 [20:20:46.291] 用户4746 | ✅ 秒杀成功 | 耗时: 2650.58ms
2025/12/13 20:20:53.894546 [20:20:46.291] 用户5420 | ✅ 秒杀成功 | 耗时: 2656.47ms
2025/12/13 20:20:53.894547 [20:20:46.291] 用户2215 | ✅ 秒杀成功 | 耗时: 2524.69ms
2025/12/13 20:20:53.894549 [20:20:46.291] 用户9494 | ✅ 秒杀成功 | 耗时: 2579.08ms
2025/12/13 20:20:53.894551 [20:20:46.291] 用户4607 | ✅ 秒杀成功 | 耗时: 2650.23ms
2025/12/13 20:20:53.894552 [20:20:46.291] 用户4620 | ✅ 秒杀成功 | 耗时: 2650.57ms
2025/12/13 20:20:53.894554 [20:20:46.291] 用户5081 | ✅ 秒杀成功 | 耗时: 2649.95ms
2025/12/13 20:20:53.894556 [20:20:46.291] 用户6172 | ✅ 秒杀成功 | 耗时: 2659.66ms
2025/12/13 20:20:53.894557 [20:20:46.291] 用户4405 | ✅ 秒杀成功 | 耗时: 2650.68ms
2025/12/13 20:20:53.894559 [20:20:46.291] 用户5393 | ✅ 秒杀成功 | 耗时: 2651.79ms
2025/12/13 20:20:53.894560 [20:20:46.291] 用户9976 | ✅ 秒杀成功 | 耗时: 2584.10ms
2025/12/13 20:20:53.894562 [20:20:46.291] 用户9508 | ✅ 秒杀成功 | 耗时: 2579.42ms
2025/12/13 20:20:53.894564 [20:20:46.291] 用户1517 | ✅ 秒杀成功 | 耗时: 2615.99ms
2025/12/13 20:20:53.894565 [20:20:46.291] 用户9287 | ✅ 秒杀成功 | 耗时: 2589.18ms
2025/12/13 20:20:53.894567 [20:20:46.291] 用户7543 | ✅ 秒杀成功 | 耗时: 2573.52ms
2025/12/13 20:20:53.894569 [20:20:46.291] 用户7559 | ✅ 秒杀成功 | 耗时: 2571.92ms
2025/12/13 20:20:53.894570 [20:20:46.291] 用户9606 | ✅ 秒杀成功 | 耗时: 2593.63ms
2025/12/13 20:20:53.894572 [20:20:46.291] 用户9284 | ✅ 秒杀成功 | 耗时: 2589.26ms
2025/12/13 20:20:53.894574 [20:20:46.291] 用户5032 | ✅ 秒杀成功 | 耗时: 2651.47ms
2025/12/13 20:20:53.894575 [20:20:46.292] 用户633 | ✅ 秒杀成功 | 耗时: 2607.51ms
2025/12/13 20:20:53.894577 [20:20:46.292] 用户9120 | ✅ 秒杀成功 | 耗时: 2587.83ms
2025/12/13 20:20:53.894579 [20:20:46.292] 用户9133 | ✅ 秒杀成功 | 耗时: 2587.79ms
2025/12/13 20:20:53.894580 [20:20:46.292] 用户4260 | ✅ 秒杀成功 | 耗时: 2650.33ms
2025/12/13 20:20:53.894582 [20:20:46.292] 用户725 | ✅ 秒杀成功 | 耗时: 2589.30ms
2025/12/13 20:20:53.894584 [20:20:46.292] 用户4731 | ✅ 秒杀成功 | 耗时: 2650.52ms
2025/12/13 20:20:53.894585 [20:20:46.292] 用户4841 | ✅ 秒杀成功 | 耗时: 2651.31ms
2025/12/13 20:20:53.894587 [20:20:46.292] 用户5359 | ✅ 秒杀成功 | 耗时: 2649.28ms
2025/12/13 20:20:53.894589 [20:20:46.292] 用户5016 | ✅ 秒杀成功 | 耗时: 2651.27ms
2025/12/13 20:20:53.894590 [20:20:46.292] 用户4142 | ✅ 秒杀成功 | 耗时: 2650.22ms
2025/12/13 20:20:53.894592 [20:20:46.292] 用户5882 | ✅ 秒杀成功 | 耗时: 2651.31ms
2025/12/13 20:20:53.894594 [20:20:46.292] 用户9162 | ✅ 秒杀成功 | 耗时: 2588.56ms
2025/12/13 20:20:53.894595 [20:20:46.292] 用户4736 | ✅ 秒杀成功 | 耗时: 2650.79ms
2025/12/13 20:20:53.894597 [20:20:46.292] 用户5015 | ✅ 秒杀成功 | 耗时: 2651.25ms
2025/12/13 20:20:53.894599 [20:20:46.292] 用户5881 | ✅ 秒杀成功 | 耗时: 2651.31ms
2025/12/13 20:20:53.894600 [20:20:46.292] 用户4728 | ✅ 秒杀成功 | 耗时: 2650.52ms
2025/12/13 20:20:53.894602 [20:20:46.292] 用户4272 | ✅ 秒杀成功 | 耗时: 2651.03ms
2025/12/13 20:20:53.894604 [20:20:46.292] 用户4811 | ✅ 秒杀成功 | 耗时: 2649.61ms
2025/12/13 20:20:53.894605 [20:20:46.292] 用户9252 | ✅ 秒杀成功 | 耗时: 2537.41ms
2025/12/13 20:20:53.894607 [20:20:46.292] 用户4812 | ✅ 秒杀成功 | 耗时: 2649.74ms
2025/12/13 20:20:53.894608 [20:20:46.292] 用户5099 | ✅ 秒杀成功 | 耗时: 2651.35ms
2025/12/13 20:20:53.894609 [20:20:46.292] 用户9015 | ✅ 秒杀成功 | 耗时: 2584.85ms
2025/12/13 20:20:53.894611 [20:20:46.292] 用户4281 | ✅ 秒杀成功 | 耗时: 2651.24ms
2025/12/13 20:20:53.894612 [20:20:46.292] 用户5886 | ✅ 秒杀成功 | 耗时: 2651.55ms
2025/12/13 20:20:53.894614 [20:20:46.292] 用户4270 | ✅ 秒杀成功 | 耗时: 2651.01ms
2025/12/13 20:20:53.894615 [20:20:46.292] 用户5012 | ✅ 秒杀成功 | 耗时: 2651.24ms
2025/12/13 20:20:53.894616 [20:20:46.292] 用户4995 | ✅ 秒杀成功 | 耗时: 2649.89ms
2025/12/13 20:20:53.894618 [20:20:46.292] 用户4021 | ✅ 秒杀成功 | 耗时: 2650.08ms
2025/12/13 20:20:53.894619 [20:20:46.292] 用户4147 | ✅ 秒杀成功 | 耗时: 2650.71ms
2025/12/13 20:20:53.894620 [20:20:46.292] 用户5091 | ✅ 秒杀成功 | 耗时: 2650.86ms
2025/12/13 20:20:53.894628 [20:20:46.292] 用户4833 | ✅ 秒杀成功 | 耗时: 2650.54ms
2025/12/13 20:20:53.894630 [20:20:46.292] 用户5071 | ✅ 秒杀成功 | 耗时: 2650.28ms
2025/12/13 20:20:53.894631 [20:20:46.292] 用户4611 | ✅ 秒杀成功 | 耗时: 2650.83ms
2025/12/13 20:20:53.894633 [20:20:46.292] 用户4512 | ✅ 秒杀成功 | 耗时: 2650.74ms
2025/12/13 20:20:53.894634 [20:20:46.292] 用户5092 | ✅ 秒杀成功 | 耗时: 2651.46ms
2025/12/13 20:20:53.894636 [20:20:46.292] 用户4128 | ✅ 秒杀成功 | 耗时: 2650.80ms
2025/12/13 20:20:53.894637 [20:20:46.293] 用户2295 | ✅ 秒杀成功 | 耗时: 2560.56ms
2025/12/13 20:20:53.894638 [20:20:46.293] 用户10170 | ✅ 秒杀成功 | 耗时: 2580.65ms
2025/12/13 20:20:53.894640 [20:20:46.293] 用户4599 | ✅ 秒杀成功 | 耗时: 2651.29ms
2025/12/13 20:20:53.894641 [20:20:46.293] 用户9949 | ✅ 秒杀成功 | 耗时: 2585.17ms
2025/12/13 20:20:53.894642 [20:20:46.293] 用户4619 | ✅ 秒杀成功 | 耗时: 2651.63ms
2025/12/13 20:20:53.894644 [20:20:46.293] 用户4124 | ✅ 秒杀成功 | 耗时: 2650.95ms
2025/12/13 20:20:53.894645 [20:20:46.293] 用户8415 | ✅ 秒杀成功 | 耗时: 2575.06ms
2025/12/13 20:20:53.894646 [20:20:46.293] 用户5887 | ✅ 秒杀成功 | 耗时: 2652.94ms
2025/12/13 20:20:53.894648 [20:20:46.293] 用户5087 | ✅ 秒杀成功 | 耗时: 2652.00ms
2025/12/13 20:20:53.894649 [20:20:46.293] 用户5646 | ✅ 秒杀成功 | 耗时: 2658.98ms
2025/12/13 20:20:53.894651 [20:20:46.294] 用户4139 | ✅ 秒杀成功 | 耗时: 2652.42ms
2025/12/13 20:20:53.894652 [20:20:46.295] 用户10177 | ✅ 秒杀成功 | 耗时: 2582.97ms
2025/12/13 20:20:53.894654 [20:20:46.295] 用户4782 | ✅ 秒杀成功 | 耗时: 2656.02ms
2025/12/13 20:20:53.894655 [20:20:46.296] 用户5106 | ✅ 秒杀成功 | 耗时: 2655.48ms
2025/12/13 20:20:53.894657 [20:20:46.296] 用户5072 | ✅ 秒杀成功 | 耗时: 2654.25ms
2025/12/13 20:20:53.894658 [20:20:46.296] 用户4756 | ✅ 秒杀成功 | 耗时: 2655.83ms
2025/12/13 20:20:53.894659 [20:20:46.296] 用户4269 | ✅ 秒杀成功 | 耗时: 2655.10ms
2025/12/13 20:20:53.894661 [20:20:46.296] 用户8780 | ✅ 秒杀成功 | 耗时: 2582.36ms
2025/12/13 20:20:53.894662 [20:20:46.296] 用户10166 | ✅ 秒杀成功 | 耗时: 2583.80ms
2025/12/13 20:20:53.894664 [20:20:46.296] 用户4121 | ✅ 秒杀成功 | 耗时: 2654.08ms
2025/12/13 20:20:53.894665 [20:20:46.296] 用户4722 | ✅ 秒杀成功 | 耗时: 2654.67ms
2025/12/13 20:20:53.894666 [20:20:46.296] 用户4729 | ✅ 秒杀成功 | 耗时: 2654.82ms
2025/12/13 20:20:53.894668 [20:20:46.296] 用户5722 | ✅ 秒杀成功 | 耗时: 2661.03ms
2025/12/13 20:20:53.894669 [20:20:46.296] 用户4743 | ✅ 秒杀成功 | 耗时: 2655.17ms
2025/12/13 20:20:53.894670 [20:20:46.296] 用户4752 | ✅ 秒杀成功 | 耗时: 2655.20ms
2025/12/13 20:20:53.894672 [20:20:46.296] 用户5097 | ✅ 秒杀成功 | 耗时: 2655.49ms
2025/12/13 20:20:53.894673 [20:20:46.296] 用户8856 | ✅ 秒杀成功 | 耗时: 2581.21ms
2025/12/13 20:20:53.894675 [20:20:46.296] 用户5029 | ✅ 秒杀成功 | 耗时: 2655.84ms
2025/12/13 20:20:53.894676 [20:20:46.296] 用户4402 | ✅ 秒杀成功 | 耗时: 2655.09ms
2025/12/13 20:20:53.894677 [20:20:46.296] 用户4309 | ✅ 秒杀成功 | 耗时: 2655.59ms
2025/12/13 20:20:53.894679 [20:20:46.296] 用户4134 | ✅ 秒杀成功 | 耗时: 2654.36ms
2025/12/13 20:20:53.894680 [20:20:46.296] 用户5078 | ✅ 秒杀成功 | 耗时: 2654.58ms
2025/12/13 20:20:53.894681 [20:20:46.296] 用户5075 | ✅ 秒杀成功 | 耗时: 2654.51ms
2025/12/13 20:20:53.894683 [20:20:46.296] 用户4025 | ✅ 秒杀成功 | 耗时: 2654.75ms
2025/12/13 20:20:53.894684 [20:20:46.296] 用户4621 | ✅ 秒杀成功 | 耗时: 2655.57ms
2025/12/13 20:20:53.894686 [20:20:46.296] 用户4362 | ✅ 秒杀成功 | 耗时: 2654.98ms
2025/12/13 20:20:53.894687 [20:20:46.296] 用户4615 | ✅ 秒杀成功 | 耗时: 2655.12ms
2025/12/13 20:20:53.894688 [20:20:46.296] 用户4608 | ✅ 秒杀成功 | 耗时: 2654.89ms
2025/12/13 20:20:53.894690 [20:20:46.296] 用户4152 | ✅ 秒杀成功 | 耗时: 2655.08ms
2025/12/13 20:20:53.894691 [20:20:46.296] 用户10641 | ✅ 秒杀成功 | 耗时: 2450.31ms
2025/12/13 20:20:53.894692 [20:20:46.296] 用户5889 | ✅ 秒杀成功 | 耗时: 2656.09ms
2025/12/13 20:20:53.894694 [20:20:46.296] 用户10056 | ✅ 秒杀成功 | 耗时: 2593.07ms
2025/12/13 20:20:53.894700 [20:20:46.296] 用户9192 | ✅ 秒杀成功 | 耗时: 2593.07ms
2025/12/13 20:20:53.894702 [20:20:46.296] 用户4725 | ✅ 秒杀成功 | 耗时: 2654.86ms
2025/12/13 20:20:53.894703 [20:20:46.296] 用户10052 | ✅ 秒杀成功 | 耗时: 2593.10ms
2025/12/13 20:20:53.894705 [20:20:46.296] 用户10051 | ✅ 秒杀成功 | 耗时: 2593.10ms
2025/12/13 20:20:53.894706 [20:20:46.296] 用户4660 | ✅ 秒杀成功 | 耗时: 2657.54ms
2025/12/13 20:20:53.894708 [20:20:46.296] 用户2876 | ✅ 秒杀成功 | 耗时: 2555.17ms
2025/12/13 20:20:53.894709 [20:20:46.296] 用户4727 | ✅ 秒杀成功 | 耗时: 2654.97ms
2025/12/13 20:20:53.894710 [20:20:46.296] 用户4212 | ✅ 秒杀成功 | 耗时: 2654.54ms
2025/12/13 20:20:53.894712 [20:20:46.296] 用户2374 | ✅ 秒杀成功 | 耗时: 2613.16ms
2025/12/13 20:20:53.894713 [20:20:46.296] 用户4285 | ✅ 秒杀成功 | 耗时: 2655.76ms
2025/12/13 20:20:53.894714 [20:20:46.296] 用户4606 | ✅ 秒杀成功 | 耗时: 2654.91ms
2025/12/13 20:20:53.894716 [20:20:46.297] 用户4747 | ✅ 秒杀成功 | 耗时: 2656.32ms
2025/12/13 20:20:53.894717 [20:20:46.297] 用户4717 | ✅ 秒杀成功 | 耗时: 2655.48ms
2025/12/13 20:20:53.894719 [20:20:46.297] 用户9283 | ✅ 秒杀成功 | 耗时: 2594.56ms
2025/12/13 20:20:53.894720 [20:20:46.297] 用户9571 | ✅ 秒杀成功 | 耗时: 2584.80ms
2025/12/13 20:20:53.894721 [20:20:46.297] 用户4628 | ✅ 秒杀成功 | 耗时: 2657.61ms
2025/12/13 20:20:53.894723 [20:20:46.297] 用户6143 | ✅ 秒杀成功 | 耗时: 2662.81ms
2025/12/13 20:20:53.894724 [20:20:46.297] 用户4377 | ✅ 秒杀成功 | 耗时: 2656.01ms
2025/12/13 20:20:53.894725 [20:20:46.297] 用户5850 | ✅ 秒杀成功 | 耗时: 2656.61ms
2025/12/13 20:20:53.894727 [20:20:46.297] 用户4733 | ✅ 秒杀成功 | 耗时: 2655.99ms
2025/12/13 20:20:53.894728 [20:20:46.297] 用户5888 | ✅ 秒杀成功 | 耗时: 2657.03ms
2025/12/13 20:20:53.894730 [20:20:46.297] 用户5024 | ✅ 秒杀成功 | 耗时: 2656.77ms
2025/12/13 20:20:53.894731 [20:20:46.297] 用户4267 | ✅ 秒杀成功 | 耗时: 2656.25ms
2025/12/13 20:20:53.894732 [20:20:46.297] 用户8835 | ✅ 秒杀成功 | 耗时: 2589.98ms
2025/12/13 20:20:53.894734 [20:20:46.297] 用户4757 | ✅ 秒杀成功 | 耗时: 2656.75ms
2025/12/13 20:20:53.894735 [20:20:46.297] 用户9126 | ✅ 秒杀成功 | 耗时: 2593.33ms
2025/12/13 20:20:53.894736 [20:20:46.297] 用户4151 | ✅ 秒杀成功 | 耗时: 2656.25ms
2025/12/13 20:20:53.894738 [20:20:46.297] 用户5571 | ✅ 秒杀成功 | 耗时: 2665.48ms
2025/12/13 20:20:53.894739 [20:20:46.297] 用户4726 | ✅ 秒杀成功 | 耗时: 2656.13ms
2025/12/13 20:20:53.894740 [20:20:46.297] 用户4550 | ✅ 秒杀成功 | 耗时: 2655.80ms
2025/12/13 20:20:53.894742 [20:20:46.297] 用户4154 | ✅ 秒杀成功 | 耗时: 2657.29ms
2025/12/13 20:20:53.894743 [20:20:46.298] 用户4213 | ✅ 秒杀成功 | 耗时: 2656.12ms
2025/12/13 20:20:53.894745 [20:20:46.298] 用户5027 | ✅ 秒杀成功 | 耗时: 2657.51ms
2025/12/13 20:20:53.894746 [20:20:46.298] 用户6127 | ✅ 秒杀成功 | 耗时: 2662.52ms
2025/12/13 20:20:53.894747 [20:20:46.298] 用户7558 | ✅ 秒杀成功 | 耗时: 2578.26ms
2025/12/13 20:20:53.894749 [20:20:46.298] 用户4610 | ✅ 秒杀成功 | 耗时: 2656.47ms
2025/12/13 20:20:53.894751 [20:20:46.298] 用户4221 | ✅ 秒杀成功 | 耗时: 2657.94ms
2025/12/13 20:20:53.894752 [20:20:46.298] 用户9466 | ✅ 秒杀成功 | 耗时: 2586.01ms
2025/12/13 20:20:53.894754 [20:20:46.298] 用户4838 | ✅ 秒杀成功 | 耗时: 2658.77ms
2025/12/13 20:20:53.894755 [20:20:46.298] 用户5283 | ✅ 秒杀成功 | 耗时: 2664.13ms
2025/12/13 20:20:53.894757 [20:20:46.298] 用户5103 | ✅ 秒杀成功 | 耗时: 2657.86ms
2025/12/13 20:20:53.894758 [20:20:46.298] 用户5883 | ✅ 秒杀成功 | 耗时: 2657.85ms
2025/12/13 20:20:53.894759 [20:20:46.298] 用户5269 | ✅ 秒杀成功 | 耗时: 2664.14ms
2025/12/13 20:20:53.894761 [20:20:46.298] 用户4737 | ✅ 秒杀成功 | 耗时: 2657.20ms
2025/12/13 20:20:53.894762 [20:20:46.298] 用户5031 | ✅ 秒杀成功 | 耗时: 2658.12ms
2025/12/13 20:20:53.894763 [20:20:46.298] 用户4836 | ✅ 秒杀成功 | 耗时: 2656.96ms
2025/12/13 20:20:53.894765 [20:20:46.298] 用户4389 | ✅ 秒杀成功 | 耗时: 2656.65ms
2025/12/13 20:20:53.894766 [20:20:46.298] 用户1555 | ✅ 秒杀成功 | 耗时: 2622.94ms
2025/12/13 20:20:53.894768 [20:20:46.298] 用户4287 | ✅ 秒杀成功 | 耗时: 2658.06ms
2025/12/13 20:20:53.894769 [20:20:46.298] 用户5778 | ✅ 秒杀成功 | 耗时: 2663.61ms
2025/12/13 20:20:53.894770 [20:20:46.298] 用户4127 | ✅ 秒杀成功 | 耗时: 2656.74ms
2025/12/13 20:20:53.894772 [20:20:46.298] 用户4617 | ✅ 秒杀成功 | 耗时: 2657.66ms
2025/12/13 20:20:53.894773 [20:20:46.298] 用户4614 | ✅ 秒杀成功 | 耗时: 2657.69ms
2025/12/13 20:20:53.894774 [20:20:46.299] 用户8475 | ✅ 秒杀成功 | 耗时: 2580.97ms
2025/12/13 20:20:53.894776 [20:20:46.299] 用户4832 | ✅ 秒杀成功 | 耗时: 2657.36ms
2025/12/13 20:20:53.894777 [20:20:46.299] 用户4635 | ✅ 秒杀成功 | 耗时: 2657.35ms
2025/12/13 20:20:53.894778 [20:20:46.299] 用户4600 | ✅ 秒杀成功 | 耗时: 2657.31ms
2025/12/13 20:20:53.894780 [20:20:46.301] 用户4830 | ✅ 秒杀成功 | 耗时: 2659.53ms
2025/12/13 20:20:53.894781 [20:20:46.301] 用户6648 | ✅ 秒杀成功 | 耗时: 2667.16ms
2025/12/13 20:20:53.894783 [20:20:46.304] 用户5372 | ✅ 秒杀成功 | 耗时: 2663.29ms
2025/12/13 20:20:53.894784 [20:20:46.337] 用户5083 | ✅ 秒杀成功 | 耗时: 2696.38ms
2025/12/13 20:20:53.894785 [20:20:46.337] 用户4724 | ✅ 秒杀成功 | 耗时: 2696.32ms
2025/12/13 20:20:53.894787 [20:20:46.337] 用户5107 | ✅ 秒杀成功 | 耗时: 2697.46ms
2025/12/13 20:20:53.894788 [20:20:46.338] 用户9864 | ✅ 秒杀成功 | 耗时: 2630.79ms
2025/12/13 20:20:53.894789 [20:20:46.338] 用户4150 | ✅ 秒杀成功 | 耗时: 2696.60ms
2025/12/13 20:20:53.894791 [20:20:46.338] 用户4786 | ✅ 秒杀成功 | 耗时: 2696.33ms
2025/12/13 20:20:53.894792 [20:20:46.338] 用户4604 | ✅ 秒杀成功 | 耗时: 2696.59ms
2025/12/13 20:20:53.894793 [20:20:46.341] 用户9157 | ✅ 秒杀成功 | 耗时: 2637.13ms
2025/12/13 20:20:53.894795 [20:20:46.341] 用户4214 | ✅ 秒杀成功 | 耗时: 2699.63ms
2025/12/13 20:20:53.894796 [20:20:46.341] 用户4498 | ✅ 秒杀成功 | 耗时: 2698.69ms
2025/12/13 20:20:53.894798 [20:20:46.341] 用户9149 | ✅ 秒杀成功 | 耗时: 2637.41ms
2025/12/13 20:20:53.894799 [20:20:46.341] 用户10165 | ✅ 秒杀成功 | 耗时: 2629.29ms
2025/12/13 20:20:53.894801 [20:20:46.341] 用户4999 | ✅ 秒杀成功 | 耗时: 2700.53ms
2025/12/13 20:20:53.894802 [20:20:46.341] 用户5756 | ✅ 秒杀成功 | 耗时: 2706.77ms
2025/12/13 20:20:53.894804 [20:20:46.342] 用户5037 | ✅ 秒杀成功 | 耗时: 2701.63ms
2025/12/13 20:20:53.894806 [20:20:46.342] 用户5088 | ✅ 秒杀成功 | 耗时: 2700.62ms
2025/12/13 20:20:53.894807 [20:20:46.342] 用户5775 | ✅ 秒杀成功 | 耗时: 2707.53ms
2025/12/13 20:20:53.894809 [20:20:46.342] 用户5197 | ✅ 秒杀成功 | 耗时: 2703.37ms
2025/12/13 20:20:53.894811 [20:20:46.342] 用户5366 | ✅ 秒杀成功 | 耗时: 2699.76ms
2025/12/13 20:20:53.894812 [20:20:46.342] 用户4120 | ✅ 秒杀成功 | 耗时: 2700.04ms
2025/12/13 20:20:53.894814 [20:20:46.342] 用户5084 | ✅ 秒杀成功 | 耗时: 2700.71ms
2025/12/13 20:20:53.894816 [20:20:46.342] 用户4834 | ✅ 秒杀成功 | 耗时: 2701.52ms
2025/12/13 20:20:53.894817 [20:20:46.343] 用户7866 | ✅ 秒杀成功 | 耗时: 2624.18ms
2025/12/13 20:20:53.894819 [20:20:46.343] 用户4219 | ✅ 秒杀成功 | 耗时: 2702.77ms
2025/12/13 20:20:53.894821 [20:20:46.345] 用户4144 | ✅ 秒杀成功 | 耗时: 2703.62ms
2025/12/13 20:20:53.894822 [20:20:46.345] 用户2757 | ✅ 秒杀成功 | 耗时: 2647.15ms
2025/12/13 20:20:53.894824 [20:20:46.353] 用户5011 | ✅ 秒杀成功 | 耗时: 2712.68ms
2025/12/13 20:20:53.894826 [20:20:46.353] 用户5256 | ✅ 秒杀成功 | 耗时: 2717.11ms
2025/12/13 20:20:53.894827 [20:20:46.353] 用户4720 | ✅ 秒杀成功 | 耗时: 2711.89ms
2025/12/13 20:20:53.894829 [20:20:46.354] 用户4012 | ✅ 秒杀成功 | 耗时: 2712.44ms
2025/12/13 20:20:53.894831 [20:20:46.354] 用户2386 | ✅ 秒杀成功 | 耗时: 2674.10ms
2025/12/13 20:20:53.894833 [20:20:46.355] 用户5774 | ✅ 秒杀成功 | 耗时: 2720.71ms
2025/12/13 20:20:53.894834 [20:20:46.355] 用户4501 | ✅ 秒杀成功 | 耗时: 2712.62ms
2025/12/13 20:20:53.894836 [20:20:46.355] 用户5933 | ✅ 秒杀成功 | 耗时: 2720.80ms
2025/12/13 20:20:53.894837 [20:20:46.356] 用户4499 | ✅ 秒杀成功 | 耗时: 2713.80ms
2025/12/13 20:20:53.894839 [20:20:46.356] 用户738 | ✅ 秒杀成功 | 耗时: 2654.12ms
2025/12/13 20:20:53.894841 [20:20:46.528] 用户4130 | ✅ 秒杀成功 | 耗时: 2886.00ms
2025/12/13 20:20:53.894843 [20:20:46.528] 用户4719 | ✅ 秒杀成功 | 耗时: 2886.41ms
2025/12/13 20:20:53.894844 [20:20:46.528] 用户4546 | ✅ 秒杀成功 | 耗时: 2886.06ms
2025/12/13 20:20:53.894846 [20:20:46.528] 用户4829 | ✅ 秒杀成功 | 耗时: 2886.42ms
2025/12/13 20:20:53.894848 [20:20:46.528] 用户4601 | ✅ 秒杀成功 | 耗时: 2886.48ms
2025/12/13 20:20:53.894849 [20:20:46.528] 用户4822 | ✅ 秒杀成功 | 耗时: 2886.23ms
2025/12/13 20:20:53.894851 [20:20:46.528] 用户4548 | ✅ 秒杀成功 | 耗时: 2886.39ms
2025/12/13 20:20:53.894853 [20:20:46.528] 用户4602 | ✅ 秒杀成功 | 耗时: 2886.59ms
2025/12/13 20:20:53.894854 [20:20:46.528] 用户4991 | ✅ 秒杀成功 | 耗时: 2885.99ms
2025/12/13 20:20:53.894856 [20:20:46.528] 用户4265 | ✅ 秒杀成功 | 耗时: 2886.88ms
2025/12/13 20:20:53.894858 [20:20:46.528] 用户4820 | ✅ 秒杀成功 | 耗时: 2886.50ms
2025/12/13 20:20:53.894859 [20:20:46.528] 用户4819 | ✅ 秒杀成功 | 耗时: 2886.81ms
2025/12/13 20:20:53.894861 [20:20:46.528] 用户4148 | ✅ 秒杀成功 | 耗时: 2886.89ms
2025/12/13 20:20:53.894863 [20:20:46.528] 用户5076 | ✅ 秒杀成功 | 耗时: 2886.80ms
2025/12/13 20:20:53.894864 [20:20:46.528] 用户4715 | ✅ 秒杀成功 | 耗时: 2887.10ms
2025/12/13 20:20:53.894866 [20:20:46.528] 用户4547 | ✅ 秒杀成功 | 耗时: 2886.68ms
2025/12/13 20:20:53.894868 [20:20:46.531] 用户4595 | ✅ 秒杀成功 | 耗时: 2889.38ms
2025/12/13 20:20:53.894869 [20:20:46.531] 用户5067 | ✅ 秒杀成功 | 耗时: 2889.58ms
2025/12/13 20:20:53.894871 [20:20:46.532] 用户4215 | ✅ 秒杀成功 | 耗时: 2890.40ms
2025/12/13 20:20:53.894873 [20:20:46.541] 用户5361 | ✅ 秒杀成功 | 耗时: 2898.95ms
2025/12/13 20:20:53.894875 [20:20:46.543] 用户4813 | ✅ 秒杀成功 | 耗时: 2901.19ms
2025/12/13 20:20:53.894876 [20:20:46.543] 用户4713 | ✅ 秒杀成功 | 耗时: 2901.85ms
2025/12/13 20:20:53.894878 [20:20:46.543] 用户8019 | ✅ 秒杀成功 | 耗时: 2825.83ms
2025/12/13 20:20:53.894880 [20:20:46.544] 用户10338 | ✅ 秒杀成功 | 耗时: 2856.82ms
2025/12/13 20:20:53.894881 [20:20:46.544] 用户4216 | ✅ 秒杀成功 | 耗时: 2902.47ms
2025/12/13 20:20:53.894883 [20:20:46.544] 用户4502 | ✅ 秒杀成功 | 耗时: 2901.64ms
2025/12/13 20:20:53.894885 [20:20:46.544] 用户8411 | ✅ 秒杀成功 | 耗时: 2826.24ms
2025/12/13 20:20:53.894886 [20:20:46.544] 用户1546 | ✅ 秒杀成功 | 耗时: 2868.38ms
2025/12/13 20:20:53.894888 [20:20:46.545] 用户8742 | ✅ 秒杀成功 | 耗时: 2830.96ms
2025/12/13 20:20:53.894890 [20:20:46.545] 用户4816 | ✅ 秒杀成功 | 耗时: 2903.00ms
2025/12/13 20:20:53.894891 [20:20:46.545] 用户1132 | ✅ 秒杀成功 | 耗时: 2850.55ms
2025/12/13 20:20:53.894893 [20:20:46.545] 用户4133 | ✅ 秒杀成功 | 耗时: 2903.10ms
2025/12/13 20:20:53.894895 [20:20:46.545] 用户4211 | ✅ 秒杀成功 | 耗时: 2903.17ms
2025/12/13 20:20:53.894897 [20:20:46.545] 用户3989 | ✅ 秒杀成功 | 耗时: 2779.66ms
2025/12/13 20:20:53.894898 [20:20:46.545] 用户4114 | ✅ 秒杀成功 | 耗时: 2902.93ms
2025/12/13 20:20:53.894900 [20:20:46.545] 用户4125 | ✅ 秒杀成功 | 耗时: 2903.05ms
2025/12/13 20:20:53.894902 [20:20:46.545] 用户4138 | ✅ 秒杀成功 | 耗时: 2903.31ms
2025/12/13 20:20:53.894903 [20:20:46.545] 用户9135 | ✅ 秒杀成功 | 耗时: 2841.10ms
2025/12/13 20:20:53.894904 [20:20:46.545] 用户4390 | ✅ 秒杀成功 | 耗时: 2903.42ms
2025/12/13 20:20:53.894906 [20:20:46.550] 用户2336 | ✅ 秒杀成功 | 耗时: 2865.17ms
2025/12/13 20:20:53.894907 [20:20:46.559] 用户4980 | ✅ 秒杀成功 | 耗时: 2916.48ms
2025/12/13 20:20:53.894908 [20:20:46.559] 用户4977 | ✅ 秒杀成功 | 耗时: 2916.65ms
2025/12/13 20:20:53.894910 [20:20:46.559] 用户4643 | ✅ 秒杀成功 | 耗时: 2917.56ms
2025/12/13 20:20:53.894911 [20:20:46.559] 用户5059 | ✅ 秒杀成功 | 耗时: 2916.77ms
2025/12/13 20:20:53.894912 [20:20:46.559] 用户4589 | ✅ 秒杀成功 | 耗时: 2916.81ms
2025/12/13 20:20:53.894914 [20:20:46.559] 用户5079 | ✅ 秒杀成功 | 耗时: 2917.93ms
2025/12/13 20:20:53.894915 [20:20:46.559] 用户4818 | ✅ 秒杀成功 | 耗时: 2917.75ms
2025/12/13 20:20:53.894916 [20:20:46.559] 用户4217 | ✅ 秒杀成功 | 耗时: 2917.77ms
2025/12/13 20:20:53.894918 [20:20:46.559] 用户4544 | ✅ 秒杀成功 | 耗时: 2917.72ms
2025/12/13 20:20:53.894919 [20:20:46.649] 用户4817 | ✅ 秒杀成功 | 耗时: 3007.25ms
2025/12/13 20:20:53.894921 [20:20:46.664] 用户4716 | ✅ 秒杀成功 | 耗时: 3023.08ms
2025/12/13 20:20:53.894922 [20:20:46.665] 用户4714 | ✅ 秒杀成功 | 耗时: 3023.23ms
2025/12/13 20:20:53.894923 [20:20:46.665] 用户5063 | ✅ 秒杀成功 | 耗时: 3022.49ms
2025/12/13 20:20:53.894925 [20:20:46.665] 用户4040 | ✅ 秒杀成功 | 耗时: 3021.98ms
2025/12/13 20:20:53.894926 [20:20:46.665] 用户4503 | ✅ 秒杀成功 | 耗时: 3022.56ms
2025/12/13 20:20:53.894927 [20:20:46.665] 用户4712 | ✅ 秒杀成功 | 耗时: 3022.18ms
2025/12/13 20:20:53.894929 [20:20:46.665] 用户5061 | ✅ 秒杀成功 | 耗时: 3022.78ms
2025/12/13 20:20:53.894930 [20:20:46.665] 用户4507 | ✅ 秒杀成功 | 耗时: 3022.84ms
2025/12/13 20:20:53.894932 [20:20:46.665] 用户4505 | ✅ 秒杀成功 | 耗时: 3022.93ms
2025/12/13 20:20:53.894933 [20:20:46.665] 用户4966 | ✅ 秒杀成功 | 耗时: 3022.43ms
2025/12/13 20:20:53.894934 [20:20:46.665] 用户4974 | ✅ 秒杀成功 | 耗时: 3022.42ms
2025/12/13 20:20:53.894936 [20:20:46.667] 用户4709 | ✅ 秒杀成功 | 耗时: 3025.29ms
2025/12/13 20:20:53.894937 [20:20:46.668] 用户4983 | ✅ 秒杀成功 | 耗时: 3025.43ms
2025/12/13 20:20:53.894939 [20:20:46.668] 用户4487 | ✅ 秒杀成功 | 耗时: 3025.36ms
2025/12/13 20:20:53.894940 [20:20:46.668] 用户4479 | ✅ 秒杀成功 | 耗时: 3025.16ms
2025/12/13 20:20:53.894942 [20:20:46.668] 用户3873 | ✅ 秒杀成功 | 耗时: 3024.82ms
2025/12/13 20:20:53.894943 [20:20:46.668] 用户4506 | ✅ 秒杀成功 | 耗时: 3026.01ms
2025/12/13 20:20:53.894945 [20:20:46.668] 用户4252 | ✅ 秒杀成功 | 耗时: 3025.28ms
2025/12/13 20:20:53.894947 [20:20:46.668] 用户4480 | ✅ 秒杀成功 | 耗时: 3025.29ms
2025/12/13 20:20:53.894948 [20:20:46.668] 用户2304 | ✅ 秒杀成功 | 耗时: 2948.29ms
2025/12/13 20:20:53.894950 [20:20:46.668] 用户4986 | ✅ 秒杀成功 | 耗时: 3025.54ms
2025/12/13 20:20:53.894952 [20:20:46.668] 用户5363 | ✅ 秒杀成功 | 耗时: 3026.16ms
2025/12/13 20:20:53.894953 [20:20:46.668] 用户4491 | ✅ 秒杀成功 | 耗时: 3025.84ms
2025/12/13 20:20:53.894955 [20:20:46.668] 用户4205 | ✅ 秒杀成功 | 耗时: 3025.79ms
2025/12/13 20:20:53.894957 [20:20:46.668] 用户4203 | ✅ 秒杀成功 | 耗时: 3025.67ms
2025/12/13 20:20:53.894958 [20:20:46.668] 用户4955 | ✅ 秒杀成功 | 耗时: 3024.99ms
2025/12/13 20:20:53.894960 [20:20:46.668] 用户5062 | ✅ 秒杀成功 | 耗时: 3026.22ms
2025/12/13 20:20:53.894962 [20:20:46.668] 用户4251 | ✅ 秒杀成功 | 耗时: 3025.44ms
2025/12/13 20:20:53.894964 [20:20:46.668] 用户2246 | ✅ 秒杀成功 | 耗时: 2931.29ms
2025/12/13 20:20:53.894965 [20:20:46.668] 用户5350 | ✅ 秒杀成功 | 耗时: 3025.04ms
2025/12/13 20:20:53.894967 [20:20:46.668] 用户4492 | ✅ 秒杀成功 | 耗时: 3025.88ms
2025/12/13 20:20:53.894968 [20:20:46.668] 用户5312 | ✅ 秒杀成功 | 耗时: 3026.01ms
2025/12/13 20:20:53.894970 [20:20:46.668] 用户4246 | ✅ 秒杀成功 | 耗时: 3025.15ms
2025/12/13 20:20:53.894971 [20:20:46.668] 用户4973 | ✅ 秒杀成功 | 耗时: 3025.74ms
2025/12/13 20:20:53.894973 [20:20:46.669] 用户4504 | ✅ 秒杀成功 | 耗时: 3026.41ms
2025/12/13 20:20:53.894974 [20:20:46.669] 用户4485 | ✅ 秒杀成功 | 耗时: 3025.66ms
2025/12/13 20:20:53.894975 [20:20:46.669] 用户4539 | ✅ 秒杀成功 | 耗时: 3025.66ms
2025/12/13 20:20:53.894977 [20:20:46.669] 用户4477 | ✅ 秒杀成功 | 耗时: 3025.65ms
2025/12/13 20:20:53.894978 [20:20:46.669] 用户4473 | ✅ 秒杀成功 | 耗时: 3025.68ms
2025/12/13 20:20:53.894979 [20:20:46.669] 用户4486 | ✅ 秒杀成功 | 耗时: 3025.93ms
2025/12/13 20:20:53.894981 [20:20:46.669] 用户4478 | ✅ 秒杀成功 | 耗时: 3025.75ms
2025/12/13 20:20:53.894982 [20:20:46.669] 用户4979 | ✅ 秒杀成功 | 耗时: 3026.59ms
2025/12/13 20:20:53.894983 [20:20:46.669] 用户4962 | ✅ 秒杀成功 | 耗时: 3026.58ms
2025/12/13 20:20:53.894985 [20:20:46.669] 用户4256 | ✅ 秒杀成功 | 耗时: 3026.97ms
2025/12/13 20:20:53.894986 [20:20:46.672] 用户4490 | ✅ 秒杀成功 | 耗时: 3029.26ms
2025/12/13 20:20:53.894987 [20:20:46.681] 用户4508 | ✅ 秒杀成功 | 耗时: 3039.11ms
2025/12/13 20:20:53.894989 [20:20:46.682] 用户4703 | ✅ 秒杀成功 | 耗时: 3039.14ms
2025/12/13 20:20:53.894990 [20:20:46.683] 用户4488 | ✅ 秒杀成功 | 耗时: 3040.26ms
2025/12/13 20:20:53.894992 [20:20:46.683] 用户4700 | ✅ 秒杀成功 | 耗时: 3039.74ms
2025/12/13 20:20:53.894993 [20:20:46.686] 用户4696 | ✅ 秒杀成功 | 耗时: 3042.95ms
2025/12/13 20:20:53.894994 [20:20:46.687] 用户5068 | ✅ 秒杀成功 | 耗时: 3044.44ms
2025/12/13 20:20:53.894996 [20:20:46.687] 用户5064 | ✅ 秒杀成功 | 耗时: 3044.57ms
2025/12/13 20:20:53.894997 [20:20:46.688] 用户4964 | ✅ 秒杀成功 | 耗时: 3044.52ms
2025/12/13 20:20:53.894999 [20:20:46.691] 用户4471 | ✅ 秒杀成功 | 耗时: 3047.64ms
2025/12/13 20:20:53.895000 [20:20:46.691] 用户4924 | ✅ 秒杀成功 | 耗时: 3047.65ms
2025/12/13 20:20:53.895002 [20:20:46.691] 用户4249 | ✅ 秒杀成功 | 耗时: 3047.92ms
2025/12/13 20:20:53.895004 [20:20:46.691] 用户4971 | ✅ 秒杀成功 | 耗时: 3048.20ms
2025/12/13 20:20:53.895005 [20:20:46.691] 用户4981 | ✅ 秒杀成功 | 耗时: 3049.07ms
2025/12/13 20:20:53.895007 [20:20:46.691] 用户4470 | ✅ 秒杀成功 | 耗时: 3048.03ms
2025/12/13 20:20:53.895009 [20:20:46.691] 用户4969 | ✅ 秒杀成功 | 耗时: 3048.32ms
2025/12/13 20:20:53.895010 [20:20:46.691] 用户4468 | ✅ 秒杀成功 | 耗时: 3048.11ms
2025/12/13 20:20:53.895012 [20:20:46.694] 用户7595 | ✅ 秒杀成功 | 耗时: 2975.03ms
2025/12/13 20:20:53.895014 [20:20:46.694] 用户4364 | ✅ 秒杀成功 | 耗时: 3050.86ms
2025/12/13 20:20:53.895016 [20:20:46.695] 用户4466 | ✅ 秒杀成功 | 耗时: 3051.31ms
2025/12/13 20:20:53.895018 [20:20:46.695] 用户4701 | ✅ 秒杀成功 | 耗时: 3051.76ms
2025/12/13 20:20:53.895019 [20:20:46.697] 用户4510 | ✅ 秒杀成功 | 耗时: 3054.52ms
2025/12/13 20:20:53.895021 [20:20:46.697] 用户4200 | ✅ 秒杀成功 | 耗时: 3053.84ms
2025/12/13 20:20:53.895023 [20:20:46.698] 用户4806 | ✅ 秒杀成功 | 耗时: 3055.51ms
2025/12/13 20:20:53.895025 [20:20:46.698] 用户8043 | ✅ 秒杀成功 | 耗时: 2979.98ms
2025/12/13 20:20:53.895027 [20:20:46.698] 用户4482 | ✅ 秒杀成功 | 耗时: 3054.85ms
2025/12/13 20:20:53.895029 [20:20:46.698] 用户5365 | ✅ 秒杀成功 | 耗时: 3055.90ms
2025/12/13 20:20:53.895031 [20:20:46.698] 用户4804 | ✅ 秒杀成功 | 耗时: 3055.90ms
2025/12/13 20:20:53.895032 [20:20:46.698] 用户4110 | ✅ 秒杀成功 | 耗时: 3055.48ms
2025/12/13 20:20:53.895034 [20:20:46.698] 用户4590 | ✅ 秒杀成功 | 耗时: 3055.91ms
2025/12/13 20:20:53.895035 [20:20:46.698] 用户4509 | ✅ 秒杀成功 | 耗时: 3055.92ms
2025/12/13 20:20:53.895037 [20:20:46.698] 用户4705 | ✅ 秒杀成功 | 耗时: 3055.22ms
2025/12/13 20:20:53.895039 [20:20:46.698] 用户4474 | ✅ 秒杀成功 | 耗时: 3055.04ms
2025/12/13 20:20:53.895040 [20:20:46.698] 用户4803 | ✅ 秒杀成功 | 耗时: 3055.97ms
2025/12/13 20:20:53.895042 [20:20:46.698] 用户4115 | ✅ 秒杀成功 | 耗时: 3056.33ms
2025/12/13 20:20:53.895044 [20:20:46.698] 用户4702 | ✅ 秒杀成功 | 耗时: 3055.28ms
2025/12/13 20:20:53.895045 [20:20:46.698] 用户4982 | ✅ 秒杀成功 | 耗时: 3056.24ms
2025/12/13 20:20:53.895047 [20:20:46.698] 用户5364 | ✅ 秒杀成功 | 耗时: 3056.16ms
2025/12/13 20:20:53.895049 [20:20:46.698] 用户4704 | ✅ 秒杀成功 | 耗时: 3055.43ms
2025/12/13 20:20:53.895050 [20:20:46.698] 用户4807 | ✅ 秒杀成功 | 耗时: 3056.23ms
2025/12/13 20:20:53.895052 [20:20:46.698] 用户4024 | ✅ 秒杀成功 | 耗时: 3056.98ms
2025/12/13 20:20:53.895054 [20:20:46.698] 用户4483 | ✅ 秒杀成功 | 耗时: 3055.54ms
2025/12/13 20:20:53.895055 [20:20:46.698] 用户4707 | ✅ 秒杀成功 | 耗时: 3055.61ms
2025/12/13 20:20:53.895057 [20:20:46.698] 用户4388 | ✅ 秒杀成功 | 耗时: 3056.94ms
2025/12/13 20:20:53.895059 [20:20:46.701] 用户4023 | ✅ 秒杀成功 | 耗时: 3059.46ms
2025/12/13 20:20:53.895060 [20:20:46.701] 用户4254 | ✅ 秒杀成功 | 耗时: 3058.57ms
2025/12/13 20:20:53.895062 [20:20:46.703] 用户4984 | ✅ 秒杀成功 | 耗时: 3060.35ms
2025/12/13 20:20:53.895064 [20:20:46.703] 用户4469 | ✅ 秒杀成功 | 耗时: 3059.84ms
2025/12/13 20:20:53.895065 [20:20:46.703] 用户4199 | ✅ 秒杀成功 | 耗时: 3060.14ms
2025/12/13 20:20:53.895067 [20:20:46.705] 用户4542 | ✅ 秒杀成功 | 耗时: 3062.25ms
2025/12/13 20:20:53.895069 [20:20:46.706] 用户4985 | ✅ 秒杀成功 | 耗时: 3063.89ms
2025/12/13 20:20:53.895070 [20:20:46.707] 用户4540 | ✅ 秒杀成功 | 耗时: 3064.00ms
2025/12/13 20:20:53.895072 [20:20:46.707] 用户4511 | ✅ 秒杀成功 | 耗时: 3064.81ms
2025/12/13 20:20:53.895074 [20:20:46.707] 用户4537 | ✅ 秒杀成功 | 耗时: 3063.81ms
2025/12/13 20:20:53.895075 [20:20:46.707] 用户4541 | ✅ 秒杀成功 | 耗时: 3064.10ms
2025/12/13 20:20:53.895077 [20:20:46.707] 用户4591 | ✅ 秒杀成功 | 耗时: 3064.92ms
2025/12/13 20:20:53.895079 [20:20:46.707] 用户4202 | ✅ 秒杀成功 | 耗时: 3064.39ms
2025/12/13 20:20:53.895080 [20:20:46.707] 用户5066 | ✅ 秒杀成功 | 耗时: 3065.11ms
2025/12/13 20:20:53.895082 [20:20:46.708] 用户4382 | ✅ 秒杀成功 | 耗时: 3066.25ms
2025/12/13 20:20:53.895084 [20:20:46.711] 用户4489 | ✅ 秒杀成功 | 耗时: 3068.09ms
2025/12/13 20:20:53.895085 [20:20:46.712] 用户4255 | ✅ 秒杀成功 | 耗时: 3068.98ms
2025/12/13 20:20:53.895087 [20:20:46.712] 用户4970 | ✅ 秒杀成功 | 耗时: 3068.94ms
2025/12/13 20:20:53.895089 [20:20:46.712] 用户4998 | ✅ 秒杀成功 | 耗时: 3069.92ms
2025/12/13 20:20:53.895090 [20:20:46.712] 用户4253 | ✅ 秒杀成功 | 耗时: 3068.98ms
2025/12/13 20:20:53.895092 [20:20:46.712] 用户4972 | ✅ 秒杀成功 | 耗时: 3069.09ms
2025/12/13 20:20:53.895094 [20:20:46.712] 用户4965 | ✅ 秒杀成功 | 耗时: 3069.09ms
2025/12/13 20:20:53.895095 [20:20:46.713] 用户5065 | ✅ 秒杀成功 | 耗时: 3070.53ms
2025/12/13 20:20:53.895097 [20:20:46.713] 用户4257 | ✅ 秒杀成功 | 耗时: 3070.34ms
2025/12/13 20:20:53.895099 [20:20:46.749] 用户4369 | ✅ 秒杀成功 | 耗时: 3106.80ms
2025/12/13 20:20:53.895114 [20:20:46.755] 用户4994 | ✅ 秒杀成功 | 耗时: 3113.55ms
2025/12/13 20:20:53.895116 [20:20:46.762] 用户4361 | ✅ 秒杀成功 | 耗时: 3120.58ms
2025/12/13 20:20:53.895118 [20:20:46.762] 用户4113 | ✅ 秒杀成功 | 耗时: 3120.35ms
2025/12/13 20:20:53.895120 [20:20:46.762] 用户4988 | ✅ 秒杀成功 | 耗时: 3120.09ms
2025/12/13 20:20:53.895121 [20:20:46.764] 用户4118 | ✅ 秒杀成功 | 耗时: 3121.87ms
2025/12/13 20:20:53.895123 [20:20:46.764] 用户4948 | ✅ 秒杀成功 | 耗时: 3119.24ms
2025/12/13 20:20:53.895125 [20:20:46.764] 用户4529 | ✅ 秒杀成功 | 耗时: 3121.38ms
2025/12/13 20:20:53.895127 [20:20:46.764] 用户5073 | ✅ 秒杀成功 | 耗时: 3122.22ms
2025/12/13 20:20:53.895129 [20:20:46.764] 用户4496 | ✅ 秒杀成功 | 耗时: 3121.22ms
2025/12/13 20:20:53.895130 [20:20:46.764] 用户4805 | ✅ 秒杀成功 | 耗时: 3121.65ms
2025/12/13 20:20:53.895132 [20:20:46.764] 用户4993 | ✅ 秒杀成功 | 耗时: 3122.16ms
2025/12/13 20:20:53.895134 [20:20:46.764] 用户4116 | ✅ 秒杀成功 | 耗时: 3122.33ms
2025/12/13 20:20:53.895135 [20:20:46.764] 用户4119 | ✅ 秒杀成功 | 耗时: 3122.37ms
2025/12/13 20:20:53.895137 [20:20:46.764] 用户4978 | ✅ 秒杀成功 | 耗时: 3121.70ms
2025/12/13 20:20:53.895139 [20:20:46.764] 用户4111 | ✅ 秒杀成功 | 耗时: 3121.66ms
2025/12/13 20:20:53.895140 [20:20:46.764] 用户4935 | ✅ 秒杀成功 | 耗时: 3122.31ms
2025/12/13 20:20:53.895142 [20:20:46.764] 用户4996 | ✅ 秒杀成功 | 耗时: 3122.58ms
2025/12/13 20:20:53.895144 [20:20:46.764] 用户5357 | ✅ 秒杀成功 | 耗时: 3121.99ms
2025/12/13 20:20:53.895145 [20:20:46.764] 用户5002 | ✅ 秒杀成功 | 耗时: 3122.70ms
2025/12/13 20:20:53.895147 [20:20:46.764] 用户5342 | ✅ 秒杀成功 | 耗时: 3120.58ms
2025/12/13 20:20:53.895149 [20:20:46.765] 用户4022 | ✅ 秒杀成功 | 耗时: 3122.97ms
2025/12/13 20:20:53.895150 [20:20:46.765] 用户5360 | ✅ 秒杀成功 | 耗时: 3122.86ms
2025/12/13 20:20:53.895152 [20:20:46.765] 用户4122 | ✅ 秒杀成功 | 耗时: 3123.72ms
2025/12/13 20:20:53.895154 [20:20:46.766] 用户5367 | ✅ 秒杀成功 | 耗时: 3123.52ms
2025/12/13 20:20:53.895155 [20:20:46.766] 用户5368 | ✅ 秒杀成功 | 耗时: 3123.56ms
2025/12/13 20:20:53.895157 [20:20:46.766] 用户4975 | ✅ 秒杀成功 | 耗时: 3123.17ms
2025/12/13 20:20:53.895159 [20:20:46.766] 用户4598 | ✅ 秒杀成功 | 耗时: 3123.15ms
2025/12/13 20:20:53.895160 [20:20:46.766] 用户4380 | ✅ 秒杀成功 | 耗时: 3123.75ms
2025/12/13 20:20:53.895162 [20:20:46.766] 用户5370 | ✅ 秒杀成功 | 耗时: 3123.32ms
2025/12/13 20:20:53.895164 [20:20:46.766] 用户4332 | ✅ 秒杀成功 | 耗时: 3121.96ms
2025/12/13 20:20:53.895165 [20:20:46.766] 用户4549 | ✅ 秒杀成功 | 耗时: 3124.39ms
2025/12/13 20:20:53.895167 [20:20:46.766] 用户4016 | ✅ 秒杀成功 | 耗时: 3121.86ms
2025/12/13 20:20:53.895169 [20:20:46.766] 用户4493 | ✅ 秒杀成功 | 耗时: 3123.39ms
2025/12/13 20:20:53.895170 [20:20:46.766] 用户8777 | ✅ 秒杀成功 | 耗时: 3052.47ms
2025/12/13 20:20:53.895172 [20:20:46.766] 用户2792 | ✅ 秒杀成功 | 耗时: 3045.95ms
2025/12/13 20:20:53.895174 [20:20:46.766] 用户4109 | ✅ 秒杀成功 | 耗时: 3123.38ms
2025/12/13 20:20:53.895175 [20:20:46.766] 用户3904 | ✅ 秒杀成功 | 耗时: 3122.03ms
2025/12/13 20:20:53.895177 [20:20:46.766] 用户4992 | ✅ 秒杀成功 | 耗时: 3124.04ms
2025/12/13 20:20:53.895178 [20:20:46.766] 用户5303 | ✅ 秒杀成功 | 耗时: 3123.52ms
2025/12/13 20:20:53.895179 [20:20:46.766] 用户4131 | ✅ 秒杀成功 | 耗时: 3124.25ms
2025/12/13 20:20:53.895181 [20:20:46.766] 用户4987 | ✅ 秒杀成功 | 耗时: 3123.79ms
2025/12/13 20:20:53.895182 [20:20:46.766] 用户4187 | ✅ 秒杀成功 | 耗时: 3122.21ms
2025/12/13 20:20:53.895184 [20:20:46.766] 用户5369 | ✅ 秒杀成功 | 耗时: 3125.18ms
2025/12/13 20:20:53.895186 [20:20:46.766] 用户4341 | ✅ 秒杀成功 | 耗时: 3122.25ms
2025/12/13 20:20:53.895187 [20:20:46.766] 用户4596 | ✅ 秒杀成功 | 耗时: 3124.34ms
2025/12/13 20:20:53.895189 [20:20:46.766] 用户4495 | ✅ 秒杀成功 | 耗时: 3123.85ms
2025/12/13 20:20:53.895191 [20:20:46.766] 用户4692 | ✅ 秒杀成功 | 耗时: 3122.31ms
2025/12/13 20:20:53.895192 [20:20:46.766] 用户4345 | ✅ 秒杀成功 | 耗时: 3122.54ms
2025/12/13 20:20:53.895194 [20:20:46.766] 用户4952 | ✅ 秒杀成功 | 耗时: 3122.48ms
2025/12/13 20:20:53.895196 [20:20:46.766] 用户4018 | ✅ 秒杀成功 | 耗时: 3122.49ms
2025/12/13 20:20:53.895197 [20:20:46.766] 用户5214 | ✅ 秒杀成功 | 耗时: 3122.56ms
2025/12/13 20:20:53.895198 [20:20:46.766] 用户4976 | ✅ 秒杀成功 | 耗时: 3124.10ms
2025/12/13 20:20:53.895200 [20:20:46.766] 用户4826 | ✅ 秒杀成功 | 耗时: 3125.01ms
2025/12/13 20:20:53.895201 [20:20:46.766] 用户4378 | ✅ 秒杀成功 | 耗时: 3124.55ms
2025/12/13 20:20:53.895203 [20:20:46.767] 用户4821 | ✅ 秒杀成功 | 耗时: 3125.09ms
2025/12/13 20:20:53.895205 [20:20:46.767] 用户4360 | ✅ 秒杀成功 | 耗时: 3124.92ms
2025/12/13 20:20:53.895206 [20:20:46.767] 用户5356 | ✅ 秒杀成功 | 耗时: 3124.14ms
2025/12/13 20:20:53.895208 [20:20:46.767] 用户4149 | ✅ 秒杀成功 | 耗时: 3125.60ms
2025/12/13 20:20:53.895210 [20:20:46.767] 用户4597 | ✅ 秒杀成功 | 耗时: 3124.69ms
2025/12/13 20:20:53.895211 [20:20:46.767] 用户4391 | ✅ 秒杀成功 | 耗时: 3125.10ms
2025/12/13 20:20:53.895213 [20:20:46.767] 用户4809 | ✅ 秒杀成功 | 耗时: 3124.66ms
2025/12/13 20:20:53.895215 [20:20:46.767] 用户4997 | ✅ 秒杀成功 | 耗时: 3124.88ms
2025/12/13 20:20:53.895216 [20:20:46.768] 用户8934 | ✅ 秒杀成功 | 耗时: 3054.37ms
2025/12/13 20:20:53.895218 [20:20:46.768] 用户3872 | ✅ 秒杀成功 | 耗时: 3124.40ms
2025/12/13 20:20:53.895220 [20:20:46.770] 用户4467 | ✅ 秒杀成功 | 耗时: 3127.18ms
2025/12/13 20:20:53.895221 [20:20:46.770] 用户5518 | ✅ 秒杀成功 | 耗时: 3137.26ms
2025/12/13 20:20:53.895223 [20:20:46.770] 用户4379 | ✅ 秒杀成功 | 耗时: 3128.38ms
2025/12/13 20:20:53.895225 [20:20:46.774] 用户4208 | ✅ 秒杀成功 | 耗时: 3130.05ms
2025/12/13 20:20:53.895226 [20:20:46.774] 用户2799 | ✅ 秒杀成功 | 耗时: 3053.79ms
2025/12/13 20:20:53.895228 [20:20:46.774] 用户4460 | ✅ 秒杀成功 | 耗时: 3130.97ms
2025/12/13 20:20:53.895230 [20:20:46.775] 用户4592 | ✅ 秒杀成功 | 耗时: 3133.06ms
2025/12/13 20:20:53.895231 [20:20:46.775] 用户4538 | ✅ 秒杀成功 | 耗时: 3132.08ms
2025/12/13 20:20:53.895233 [20:20:46.775] 用户3746 | ✅ 秒杀成功 | 耗时: 3131.86ms
2025/12/13 20:20:53.895235 [20:20:46.775] 用户4934 | ✅ 秒杀成功 | 耗时: 3130.68ms
2025/12/13 20:20:53.895236 [20:20:46.775] 用户4335 | ✅ 秒杀成功 | 耗时: 3131.70ms
2025/12/13 20:20:53.895238 [20:20:46.777] 用户5334 | ✅ 秒杀成功 | 耗时: 3132.65ms
2025/12/13 20:20:53.895240 [20:20:46.777] 用户4304 | ✅ 秒杀成功 | 耗时: 3131.28ms
2025/12/13 20:20:53.895241 [20:20:46.777] 用户3892 | ✅ 秒杀成功 | 耗时: 3131.94ms
2025/12/13 20:20:53.895243 [20:20:46.777] 用户4691 | ✅ 秒杀成功 | 耗时: 3132.41ms
2025/12/13 20:20:53.895245 [20:20:46.777] 用户5341 | ✅ 秒杀成功 | 耗时: 3133.02ms
2025/12/13 20:20:53.895246 [20:20:46.777] 用户4447 | ✅ 秒杀成功 | 耗时: 3133.22ms
2025/12/13 20:20:53.895248 [20:20:46.778] 用户4699 | ✅ 秒杀成功 | 耗时: 3134.79ms
2025/12/13 20:20:53.895250 [20:20:46.778] 用户4245 | ✅ 秒杀成功 | 耗时: 3134.80ms
2025/12/13 20:20:53.895251 [20:20:46.778] 用户4945 | ✅ 秒杀成功 | 耗时: 3133.74ms
2025/12/13 20:20:53.895253 [20:20:46.778] 用户5354 | ✅ 秒杀成功 | 耗时: 3134.83ms
2025/12/13 20:20:53.895255 [20:20:46.778] 用户4933 | ✅ 秒杀成功 | 耗时: 3133.73ms
2025/12/13 20:20:53.895256 [20:20:46.779] 用户4441 | ✅ 秒杀成功 | 耗时: 3134.96ms
2025/12/13 20:20:53.895258 [20:20:46.779] 用户4579 | ✅ 秒杀成功 | 耗时: 3134.49ms
2025/12/13 20:20:53.895260 [20:20:46.779] 用户4381 | ✅ 秒杀成功 | 耗时: 3136.87ms
2025/12/13 20:20:53.895261 [20:20:46.779] 用户4197 | ✅ 秒杀成功 | 耗时: 3135.26ms
2025/12/13 20:20:53.895263 [20:20:46.779] 用户4344 | ✅ 秒杀成功 | 耗时: 3135.04ms
2025/12/13 20:20:53.895265 [20:20:46.779] 用户4938 | ✅ 秒杀成功 | 耗时: 3134.35ms
2025/12/13 20:20:53.895266 [20:20:46.779] 用户4689 | ✅ 秒杀成功 | 耗时: 3134.60ms
2025/12/13 20:20:53.895268 [20:20:46.780] 用户4239 | ✅ 秒杀成功 | 耗时: 3136.13ms
2025/12/13 20:20:53.895270 [20:20:46.780] 用户5753 | ✅ 秒杀成功 | 耗时: 3142.21ms
2025/12/13 20:20:53.895272 [20:20:46.780] 用户5344 | ✅ 秒杀成功 | 耗时: 3136.64ms
2025/12/13 20:20:53.895273 [20:20:46.780] 用户4194 | ✅ 秒杀成功 | 耗时: 3136.54ms
2025/12/13 20:20:53.895275 [20:20:46.780] 用户3880 | ✅ 秒杀成功 | 耗时: 3135.18ms
2025/12/13 20:20:53.895277 [20:20:46.781] 用户4453 | ✅ 秒杀成功 | 耗时: 3136.91ms
2025/12/13 20:20:53.895278 [20:20:46.781] 用户4098 | ✅ 秒杀成功 | 耗时: 3136.20ms
2025/12/13 20:20:53.895280 [20:20:46.781] 用户4337 | ✅ 秒杀成功 | 耗时: 3136.00ms
2025/12/13 20:20:53.895281 [20:20:46.781] 用户8368 | ✅ 秒杀成功 | 耗时: 3062.87ms
2025/12/13 20:20:53.895283 [20:20:46.781] 用户5353 | ✅ 秒杀成功 | 耗时: 3137.55ms
2025/12/13 20:20:53.895284 [20:20:46.781] 用户4698 | ✅ 秒杀成功 | 耗时: 3137.91ms
2025/12/13 20:20:53.895285 [20:20:46.781] 用户5348 | ✅ 秒杀成功 | 耗时: 3137.72ms
2025/12/13 20:20:53.895287 [20:20:46.781] 用户3891 | ✅ 秒杀成功 | 耗时: 3136.57ms
2025/12/13 20:20:53.895288 [20:20:46.781] 用户4937 | ✅ 秒杀成功 | 耗时: 3136.59ms
2025/12/13 20:20:53.895290 [20:20:46.781] 用户5305 | ✅ 秒杀成功 | 耗时: 3137.60ms
2025/12/13 20:20:53.895291 [20:20:46.781] 用户4195 | ✅ 秒杀成功 | 耗时: 3137.60ms
2025/12/13 20:20:53.895292 [20:20:46.782] 用户3881 | ✅ 秒杀成功 | 耗时: 3136.21ms
2025/12/13 20:20:53.895294 [20:20:46.782] 用户4690 | ✅ 秒杀成功 | 耗时: 3137.19ms
2025/12/13 20:20:53.895295 [20:20:46.782] 用户3895 | ✅ 秒杀成功 | 耗时: 3137.08ms
2025/12/13 20:20:53.895296 [20:20:46.782] 用户4583 | ✅ 秒杀成功 | 耗时: 3137.66ms
2025/12/13 20:20:53.895298 [20:20:46.782] 用户5862 | ✅ 秒杀成功 | 耗时: 3146.95ms
2025/12/13 20:20:53.895300 [20:20:46.782] 用户4349 | ✅ 秒杀成功 | 耗时: 3138.09ms
2025/12/13 20:20:53.895301 [20:20:46.782] 用户4340 | ✅ 秒杀成功 | 耗时: 3138.04ms
2025/12/13 20:20:53.895303 [20:20:46.782] 用户4339 | ✅ 秒杀成功 | 耗时: 3137.61ms
2025/12/13 20:20:53.895305 [20:20:46.782] 用户4582 | ✅ 秒杀成功 | 耗时: 3138.34ms
2025/12/13 20:20:53.895306 [20:20:46.782] 用户3761 | ✅ 秒杀成功 | 耗时: 3137.75ms
2025/12/13 20:20:53.895308 [20:20:46.783] 用户4593 | ✅ 秒杀成功 | 耗时: 3140.90ms
2025/12/13 20:20:53.895310 [20:20:46.783] 用户5338 | ✅ 秒杀成功 | 耗时: 3139.06ms
2025/12/13 20:20:53.895312 [20:20:46.783] 用户4616 | ✅ 秒杀成功 | 耗时: 3142.15ms
2025/12/13 20:20:53.895313 [20:20:46.783] 用户4225 | ✅ 秒杀成功 | 耗时: 3139.52ms
2025/12/13 20:20:53.895315 [20:20:46.784] 用户4348 | ✅ 秒杀成功 | 耗时: 3139.87ms
2025/12/13 20:20:53.895317 [20:20:46.784] 用户4188 | ✅ 秒杀成功 | 耗时: 3139.88ms
2025/12/13 20:20:53.895318 [20:20:46.784] 用户4594 | ✅ 秒杀成功 | 耗时: 3141.92ms
2025/12/13 20:20:53.895320 [20:20:46.784] 用户2308 | ✅ 秒杀成功 | 耗时: 3063.93ms
2025/12/13 20:20:53.895322 [20:20:46.784] 用户4931 | ✅ 秒杀成功 | 耗时: 3139.16ms
2025/12/13 20:20:53.895323 [20:20:46.784] 用户4823 | ✅ 秒杀成功 | 耗时: 3142.43ms
2025/12/13 20:20:53.895325 [20:20:46.784] 用户4461 | ✅ 秒杀成功 | 耗时: 3140.77ms
2025/12/13 20:20:53.895327 [20:20:46.784] 用户4106 | ✅ 秒杀成功 | 耗时: 3140.31ms
2025/12/13 20:20:53.895328 [20:20:46.784] 用户3896 | ✅ 秒杀成功 | 耗时: 3139.94ms
2025/12/13 20:20:53.895330 [20:20:46.786] 用户3899 | ✅ 秒杀成功 | 耗时: 3141.75ms
2025/12/13 20:20:53.895333 [20:20:46.787] 用户8749 | ✅ 秒杀成功 | 耗时: 3073.84ms
2025/12/13 20:20:53.895335 [20:20:46.788] 用户4574 | ✅ 秒杀成功 | 耗时: 3142.86ms
2025/12/13 20:20:53.895337 [20:20:46.788] 用户4375 | ✅ 秒杀成功 | 耗时: 3144.02ms
2025/12/13 20:20:53.895338 [20:20:46.788] 用户4198 | ✅ 秒杀成功 | 耗时: 3143.67ms
2025/12/13 20:20:53.895340 [20:20:46.788] 用户4015 | ✅ 秒杀成功 | 耗时: 3143.49ms
2025/12/13 20:20:53.895342 [20:20:46.788] 用户7874 | ✅ 秒杀成功 | 耗时: 3069.55ms
2025/12/13 20:20:53.895343 [20:20:46.788] 用户8414 | ✅ 秒杀成功 | 耗时: 3070.14ms
2025/12/13 20:20:53.895345 [20:20:46.788] 用户4585 | ✅ 秒杀成功 | 耗时: 3143.79ms
2025/12/13 20:20:53.895347 [20:20:46.788] 用户4810 | ✅ 秒杀成功 | 耗时: 3146.25ms
2025/12/13 20:20:53.895348 [20:20:46.925] 用户4586 | ✅ 秒杀成功 | 耗时: 3281.19ms
2025/12/13 20:20:53.895350 [20:20:46.925] 用户4693 | ✅ 秒杀成功 | 耗时: 3281.48ms
2025/12/13 20:20:53.895352 [20:20:46.926] 用户4448 | ✅ 秒杀成功 | 耗时: 3281.59ms
2025/12/13 20:20:53.895353 [20:20:46.929] 用户4184 | ✅ 秒杀成功 | 耗时: 3284.64ms
2025/12/13 20:20:53.895355 [20:20:46.929] 用户3900 | ✅ 秒杀成功 | 耗时: 3284.72ms
2025/12/13 20:20:53.895356 [20:20:46.929] 用户3901 | ✅ 秒杀成功 | 耗时: 3285.32ms
2025/12/13 20:20:53.895357 [20:20:46.931] 用户3871 | ✅ 秒杀成功 | 耗时: 3287.45ms
2025/12/13 20:20:53.895359 [20:20:46.933] 用户4193 | ✅ 秒杀成功 | 耗时: 3289.45ms
2025/12/13 20:20:53.895360 [20:20:46.934] 用户4192 | ✅ 秒杀成功 | 耗时: 3290.10ms
2025/12/13 20:20:53.895361 [20:20:46.937] 用户4107 | ✅ 秒杀成功 | 耗时: 3293.20ms
2025/12/13 20:20:53.895363 [20:20:46.937] 用户4186 | ✅ 秒杀成功 | 耗时: 3293.35ms
2025/12/13 20:20:53.895364 [20:20:46.937] 用户4446 | ✅ 秒杀成功 | 耗时: 3293.24ms
2025/12/13 20:20:53.895366 [20:20:46.937] 用户4694 | ✅ 秒杀成功 | 耗时: 3294.11ms
2025/12/13 20:20:53.895367 [20:20:46.937] 用户4944 | ✅ 秒杀成功 | 耗时: 3293.48ms
2025/12/13 20:20:53.895368 [20:20:46.940] 用户4452 | ✅ 秒杀成功 | 耗时: 3295.91ms
2025/12/13 20:20:53.895370 [20:20:46.940] 用户3902 | ✅ 秒杀成功 | 耗时: 3295.71ms
2025/12/13 20:20:53.895371 [20:20:46.940] 用户4189 | ✅ 秒杀成功 | 耗时: 3296.00ms
2025/12/13 20:20:53.895372 [20:20:46.940] 用户5314 | ✅ 秒杀成功 | 耗时: 3296.03ms
2025/12/13 20:20:53.895374 [20:20:46.940] 用户5346 | ✅ 秒杀成功 | 耗时: 3296.40ms
2025/12/13 20:20:53.895375 [20:20:46.941] 用户4185 | ✅ 秒杀成功 | 耗时: 3296.92ms
2025/12/13 20:20:53.895377 [20:20:46.941] 用户5337 | ✅ 秒杀成功 | 耗时: 3297.05ms
2025/12/13 20:20:53.895378 [20:20:46.941] 用户4017 | ✅ 秒杀成功 | 耗时: 3297.02ms
2025/12/13 20:20:53.895380 [20:20:46.941] 用户4342 | ✅ 秒杀成功 | 耗时: 3297.12ms
2025/12/13 20:20:53.895382 [20:20:46.941] 用户4359 | ✅ 秒杀成功 | 耗时: 3298.61ms
2025/12/13 20:20:53.895384 [20:20:46.941] 用户4711 | ✅ 秒杀成功 | 耗时: 3298.36ms
2025/12/13 20:20:53.895385 [20:20:46.946] 用户5335 | ✅ 秒杀成功 | 耗时: 3302.35ms
2025/12/13 20:20:53.895387 [20:20:46.946] 用户4956 | ✅ 秒杀成功 | 耗时: 3302.39ms
2025/12/13 20:20:53.895389 [20:20:46.946] 用户4462 | ✅ 秒杀成功 | 耗时: 3302.88ms
2025/12/13 20:20:53.895390 [20:20:46.946] 用户4472 | ✅ 秒杀成功 | 耗时: 3303.00ms
2025/12/13 20:20:53.895392 [20:20:46.949] 用户4368 | ✅ 秒杀成功 | 耗时: 3305.73ms
2025/12/13 20:20:53.895394 [20:20:46.950] 用户4297 | ✅ 秒杀成功 | 耗时: 3304.11ms
2025/12/13 20:20:53.895395 [20:20:46.950] 用户1525 | ✅ 秒杀成功 | 耗时: 3271.36ms
2025/12/13 20:20:53.895397 [20:20:46.950] 用户3763 | ✅ 秒杀成功 | 耗时: 3305.00ms
2025/12/13 20:20:53.895399 [20:20:46.950] 用户2041 | ✅ 秒杀成功 | 耗时: 3274.88ms
2025/12/13 20:20:53.895400 [20:20:46.950] 用户4244 | ✅ 秒杀成功 | 耗时: 3306.37ms
2025/12/13 20:20:53.895402 [20:20:46.950] 用户4357 | ✅ 秒杀成功 | 耗时: 3306.52ms
2025/12/13 20:20:53.895404 [20:20:46.950] 用户4451 | ✅ 秒杀成功 | 耗时: 3306.27ms
2025/12/13 20:20:53.895405 [20:20:46.950] 用户4932 | ✅ 秒杀成功 | 耗时: 3306.92ms
2025/12/13 20:20:53.895407 [20:20:46.950] 用户4174 | ✅ 秒杀成功 | 耗时: 3306.44ms
2025/12/13 20:20:53.895409 [20:20:46.950] 用户4939 | ✅ 秒杀成功 | 耗时: 3305.66ms
2025/12/13 20:20:53.895410 [20:20:46.950] 用户4954 | ✅ 秒杀成功 | 耗时: 3306.44ms
2025/12/13 20:20:53.895412 [20:20:46.950] 用户5351 | ✅ 秒杀成功 | 耗时: 3307.10ms
2025/12/13 20:20:53.895414 [20:20:46.950] 用户2800 | ✅ 秒杀成功 | 耗时: 3230.55ms
2025/12/13 20:20:53.895415 [20:20:46.950] 用户4942 | ✅ 秒杀成功 | 耗时: 3305.94ms
2025/12/13 20:20:53.895417 [20:20:46.950] 用户2803 | ✅ 秒杀成功 | 耗时: 3230.59ms
2025/12/13 20:20:53.895419 [20:20:46.951] 用户4578 | ✅ 秒杀成功 | 耗时: 3305.24ms
2025/12/13 20:20:53.895420 [20:20:46.951] 用户3879 | ✅ 秒杀成功 | 耗时: 3305.23ms
2025/12/13 20:20:53.895422 [20:20:46.951] 用户2539 | ✅ 秒杀成功 | 耗时: 3230.79ms
2025/12/13 20:20:53.895424 [20:20:46.951] 用户4535 | ✅ 秒杀成功 | 耗时: 3306.93ms
2025/12/13 20:20:53.895425 [20:20:46.951] 用户3842 | ✅ 秒杀成功 | 耗时: 3305.13ms
2025/12/13 20:20:53.895427 [20:20:46.951] 用户4204 | ✅ 秒杀成功 | 耗时: 3308.13ms
2025/12/13 20:20:53.895429 [20:20:46.951] 用户4298 | ✅ 秒杀成功 | 耗时: 3305.41ms
2025/12/13 20:20:53.895430 [20:20:46.951] 用户4536 | ✅ 秒杀成功 | 耗时: 3307.58ms
2025/12/13 20:20:53.895432 [20:20:46.951] 用户3877 | ✅ 秒杀成功 | 耗时: 3305.51ms
2025/12/13 20:20:53.895434 [20:20:46.951] 用户4961 | ✅ 秒杀成功 | 耗时: 3308.18ms
2025/12/13 20:20:53.895436 [20:20:46.952] 用户3885 | ✅ 秒杀成功 | 耗时: 3307.11ms
2025/12/13 20:20:53.895437 [20:20:46.952] 用户5349 | ✅ 秒杀成功 | 耗时: 3308.83ms
2025/12/13 20:20:53.895439 [20:20:46.952] 用户3619 | ✅ 秒杀成功 | 耗时: 3307.22ms
2025/12/13 20:20:53.895440 [20:20:46.952] 用户4097 | ✅ 秒杀成功 | 耗时: 3307.77ms
2025/12/13 20:20:53.895442 [20:20:46.952] 用户1784 | ✅ 秒杀成功 | 耗时: 3115.38ms
2025/12/13 20:20:53.895444 [20:20:46.952] 用户4576 | ✅ 秒杀成功 | 耗时: 3307.75ms
2025/12/13 20:20:53.895445 [20:20:46.952] 用户1783 | ✅ 秒杀成功 | 耗时: 3115.41ms
2025/12/13 20:20:53.895447 [20:20:46.952] 用户2797 | ✅ 秒杀成功 | 耗时: 3232.48ms
2025/12/13 20:20:53.895452 [20:20:46.953] 用户3903 | ✅ 秒杀成功 | 耗时: 3308.70ms
2025/12/13 20:20:53.895454 [20:20:46.953] 用户3917 | ✅ 秒杀成功 | 耗时: 3307.24ms
2025/12/13 20:20:53.895456 [20:20:46.953] 用户9119 | ✅ 秒杀成功 | 耗时: 3248.97ms
2025/12/13 20:20:53.895457 [20:20:46.953] 用户5336 | ✅ 秒杀成功 | 耗时: 3308.82ms
2025/12/13 20:20:53.895459 [20:20:46.953] 用户4697 | ✅ 秒杀成功 | 耗时: 3309.56ms
2025/12/13 20:20:53.895461 [20:20:46.953] 用户3884 | ✅ 秒杀成功 | 耗时: 3307.53ms
2025/12/13 20:20:53.895462 [20:20:46.953] 用户4960 | ✅ 秒杀成功 | 耗时: 3309.55ms
2025/12/13 20:20:53.895464 [20:20:46.953] 用户4568 | ✅ 秒杀成功 | 耗时: 3308.11ms
2025/12/13 20:20:53.895466 [20:20:46.953] 用户4305 | ✅ 秒杀成功 | 耗时: 3307.61ms
2025/12/13 20:20:53.895467 [20:20:46.953] 用户3609 | ✅ 秒杀成功 | 耗时: 3307.59ms
2025/12/13 20:20:53.895469 [20:20:46.953] 用户4301 | ✅ 秒杀成功 | 耗时: 3307.57ms
2025/12/13 20:20:53.895471 [20:20:46.953] 用户8557 | ✅ 秒杀成功 | 耗时: 3238.58ms
2025/12/13 20:20:53.895472 [20:20:46.953] 用户4240 | ✅ 秒杀成功 | 耗时: 3309.77ms
2025/12/13 20:20:53.895474 [20:20:46.953] 用户2207 | ✅ 秒杀成功 | 耗时: 3271.94ms
2025/12/13 20:20:53.895476 [20:20:46.954] 用户4959 | ✅ 秒杀成功 | 耗时: 3310.29ms
2025/12/13 20:20:53.895477 [20:20:46.962] 用户4376 | ✅ 秒杀成功 | 耗时: 3318.11ms
2025/12/13 20:20:53.895479 [20:20:46.963] 用户4343 | ✅ 秒杀成功 | 耗时: 3318.74ms
2025/12/13 20:20:53.895480 [20:20:46.963] 用户4117 | ✅ 秒杀成功 | 耗时: 3319.17ms
2025/12/13 20:20:53.895482 [20:20:46.963] 用户4584 | ✅ 秒杀成功 | 耗时: 3319.15ms
2025/12/13 20:20:53.895484 [20:20:46.968] 用户4308 | ✅ 秒杀成功 | 耗时: 3322.77ms
2025/12/13 20:20:53.895486 [20:20:46.968] 用户4112 | ✅ 秒杀成功 | 耗时: 3325.27ms
2025/12/13 20:20:53.895487 [20:20:46.968] 用户4564 | ✅ 秒杀成功 | 耗时: 3322.67ms
2025/12/13 20:20:53.895489 [20:20:46.968] 用户3905 | ✅ 秒杀成功 | 耗时: 3324.12ms
2025/12/13 20:20:53.895491 [20:20:46.971] 用户4259 | ✅ 秒杀成功 | 耗时: 3327.38ms
2025/12/13 20:20:53.895492 [20:20:46.971] 用户5345 | ✅ 秒杀成功 | 耗时: 3327.27ms
2025/12/13 20:20:53.895494 [20:20:46.971] 用户4306 | ✅ 秒杀成功 | 耗时: 3325.82ms
2025/12/13 20:20:53.895496 [20:20:46.971] 用户4476 | ✅ 秒杀成功 | 耗时: 3327.93ms
2025/12/13 20:20:53.895497 [20:20:46.971] 用户4334 | ✅ 秒杀成功 | 耗时: 3327.50ms
2025/12/13 20:20:53.895499 [20:20:46.971] 用户3762 | ✅ 秒杀成功 | 耗时: 3326.63ms
2025/12/13 20:20:53.895501 [20:20:46.971] 用户4565 | ✅ 秒杀成功 | 耗时: 3326.02ms
2025/12/13 20:20:53.895502 [20:20:46.971] 用户3745 | ✅ 秒杀成功 | 耗时: 3326.05ms
2025/12/13 20:20:53.895504 [20:20:46.971] 用户3733 | ✅ 秒杀成功 | 耗时: 3326.62ms
2025/12/13 20:20:53.895506 [20:20:46.972] 用户4494 | ✅ 秒杀成功 | 耗时: 3329.12ms
2025/12/13 20:20:53.895507 [20:20:46.972] 用户4685 | ✅ 秒杀成功 | 耗时: 3327.06ms
2025/12/13 20:20:53.895509 [20:20:46.972] 用户9054 | ✅ 秒杀成功 | 耗时: 3268.03ms
2025/12/13 20:20:53.895511 [20:20:46.972] 用户4177 | ✅ 秒杀成功 | 耗时: 3327.55ms
2025/12/13 20:20:53.895512 [20:20:46.972] 用户3491 | ✅ 秒杀成功 | 耗时: 3326.21ms
2025/12/13 20:20:53.895514 [20:20:46.972] 用户3854 | ✅ 秒杀成功 | 耗时: 3326.38ms
2025/12/13 20:20:53.895516 [20:20:46.972] 用户3617 | ✅ 秒杀成功 | 耗时: 3326.86ms
2025/12/13 20:20:53.895517 [20:20:46.973] 用户4941 | ✅ 秒杀成功 | 耗时: 3328.92ms
2025/12/13 20:20:53.895519 [20:20:46.975] 用户4346 | ✅ 秒杀成功 | 耗时: 3331.57ms
2025/12/13 20:20:53.895521 [20:20:46.976] 用户3887 | ✅ 秒杀成功 | 耗时: 3331.08ms
2025/12/13 20:20:53.895522 [20:20:46.977] 用户4108 | ✅ 秒杀成功 | 耗时: 3333.39ms
2025/12/13 20:20:53.895524 [20:20:46.981] 用户3492 | ✅ 秒杀成功 | 耗时: 3335.27ms
2025/12/13 20:20:53.895526 [20:20:46.984] 用户4014 | ✅ 秒杀成功 | 耗时: 3339.85ms
2025/12/13 20:20:53.895527 [20:20:46.985] 用户387 | ✅ 秒杀成功 | 耗时: 3294.49ms
2025/12/13 20:20:53.895529 [20:20:46.985] 用户4573 | ✅ 秒杀成功 | 耗时: 3340.76ms
2025/12/13 20:20:53.895531 [20:20:46.986] 用户8564 | ✅ 秒杀成功 | 耗时: 3290.57ms
2025/12/13 20:20:53.895532 [20:20:46.986] 用户9004 | ✅ 秒杀成功 | 耗时: 3279.03ms
2025/12/13 20:20:53.895534 [20:20:46.986] 用户3602 | ✅ 秒杀成功 | 耗时: 3340.79ms
2025/12/13 20:20:53.895536 [20:20:46.986] 用户2530 | ✅ 秒杀成功 | 耗时: 3266.51ms
2025/12/13 20:20:53.895537 [20:20:46.986] 用户3890 | ✅ 秒杀成功 | 耗时: 3341.69ms
2025/12/13 20:20:53.895539 [20:20:46.986] 用户4296 | ✅ 秒杀成功 | 耗时: 3341.07ms
2025/12/13 20:20:53.895541 [20:20:46.987] 用户4143 | ✅ 秒杀成功 | 耗时: 3345.46ms
2025/12/13 20:20:53.895542 [20:20:46.987] 用户4333 | ✅ 秒杀成功 | 耗时: 3342.71ms
2025/12/13 20:20:53.895544 [20:20:46.987] 用户4449 | ✅ 秒杀成功 | 耗时: 3342.60ms
2025/12/13 20:20:53.895546 [20:20:46.987] 用户4968 | ✅ 秒杀成功 | 耗时: 3343.68ms
2025/12/13 20:20:53.895547 [20:20:46.988] 用户1124 | ✅ 秒杀成功 | 耗时: 3305.99ms
2025/12/13 20:20:53.895549 [20:20:46.988] 用户9056 | ✅ 秒杀成功 | 耗时: 3284.09ms
2025/12/13 20:20:53.895550 [20:20:46.988] 用户5358 | ✅ 秒杀成功 | 耗时: 3345.50ms
2025/12/13 20:20:53.895552 [20:20:46.988] 用户4102 | ✅ 秒杀成功 | 耗时: 3343.83ms
2025/12/13 20:20:53.895553 [20:20:47.000] 用户5721 | ✅ 秒杀成功 | 耗时: 3362.17ms
2025/12/13 20:20:53.895554 [20:20:47.001] 用户3894 | ✅ 秒杀成功 | 耗时: 3356.45ms
2025/12/13 20:20:53.895556 [20:20:47.002] 用户3813 | ✅ 秒杀成功 | 耗时: 3354.10ms
2025/12/13 20:20:53.895557 [20:20:47.005] 用户4686 | ✅ 秒杀成功 | 耗时: 3360.40ms
2025/12/13 20:20:53.895559 [20:20:47.005] 用户4481 | ✅ 秒杀成功 | 耗时: 3362.28ms
2025/12/13 20:20:53.895560 [20:20:47.006] 用户3882 | ✅ 秒杀成功 | 耗时: 3360.61ms
2025/12/13 20:20:53.895561 [20:20:47.008] 用户4765 | ✅ 秒杀成功 | 耗时: 3368.14ms
2025/12/13 20:20:53.895563 [20:20:47.009] 用户4100 | ✅ 秒杀成功 | 耗时: 3365.10ms
2025/12/13 20:20:53.895565 [20:20:47.009] 用户3886 | ✅ 秒杀成功 | 耗时: 3364.25ms
2025/12/13 20:20:53.895566 [20:20:47.009] 用户3622 | ✅ 秒杀成功 | 耗时: 3364.37ms
2025/12/13 20:20:53.895568 [20:20:47.010] 用户4302 | ✅ 秒杀成功 | 耗时: 3364.26ms
2025/12/13 20:20:53.895570 [20:20:47.010] 用户4307 | ✅ 秒杀成功 | 耗时: 3364.74ms
2025/12/13 20:20:53.895571 [20:20:47.010] 用户4300 | ✅ 秒杀成功 | 耗时: 3364.39ms
2025/12/13 20:20:53.895573 [20:20:47.010] 用户3610 | ✅ 秒杀成功 | 耗时: 3364.44ms
2025/12/13 20:20:53.895575 [20:20:47.010] 用户3611 | ✅ 秒杀成功 | 耗时: 3364.50ms
2025/12/13 20:20:53.895576 [20:20:47.010] 用户3493 | ✅ 秒杀成功 | 耗时: 3364.75ms
2025/12/13 20:20:53.895578 [20:20:47.010] 用户3715 | ✅ 秒杀成功 | 耗时: 3365.06ms
2025/12/13 20:20:53.895580 [20:20:47.010] 用户3714 | ✅ 秒杀成功 | 耗时: 3365.13ms
2025/12/13 20:20:53.895581 [20:20:47.010] 用户4011 | ✅ 秒杀成功 | 耗时: 3365.23ms
2025/12/13 20:20:53.895583 [20:20:47.010] 用户3876 | ✅ 秒杀成功 | 耗时: 3364.76ms
2025/12/13 20:20:53.895585 [20:20:47.010] 用户3605 | ✅ 秒杀成功 | 耗时: 3364.77ms
2025/12/13 20:20:53.895586 [20:20:47.010] 用户4183 | ✅ 秒杀成功 | 耗时: 3366.27ms
2025/12/13 20:20:53.895588 [20:20:47.010] 用户4683 | ✅ 秒杀成功 | 耗时: 3365.61ms
2025/12/13 20:20:53.895590 [20:20:47.011] 用户8976 | ✅ 秒杀成功 | 耗时: 3304.05ms
2025/12/13 20:20:53.895591 [20:20:47.011] 用户9753 | ✅ 秒杀成功 | 耗时: 3292.40ms
2025/12/13 20:20:53.895593 [20:20:47.011] 用户5110 | ✅ 秒杀成功 | 耗时: 3371.87ms
2025/12/13 20:20:53.895595 [20:20:47.011] 用户3737 | ✅ 秒杀成功 | 耗时: 3366.20ms
2025/12/13 20:20:53.895596 [20:20:47.013] 用户7415 | ✅ 秒杀成功 | 耗时: 3294.48ms
2025/12/13 20:20:53.895598 [20:20:47.013] 用户4209 | ✅ 秒杀成功 | 耗时: 3369.04ms
2025/12/13 20:20:53.895599 [20:20:47.013] 用户4463 | ✅ 秒杀成功 | 耗时: 3369.20ms
2025/12/13 20:20:53.895601 [20:20:47.014] 用户8348 | ✅ 秒杀成功 | 耗时: 3296.08ms
2025/12/13 20:20:53.895602 [20:20:47.014] 用户4940 | ✅ 秒杀成功 | 耗时: 3369.55ms
2025/12/13 20:20:53.895604 [20:20:47.014] 用户9018 | ✅ 秒杀成功 | 耗时: 3307.52ms
2025/12/13 20:20:53.895605 [20:20:47.015] 用户4383 | ✅ 秒杀成功 | 耗时: 3373.15ms
2025/12/13 20:20:53.895606 [20:20:47.015] 用户4571 | ✅ 秒杀成功 | 耗时: 3370.08ms
2025/12/13 20:20:53.895608 [20:20:47.015] 用户4347 | ✅ 秒杀成功 | 耗时: 3371.42ms
2025/12/13 20:20:53.895609 [20:20:47.015] 用户4946 | ✅ 秒杀成功 | 耗时: 3370.84ms
2025/12/13 20:20:53.895611 [20:20:47.016] 用户4577 | ✅ 秒杀成功 | 耗时: 3370.92ms
2025/12/13 20:20:53.895612 [20:20:47.016] 用户9742 | ✅ 秒杀成功 | 耗时: 3302.12ms
2025/12/13 20:20:53.895614 [20:20:47.016] 用户4299 | ✅ 秒杀成功 | 耗时: 3370.21ms
2025/12/13 20:20:53.895615 [20:20:47.016] 用户1647 | ✅ 秒杀成功 | 耗时: 3321.19ms
2025/12/13 20:20:53.895616 [20:20:47.018] 用户4957 | ✅ 秒杀成功 | 耗时: 3374.54ms
2025/12/13 20:20:53.895618 [20:20:47.023] 用户2787 | ✅ 秒杀成功 | 耗时: 3302.64ms
2025/12/13 20:20:53.895619 [20:20:47.023] 用户3707 | ✅ 秒杀成功 | 耗时: 3373.24ms
2025/12/13 20:20:53.895621 [20:20:47.023] 用户4077 | ✅ 秒杀成功 | 耗时: 3374.26ms
2025/12/13 20:20:53.895624 [20:20:47.024] 用户2404 | ✅ 秒杀成功 | 耗时: 3256.95ms
2025/12/13 20:20:53.895626 [20:20:47.024] 用户4078 | ✅ 秒杀成功 | 耗时: 3374.62ms
2025/12/13 20:20:53.895627 [20:20:47.024] 用户3477 | ✅ 秒杀成功 | 耗时: 3373.85ms
2025/12/13 20:20:53.895629 [20:20:47.024] 用户4867 | ✅ 秒杀成功 | 耗时: 3386.19ms
2025/12/13 20:20:53.895631 [20:20:47.024] 用户4061 | ✅ 秒杀成功 | 耗时: 3373.85ms
2025/12/13 20:20:53.895632 [20:20:47.024] 用户3780 | ✅ 秒杀成功 | 耗时: 3373.97ms
2025/12/13 20:20:53.895634 [20:20:47.025] 用户8657 | ✅ 秒杀成功 | 耗时: 3311.16ms
2025/12/13 20:20:53.895636 [20:20:47.025] 用户3482 | ✅ 秒杀成功 | 耗时: 3374.87ms
2025/12/13 20:20:53.895637 [20:20:47.025] 用户9197 | ✅ 秒杀成功 | 耗时: 3311.71ms
2025/12/13 20:20:53.895639 [20:20:47.025] 用户2414 | ✅ 秒杀成功 | 耗时: 3331.63ms
2025/12/13 20:20:53.895640 [20:20:47.025] 用户9901 | ✅ 秒杀成功 | 耗时: 3338.09ms
2025/12/13 20:20:53.895641 [20:20:47.025] 用户8482 | ✅ 秒杀成功 | 耗时: 3307.29ms
2025/12/13 20:20:53.895643 [20:20:47.026] 用户4060 | ✅ 秒杀成功 | 耗时: 3375.38ms
2025/12/13 20:20:53.895644 [20:20:47.026] 用户7508 | ✅ 秒杀成功 | 耗时: 3307.99ms
2025/12/13 20:20:53.895646 [20:20:47.026] 用户3475 | ✅ 秒杀成功 | 耗时: 3376.20ms
2025/12/13 20:20:53.895647 [20:20:47.028] 用户8882 | ✅ 秒杀成功 | 耗时: 3308.73ms
2025/12/13 20:20:53.895648 [20:20:47.028] 用户10521 | ✅ 秒杀成功 | 耗时: 3341.49ms
2025/12/13 20:20:53.895650 [20:20:47.029] 用户4081 | ✅ 秒杀成功 | 耗时: 3379.62ms
2025/12/13 20:20:53.895651 [20:20:47.029] 用户4311 | ✅ 秒杀成功 | 耗时: 3378.88ms
2025/12/13 20:20:53.895652 [20:20:47.029] 用户2492 | ✅ 秒杀成功 | 耗时: 3346.83ms
2025/12/13 20:20:53.895654 [20:20:47.029] 用户3476 | ✅ 秒杀成功 | 耗时: 3377.90ms
2025/12/13 20:20:53.895656 [20:20:47.029] 用户3773 | ✅ 秒杀成功 | 耗时: 3377.12ms
2025/12/13 20:20:53.895657 [20:20:47.029] 用户179 | ✅ 秒杀成功 | 耗时: 3337.72ms
2025/12/13 20:20:53.895659 [20:20:47.029] 用户4572 | ✅ 秒杀成功 | 耗时: 3383.91ms
2025/12/13 20:20:53.895661 [20:20:47.029] 用户3779 | ✅ 秒杀成功 | 耗时: 3378.23ms
2025/12/13 20:20:53.895662 [20:20:47.029] 用户154 | ✅ 秒杀成功 | 耗时: 3309.48ms
2025/12/13 20:20:53.895664 [20:20:47.029] 用户3954 | ✅ 秒杀成功 | 耗时: 3334.59ms
2025/12/13 20:20:53.895666 [20:20:47.029] 用户3706 | ✅ 秒杀成功 | 耗时: 3378.96ms
2025/12/13 20:20:53.895667 [20:20:47.029] 用户3788 | ✅ 秒杀成功 | 耗时: 3379.06ms
2025/12/13 20:20:53.895669 [20:20:47.029] 用户4745 | ✅ 秒杀成功 | 耗时: 3388.40ms
2025/12/13 20:20:53.895671 [20:20:47.029] 用户3487 | ✅ 秒杀成功 | 耗时: 3379.08ms
2025/12/13 20:20:53.895673 [20:20:47.029] 用户3689 | ✅ 秒杀成功 | 耗时: 3379.27ms
2025/12/13 20:20:53.895674 [20:20:47.029] 用户18 | ✅ 秒杀成功 | 耗时: 3341.93ms
2025/12/13 20:20:53.895676 [20:20:47.029] 用户3787 | ✅ 秒杀成功 | 耗时: 3379.37ms
2025/12/13 20:20:53.895678 [20:20:47.029] 用户10227 | ✅ 秒杀成功 | 耗时: 3341.86ms
2025/12/13 20:20:53.895680 [20:20:47.030] 用户1085 | ✅ 秒杀成功 | 耗时: 3342.00ms
2025/12/13 20:20:53.895681 [20:20:47.030] 用户4450 | ✅ 秒杀成功 | 耗时: 3385.94ms
2025/12/13 20:20:53.895683 [20:20:47.030] 用户4842 | ✅ 秒杀成功 | 耗时: 3391.74ms
2025/12/13 20:20:53.895684 [20:20:47.031] 用户4067 | ✅ 秒杀成功 | 耗时: 3380.41ms
2025/12/13 20:20:53.895686 [20:20:47.031] 用户4065 | ✅ 秒杀成功 | 耗时: 3380.39ms
2025/12/13 20:20:53.895687 [20:20:47.031] 用户8794 | ✅ 秒杀成功 | 耗时: 3317.28ms
2025/12/13 20:20:53.895689 [20:20:47.031] 用户3731 | ✅ 秒杀成功 | 耗时: 3381.13ms
2025/12/13 20:20:53.895690 [20:20:47.031] 用户3699 | ✅ 秒杀成功 | 耗时: 3380.48ms
2025/12/13 20:20:53.895692 [20:20:47.031] 用户3481 | ✅ 秒杀成功 | 耗时: 3380.54ms
2025/12/13 20:20:53.895693 [20:20:47.031] 用户3484 | ✅ 秒杀成功 | 耗时: 3380.81ms
2025/12/13 20:20:53.895695 [20:20:47.031] 用户4064 | ✅ 秒杀成功 | 耗时: 3380.56ms
2025/12/13 20:20:53.895697 [20:20:47.031] 用户8020 | ✅ 秒杀成功 | 耗时: 3313.14ms
2025/12/13 20:20:53.895698 [20:20:47.031] 用户2307 | ✅ 秒杀成功 | 耗时: 3310.91ms
2025/12/13 20:20:53.895700 [20:20:47.031] 用户3783 | ✅ 秒杀成功 | 耗时: 3380.73ms
2025/12/13 20:20:53.895702 [20:20:47.031] 用户3691 | ✅ 秒杀成功 | 耗时: 3382.01ms
2025/12/13 20:20:53.895703 [20:20:47.031] 用户2929 | ✅ 秒杀成功 | 耗时: 3368.13ms
2025/12/13 20:20:53.895705 [20:20:47.031] 用户3681 | ✅ 秒杀成功 | 耗时: 3380.70ms
2025/12/13 20:20:53.895707 [20:20:47.032] 用户8676 | ✅ 秒杀成功 | 耗时: 3323.43ms
2025/12/13 20:20:53.895708 [20:20:47.032] 用户3483 | ✅ 秒杀成功 | 耗时: 3381.90ms
2025/12/13 20:20:53.895710 [20:20:47.032] 用户3480 | ✅ 秒杀成功 | 耗时: 3381.89ms
2025/12/13 20:20:53.895712 [20:20:47.033] 用户3350 | ✅ 秒杀成功 | 耗时: 3381.15ms
2025/12/13 20:20:53.895713 [20:20:47.033] 用户8390 | ✅ 秒杀成功 | 耗时: 3314.92ms
2025/12/13 20:20:53.895715 [20:20:47.033] 用户4053 | ✅ 秒杀成功 | 耗时: 3381.83ms
2025/12/13 20:20:53.895717 [20:20:47.033] 用户4943 | ✅ 秒杀成功 | 耗时: 3388.26ms
2025/12/13 20:20:53.895718 [20:20:47.033] 用户3472 | ✅ 秒杀成功 | 耗时: 3382.50ms
2025/12/13 20:20:53.895720 [20:20:47.033] 用户5385 | ✅ 秒杀成功 | 耗时: 3393.20ms
2025/12/13 20:20:53.895722 [20:20:47.034] 用户8490 | ✅ 秒杀成功 | 耗时: 3316.39ms
2025/12/13 20:20:53.895723 [20:20:47.034] 用户4066 | ✅ 秒杀成功 | 耗时: 3383.90ms
2025/12/13 20:20:53.895725 [20:20:47.034] 用户1091 | ✅ 秒杀成功 | 耗时: 3347.32ms
2025/12/13 20:20:53.895727 [20:20:47.034] 用户3224 | ✅ 秒杀成功 | 耗时: 3382.41ms
2025/12/13 20:20:53.895728 [20:20:47.035] 用户3676 | ✅ 秒杀成功 | 耗时: 3383.36ms
2025/12/13 20:20:53.895730 [20:20:47.035] 用户8889 | ✅ 秒杀成功 | 耗时: 3320.15ms
2025/12/13 20:20:53.895732 [20:20:47.035] 用户4051 | ✅ 秒杀成功 | 耗时: 3383.43ms
2025/12/13 20:20:53.895733 [20:20:47.035] 用户3747 | ✅ 秒杀成功 | 耗时: 3383.72ms
2025/12/13 20:20:53.895735 [20:20:47.035] 用户2791 | ✅ 秒杀成功 | 耗时: 3314.74ms
2025/12/13 20:20:53.895737 [20:20:47.035] 用户3679 | ✅ 秒杀成功 | 耗时: 3383.67ms
2025/12/13 20:20:53.895738 [20:20:47.035] 用户3352 | ✅ 秒杀成功 | 耗时: 3383.40ms
2025/12/13 20:20:53.895740 [20:20:47.035] 用户4411 | ✅ 秒杀成功 | 耗时: 3383.68ms
2025/12/13 20:20:53.895742 [20:20:47.035] 用户3351 | ✅ 秒杀成功 | 耗时: 3383.78ms
2025/12/13 20:20:53.895744 [20:20:47.035] 用户5852 | ✅ 秒杀成功 | 耗时: 3395.65ms
2025/12/13 20:20:53.895745 [20:20:47.036] 用户3220 | ✅ 秒杀成功 | 耗时: 3383.52ms
2025/12/13 20:20:53.895747 [20:20:47.036] 用户3677 | ✅ 秒杀成功 | 耗时: 3383.56ms
2025/12/13 20:20:53.895749 [20:20:47.036] 用户10456 | ✅ 秒杀成功 | 耗时: 3360.29ms
2025/12/13 20:20:53.895750 [20:20:47.036] 用户4123 | ✅ 秒杀成功 | 耗时: 3393.95ms
2025/12/13 20:20:53.895752 [20:20:47.036] 用户5386 | ✅ 秒杀成功 | 耗时: 3396.12ms
2025/12/13 20:20:53.895754 [20:20:47.036] 用户187 | ✅ 秒杀成功 | 耗时: 3348.83ms
2025/12/13 20:20:53.895755 [20:20:47.036] 用户4310 | ✅ 秒杀成功 | 耗时: 3386.09ms
2025/12/13 20:20:53.895757 [20:20:47.036] 用户4854 | ✅ 秒杀成功 | 耗时: 3396.84ms
2025/12/13 20:20:53.895759 [20:20:47.036] 用户9134 | ✅ 秒杀成功 | 耗时: 3332.17ms
2025/12/13 20:20:53.895760 [20:20:47.036] 用户3486 | ✅ 秒杀成功 | 耗时: 3386.19ms
2025/12/13 20:20:53.895762 [20:20:47.036] 用户3226 | ✅ 秒杀成功 | 耗时: 3383.99ms
2025/12/13 20:20:53.895764 [20:20:47.036] 用户3797 | ✅ 秒杀成功 | 耗时: 3386.78ms
2025/12/13 20:20:53.895765 [20:20:47.036] 用户10319 | ✅ 秒杀成功 | 耗时: 3361.15ms
2025/12/13 20:20:53.895767 [20:20:47.036] 用户2399 | ✅ 秒杀成功 | 耗时: 3316.00ms
2025/12/13 20:20:53.895769 [20:20:47.036] 用户3781 | ✅ 秒杀成功 | 耗时: 3385.72ms
2025/12/13 20:20:53.895770 [20:20:47.036] 用户3218 | ✅ 秒杀成功 | 耗时: 3384.01ms
2025/12/13 20:20:53.895772 [20:20:47.036] 用户3674 | ✅ 秒杀成功 | 耗时: 3384.14ms
2025/12/13 20:20:53.895774 [20:20:47.036] 用户3228 | ✅ 秒杀成功 | 耗时: 3384.30ms
2025/12/13 20:20:53.895775 [20:20:47.036] 用户3225 | ✅ 秒杀成功 | 耗时: 3384.22ms
2025/12/13 20:20:53.895777 [20:20:47.036] 用户3784 | ✅ 秒杀成功 | 耗时: 3386.42ms
2025/12/13 20:20:53.895779 [20:20:47.036] 用户1782 | ✅ 秒杀成功 | 耗时: 3384.38ms
2025/12/13 20:20:53.895780 [20:20:47.036] 用户3217 | ✅ 秒杀成功 | 耗时: 3384.18ms
2025/12/13 20:20:53.895782 [20:20:47.036] 用户3339 | ✅ 秒杀成功 | 耗时: 3384.53ms
2025/12/13 20:20:53.895784 [20:20:47.036] 用户4684 | ✅ 秒杀成功 | 耗时: 3391.67ms
2025/12/13 20:20:53.895785 [20:20:47.037] 用户4068 | ✅ 秒杀成功 | 耗时: 3387.11ms
2025/12/13 20:20:53.895787 [20:20:47.037] 用户3478 | ✅ 秒杀成功 | 耗时: 3386.65ms
2025/12/13 20:20:53.895789 [20:20:47.037] 用户8356 | ✅ 秒杀成功 | 耗时: 3318.91ms
2025/12/13 20:20:53.895790 [20:20:47.037] 用户4313 | ✅ 秒杀成功 | 耗时: 3388.65ms
2025/12/13 20:20:53.895792 [20:20:47.037] 用户3688 | ✅ 秒杀成功 | 耗时: 3387.56ms
2025/12/13 20:20:53.895793 [20:20:47.037] 用户2932 | ✅ 秒杀成功 | 耗时: 3374.31ms
2025/12/13 20:20:53.895795 [20:20:47.037] 用户3498 | ✅ 秒杀成功 | 耗时: 3387.53ms
2025/12/13 20:20:53.895796 [20:20:47.037] 用户3701 | ✅ 秒杀成功 | 耗时: 3386.90ms
2025/12/13 20:20:53.895797 [20:20:47.037] 用户8600 | ✅ 秒杀成功 | 耗时: 3322.43ms
2025/12/13 20:20:53.895799 [20:20:47.037] 用户3479 | ✅ 秒杀成功 | 耗时: 3386.93ms
2025/12/13 20:20:53.895800 [20:20:47.037] 用户3673 | ✅ 秒杀成功 | 耗时: 3386.88ms
2025/12/13 20:20:53.895801 [20:20:47.037] 用户3794 | ✅ 秒杀成功 | 耗时: 3387.62ms
2025/12/13 20:20:53.895803 [20:20:47.037] 用户3750 | ✅ 秒杀成功 | 耗时: 3387.51ms
2025/12/13 20:20:53.895804 [20:20:47.037] 用户4358 | ✅ 秒杀成功 | 耗时: 3393.45ms
2025/12/13 20:20:53.895806 [20:20:47.037] 用户3671 | ✅ 秒杀成功 | 耗时: 3385.04ms
2025/12/13 20:20:53.895808 [20:20:47.037] 用户10301 | ✅ 秒杀成功 | 耗时: 3350.36ms
2025/12/13 20:20:53.895809 [20:20:47.037] 用户2345 | ✅ 秒杀成功 | 耗时: 3353.29ms
2025/12/13 20:20:53.895811 [20:20:47.037] 用户851 | ✅ 秒杀成功 | 耗时: 3355.75ms
2025/12/13 20:20:53.895813 [20:20:47.038] 用户3992 | ✅ 秒杀成功 | 耗时: 3270.88ms
2025/12/13 20:20:53.895814 [20:20:47.038] 用户3708 | ✅ 秒杀成功 | 耗时: 3388.50ms
2025/12/13 20:20:53.895816 [20:20:47.038] 用户3353 | ✅ 秒杀成功 | 耗时: 3386.30ms
2025/12/13 20:20:53.895818 [20:20:47.038] 用户3798 | ✅ 秒杀成功 | 耗时: 3388.53ms
2025/12/13 20:20:53.895820 [20:20:47.038] 用户3214 | ✅ 秒杀成功 | 耗时: 3385.37ms
2025/12/13 20:20:53.895821 [20:20:47.038] 用户5094 | ✅ 秒杀成功 | 耗时: 3396.76ms
2025/12/13 20:20:53.895823 [20:20:47.038] 用户3717 | ✅ 秒杀成功 | 耗时: 3388.49ms
2025/12/13 20:20:53.895825 [20:20:47.038] 用户8264 | ✅ 秒杀成功 | 耗时: 3320.77ms
2025/12/13 20:20:53.895826 [20:20:47.038] 用户3672 | ✅ 秒杀成功 | 耗时: 3385.59ms
2025/12/13 20:20:53.895828 [20:20:47.038] 用户9994 | ✅ 秒杀成功 | 耗时: 3319.96ms
2025/12/13 20:20:53.895830 [20:20:47.038] 用户3331 | ✅ 秒杀成功 | 耗时: 3385.82ms
2025/12/13 20:20:53.895831 [20:20:47.038] 用户3216 | ✅ 秒杀成功 | 耗时: 3385.85ms
2025/12/13 20:20:53.895833 [20:20:47.038] 用户4041 | ✅ 秒杀成功 | 耗时: 3385.80ms
2025/12/13 20:20:53.895835 [20:20:47.038] 用户4054 | ✅ 秒杀成功 | 耗时: 3387.21ms
2025/12/13 20:20:53.895836 [20:20:47.038] 用户3215 | ✅ 秒杀成功 | 耗时: 3385.84ms
2025/12/13 20:20:53.895838 [20:20:47.038] 用户3749 | ✅ 秒杀成功 | 耗时: 3387.27ms
2025/12/13 20:20:53.895840 [20:20:47.038] 用户8624 | ✅ 秒杀成功 | 耗时: 3325.07ms
2025/12/13 20:20:53.895841 [20:20:47.038] 用户1526 | ✅ 秒杀成功 | 耗时: 3362.35ms
2025/12/13 20:20:53.895843 [20:20:47.038] 用户3684 | ✅ 秒杀成功 | 耗时: 3388.61ms
2025/12/13 20:20:53.895845 [20:20:47.038] 用户8789 | ✅ 秒杀成功 | 耗时: 3324.81ms
2025/12/13 20:20:53.895846 [20:20:47.038] 用户3641 | ✅ 秒杀成功 | 耗时: 3388.94ms
2025/12/13 20:20:53.895848 [20:20:47.038] 用户8412 | ✅ 秒杀成功 | 耗时: 3320.61ms
2025/12/13 20:20:53.895850 [20:20:47.038] 用户8461 | ✅ 秒杀成功 | 耗时: 3320.61ms
2025/12/13 20:20:53.895851 [20:20:47.038] 用户3796 | ✅ 秒杀成功 | 耗时: 3389.04ms
2025/12/13 20:20:53.895853 [20:20:47.038] 用户3330 | ✅ 秒杀成功 | 耗时: 3386.18ms
2025/12/13 20:20:53.895855 [20:20:47.038] 用户3686 | ✅ 秒杀成功 | 耗时: 3388.85ms
2025/12/13 20:20:53.895856 [20:20:47.038] 用户3692 | ✅ 秒杀成功 | 耗时: 3389.29ms
2025/12/13 20:20:53.895858 [20:20:47.038] 用户3221 | ✅ 秒杀成功 | 耗时: 3386.26ms
2025/12/13 20:20:53.895860 [20:20:47.038] 用户3329 | ✅ 秒杀成功 | 耗时: 3386.22ms
2025/12/13 20:20:53.895861 [20:20:47.038] 用户3332 | ✅ 秒杀成功 | 耗时: 3386.33ms
2025/12/13 20:20:53.895863 [20:20:47.038] 用户2290 | ✅ 秒杀成功 | 耗时: 3301.96ms
2025/12/13 20:20:53.895864 [20:20:47.038] 用户5383 | ✅ 秒杀成功 | 耗时: 3398.67ms
2025/12/13 20:20:53.895865 [20:20:47.038] 用户3685 | ✅ 秒杀成功 | 耗时: 3388.89ms
2025/12/13 20:20:53.895867 [20:20:47.038] 用户3792 | ✅ 秒杀成功 | 耗时: 3389.04ms
2025/12/13 20:20:53.895875 [20:20:47.038] 用户3966 | ✅ 秒杀成功 | 耗时: 3271.90ms
2025/12/13 20:20:53.895877 [20:20:47.039] 用户3232 | ✅ 秒杀成功 | 耗时: 3387.61ms
2025/12/13 20:20:53.895878 [20:20:47.039] 用户2303 | ✅ 秒杀成功 | 耗时: 3318.60ms
2025/12/13 20:20:53.895880 [20:20:47.039] 用户4042 | ✅ 秒杀成功 | 耗时: 3386.51ms
2025/12/13 20:20:53.895881 [20:20:47.039] 用户3219 | ✅ 秒杀成功 | 耗时: 3386.47ms
2025/12/13 20:20:53.895882 [20:20:47.039] 用户3207 | ✅ 秒杀成功 | 耗时: 3386.06ms
2025/12/13 20:20:53.895884 [20:20:47.039] 用户3436 | ✅ 秒杀成功 | 耗时: 3382.58ms
2025/12/13 20:20:53.895886 [20:20:47.039] 用户3222 | ✅ 秒杀成功 | 耗时: 3386.59ms
2025/12/13 20:20:53.895887 [20:20:47.039] 用户2640 | ✅ 秒杀成功 | 耗时: 3318.86ms
2025/12/13 20:20:53.895889 [20:20:47.039] 用户3333 | ✅ 秒杀成功 | 耗时: 3386.64ms
2025/12/13 20:20:53.895891 [20:20:47.039] 用户3793 | ✅ 秒杀成功 | 耗时: 3389.34ms
2025/12/13 20:20:53.895892 [20:20:47.039] 用户5374 | ✅ 秒杀成功 | 耗时: 3398.99ms
2025/12/13 20:20:53.895894 [20:20:47.039] 用户3898 | ✅ 秒杀成功 | 耗时: 3394.41ms
2025/12/13 20:20:53.895895 [20:20:47.039] 用户950 | ✅ 秒杀成功 | 耗时: 3352.25ms
2025/12/13 20:20:53.895897 [20:20:47.040] 用户10342 | ✅ 秒杀成功 | 耗时: 3352.94ms
2025/12/13 20:20:53.895898 [20:20:47.040] 用户3778 | ✅ 秒杀成功 | 耗时: 3389.23ms
2025/12/13 20:20:53.895900 [20:20:47.040] 用户3470 | ✅ 秒杀成功 | 耗时: 3389.19ms
2025/12/13 20:20:53.895901 [20:20:47.040] 用户3713 | ✅ 秒杀成功 | 耗时: 3390.90ms
2025/12/13 20:20:53.895902 [20:20:47.040] 用户3703 | ✅ 秒杀成功 | 耗时: 3389.65ms
2025/12/13 20:20:53.895904 [20:20:47.040] 用户2306 | ✅ 秒杀成功 | 耗时: 3320.23ms
2025/12/13 20:20:53.895905 [20:20:47.040] 用户2083 | ✅ 秒杀成功 | 耗时: 3210.73ms
2025/12/13 20:20:53.895906 [20:20:47.040] 用户3795 | ✅ 秒杀成功 | 耗时: 3390.87ms
2025/12/13 20:20:53.895908 [20:20:47.040] 用户4827 | ✅ 秒杀成功 | 耗时: 3398.84ms
2025/12/13 20:20:53.895909 [20:20:47.040] 用户50 | ✅ 秒杀成功 | 耗时: 3365.40ms
2025/12/13 20:20:53.895911 [20:20:47.040] 用户3474 | ✅ 秒杀成功 | 耗时: 3389.93ms
2025/12/13 20:20:53.895912 [20:20:47.040] 用户3471 | ✅ 秒杀成功 | 耗时: 3389.75ms
2025/12/13 20:20:53.895913 [20:20:47.040] 用户4063 | ✅ 秒杀成功 | 耗时: 3390.00ms
2025/12/13 20:20:53.895916 [20:20:47.040] 用户3698 | ✅ 秒杀成功 | 耗时: 3390.01ms
2025/12/13 20:20:53.895917 [20:20:47.040] 用户3782 | ✅ 秒杀成功 | 耗时: 3390.01ms
2025/12/13 20:20:53.895918 [20:20:47.040] 用户3833 | ✅ 秒杀成功 | 耗时: 3394.53ms
2025/12/13 20:20:53.895920 [20:20:47.040] 用户7870 | ✅ 秒杀成功 | 耗时: 3322.17ms
2025/12/13 20:20:53.895921 [20:20:47.040] 用户3473 | ✅ 秒杀成功 | 耗时: 3389.98ms
2025/12/13 20:20:53.895922 [20:20:47.040] 用户3697 | ✅ 秒杀成功 | 耗时: 3389.99ms
2025/12/13 20:20:53.895924 [20:20:47.040] 用户533 | ✅ 秒杀成功 | 耗时: 3356.85ms
2025/12/13 20:20:53.895925 [20:20:47.040] 用户2245 | ✅ 秒杀成功 | 耗时: 3346.32ms
2025/12/13 20:20:53.895927 [20:20:47.040] 用户8975 | ✅ 秒杀成功 | 耗时: 3336.62ms
2025/12/13 20:20:53.895928 [20:20:47.040] 用户10230 | ✅ 秒杀成功 | 耗时: 3320.94ms
2025/12/13 20:20:53.895929 [20:20:47.040] 用户3045 | ✅ 秒杀成功 | 耗时: 3273.70ms
2025/12/13 20:20:53.895931 [20:20:47.040] 用户2162 | ✅ 秒杀成功 | 耗时: 3210.94ms
2025/12/13 20:20:53.895932 [20:20:47.040] 用户8884 | ✅ 秒杀成功 | 耗时: 3325.91ms
2025/12/13 20:20:53.895933 [20:20:47.040] 用户4418 | ✅ 秒杀成功 | 耗时: 3391.84ms
2025/12/13 20:20:53.895935 [20:20:47.040] 用户3986 | ✅ 秒杀成功 | 耗时: 3275.18ms
2025/12/13 20:20:53.895936 [20:20:47.040] 用户3810 | ✅ 秒杀成功 | 耗时: 3390.93ms
2025/12/13 20:20:53.895938 [20:20:47.040] 用户4050 | ✅ 秒杀成功 | 耗时: 3389.12ms
2025/12/13 20:20:53.895939 [20:20:47.040] 用户2235 | ✅ 秒杀成功 | 耗时: 3346.73ms
2025/12/13 20:20:53.895940 [20:20:47.040] 用户4076 | ✅ 秒杀成功 | 耗时: 3391.40ms
2025/12/13 20:20:53.895942 [20:20:47.040] 用户1716 | ✅ 秒杀成功 | 耗时: 3348.07ms
2025/12/13 20:20:53.895943 [20:20:47.041] 用户3209 | ✅ 秒杀成功 | 耗时: 3388.13ms
2025/12/13 20:20:53.895944 [20:20:47.041] 用户3211 | ✅ 秒杀成功 | 耗时: 3388.23ms
2025/12/13 20:20:53.895946 [20:20:47.041] 用户863 | ✅ 秒杀成功 | 耗时: 3360.64ms
2025/12/13 20:20:53.895947 [20:20:47.041] 用户3667 | ✅ 秒杀成功 | 耗时: 3389.78ms
2025/12/13 20:20:53.895948 [20:20:47.041] 用户3210 | ✅ 秒杀成功 | 耗时: 3388.28ms
2025/12/13 20:20:53.895950 [20:20:47.041] 用户10048 | ✅ 秒杀成功 | 耗时: 3337.77ms
2025/12/13 20:20:53.895951 [20:20:47.041] 用户3229 | ✅ 秒杀成功 | 耗时: 3388.81ms
2025/12/13 20:20:53.895952 [20:20:47.041] 用户4417 | ✅ 秒杀成功 | 耗时: 3389.26ms
2025/12/13 20:20:53.895954 [20:20:47.041] 用户9169 | ✅ 秒杀成功 | 耗时: 3336.96ms
2025/12/13 20:20:53.895955 [20:20:47.041] 用户5077 | ✅ 秒杀成功 | 耗时: 3399.45ms
2025/12/13 20:20:53.895956 [20:20:47.041] 用户2393 | ✅ 秒杀成功 | 耗时: 3361.18ms
2025/12/13 20:20:53.895958 [20:20:47.041] 用户4424 | ✅ 秒杀成功 | 耗时: 3392.58ms
2025/12/13 20:20:53.895959 [20:20:47.041] 用户2047 | ✅ 秒杀成功 | 耗时: 3366.28ms
2025/12/13 20:20:53.895960 [20:20:47.041] 用户2928 | ✅ 秒杀成功 | 耗时: 3377.77ms
2025/12/13 20:20:53.895962 [20:20:47.041] 用户2662 | ✅ 秒杀成功 | 耗时: 3368.77ms
2025/12/13 20:20:53.895963 [20:20:47.041] 用户8678 | ✅ 秒杀成功 | 耗时: 3332.63ms
2025/12/13 20:20:53.895965 [20:20:47.041] 用户3704 | ✅ 秒杀成功 | 耗时: 3390.95ms
2025/12/13 20:20:53.895966 [20:20:47.041] 用户3786 | ✅ 秒杀成功 | 耗时: 3391.07ms
2025/12/13 20:20:53.895967 [20:20:47.041] 用户3336 | ✅ 秒杀成功 | 耗时: 3388.96ms
2025/12/13 20:20:53.895969 [20:20:47.041] 用户3345 | ✅ 秒杀成功 | 耗时: 3389.10ms
2025/12/13 20:20:53.895970 [20:20:47.041] 用户4045 | ✅ 秒杀成功 | 耗时: 3389.08ms
2025/12/13 20:20:53.895971 [20:20:47.041] 用户3337 | ✅ 秒杀成功 | 耗时: 3389.05ms
2025/12/13 20:20:53.895973 [20:20:47.041] 用户3748 | ✅ 秒杀成功 | 耗时: 3389.83ms
2025/12/13 20:20:53.895974 [20:20:47.041] 用户8741 | ✅ 秒杀成功 | 耗时: 3327.43ms
2025/12/13 20:20:53.895976 [20:20:47.041] 用户8471 | ✅ 秒杀成功 | 耗时: 3323.50ms
2025/12/13 20:20:53.895977 [20:20:47.046] 用户3687 | ✅ 秒杀成功 | 耗时: 3396.68ms
2025/12/13 20:20:53.895978 [20:20:47.046] 用户4073 | ✅ 秒杀成功 | 耗时: 3396.95ms
2025/12/13 20:20:53.895980 [20:20:47.046] 用户3790 | ✅ 秒杀成功 | 耗时: 3396.56ms
2025/12/13 20:20:53.895981 [20:20:47.046] 用户4071 | ✅ 秒杀成功 | 耗时: 3396.85ms
2025/12/13 20:20:53.895982 [20:20:47.046] 用户4069 | ✅ 秒杀成功 | 耗时: 3396.70ms
2025/12/13 20:20:53.895984 [20:20:47.046] 用户330 | ✅ 秒杀成功 | 耗时: 3359.44ms
2025/12/13 20:20:53.895985 [20:20:47.046] 用户5891 | ✅ 秒杀成功 | 耗时: 3406.50ms
2025/12/13 20:20:53.895987 [20:20:47.046] 用户3700 | ✅ 秒杀成功 | 耗时: 3396.23ms
2025/12/13 20:20:53.895988 [20:20:47.046] 用户4084 | ✅ 秒杀成功 | 耗时: 3397.27ms
2025/12/13 20:20:53.895989 [20:20:47.046] 用户4062 | ✅ 秒杀成功 | 耗时: 3396.21ms
2025/12/13 20:20:53.895991 [20:20:47.047] 用户3328 | ✅ 秒杀成功 | 耗时: 3394.27ms
2025/12/13 20:20:53.895992 [20:20:47.047] 用户4070 | ✅ 秒杀成功 | 耗时: 3397.61ms
2025/12/13 20:20:53.895993 [20:20:47.047] 用户8744 | ✅ 秒杀成功 | 耗时: 3333.46ms
2025/12/13 20:20:53.895995 [20:20:47.047] 用户3100 | ✅ 秒杀成功 | 耗时: 3395.30ms
2025/12/13 20:20:53.895996 [20:20:47.047] 用户2805 | ✅ 秒杀成功 | 耗时: 3327.22ms
2025/12/13 20:20:53.895997 [20:20:47.047] 用户7256 | ✅ 秒杀成功 | 耗时: 3327.50ms
2025/12/13 20:20:53.895999 [20:20:47.047] 用户3690 | ✅ 秒杀成功 | 耗时: 3398.16ms
2025/12/13 20:20:53.896000 [20:20:47.047] 用户3115 | ✅ 秒杀成功 | 耗时: 3395.01ms
2025/12/13 20:20:53.896001 [20:20:47.047] 用户8772 | ✅ 秒杀成功 | 耗时: 3334.05ms
2025/12/13 20:20:53.896003 [20:20:47.048] 用户3344 | ✅ 秒杀成功 | 耗时: 3395.84ms
2025/12/13 20:20:53.896004 [20:20:47.048] 用户3789 | ✅ 秒杀成功 | 耗时: 3397.90ms
2025/12/13 20:20:53.896005 [20:20:47.048] 用户4758 | ✅ 秒杀成功 | 耗时: 3407.71ms
2025/12/13 20:20:53.896007 [20:20:47.048] 用户10062 | ✅ 秒杀成功 | 耗时: 3360.07ms
2025/12/13 20:20:53.896008 [20:20:47.048] 用户414 | ✅ 秒杀成功 | 耗时: 3360.06ms
2025/12/13 20:20:53.896009 [20:20:47.048] 用户2656 | ✅ 秒杀成功 | 耗时: 3375.65ms
2025/12/13 20:20:53.896011 [20:20:47.048] 用户7536 | ✅ 秒杀成功 | 耗时: 3329.65ms
2025/12/13 20:20:53.896012 [20:20:47.048] 用户5013 | ✅ 秒杀成功 | 耗时: 3407.36ms
2025/12/13 20:20:53.896014 [20:20:47.048] 用户942 | ✅ 秒杀成功 | 耗时: 3360.93ms
2025/12/13 20:20:53.896015 [20:20:47.048] 用户3501 | ✅ 秒杀成功 | 耗时: 3369.11ms
2025/12/13 20:20:53.896016 [20:20:47.048] 用户8665 | ✅ 秒杀成功 | 耗时: 3340.22ms
2025/12/13 20:20:53.896018 [20:20:47.048] 用户247 | ✅ 秒杀成功 | 耗时: 3364.36ms
2025/12/13 20:20:53.896019 [20:20:47.049] 用户4032 | ✅ 秒杀成功 | 耗时: 3396.07ms
2025/12/13 20:20:53.896020 [20:20:47.049] 用户3682 | ✅ 秒杀成功 | 耗时: 3396.94ms
2025/12/13 20:20:53.896022 [20:20:47.049] 用户3432 | ✅ 秒杀成功 | 耗时: 3390.72ms
2025/12/13 20:20:53.896023 [20:20:47.049] 用户5389 | ✅ 秒杀成功 | 耗时: 3409.65ms
2025/12/13 20:20:53.896024 [20:20:47.049] 用户3340 | ✅ 秒杀成功 | 耗时: 3397.67ms
2025/12/13 20:20:53.896026 [20:20:47.050] 用户3204 | ✅ 秒杀成功 | 耗时: 3393.08ms
2025/12/13 20:20:53.896027 [20:20:47.050] 用户3457 | ✅ 秒杀成功 | 耗时: 3396.39ms
2025/12/13 20:20:53.896029 [20:20:47.050] 用户3212 | ✅ 秒杀成功 | 耗时: 3397.83ms
2025/12/13 20:20:53.896030 [20:20:47.050] 用户4763 | ✅ 秒杀成功 | 耗时: 3410.46ms
2025/12/13 20:20:53.896031 [20:20:47.050] 用户3657 | ✅ 秒杀成功 | 耗时: 3394.64ms
2025/12/13 20:20:53.896033 [20:20:47.050] 用户3459 | ✅ 秒杀成功 | 耗时: 3397.09ms
2025/12/13 20:20:53.896034 [20:20:47.050] 用户2964 | ✅ 秒杀成功 | 耗时: 3393.41ms
2025/12/13 20:20:53.896035 [20:20:47.050] 用户3314 | ✅ 秒杀成功 | 耗时: 3397.81ms
2025/12/13 20:20:53.896037 [20:20:47.051] 用户1447 | ✅ 秒杀成功 | 耗时: 3357.04ms
2025/12/13 20:20:53.896038 [20:20:47.051] 用户3770 | ✅ 秒杀成功 | 耗时: 3398.93ms
2025/12/13 20:20:53.896039 [20:20:47.051] 用户2975 | ✅ 秒杀成功 | 耗时: 3395.91ms
2025/12/13 20:20:53.896041 [20:20:47.051] 用户3233 | ✅ 秒杀成功 | 耗时: 3399.00ms
2025/12/13 20:20:53.896042 [20:20:47.051] 用户3327 | ✅ 秒杀成功 | 耗时: 3398.57ms
2025/12/13 20:20:53.896043 [20:20:47.051] 用户3658 | ✅ 秒杀成功 | 耗时: 3395.64ms
2025/12/13 20:20:53.896045 [20:20:47.051] 用户9290 | ✅ 秒杀成功 | 耗时: 3297.27ms
2025/12/13 20:20:53.896046 [20:20:47.051] 用户9059 | ✅ 秒杀成功 | 耗时: 3347.49ms
2025/12/13 20:20:53.896047 [20:20:47.051] 用户3443 | ✅ 秒杀成功 | 耗时: 3395.54ms
2025/12/13 20:20:53.896049 [20:20:47.051] 用户4312 | ✅ 秒杀成功 | 耗时: 3401.82ms
2025/12/13 20:20:53.896050 [20:20:47.051] 用户3464 | ✅ 秒杀成功 | 耗时: 3398.88ms
2025/12/13 20:20:53.896052 [20:20:47.051] 用户4227 | ✅ 秒杀成功 | 耗时: 3411.51ms
2025/12/13 20:20:53.896053 [20:20:47.051] 用户3696 | ✅ 秒杀成功 | 耗时: 3401.09ms
2025/12/13 20:20:53.896054 [20:20:47.052] 用户3346 | ✅ 秒杀成功 | 耗时: 3399.91ms
2025/12/13 20:20:53.896056 [20:20:47.052] 用户3431 | ✅ 秒杀成功 | 耗时: 3395.35ms
2025/12/13 20:20:53.896057 [20:20:47.052] 用户5105 | ✅ 秒杀成功 | 耗时: 3411.48ms
2025/12/13 20:20:53.896058 [20:20:47.052] 用户7524 | ✅ 秒杀成功 | 耗时: 3333.37ms
2025/12/13 20:20:53.896060 [20:20:47.052] 用户7188 | ✅ 秒杀成功 | 耗时: 3241.01ms
2025/12/13 20:20:53.896061 [20:20:47.052] 用户3659 | ✅ 秒杀成功 | 耗时: 3396.47ms
2025/12/13 20:20:53.896062 [20:20:47.052] 用户2031 | ✅ 秒杀成功 | 耗时: 3373.21ms
2025/12/13 20:20:53.896064 [20:20:47.052] 用户3205 | ✅ 秒杀成功 | 耗时: 3394.89ms
2025/12/13 20:20:53.896065 [20:20:47.052] 用户3349 | ✅ 秒杀成功 | 耗时: 3400.17ms
2025/12/13 20:20:53.896067 [20:20:47.052] 用户2971 | ✅ 秒杀成功 | 耗时: 3396.41ms
2025/12/13 20:20:53.896068 [20:20:47.052] 用户3112 | ✅ 秒杀成功 | 耗时: 3399.48ms
2025/12/13 20:20:53.896069 [20:20:47.052] 用户3213 | ✅ 秒杀成功 | 耗时: 3399.67ms
2025/12/13 20:20:53.896071 [20:20:47.052] 用户3433 | ✅ 秒杀成功 | 耗时: 3395.87ms
2025/12/13 20:20:53.896079 [20:20:47.052] 用户3206 | ✅ 秒杀成功 | 耗时: 3395.42ms
2025/12/13 20:20:53.896080 [20:20:47.052] 用户10212 | ✅ 秒杀成功 | 耗时: 3344.99ms
2025/12/13 20:20:53.896082 [20:20:47.052] 用户3452 | ✅ 秒杀成功 | 耗时: 3397.93ms
2025/12/13 20:20:53.896083 [20:20:47.052] 用户3322 | ✅ 秒杀成功 | 耗时: 3398.40ms
2025/12/13 20:20:53.896085 [20:20:47.052] 用户3656 | ✅ 秒杀成功 | 耗时: 3396.64ms
2025/12/13 20:20:53.896086 [20:20:47.052] 用户3639 | ✅ 秒杀成功 | 耗时: 3394.93ms
2025/12/13 20:20:53.896087 [20:20:47.052] 用户3231 | ✅ 秒杀成功 | 耗时: 3400.51ms
2025/12/13 20:20:53.896089 [20:20:47.052] 用户3444 | ✅ 秒杀成功 | 耗时: 3396.95ms
2025/12/13 20:20:53.896090 [20:20:47.052] 用户3230 | ✅ 秒杀成功 | 耗时: 3400.60ms
2025/12/13 20:20:53.896091 [20:20:47.052] 用户3342 | ✅ 秒杀成功 | 耗时: 3400.65ms
2025/12/13 20:20:53.896093 [20:20:47.052] 用户2972 | ✅ 秒杀成功 | 耗时: 3396.94ms
2025/12/13 20:20:53.896094 [20:20:47.053] 用户3655 | ✅ 秒杀成功 | 耗时: 3396.78ms
2025/12/13 20:20:53.896096 [20:20:47.053] 用户3338 | ✅ 秒杀成功 | 耗时: 3400.69ms
2025/12/13 20:20:53.896097 [20:20:47.053] 用户2953 | ✅ 秒杀成功 | 耗时: 3393.10ms
2025/12/13 20:20:53.896098 [20:20:47.053] 用户2778 | ✅ 秒杀成功 | 耗时: 3360.20ms
2025/12/13 20:20:53.896100 [20:20:47.053] 用户3450 | ✅ 秒杀成功 | 耗时: 3398.36ms
2025/12/13 20:20:53.896101 [20:20:47.053] 用户7291 | ✅ 秒杀成功 | 耗时: 3334.73ms
2025/12/13 20:20:53.896102 [20:20:47.053] 用户3455 | ✅ 秒杀成功 | 耗时: 3398.82ms
2025/12/13 20:20:53.896104 [20:20:47.053] 用户3469 | ✅ 秒杀成功 | 耗时: 3400.01ms
2025/12/13 20:20:53.896105 [20:20:47.053] 用户3666 | ✅ 秒杀成功 | 耗时: 3400.27ms
2025/12/13 20:20:53.896106 [20:20:47.053] 用户3768 | ✅ 秒杀成功 | 耗时: 3401.08ms
2025/12/13 20:20:53.896108 [20:20:47.053] 用户2848 | ✅ 秒杀成功 | 耗时: 3397.95ms
2025/12/13 20:20:53.896109 [20:20:47.053] 用户3446 | ✅ 秒杀成功 | 耗时: 3398.12ms
2025/12/13 20:20:53.896110 [20:20:47.053] 用户4036 | ✅ 秒杀成功 | 耗时: 3400.83ms
2025/12/13 20:20:53.896112 [20:20:47.053] 用户3461 | ✅ 秒杀成功 | 耗时: 3399.04ms
2025/12/13 20:20:53.896113 [20:20:47.054] 用户2949 | ✅ 秒杀成功 | 耗时: 3394.02ms
2025/12/13 20:20:53.896114 [20:20:47.054] 用户3772 | ✅ 秒杀成功 | 耗时: 3402.09ms
2025/12/13 20:20:53.896116 [20:20:47.054] 用户3341 | ✅ 秒杀成功 | 耗时: 3402.15ms
2025/12/13 20:20:53.896117 [20:20:47.054] 用户3435 | ✅ 秒杀成功 | 耗时: 3397.88ms
2025/12/13 20:20:53.896119 [20:20:47.054] 用户4031 | ✅ 秒杀成功 | 耗时: 3400.80ms
2025/12/13 20:20:53.896120 [20:20:47.054] 用户7629 | ✅ 秒杀成功 | 耗时: 3335.76ms
2025/12/13 20:20:53.896121 [20:20:47.054] 用户882 | ✅ 秒杀成功 | 耗时: 3375.73ms
2025/12/13 20:20:53.896123 [20:20:47.054] 用户3434 | ✅ 秒杀成功 | 耗时: 3398.22ms
2025/12/13 20:20:53.896124 [20:20:47.054] 用户3424 | ✅ 秒杀成功 | 耗时: 3397.94ms
2025/12/13 20:20:53.896125 [20:20:47.054] 用户2976 | ✅ 秒杀成功 | 耗时: 3401.70ms
2025/12/13 20:20:53.896127 [20:20:47.055] 用户4026 | ✅ 秒杀成功 | 耗时: 3399.46ms
2025/12/13 20:20:53.896128 [20:20:47.055] 用户3664 | ✅ 秒杀成功 | 耗时: 3402.16ms
2025/12/13 20:20:53.896130 [20:20:47.055] 用户2010 | ✅ 秒杀成功 | 耗时: 3381.01ms
2025/12/13 20:20:53.896131 [20:20:47.055] 用户613 | ✅ 秒杀成功 | 耗时: 3376.40ms
2025/12/13 20:20:53.896132 [20:20:47.058] 用户2974 | ✅ 秒杀成功 | 耗时: 3403.43ms
2025/12/13 20:20:53.896134 [20:20:47.058] 用户3449 | ✅ 秒杀成功 | 耗时: 3403.83ms
2025/12/13 20:20:53.896135 [20:20:47.058] 用户3661 | ✅ 秒杀成功 | 耗时: 3403.43ms
2025/12/13 20:20:53.896136 [20:20:47.058] 用户2977 | ✅ 秒杀成功 | 耗时: 3405.80ms
2025/12/13 20:20:53.896138 [20:20:47.058] 用户2965 | ✅ 秒杀成功 | 耗时: 3401.88ms
2025/12/13 20:20:53.896139 [20:20:47.059] 用户3321 | ✅ 秒杀成功 | 耗时: 3401.87ms
2025/12/13 20:20:53.896140 [20:20:47.059] 用户3618 | ✅ 秒杀成功 | 耗时: 3401.99ms
2025/12/13 20:20:53.896142 [20:20:47.059] 用户4033 | ✅ 秒杀成功 | 耗时: 3405.67ms
2025/12/13 20:20:53.896143 [20:20:47.059] 用户3670 | ✅ 秒杀成功 | 耗时: 3403.64ms
2025/12/13 20:20:53.896145 [20:20:47.059] 用户3113 | ✅ 秒杀成功 | 耗时: 3407.01ms
2025/12/13 20:20:53.896146 [20:20:47.059] 用户3640 | ✅ 秒杀成功 | 耗时: 3406.27ms
2025/12/13 20:20:53.896147 [20:20:47.059] 用户3427 | ✅ 秒杀成功 | 耗时: 3402.58ms
2025/12/13 20:20:53.896149 [20:20:47.059] 用户3445 | ✅ 秒杀成功 | 耗时: 3403.55ms
2025/12/13 20:20:53.896150 [20:20:47.059] 用户3456 | ✅ 秒杀成功 | 耗时: 3405.35ms
2025/12/13 20:20:53.896151 [20:20:47.059] 用户3343 | ✅ 秒杀成功 | 耗时: 3407.28ms
2025/12/13 20:20:53.896153 [20:20:47.059] 用户3466 | ✅ 秒杀成功 | 耗时: 3407.49ms
2025/12/13 20:20:53.896154 [20:20:47.059] 用户3874 | ✅ 秒杀成功 | 耗时: 3406.55ms
2025/12/13 20:20:53.896155 [20:20:47.059] 用户3453 | ✅ 秒杀成功 | 耗时: 3404.83ms
2025/12/13 20:20:53.896157 [20:20:47.059] 用户3662 | ✅ 秒杀成功 | 耗时: 3404.23ms
2025/12/13 20:20:53.896158 [20:20:47.059] 用户3447 | ✅ 秒杀成功 | 耗时: 3404.36ms
2025/12/13 20:20:53.896160 [20:20:47.059] 用户4044 | ✅ 秒杀成功 | 耗时: 3407.15ms
2025/12/13 20:20:53.896161 [20:20:47.059] 用户3769 | ✅ 秒杀成功 | 耗时: 3407.33ms
2025/12/13 20:20:53.896162 [20:20:47.059] 用户3451 | ✅ 秒杀成功 | 耗时: 3404.48ms
2025/12/13 20:20:53.896164 [20:20:47.059] 用户4028 | ✅ 秒杀成功 | 耗时: 3404.34ms
2025/12/13 20:20:53.896165 [20:20:47.059] 用户4059 | ✅ 秒杀成功 | 耗时: 3406.64ms
2025/12/13 20:20:53.896167 [20:20:47.059] 用户773 | ✅ 秒杀成功 | 耗时: 3380.24ms
2025/12/13 20:20:53.896169 [20:20:47.059] 用户4030 | ✅ 秒杀成功 | 耗时: 3405.69ms
2025/12/13 20:20:53.896170 [20:20:47.059] 用户4027 | ✅ 秒杀成功 | 耗时: 3404.19ms
2025/12/13 20:20:53.896171 [20:20:47.059] 用户2851 | ✅ 秒杀成功 | 耗时: 3406.13ms
2025/12/13 20:20:53.896173 [20:20:47.059] 用户4037 | ✅ 秒杀成功 | 耗时: 3406.54ms
2025/12/13 20:20:53.896174 [20:20:47.059] 用户9778 | ✅ 秒杀成功 | 耗时: 3346.44ms
2025/12/13 20:20:53.896176 [20:20:47.059] 用户3660 | ✅ 秒杀成功 | 耗时: 3402.57ms
2025/12/13 20:20:53.896177 [20:20:47.059] 用户4029 | ✅ 秒杀成功 | 耗时: 3404.83ms
2025/12/13 20:20:53.896178 [20:20:47.059] 用户3199 | ✅ 秒杀成功 | 耗时: 3402.00ms
2025/12/13 20:20:53.896180 [20:20:47.062] 用户3454 | ✅ 秒杀成功 | 耗时: 3407.72ms
2025/12/13 20:20:53.896181 [20:20:47.062] 用户4034 | ✅ 秒杀成功 | 耗时: 3409.03ms
2025/12/13 20:20:53.896183 [20:20:47.062] 用户3460 | ✅ 秒杀成功 | 耗时: 3408.85ms
2025/12/13 20:20:53.896184 [20:20:47.062] 用户2981 | ✅ 秒杀成功 | 耗时: 3406.81ms
2025/12/13 20:20:53.896185 [20:20:47.062] 用户2433 | ✅ 秒杀成功 | 耗时: 3342.04ms
2025/12/13 20:20:53.896187 [20:20:47.063] 用户8985 | ✅ 秒杀成功 | 耗时: 3354.60ms
2025/12/13 20:20:53.896188 [20:20:47.063] 用户3186 | ✅ 秒杀成功 | 耗时: 3403.74ms
2025/12/13 20:20:53.896189 [20:20:47.063] 用户3995 | ✅ 秒杀成功 | 耗时: 3298.33ms
2025/12/13 20:20:53.896191 [20:20:47.063] 用户4155 | ✅ 秒杀成功 | 耗时: 3423.70ms
2025/12/13 20:20:53.896192 [20:20:47.064] 用户3430 | ✅ 秒杀成功 | 耗时: 3407.77ms
2025/12/13 20:20:53.896193 [20:20:47.064] 用户7875 | ✅ 秒杀成功 | 耗时: 3346.17ms
2025/12/13 20:20:53.896195 [20:20:47.065] 用户3462 | ✅ 秒杀成功 | 耗时: 3411.84ms
2025/12/13 20:20:53.896196 [20:20:47.065] 用户3777 | ✅ 秒杀成功 | 耗时: 3414.49ms
2025/12/13 20:20:53.896197 [20:20:47.065] 用户7518 | ✅ 秒杀成功 | 耗时: 3347.00ms
2025/12/13 20:20:53.896199 [20:20:47.065] 用户3095 | ✅ 秒杀成功 | 耗时: 3401.89ms
2025/12/13 20:20:53.896200 [20:20:47.065] 用户3325 | ✅ 秒杀成功 | 耗时: 3408.04ms
2025/12/13 20:20:53.896202 [20:20:47.065] 用户2531 | ✅ 秒杀成功 | 耗时: 3345.56ms
2025/12/13 20:20:53.896204 [20:20:47.066] 用户7523 | ✅ 秒杀成功 | 耗时: 3347.28ms
2025/12/13 20:20:53.896205 [20:20:47.066] 用户5894 | ✅ 秒杀成功 | 耗时: 3425.81ms
2025/12/13 20:20:53.896206 [20:20:47.066] 用户3785 | ✅ 秒杀成功 | 耗时: 3415.74ms
2025/12/13 20:20:53.896208 [20:20:47.066] 用户3426 | ✅ 秒杀成功 | 耗时: 3409.18ms
2025/12/13 20:20:53.896209 [20:20:47.066] 用户3766 | ✅ 秒杀成功 | 耗时: 3413.76ms
2025/12/13 20:20:53.896211 [20:20:47.066] 用户2165 | ✅ 秒杀成功 | 耗时: 3236.56ms
2025/12/13 20:20:53.896212 [20:20:47.066] 用户8589 | ✅ 秒杀成功 | 耗时: 3351.43ms
2025/12/13 20:20:53.896213 [20:20:47.066] 用户2849 | ✅ 秒杀成功 | 耗时: 3409.22ms
2025/12/13 20:20:53.896215 [20:20:47.066] 用户2299 | ✅ 秒杀成功 | 耗时: 3346.09ms
2025/12/13 20:20:53.896216 [20:20:47.066] 用户3978 | ✅ 秒杀成功 | 耗时: 3300.14ms
2025/12/13 20:20:53.896217 [20:20:47.066] 用户5384 | ✅ 秒杀成功 | 耗时: 3426.47ms
2025/12/13 20:20:53.896219 [20:20:47.066] 用户3651 | ✅ 秒杀成功 | 耗时: 3409.83ms
2025/12/13 20:20:53.896220 [20:20:47.067] 用户819 | ✅ 秒杀成功 | 耗时: 3383.03ms
2025/12/13 20:20:53.896221 [20:20:47.068] 用户3417 | ✅ 秒杀成功 | 耗时: 3408.83ms
2025/12/13 20:20:53.896223 [20:20:47.069] 用户3425 | ✅ 秒杀成功 | 耗时: 3412.24ms
2025/12/13 20:20:53.896224 [20:20:47.069] 用户2569 | ✅ 秒杀成功 | 耗时: 3349.41ms
2025/12/13 20:20:53.896226 [20:20:47.069] 用户2397 | ✅ 秒杀成功 | 耗时: 3349.51ms
2025/12/13 20:20:53.896227 [20:20:47.070] 用户2968 | ✅ 秒杀成功 | 耗时: 3414.56ms
2025/12/13 20:20:53.896232 [20:20:47.070] 用户4046 | ✅ 秒杀成功 | 耗时: 3418.73ms
2025/12/13 20:20:53.896234 [20:20:47.071] 用户3413 | ✅ 秒杀成功 | 耗时: 3411.72ms
2025/12/13 20:20:53.896235 [20:20:47.071] 用户4771 | ✅ 秒杀成功 | 耗时: 3431.41ms
2025/12/13 20:20:53.896236 [20:20:47.071] 用户7880 | ✅ 秒杀成功 | 耗时: 3353.01ms
2025/12/13 20:20:53.896238 [20:20:47.071] 用户8959 | ✅ 秒杀成功 | 耗时: 3384.44ms
2025/12/13 20:20:53.896239 [20:20:47.071] 用户3066 | ✅ 秒杀成功 | 耗时: 3399.53ms
2025/12/13 20:20:53.896241 [20:20:47.072] 用户2085 | ✅ 秒杀成功 | 耗时: 3242.22ms
2025/12/13 20:20:53.896242 [20:20:47.072] 用户7294 | ✅ 秒杀成功 | 耗时: 3353.71ms
2025/12/13 20:20:53.896244 [20:20:47.072] 用户3064 | ✅ 秒杀成功 | 耗时: 3399.77ms
2025/12/13 20:20:53.896245 [20:20:47.073] 用户8598 | ✅ 秒杀成功 | 耗时: 3378.79ms
2025/12/13 20:20:53.896246 [20:20:47.073] 用户3180 | ✅ 秒杀成功 | 耗时: 3413.05ms
2025/12/13 20:20:53.896248 [20:20:47.073] 用户5381 | ✅ 秒杀成功 | 耗时: 3432.79ms
2025/12/13 20:20:53.896249 [20:20:47.073] 用户7521 | ✅ 秒杀成功 | 耗时: 3354.37ms
2025/12/13 20:20:53.896250 [20:20:47.073] 用户2512 | ✅ 秒杀成功 | 耗时: 3305.95ms
2025/12/13 20:20:53.896252 [20:20:47.073] 用户2951 | ✅ 秒杀成功 | 耗时: 3413.20ms
2025/12/13 20:20:53.896253 [20:20:47.073] 用户2948 | ✅ 秒杀成功 | 耗时: 3413.11ms
2025/12/13 20:20:53.896254 [20:20:47.073] 用户9637 | ✅ 秒杀成功 | 耗时: 3390.16ms
2025/12/13 20:20:53.896256 [20:20:47.073] 用户5382 | ✅ 秒杀成功 | 耗时: 3432.92ms
2025/12/13 20:20:53.896258 [20:20:47.073] 用户3907 | ✅ 秒杀成功 | 耗时: 3352.99ms
2025/12/13 20:20:53.896259 [20:20:47.073] 用户3897 | ✅ 秒杀成功 | 耗时: 3427.95ms
2025/12/13 20:20:53.896261 [20:20:47.073] 用户4020 | ✅ 秒杀成功 | 耗时: 3430.31ms
2025/12/13 20:20:53.896263 [20:20:47.073] 用户2437 | ✅ 秒杀成功 | 耗时: 3352.80ms
2025/12/13 20:20:53.896264 [20:20:47.073] 用户2882 | ✅ 秒杀成功 | 耗时: 3353.39ms
2025/12/13 20:20:53.896266 [20:20:47.073] 用户3439 | ✅ 秒杀成功 | 耗时: 3416.86ms
2025/12/13 20:20:53.896268 [20:20:47.073] 用户4764 | ✅ 秒杀成功 | 耗时: 3433.24ms
2025/12/13 20:20:53.896269 [20:20:47.073] 用户1988 | ✅ 秒杀成功 | 耗时: 3379.69ms
2025/12/13 20:20:53.896271 [20:20:47.073] 用户3099 | ✅ 秒杀成功 | 耗时: 3414.80ms
2025/12/13 20:20:53.896273 [20:20:47.073] 用户3437 | ✅ 秒杀成功 | 耗时: 3417.05ms
2025/12/13 20:20:53.896274 [20:20:47.073] 用户3429 | ✅ 秒杀成功 | 耗时: 3416.94ms
2025/12/13 20:20:53.896276 [20:20:47.073] 用户3183 | ✅ 秒杀成功 | 耗时: 3413.93ms
2025/12/13 20:20:53.896277 [20:20:47.073] 用户3646 | ✅ 秒杀成功 | 耗时: 3413.97ms
2025/12/13 20:20:53.896278 [20:20:47.073] 用户799 | ✅ 秒杀成功 | 耗时: 3395.00ms
2025/12/13 20:20:53.896280 [20:20:47.073] 用户3645 | ✅ 秒杀成功 | 耗时: 3413.89ms
2025/12/13 20:20:53.896281 [20:20:47.073] 用户69 | ✅ 秒杀成功 | 耗时: 3386.51ms
2025/12/13 20:20:53.896283 [20:20:47.073] 用户3441 | ✅ 秒杀成功 | 耗时: 3417.21ms
2025/12/13 20:20:53.896284 [20:20:47.073] 用户2952 | ✅ 秒杀成功 | 耗时: 3413.99ms
2025/12/13 20:20:53.896285 [20:20:47.073] 用户8230 | ✅ 秒杀成功 | 耗时: 3356.51ms
2025/12/13 20:20:53.896287 [20:20:47.073] 用户2956 | ✅ 秒杀成功 | 耗时: 3414.06ms
2025/12/13 20:20:53.896288 [20:20:47.073] 用户3188 | ✅ 秒杀成功 | 耗时: 3414.35ms
2025/12/13 20:20:53.896289 [20:20:47.073] 用户4079 | ✅ 秒杀成功 | 耗时: 3424.51ms
2025/12/13 20:20:53.896291 [20:20:47.074] 用户412 | ✅ 秒杀成功 | 耗时: 3386.02ms
2025/12/13 20:20:53.896292 [20:20:47.074] 用户4315 | ✅ 秒杀成功 | 耗时: 3425.39ms
2025/12/13 20:20:53.896293 [20:20:47.074] 用户9642 | ✅ 秒杀成功 | 耗时: 3353.94ms
2025/12/13 20:20:53.896295 [20:20:47.074] 用户3208 | ✅ 秒杀成功 | 耗时: 3421.22ms
2025/12/13 20:20:53.896296 [20:20:47.074] 用户385 | ✅ 秒杀成功 | 耗时: 3382.70ms
2025/12/13 20:20:53.896298 [20:20:47.074] 用户3 | ✅ 秒杀成功 | 耗时: 3459.36ms
2025/12/13 20:20:53.896299 [20:20:47.074] 用户3227 | ✅ 秒杀成功 | 耗时: 3421.84ms
2025/12/13 20:20:53.896300 [20:20:47.074] 用户9391 | ✅ 秒杀成功 | 耗时: 3387.22ms
2025/12/13 20:20:53.896302 [20:20:47.074] 用户5851 | ✅ 秒杀成功 | 耗时: 3434.17ms
2025/12/13 20:20:53.896303 [20:20:47.074] 用户3102 | ✅ 秒杀成功 | 耗时: 3415.83ms
2025/12/13 20:20:53.896304 [20:20:47.074] 用户2960 | ✅ 秒杀成功 | 耗时: 3416.71ms
2025/12/13 20:20:53.896306 [20:20:47.074] 用户2966 | ✅ 秒杀成功 | 耗时: 3416.77ms
2025/12/13 20:20:53.896307 [20:20:47.074] 用户7195 | ✅ 秒杀成功 | 耗时: 3268.62ms
2025/12/13 20:20:53.896308 [20:20:47.074] 用户3194 | ✅ 秒杀成功 | 耗时: 3415.58ms
2025/12/13 20:20:53.896310 [20:20:47.074] 用户3442 | ✅ 秒杀成功 | 耗时: 3418.16ms
2025/12/13 20:20:53.896311 [20:20:47.074] 用户3448 | ✅ 秒杀成功 | 耗时: 3418.12ms
2025/12/13 20:20:53.896312 [20:20:47.074] 用户3440 | ✅ 秒杀成功 | 耗时: 3418.11ms
2025/12/13 20:20:53.896314 [20:20:47.074] 用户2959 | ✅ 秒杀成功 | 耗时: 3416.78ms
2025/12/13 20:20:53.896315 [20:20:47.074] 用户1959 | ✅ 秒杀成功 | 耗时: 3416.79ms
2025/12/13 20:20:53.896317 [20:20:47.074] 用户8695 | ✅ 秒杀成功 | 耗时: 3355.05ms
2025/12/13 20:20:53.896318 [20:20:47.074] 用户3201 | ✅ 秒杀成功 | 耗时: 3417.05ms
2025/12/13 20:20:53.896319 [20:20:47.074] 用户3195 | ✅ 秒杀成功 | 耗时: 3416.46ms
2025/12/13 20:20:53.896321 [20:20:47.074] 用户1505 | ✅ 秒杀成功 | 耗时: 3395.30ms
2025/12/13 20:20:53.896322 [20:20:47.074] 用户3197 | ✅ 秒杀成功 | 耗时: 3416.65ms
2025/12/13 20:20:53.896324 [20:20:47.074] 用户2963 | ✅ 秒杀成功 | 耗时: 3417.09ms
2025/12/13 20:20:53.896326 [20:20:47.074] 用户491 | ✅ 秒杀成功 | 耗时: 3390.08ms
2025/12/13 20:20:53.896327 [20:20:47.074] 用户3326 | ✅ 秒杀成功 | 耗时: 3416.86ms
2025/12/13 20:20:53.896329 [20:20:47.074] 用户1723 | ✅ 秒杀成功 | 耗时: 3392.42ms
2025/12/13 20:20:53.896330 [20:20:47.074] 用户3334 | ✅ 秒杀成功 | 耗时: 3422.30ms
2025/12/13 20:20:53.896332 [20:20:47.074] 用户3202 | ✅ 秒杀成功 | 耗时: 3417.31ms
2025/12/13 20:20:53.896334 [20:20:47.074] 用户2850 | ✅ 秒杀成功 | 耗时: 3417.38ms
2025/12/13 20:20:53.896335 [20:20:47.074] 用户2904 | ✅ 秒杀成功 | 耗时: 3381.03ms
2025/12/13 20:20:53.896337 [20:20:47.074] 用户9772 | ✅ 秒杀成功 | 耗时: 3361.76ms
2025/12/13 20:20:53.896339 [20:20:47.074] 用户5893 | ✅ 秒杀成功 | 耗时: 3434.71ms
2025/12/13 20:20:53.896340 [20:20:47.074] 用户2962 | ✅ 秒杀成功 | 耗时: 3417.31ms
2025/12/13 20:20:53.896342 [20:20:47.074] 用户3200 | ✅ 秒杀成功 | 耗时: 3417.40ms
2025/12/13 20:20:53.896344 [20:20:47.074] 用户9322 | ✅ 秒杀成功 | 耗时: 3384.09ms
2025/12/13 20:20:53.896345 [20:20:47.075] 用户3187 | ✅ 秒杀成功 | 耗时: 3415.42ms
2025/12/13 20:20:53.896347 [20:20:47.075] 用户3223 | ✅ 秒杀成功 | 耗时: 3417.35ms
2025/12/13 20:20:53.896349 [20:20:47.075] 用户4235 | ✅ 秒杀成功 | 耗时: 3429.76ms
2025/12/13 20:20:53.896350 [20:20:47.075] 用户3414 | ✅ 秒杀成功 | 耗时: 3415.60ms
2025/12/13 20:20:53.896352 [20:20:47.075] 用户2864 | ✅ 秒杀成功 | 耗时: 3411.50ms
2025/12/13 20:20:53.896354 [20:20:47.075] 用户3191 | ✅ 秒杀成功 | 耗时: 3415.48ms
2025/12/13 20:20:53.896355 [20:20:47.075] 用户2955 | ✅ 秒杀成功 | 耗时: 3417.02ms
2025/12/13 20:20:53.896357 [20:20:47.075] 用户3654 | ✅ 秒杀成功 | 耗时: 3418.89ms
2025/12/13 20:20:53.896359 [20:20:47.075] 用户2283 | ✅ 秒杀成功 | 耗时: 3381.02ms
2025/12/13 20:20:53.896360 [20:20:47.075] 用户3029 | ✅ 秒杀成功 | 耗时: 3379.81ms
2025/12/13 20:20:53.896362 [20:20:47.075] 用户3652 | ✅ 秒杀成功 | 耗时: 3419.05ms
2025/12/13 20:20:53.896364 [20:20:47.075] 用户630 | ✅ 秒杀成功 | 耗时: 3396.46ms
2025/12/13 20:20:53.896365 [20:20:47.075] 用户1559 | ✅ 秒杀成功 | 耗时: 3399.13ms
2025/12/13 20:20:53.896367 [20:20:47.075] 用户3203 | ✅ 秒杀成功 | 耗时: 3418.23ms
2025/12/13 20:20:53.896368 [20:20:47.075] 用户2066 | ✅ 秒杀成功 | 耗时: 3245.88ms
2025/12/13 20:20:53.896370 [20:20:47.075] 用户3416 | ✅ 秒杀成功 | 耗时: 3416.57ms
2025/12/13 20:20:53.896372 [20:20:47.075] 用户9040 | ✅ 秒杀成功 | 耗时: 3356.18ms
2025/12/13 20:20:53.896373 [20:20:47.075] 用户2967 | ✅ 秒杀成功 | 耗时: 3419.66ms
2025/12/13 20:20:53.896375 [20:20:47.076] 用户3648 | ✅ 秒杀成功 | 耗时: 3416.39ms
2025/12/13 20:20:53.896377 [20:20:47.076] 用户3637 | ✅ 秒杀成功 | 耗时: 3418.26ms
2025/12/13 20:20:53.896378 [20:20:47.076] 用户1627 | ✅ 秒杀成功 | 耗时: 3277.43ms
2025/12/13 20:20:53.896380 [20:20:47.076] 用户3415 | ✅ 秒杀成功 | 耗时: 3416.76ms
2025/12/13 20:20:53.896382 [20:20:47.076] 用户458 | ✅ 秒杀成功 | 耗时: 3382.88ms
2025/12/13 20:20:53.896383 [20:20:47.076] 用户3198 | ✅ 秒杀成功 | 耗时: 3418.33ms
2025/12/13 20:20:53.896384 [20:20:47.076] 用户3193 | ✅ 秒杀成功 | 耗时: 3417.59ms
2025/12/13 20:20:53.896386 [20:20:47.076] 用户3316 | ✅ 秒杀成功 | 耗时: 3416.78ms
2025/12/13 20:20:53.896387 [20:20:47.076] 用户7553 | ✅ 秒杀成功 | 耗时: 3383.03ms
2025/12/13 20:20:53.896388 [20:20:47.076] 用户2973 | ✅ 秒杀成功 | 耗时: 3417.88ms
2025/12/13 20:20:53.896390 [20:20:47.076] 用户3438 | ✅ 秒杀成功 | 耗时: 3420.14ms
2025/12/13 20:20:53.896391 [20:20:47.076] 用户2958 | ✅ 秒杀成功 | 耗时: 3418.78ms
2025/12/13 20:20:53.896392 [20:20:47.076] 用户2957 | ✅ 秒杀成功 | 耗时: 3418.73ms
2025/12/13 20:20:53.896394 [20:20:47.076] 用户3716 | ✅ 秒杀成功 | 耗时: 3425.34ms
2025/12/13 20:20:53.896395 [20:20:47.077] 用户59 | ✅ 秒杀成功 | 耗时: 3389.65ms
2025/12/13 20:20:53.896397 [20:20:47.079] 用户3185 | ✅ 秒杀成功 | 耗时: 3420.27ms
2025/12/13 20:20:53.896398 [20:20:47.080] 用户3961 | ✅ 秒杀成功 | 耗时: 3313.12ms
2025/12/13 20:20:53.896400 [20:20:47.081] 用户3181 | ✅ 秒杀成功 | 耗时: 3421.88ms
2025/12/13 20:20:53.896401 [20:20:47.081] 用户2431 | ✅ 秒杀成功 | 耗时: 3361.31ms
2025/12/13 20:20:53.896403 [20:20:47.081] 用户2518 | ✅ 秒杀成功 | 耗时: 3388.62ms
2025/12/13 20:20:53.896405 [20:20:47.082] 用户3101 | ✅ 秒杀成功 | 耗时: 3423.97ms
2025/12/13 20:20:53.896406 [20:20:47.082] 用户4074 | ✅ 秒杀成功 | 耗时: 3431.84ms
2025/12/13 20:20:53.896408 [20:20:47.082] 用户3740 | ✅ 秒杀成功 | 耗时: 3434.18ms
2025/12/13 20:20:53.896410 [20:20:47.083] 用户66 | ✅ 秒杀成功 | 耗时: 3395.55ms
2025/12/13 20:20:53.896411 [20:20:47.083] 用户8635 | ✅ 秒杀成功 | 耗时: 3369.74ms
2025/12/13 20:20:53.896413 [20:20:47.083] 用户8722 | ✅ 秒杀成功 | 耗时: 3365.66ms
2025/12/13 20:20:53.896415 [20:20:47.106] 用户2961 | ✅ 秒杀成功 | 耗时: 3448.26ms
2025/12/13 20:20:53.896416 [20:20:47.106] 用户988 | ✅ 秒杀成功 | 耗时: 3418.62ms
2025/12/13 20:20:53.896418 [20:20:47.106] 用户3647 | ✅ 秒杀成功 | 耗时: 3446.56ms
2025/12/13 20:20:53.896420 [20:20:47.106] 用户2930 | ✅ 秒杀成功 | 耗时: 3442.66ms
2025/12/13 20:20:53.896421 [20:20:47.106] 用户3421 | ✅ 秒杀成功 | 耗时: 3447.11ms
2025/12/13 20:20:53.896423 [20:20:47.106] 用户2274 | ✅ 秒杀成功 | 耗时: 3411.91ms
2025/12/13 20:20:53.896425 [20:20:47.106] 用户4035 | ✅ 秒杀成功 | 耗时: 3453.21ms
2025/12/13 20:20:53.896426 [20:20:47.106] 用户770 | ✅ 秒杀成功 | 耗时: 3427.01ms
2025/12/13 20:20:53.896428 [20:20:47.106] 用户823 | ✅ 秒杀成功 | 耗时: 3421.62ms
2025/12/13 20:20:53.896430 [20:20:47.106] 用户8514 | ✅ 秒杀成功 | 耗时: 3418.76ms
2025/12/13 20:20:53.896431 [20:20:47.106] 用户2853 | ✅ 秒杀成功 | 耗时: 3449.38ms
2025/12/13 20:20:53.896433 [20:20:47.106] 用户10318 | ✅ 秒杀成功 | 耗时: 3431.00ms
2025/12/13 20:20:53.896435 [20:20:47.106] 用户7790 | ✅ 秒杀成功 | 耗时: 3387.87ms
2025/12/13 20:20:53.896439 [20:20:47.106] 用户3428 | ✅ 秒杀成功 | 耗时: 3449.51ms
2025/12/13 20:20:53.896440 [20:20:47.106] 用户2134 | ✅ 秒杀成功 | 耗时: 3431.30ms
2025/12/13 20:20:53.896442 [20:20:47.106] 用户3320 | ✅ 秒杀成功 | 耗时: 3449.37ms
2025/12/13 20:20:53.896444 [20:20:47.106] 用户8262 | ✅ 秒杀成功 | 耗时: 3389.09ms
2025/12/13 20:20:53.896445 [20:20:47.106] 用户3668 | ✅ 秒杀成功 | 耗时: 3454.93ms
2025/12/13 20:20:53.896447 [20:20:47.106] 用户9390 | ✅ 秒杀成功 | 耗时: 3418.81ms
2025/12/13 20:20:53.896449 [20:20:47.106] 用户2222 | ✅ 秒杀成功 | 耗时: 3448.50ms
2025/12/13 20:20:53.896450 [20:20:47.106] 用户3196 | ✅ 秒杀成功 | 耗时: 3447.87ms
2025/12/13 20:20:53.896452 [20:20:47.106] 用户2655 | ✅ 秒杀成功 | 耗时: 3433.98ms
2025/12/13 20:20:53.896454 [20:20:47.106] 用户8424 | ✅ 秒杀成功 | 耗时: 3419.00ms
2025/12/13 20:20:53.896455 [20:20:47.106] 用户987 | ✅ 秒杀成功 | 耗时: 3418.90ms
2025/12/13 20:20:53.896457 [20:20:47.106] 用户3463 | ✅ 秒杀成功 | 耗时: 3453.37ms
2025/12/13 20:20:53.896459 [20:20:47.106] 用户7855 | ✅ 秒杀成功 | 耗时: 3388.08ms
2025/12/13 20:20:53.896460 [20:20:47.106] 用户3318 | ✅ 秒杀成功 | 耗时: 3448.84ms
2025/12/13 20:20:53.896462 [20:20:47.107] 用户8586 | ✅ 秒杀成功 | 耗时: 3391.94ms
2025/12/13 20:20:53.896464 [20:20:47.107] 用户4057 | ✅ 秒杀成功 | 耗时: 3455.93ms
2025/12/13 20:20:53.896465 [20:20:47.123] 用户5892 | ✅ 秒杀成功 | 耗时: 3483.44ms
2025/12/13 20:20:53.896467 [20:20:47.397] 用户8250 | ✅ 秒杀成功 | 耗时: 3680.41ms
2025/12/13 20:20:53.896469 [20:20:47.399] 用户2030 | ✅ 秒杀成功 | 耗时: 3720.99ms
2025/12/13 20:20:53.896470 [20:20:47.400] 用户7630 | ✅ 秒杀成功 | 耗时: 3681.16ms
2025/12/13 20:20:53.896472 [20:20:47.402] 用户2358 | ✅ 秒杀成功 | 耗时: 3718.42ms
2025/12/13 20:20:53.896473 [20:20:47.402] 用户1508 | ✅ 秒杀成功 | 耗时: 3723.87ms
2025/12/13 20:20:53.896475 [20:20:47.402] 用户87 | ✅ 秒杀成功 | 耗时: 3715.42ms
2025/12/13 20:20:53.896477 [20:20:47.402] 用户417 | ✅ 秒杀成功 | 耗时: 3714.93ms
2025/12/13 20:20:53.896479 [20:20:47.403] 用户8284 | ✅ 秒杀成功 | 耗时: 3685.83ms
2025/12/13 20:20:53.896480 [20:20:47.403] 用户8627 | ✅ 秒杀成功 | 耗时: 3689.64ms
2025/12/13 20:20:53.896482 [20:20:47.403] 用户7407 | ✅ 秒杀成功 | 耗时: 3787.03ms
2025/12/13 20:20:53.896484 [20:20:47.412] 用户4769 | ✅ 秒杀成功 | 耗时: 3772.23ms
2025/12/13 20:20:53.896485 [20:20:47.457] 用户1884 | ✅ 秒杀成功 | 耗时: 3779.59ms
2025/12/13 20:20:53.896487 [20:20:47.457] 用户7533 | ✅ 秒杀成功 | 耗时: 3738.59ms
2025/12/13 20:20:53.896488 [20:20:47.457] 用户9787 | ✅ 秒杀成功 | 耗时: 3744.54ms
2025/12/13 20:20:53.896490 [20:20:47.457] 用户3254 | ✅ 秒杀成功 | 耗时: 3770.06ms
2025/12/13 20:20:53.896492 [20:20:47.457] 用户3669 | ✅ 秒杀成功 | 耗时: 3806.47ms
2025/12/13 20:20:53.896493 [20:20:47.457] 用户10097 | ✅ 秒杀成功 | 耗时: 3778.44ms
2025/12/13 20:20:53.896495 [20:20:47.459] 用户8616 | ✅ 秒杀成功 | 耗时: 3745.71ms
2025/12/13 20:20:53.896497 [20:20:47.486] 用户4766 | ✅ 秒杀成功 | 耗时: 3846.74ms
2025/12/13 20:20:53.896498 [20:20:47.487] 用户1020 | ✅ 秒杀成功 | 耗时: 3799.69ms
2025/12/13 20:20:53.896500 [20:20:47.489] 用户2602 | ✅ 秒杀成功 | 耗时: 3809.72ms
2025/12/13 20:20:53.896501 [20:20:47.489] 用户9462 | ✅ 秒杀成功 | 耗时: 3776.84ms
2025/12/13 20:20:53.896502 [20:20:47.489] 用户139 | ✅ 秒杀成功 | 耗时: 3804.99ms
2025/12/13 20:20:53.896504 [20:20:47.489] 用户4055 | ✅ 秒杀成功 | 耗时: 3838.37ms
2025/12/13 20:20:53.896505 [20:20:47.490] 用户3358 | ✅ 秒杀成功 | 耗时: 3839.49ms
2025/12/13 20:20:53.896506 [20:20:47.490] 用户3583 | ✅ 秒杀成功 | 耗时: 3795.78ms
2025/12/13 20:20:53.896508 [20:20:47.490] 用户1358 | ✅ 秒杀成功 | 耗时: 3811.24ms
2025/12/13 20:20:53.896509 [20:20:47.494] 用户314 | ✅ 秒杀成功 | 耗时: 3814.77ms
2025/12/13 20:20:53.896510 [20:20:47.494] 用户4228 | ✅ 秒杀成功 | 耗时: 3854.12ms
2025/12/13 20:20:53.896512 [20:20:47.497] 用户10823 | ✅ 秒杀成功 | 耗时: 3783.71ms
2025/12/13 20:20:53.896513 [20:20:47.497] 用户9179 | ✅ 秒杀成功 | 耗时: 3804.72ms
2025/12/13 20:20:53.896514 [20:20:47.497] 用户9819 | ✅ 秒杀成功 | 耗时: 3821.32ms
2025/12/13 20:20:53.896516 [20:20:47.497] 用户8798 | ✅ 秒杀成功 | 耗时: 3784.02ms
2025/12/13 20:20:53.896517 [20:20:47.497] 用户915 | ✅ 秒杀成功 | 耗时: 3795.08ms
2025/12/13 20:20:53.896523 [20:20:47.497] 用户4038 | ✅ 秒杀成功 | 耗时: 3844.72ms
2025/12/13 20:20:53.896525 [20:20:47.497] 用户10179 | ✅ 秒杀成功 | 耗时: 3785.63ms
2025/12/13 20:20:53.896526 [20:20:47.497] 用户10888 | ✅ 秒杀成功 | 耗时: 3801.45ms
2025/12/13 20:20:53.896528 [20:20:47.497] 用户3023 | ✅ 秒杀成功 | 耗时: 3802.21ms
2025/12/13 20:20:53.896530 [20:20:47.497] 用户4514 | ✅ 秒杀成功 | 耗时: 3856.52ms
2025/12/13 20:20:53.896531 [20:20:47.497] 用户8618 | ✅ 秒杀成功 | 耗时: 3784.32ms
2025/12/13 20:20:53.896533 [20:20:47.501] 用户3169 | ✅ 秒杀成功 | 耗时: 3837.51ms
2025/12/13 20:20:53.896535 [20:20:47.502] 用户5039 | ✅ 秒杀成功 | 耗时: 3862.63ms
2025/12/13 20:20:53.896536 [20:20:47.508] 用户5042 | ✅ 秒杀成功 | 耗时: 3868.41ms
2025/12/13 20:20:53.896538 [20:20:47.510] 用户3135 | ✅ 秒杀成功 | 耗时: 3845.69ms
2025/12/13 20:20:53.896539 [20:20:47.510] 用户989 | ✅ 秒杀成功 | 耗时: 3822.64ms
2025/12/13 20:20:53.896541 [20:20:47.510] 用户1133 | ✅ 秒杀成功 | 耗时: 3815.89ms
2025/12/13 20:20:53.896542 [20:20:47.510] 用户3732 | ✅ 秒杀成功 | 耗时: 3865.14ms
2025/12/13 20:20:53.896543 [20:20:47.510] 用户2845 | ✅ 秒杀成功 | 耗时: 3845.68ms
2025/12/13 20:20:53.896545 [20:20:47.510] 用户3168 | ✅ 秒杀成功 | 耗时: 3846.11ms
2025/12/13 20:20:53.896546 [20:20:47.510] 用户3137 | ✅ 秒杀成功 | 耗时: 3846.37ms
2025/12/13 20:20:53.896547 [20:20:47.510] 用户3163 | ✅ 秒杀成功 | 耗时: 3845.88ms
2025/12/13 20:20:53.896549 [20:20:47.510] 用户689 | ✅ 秒杀成功 | 耗时: 3831.61ms
2025/12/13 20:20:53.896550 [20:20:47.511] 用户9774 | ✅ 秒杀成功 | 耗时: 3798.39ms
2025/12/13 20:20:53.896551 [20:20:47.511] 用户8251 | ✅ 秒杀成功 | 耗时: 3794.13ms
2025/12/13 20:20:53.896553 [20:20:47.511] 用户9603 | ✅ 秒杀成功 | 耗时: 3824.03ms
2025/12/13 20:20:53.896554 [20:20:47.511] 用户9264 | ✅ 秒杀成功 | 耗时: 3808.88ms
2025/12/13 20:20:53.896555 [20:20:47.511] 用户8797 | ✅ 秒杀成功 | 耗时: 3797.87ms
2025/12/13 20:20:53.896557 [20:20:47.511] 用户8853 | ✅ 秒杀成功 | 耗时: 3794.47ms
2025/12/13 20:20:53.896558 [20:20:47.511] 用户4560 | ✅ 秒杀成功 | 耗时: 3872.40ms
2025/12/13 20:20:53.896559 [20:20:47.511] 用户3046 | ✅ 秒杀成功 | 耗时: 3744.83ms
2025/12/13 20:20:53.896561 [20:20:47.512] 用户8960 | ✅ 秒杀成功 | 耗时: 3819.01ms
2025/12/13 20:20:53.896562 [20:20:47.512] 用户976 | ✅ 秒杀成功 | 耗时: 3824.63ms
2025/12/13 20:20:53.896563 [20:20:47.512] 用户9705 | ✅ 秒杀成功 | 耗时: 3798.63ms
2025/12/13 20:20:53.896565 [20:20:47.512] 用户1564 | ✅ 秒杀成功 | 耗时: 3836.19ms
2025/12/13 20:20:53.896566 [20:20:47.512] 用户10324 | ✅ 秒杀成功 | 耗时: 3837.21ms
2025/12/13 20:20:53.896567 [20:20:47.512] 用户3418 | ✅ 秒杀成功 | 耗时: 3853.44ms
2025/12/13 20:20:53.896569 [20:20:47.512] 用户8255 | ✅ 秒杀成功 | 耗时: 3795.41ms
2025/12/13 20:20:53.896570 [20:20:47.512] 用户9873 | ✅ 秒杀成功 | 耗时: 3805.59ms
2025/12/13 20:20:53.896572 [20:20:47.514] 用户3324 | ✅ 秒杀成功 | 耗时: 3856.70ms
2025/12/13 20:20:53.896573 [20:20:47.515] 用户403 | ✅ 秒杀成功 | 耗时: 3824.41ms
2025/12/13 20:20:53.896574 [20:20:47.515] 用户4146 | ✅ 秒杀成功 | 耗时: 3873.89ms
2025/12/13 20:20:53.896576 [20:20:47.515] 用户8259 | ✅ 秒杀成功 | 耗时: 3798.48ms
2025/12/13 20:20:53.896577 [20:20:47.519] 用户1827 | ✅ 秒杀成功 | 耗时: 3843.99ms
2025/12/13 20:20:53.896578 [20:20:47.520] 用户4767 | ✅ 秒杀成功 | 耗时: 3879.83ms
2025/12/13 20:20:53.896580 [20:20:47.520] 用户1454 | ✅ 秒杀成功 | 耗时: 3841.12ms
2025/12/13 20:20:53.896581 [20:20:47.520] 用户1041 | ✅ 秒杀成功 | 耗时: 3832.88ms
2025/12/13 20:20:53.896582 [20:20:47.520] 用户10217 | ✅ 秒杀成功 | 耗时: 3827.33ms
2025/12/13 20:20:53.896584 [20:20:47.520] 用户10313 | ✅ 秒杀成功 | 耗时: 3844.72ms
2025/12/13 20:20:53.896585 [20:20:47.520] 用户1854 | ✅ 秒杀成功 | 耗时: 3842.30ms
2025/12/13 20:20:53.896587 [20:20:47.520] 用户9207 | ✅ 秒杀成功 | 耗时: 3816.93ms
2025/12/13 20:20:53.896588 [20:20:47.520] 用户4263 | ✅ 秒杀成功 | 耗时: 3878.62ms
2025/12/13 20:20:53.896589 [20:20:47.520] 用户3103 | ✅ 秒杀成功 | 耗时: 3856.21ms
2025/12/13 20:20:53.896591 [20:20:47.520] 用户3643 | ✅ 秒杀成功 | 耗时: 3855.99ms
2025/12/13 20:20:53.896592 [20:20:47.520] 用户8718 | ✅ 秒杀成功 | 耗时: 3806.32ms
2025/12/13 20:20:53.896593 [20:20:47.520] 用户3171 | ✅ 秒杀成功 | 耗时: 3856.05ms
2025/12/13 20:20:53.896595 [20:20:47.520] 用户3136 | ✅ 秒杀成功 | 耗时: 3856.11ms
2025/12/13 20:20:53.896596 [20:20:47.520] 用户3650 | ✅ 秒杀成功 | 耗时: 3856.15ms
2025/12/13 20:20:53.896597 [20:20:47.520] 用户4210 | ✅ 秒杀成功 | 耗时: 3878.97ms
2025/12/13 20:20:53.896599 [20:20:47.520] 用户3170 | ✅ 秒杀成功 | 耗时: 3856.50ms
2025/12/13 20:20:53.896600 [20:20:47.520] 用户4303 | ✅ 秒杀成功 | 耗时: 3875.16ms
2025/12/13 20:20:53.896601 [20:20:47.520] 用户3620 | ✅ 秒杀成功 | 耗时: 3856.14ms
2025/12/13 20:20:53.896603 [20:20:47.521] 用户2613 | ✅ 秒杀成功 | 耗时: 3841.85ms
2025/12/13 20:20:53.896604 [20:20:47.521] 用户3253 | ✅ 秒杀成功 | 耗时: 3834.36ms
2025/12/13 20:20:53.896605 [20:20:47.521] 用户8095 | ✅ 秒杀成功 | 耗时: 3826.98ms
2025/12/13 20:20:53.896607 [20:20:47.521] 用户9612 | ✅ 秒杀成功 | 耗时: 3834.37ms
2025/12/13 20:20:53.896608 [20:20:47.522] 用户621 | ✅ 秒杀成功 | 耗时: 3843.24ms
2025/12/13 20:20:53.896609 [20:20:47.522] 用户2937 | ✅ 秒杀成功 | 耗时: 3860.28ms
2025/12/13 20:20:53.896611 [20:20:47.523] 用户2942 | ✅ 秒杀成功 | 耗时: 3862.31ms
2025/12/13 20:20:53.896612 [20:20:47.523] 用户10286 | ✅ 秒杀成功 | 耗时: 3840.05ms
2025/12/13 20:20:53.896613 [20:20:47.523] 用户2947 | ✅ 秒杀成功 | 耗时: 3862.87ms
2025/12/13 20:20:53.896615 [20:20:47.523] 用户3134 | ✅ 秒杀成功 | 耗时: 3859.35ms
2025/12/13 20:20:53.896616 [20:20:47.523] 用户8052 | ✅ 秒杀成功 | 耗时: 3806.39ms
2025/12/13 20:20:53.896617 [20:20:47.523] 用户8594 | ✅ 秒杀成功 | 耗时: 3809.96ms
2025/12/13 20:20:53.896619 [20:20:47.523] 用户8462 | ✅ 秒杀成功 | 耗时: 3836.41ms
2025/12/13 20:20:53.896620 [20:20:47.523] 用户8258 | ✅ 秒杀成功 | 耗时: 3806.67ms
2025/12/13 20:20:53.896621 [20:20:47.524] 用户5040 | ✅ 秒杀成功 | 耗时: 3884.14ms
2025/12/13 20:20:53.896623 [20:20:47.524] 用户980 | ✅ 秒杀成功 | 耗时: 3836.79ms
2025/12/13 20:20:53.896624 [20:20:47.524] 用户3178 | ✅ 秒杀成功 | 耗时: 3860.46ms
2025/12/13 20:20:53.896625 [20:20:47.524] 用户906 | ✅ 秒杀成功 | 耗时: 3821.80ms
2025/12/13 20:20:53.896627 [20:20:47.524] 用户3158 | ✅ 秒杀成功 | 耗时: 3859.43ms
2025/12/13 20:20:53.896628 [20:20:47.524] 用户10340 | ✅ 秒杀成功 | 耗时: 3837.26ms
2025/12/13 20:20:53.896629 [20:20:47.524] 用户3861 | ✅ 秒杀成功 | 耗时: 3828.22ms
2025/12/13 20:20:53.896631 [20:20:47.524] 用户4058 | ✅ 秒杀成功 | 耗时: 3873.42ms
2025/12/13 20:20:53.896635 [20:20:47.524] 用户70 | ✅ 秒杀成功 | 耗时: 3837.30ms
2025/12/13 20:20:53.896636 [20:20:47.524] 用户3626 | ✅ 秒杀成功 | 耗时: 3859.72ms
2025/12/13 20:20:53.896638 [20:20:47.524] 用户3642 | ✅ 秒杀成功 | 耗时: 3859.92ms
2025/12/13 20:20:53.896639 [20:20:47.524] 用户1123 | ✅ 秒杀成功 | 耗时: 3823.24ms
2025/12/13 20:20:53.896641 [20:20:47.524] 用户2940 | ✅ 秒杀成功 | 耗时: 3862.48ms
2025/12/13 20:20:53.896642 [20:20:47.524] 用户2941 | ✅ 秒杀成功 | 耗时: 3862.54ms
2025/12/13 20:20:53.896643 [20:20:47.524] 用户2950 | ✅ 秒杀成功 | 耗时: 3864.71ms
2025/12/13 20:20:53.896645 [20:20:47.524] 用户2939 | ✅ 秒杀成功 | 耗时: 3862.46ms
2025/12/13 20:20:53.896646 [20:20:47.524] 用户2946 | ✅ 秒杀成功 | 耗时: 3864.28ms
2025/12/13 20:20:53.896647 [20:20:47.524] 用户2944 | ✅ 秒杀成功 | 耗时: 3864.07ms
2025/12/13 20:20:53.896649 [20:20:47.524] 用户2935 | ✅ 秒杀成功 | 耗时: 3862.18ms
2025/12/13 20:20:53.896650 [20:20:47.524] 用户3094 | ✅ 秒杀成功 | 耗时: 3861.07ms
2025/12/13 20:20:53.896651 [20:20:47.524] 用户3097 | ✅ 秒杀成功 | 耗时: 3861.13ms
2025/12/13 20:20:53.896653 [20:20:47.525] 用户2933 | ✅ 秒杀成功 | 耗时: 3862.20ms
2025/12/13 20:20:53.896654 [20:20:47.525] 用户1416 | ✅ 秒杀成功 | 耗时: 3845.66ms
2025/12/13 20:20:53.896655 [20:20:47.525] 用户8588 | ✅ 秒杀成功 | 耗时: 3810.14ms
2025/12/13 20:20:53.896657 [20:20:47.525] 用户2844 | ✅ 秒杀成功 | 耗时: 3860.38ms
2025/12/13 20:20:53.896658 [20:20:47.525] 用户2931 | ✅ 秒杀成功 | 耗时: 3861.75ms
2025/12/13 20:20:53.896660 [20:20:47.525] 用户9474 | ✅ 秒杀成功 | 耗时: 3827.39ms
2025/12/13 20:20:53.896661 [20:20:47.525] 用户3630 | ✅ 秒杀成功 | 耗时: 3860.63ms
2025/12/13 20:20:53.896662 [20:20:47.525] 用户3635 | ✅ 秒杀成功 | 耗时: 3860.62ms
2025/12/13 20:20:53.896664 [20:20:47.526] 用户3160 | ✅ 秒杀成功 | 耗时: 3861.46ms
2025/12/13 20:20:53.896665 [20:20:47.526] 用户8805 | ✅ 秒杀成功 | 耗时: 3812.69ms
2025/12/13 20:20:53.896666 [20:20:47.526] 用户2717 | ✅ 秒杀成功 | 耗时: 3862.04ms
2025/12/13 20:20:53.896668 [20:20:47.526] 用户2923 | ✅ 秒杀成功 | 耗时: 3862.85ms
2025/12/13 20:20:53.896669 [20:20:47.526] 用户2713 | ✅ 秒杀成功 | 耗时: 3861.60ms
2025/12/13 20:20:53.896670 [20:20:47.526] 用户3159 | ✅ 秒杀成功 | 耗时: 3861.89ms
2025/12/13 20:20:53.896672 [20:20:47.526] 用户3628 | ✅ 秒杀成功 | 耗时: 3862.20ms
2025/12/13 20:20:53.896673 [20:20:47.526] 用户2846 | ✅ 秒杀成功 | 耗时: 3862.23ms
2025/12/13 20:20:53.896674 [20:20:47.526] 用户3616 | ✅ 秒杀成功 | 耗时: 3881.71ms
2025/12/13 20:20:53.896676 [20:20:47.527] 用户3141 | ✅ 秒杀成功 | 耗时: 3862.27ms
2025/12/13 20:20:53.896677 [20:20:47.527] 用户253 | ✅ 秒杀成功 | 耗时: 3843.99ms
2025/12/13 20:20:53.896679 [20:20:47.527] 用户3260 | ✅ 秒杀成功 | 耗时: 3835.92ms
2025/12/13 20:20:53.896680 [20:20:47.527] 用户3143 | ✅ 秒杀成功 | 耗时: 3862.56ms
2025/12/13 20:20:53.896681 [20:20:47.527] 用户2716 | ✅ 秒杀成功 | 耗时: 3862.28ms
2025/12/13 20:20:53.896683 [20:20:47.527] 用户10430 | ✅ 秒杀成功 | 耗时: 3852.17ms
2025/12/13 20:20:53.896684 [20:20:47.527] 用户4762 | ✅ 秒杀成功 | 耗时: 3887.48ms
2025/12/13 20:20:53.896685 [20:20:47.528] 用户105 | ✅ 秒杀成功 | 耗时: 3841.09ms
2025/12/13 20:20:53.896687 [20:20:47.528] 用户8579 | ✅ 秒杀成功 | 耗时: 3816.34ms
2025/12/13 20:20:53.896688 [20:20:47.528] 用户8272 | ✅ 秒杀成功 | 耗时: 3811.16ms
2025/12/13 20:20:53.896690 [20:20:47.528] 用户821 | ✅ 秒杀成功 | 耗时: 3841.31ms
2025/12/13 20:20:53.896691 [20:20:47.528] 用户10958 | ✅ 秒杀成功 | 耗时: 3926.91ms
2025/12/13 20:20:53.896692 [20:20:47.530] 用户10829 | ✅ 秒杀成功 | 耗时: 3831.86ms
2025/12/13 20:20:53.896694 [20:20:47.530] 用户3408 | ✅ 秒杀成功 | 耗时: 3864.96ms
2025/12/13 20:20:53.896695 [20:20:47.530] 用户2154 | ✅ 秒杀成功 | 耗时: 3855.26ms
2025/12/13 20:20:53.896697 [20:20:47.530] 用户3678 | ✅ 秒杀成功 | 耗时: 3878.92ms
2025/12/13 20:20:53.896698 [20:20:47.530] 用户9657 | ✅ 秒杀成功 | 耗时: 3833.47ms
2025/12/13 20:20:53.896699 [20:20:47.530] 用户1040 | ✅ 秒杀成功 | 耗时: 3843.23ms
2025/12/13 20:20:53.896701 [20:20:47.530] 用户10344 | ✅ 秒杀成功 | 耗时: 3845.04ms
2025/12/13 20:20:53.896703 [20:20:47.530] 用户1039 | ✅ 秒杀成功 | 耗时: 3843.30ms
2025/12/13 20:20:53.896704 [20:20:47.530] 用户1090 | ✅ 秒杀成功 | 耗时: 3843.00ms
2025/12/13 20:20:53.896705 [20:20:47.530] 用户8854 | ✅ 秒杀成功 | 耗时: 3813.32ms
2025/12/13 20:20:53.896707 [20:20:47.530] 用户186 | ✅ 秒杀成功 | 耗时: 3843.03ms
2025/12/13 20:20:53.896708 [20:20:47.530] 用户8469 | ✅ 秒杀成功 | 耗时: 3843.38ms
2025/12/13 20:20:53.896710 [20:20:47.530] 用户2145 | ✅ 秒杀成功 | 耗时: 3851.09ms
2025/12/13 20:20:53.896711 [20:20:47.530] 用户3572 | ✅ 秒杀成功 | 耗时: 3835.66ms
2025/12/13 20:20:53.896712 [20:20:47.530] 用户8443 | ✅ 秒杀成功 | 耗时: 3835.15ms
2025/12/13 20:20:53.896714 [20:20:47.531] 用户4049 | ✅ 秒杀成功 | 耗时: 3879.31ms
2025/12/13 20:20:53.896715 [20:20:47.532] 用户1398 | ✅ 秒杀成功 | 耗时: 3848.84ms
2025/12/13 20:20:53.896716 [20:20:47.532] 用户7894 | ✅ 秒杀成功 | 耗时: 3844.53ms
2025/12/13 20:20:53.896718 [20:20:47.532] 用户3743 | ✅ 秒杀成功 | 耗时: 3883.62ms
2025/12/13 20:20:53.896719 [20:20:47.532] 用户2909 | ✅ 秒杀成功 | 耗时: 3863.94ms
2025/12/13 20:20:53.896720 [20:20:47.532] 用户3398 | ✅ 秒杀成功 | 耗时: 3866.32ms
2025/12/13 20:20:53.896722 [20:20:47.532] 用户8728 | ✅ 秒杀成功 | 耗时: 3839.59ms
2025/12/13 20:20:53.896723 [20:20:47.532] 用户1912 | ✅ 秒杀成功 | 耗时: 3854.43ms
2025/12/13 20:20:53.896725 [20:20:47.532] 用户8429 | ✅ 秒杀成功 | 耗时: 3837.68ms
2025/12/13 20:20:53.896726 [20:20:47.532] 用户2917 | ✅ 秒杀成功 | 耗时: 3865.90ms
2025/12/13 20:20:53.896727 [20:20:47.532] 用户10593 | ✅ 秒杀成功 | 耗时: 3854.51ms
2025/12/13 20:20:53.896729 [20:20:47.532] 用户2865 | ✅ 秒杀成功 | 耗时: 3854.83ms
2025/12/13 20:20:53.896730 [20:20:47.532] 用户2918 | ✅ 秒杀成功 | 耗时: 3865.96ms
2025/12/13 20:20:53.896731 [20:20:47.532] 用户1195 | ✅ 秒杀成功 | 耗时: 3854.95ms
2025/12/13 20:20:53.896733 [20:20:47.532] 用户3391 | ✅ 秒杀成功 | 耗时: 3865.89ms
2025/12/13 20:20:53.896734 [20:20:47.533] 用户3077 | ✅ 秒杀成功 | 耗时: 3861.68ms
2025/12/13 20:20:53.896735 [20:20:47.533] 用户1482 | ✅ 秒杀成功 | 耗时: 3857.70ms
2025/12/13 20:20:53.896737 [20:20:47.533] 用户2970 | ✅ 秒杀成功 | 耗时: 3876.08ms
2025/12/13 20:20:53.896738 [20:20:47.533] 用户4091 | ✅ 秒杀成功 | 耗时: 3885.38ms
2025/12/13 20:20:53.896739 [20:20:47.533] 用户3335 | ✅ 秒杀成功 | 耗时: 3880.98ms
2025/12/13 20:20:53.896741 [20:20:47.533] 用户3634 | ✅ 秒杀成功 | 耗时: 3869.01ms
2025/12/13 20:20:53.896742 [20:20:47.533] 用户8562 | ✅ 秒杀成功 | 耗时: 3820.42ms
2025/12/13 20:20:53.896743 [20:20:47.533] 用户1902 | ✅ 秒杀成功 | 耗时: 3855.38ms
2025/12/13 20:20:53.896745 [20:20:47.533] 用户9701 | ✅ 秒杀成功 | 耗时: 3820.05ms
2025/12/13 20:20:53.896746 [20:20:47.533] 用户8380 | ✅ 秒杀成功 | 耗时: 3846.16ms
2025/12/13 20:20:53.896747 [20:20:47.533] 用户1190 | ✅ 秒杀成功 | 耗时: 3855.80ms
2025/12/13 20:20:53.896749 [20:20:47.533] 用户2925 | ✅ 秒杀成功 | 耗时: 3870.00ms
2025/12/13 20:20:53.896750 [20:20:47.533] 用户3518 | ✅ 秒杀成功 | 耗时: 3657.46ms
2025/12/13 20:20:53.896751 [20:20:47.533] 用户8105 | ✅ 秒杀成功 | 耗时: 3816.14ms
2025/12/13 20:20:53.896753 [20:20:47.533] 用户407 | ✅ 秒杀成功 | 耗时: 3843.18ms
2025/12/13 20:20:53.896754 [20:20:47.534] 用户1014 | ✅ 秒杀成功 | 耗时: 3851.68ms
2025/12/13 20:20:53.896755 [20:20:47.534] 用户10523 | ✅ 秒杀成功 | 耗时: 3846.48ms
2025/12/13 20:20:53.896757 [20:20:47.534] 用户20 | ✅ 秒杀成功 | 耗时: 3838.48ms
2025/12/13 20:20:53.896758 [20:20:47.534] 用户4336 | ✅ 秒杀成功 | 耗时: 3883.84ms
2025/12/13 20:20:53.896760 [20:20:47.534] 用户2687 | ✅ 秒杀成功 | 耗时: 3868.14ms
2025/12/13 20:20:53.896761 [20:20:47.534] 用户3109 | ✅ 秒杀成功 | 耗时: 3867.93ms
2025/12/13 20:20:53.896762 [20:20:47.534] 用户5041 | ✅ 秒杀成功 | 耗时: 3894.53ms
2025/12/13 20:20:53.896764 [20:20:47.534] 用户2922 | ✅ 秒杀成功 | 耗时: 3868.12ms
2025/12/13 20:20:53.896765 [20:20:47.534] 用户3087 | ✅ 秒杀成功 | 耗时: 3868.18ms
2025/12/13 20:20:53.896766 [20:20:47.534] 用户3395 | ✅ 秒杀成功 | 耗时: 3868.33ms
2025/12/13 20:20:53.896768 [20:20:47.535] 用户8248 | ✅ 秒杀成功 | 耗时: 3817.82ms
2025/12/13 20:20:53.896769 [20:20:47.535] 用户2795 | ✅ 秒杀成功 | 耗时: 3814.85ms
2025/12/13 20:20:53.896770 [20:20:47.535] 用户5380 | ✅ 秒杀成功 | 耗时: 3893.82ms
2025/12/13 20:20:53.896772 [20:20:47.535] 用户3420 | ✅ 秒杀成功 | 耗时: 3876.14ms
2025/12/13 20:20:53.896773 [20:20:47.536] 用户1874 | ✅ 秒杀成功 | 耗时: 3857.85ms
2025/12/13 20:20:53.896774 [20:20:47.536] 用户3665 | ✅ 秒杀成功 | 耗时: 3883.21ms
2025/12/13 20:20:53.896776 [20:20:47.536] 用户1187 | ✅ 秒杀成功 | 耗时: 3857.99ms
2025/12/13 20:20:53.896777 [20:20:47.536] 用户2798 | ✅ 秒杀成功 | 耗时: 3869.81ms
2025/12/13 20:20:53.896778 [20:20:47.536] 用户1878 | ✅ 秒杀成功 | 耗时: 3858.44ms
2025/12/13 20:20:53.896780 [20:20:47.536] 用户2689 | ✅ 秒杀成功 | 耗时: 3870.27ms
2025/12/13 20:20:53.896781 [20:20:47.536] 用户3063 | ✅ 秒杀成功 | 耗时: 3863.96ms
2025/12/13 20:20:53.896783 [20:20:47.536] 用户2411 | ✅ 秒杀成功 | 耗时: 3869.61ms
2025/12/13 20:20:53.896784 [20:20:47.536] 用户2682 | ✅ 秒杀成功 | 耗时: 3870.25ms
2025/12/13 20:20:53.896785 [20:20:47.536] 用户1193 | ✅ 秒杀成功 | 耗时: 3858.62ms
2025/12/13 20:20:53.896787 [20:20:47.536] 用户10592 | ✅ 秒杀成功 | 耗时: 3858.43ms
2025/12/13 20:20:53.896788 [20:20:47.536] 用户2685 | ✅ 秒杀成功 | 耗时: 3870.40ms
2025/12/13 20:20:53.896789 [20:20:47.536] 用户3114 | ✅ 秒杀成功 | 耗时: 3865.61ms
2025/12/13 20:20:53.896791 [20:20:47.536] 用户3401 | ✅ 秒杀成功 | 耗时: 3871.10ms
2025/12/13 20:20:53.896792 [20:20:47.537] 用户2674 | ✅ 秒杀成功 | 耗时: 3870.42ms
2025/12/13 20:20:53.896793 [20:20:47.537] 用户1894 | ✅ 秒杀成功 | 耗时: 3859.06ms
2025/12/13 20:20:53.896795 [20:20:47.537] 用户1882 | ✅ 秒杀成功 | 耗时: 3859.37ms
2025/12/13 20:20:53.896796 [20:20:47.537] 用户3850 | ✅ 秒杀成功 | 耗时: 3891.56ms
2025/12/13 20:20:53.896797 [20:20:47.537] 用户3122 | ✅ 秒杀成功 | 耗时: 3869.99ms
2025/12/13 20:20:53.896799 [20:20:47.538] 用户2191 | ✅ 秒杀成功 | 耗时: 3870.93ms
2025/12/13 20:20:53.896800 [20:20:47.538] 用户2919 | ✅ 秒杀成功 | 耗时: 3871.18ms
2025/12/13 20:20:53.896801 [20:20:47.538] 用户1196 | ✅ 秒杀成功 | 耗时: 3860.15ms
2025/12/13 20:20:53.896803 [20:20:47.538] 用户3385 | ✅ 秒杀成功 | 耗时: 3868.14ms
2025/12/13 20:20:53.896804 [20:20:47.538] 用户1089 | ✅ 秒杀成功 | 耗时: 3851.18ms
2025/12/13 20:20:53.896805 [20:20:47.540] 用户2754 | ✅ 秒杀成功 | 耗时: 3846.04ms
2025/12/13 20:20:53.896807 [20:20:47.540] 用户8851 | ✅ 秒杀成功 | 耗时: 3823.40ms
2025/12/13 20:20:53.896808 [20:20:47.540] 用户1826 | ✅ 秒杀成功 | 耗时: 3865.18ms
2025/12/13 20:20:53.896810 [20:20:47.540] 用户1053 | ✅ 秒杀成功 | 耗时: 3855.84ms
2025/12/13 20:20:53.896811 [20:20:47.541] 用户4575 | ✅ 秒杀成功 | 耗时: 3896.01ms
2025/12/13 20:20:53.896812 [20:20:47.541] 用户1887 | ✅ 秒杀成功 | 耗时: 3863.38ms
2025/12/13 20:20:53.896814 [20:20:47.541] 用户1895 | ✅ 秒杀成功 | 耗时: 3863.40ms
2025/12/13 20:20:53.896815 [20:20:47.541] 用户1191 | ✅ 秒杀成功 | 耗时: 3863.67ms
2025/12/13 20:20:53.896816 [20:20:47.541] 用户3088 | ✅ 秒杀成功 | 耗时: 3875.23ms
2025/12/13 20:20:53.896818 [20:20:47.542] 用户1924 | ✅ 秒杀成功 | 耗时: 3864.85ms
2025/12/13 20:20:53.896819 [20:20:47.542] 用户3384 | ✅ 秒杀成功 | 耗时: 3872.34ms
2025/12/13 20:20:53.896820 [20:20:47.542] 用户3154 | ✅ 秒杀成功 | 耗时: 3877.74ms
2025/12/13 20:20:53.896822 [20:20:47.543] 用户3164 | ✅ 秒杀成功 | 耗时: 3877.96ms
2025/12/13 20:20:53.896823 [20:20:47.543] 用户3409 | ✅ 秒杀成功 | 耗时: 3878.26ms
2025/12/13 20:20:53.896824 [20:20:47.543] 用户3155 | ✅ 秒杀成功 | 耗时: 3878.42ms
2025/12/13 20:20:53.896826 [20:20:47.543] 用户3157 | ✅ 秒杀成功 | 耗时: 3878.70ms
2025/12/13 20:20:53.896827 [20:20:47.544] 用户8110 | ✅ 秒杀成功 | 耗时: 3826.77ms
2025/12/13 20:20:53.896828 [20:20:47.544] 用户3410 | ✅ 秒杀成功 | 耗时: 3879.12ms
2025/12/13 20:20:53.896830 [20:20:47.544] 用户10599 | ✅ 秒杀成功 | 耗时: 3866.25ms
2025/12/13 20:20:53.896831 [20:20:47.544] 用户765 | ✅ 秒杀成功 | 耗时: 3865.66ms
2025/12/13 20:20:53.896832 [20:20:47.544] 用户3411 | ✅ 秒杀成功 | 耗时: 3879.55ms
2025/12/13 20:20:53.896834 [20:20:47.544] 用户2730 | ✅ 秒杀成功 | 耗时: 3879.57ms
2025/12/13 20:20:53.896835 [20:20:47.544] 用户2598 | ✅ 秒杀成功 | 耗时: 3879.78ms
2025/12/13 20:20:53.896837 [20:20:47.544] 用户2718 | ✅ 秒杀成功 | 耗时: 3879.83ms
2025/12/13 20:20:53.896838 [20:20:47.544] 用户2715 | ✅ 秒杀成功 | 耗时: 3879.72ms
2025/12/13 20:20:53.896839 [20:20:47.545] 用户3412 | ✅ 秒杀成功 | 耗时: 3885.53ms
2025/12/13 20:20:53.896841 [20:20:47.545] 用户2706 | ✅ 秒杀成功 | 耗时: 3879.52ms
2025/12/13 20:20:53.896842 [20:20:47.545] 用户1872 | ✅ 秒杀成功 | 耗时: 3866.87ms
2025/12/13 20:20:53.896843 [20:20:47.545] 用户2913 | ✅ 秒杀成功 | 耗时: 3878.05ms
2025/12/13 20:20:53.896845 [20:20:47.545] 用户2721 | ✅ 秒杀成功 | 耗时: 3866.90ms
2025/12/13 20:20:53.896846 [20:20:47.545] 用户2912 | ✅ 秒杀成功 | 耗时: 3878.02ms
2025/12/13 20:20:53.896847 [20:20:47.545] 用户3161 | ✅ 秒杀成功 | 耗时: 3880.37ms
2025/12/13 20:20:53.896849 [20:20:47.545] 用户3422 | ✅ 秒杀成功 | 耗时: 3879.93ms
2025/12/13 20:20:53.896850 [20:20:47.545] 用户3148 | ✅ 秒杀成功 | 耗时: 3879.59ms
2025/12/13 20:20:53.896851 [20:20:47.545] 用户2833 | ✅ 秒杀成功 | 耗时: 3879.65ms
2025/12/13 20:20:53.896853 [20:20:47.545] 用户8788 | ✅ 秒杀成功 | 耗时: 3831.74ms
2025/12/13 20:20:53.896854 [20:20:47.545] 用户3085 | ✅ 秒杀成功 | 耗时: 3878.91ms
2025/12/13 20:20:53.896855 [20:20:47.545] 用户2701 | ✅ 秒杀成功 | 耗时: 3880.15ms
2025/12/13 20:20:53.896857 [20:20:47.545] 用户1031 | ✅ 秒杀成功 | 耗时: 3869.26ms
2025/12/13 20:20:53.896858 [20:20:47.545] 用户2834 | ✅ 秒杀成功 | 耗时: 3880.04ms
2025/12/13 20:20:53.896860 [20:20:47.545] 用户3399 | ✅ 秒杀成功 | 耗时: 3880.13ms
2025/12/13 20:20:53.896861 [20:20:47.546] 用户10608 | ✅ 秒杀成功 | 耗时: 3868.13ms
2025/12/13 20:20:53.896862 [20:20:47.546] 用户7850 | ✅ 秒杀成功 | 耗时: 3851.51ms
2025/12/13 20:20:53.896864 [20:20:47.546] 用户8730 | ✅ 秒杀成功 | 耗时: 3853.66ms
2025/12/13 20:20:53.896865 [20:20:47.547] 用户8260 | ✅ 秒杀成功 | 耗时: 3829.74ms
2025/12/13 20:20:53.896866 [20:20:47.547] 用户2697 | ✅ 秒杀成功 | 耗时: 3881.20ms
2025/12/13 20:20:53.896868 [20:20:47.547] 用户10606 | ✅ 秒杀成功 | 耗时: 3869.25ms
2025/12/13 20:20:53.896869 [20:20:47.547] 用户2681 | ✅ 秒杀成功 | 耗时: 3881.25ms
2025/12/13 20:20:53.896871 [20:20:47.547] 用户717 | ✅ 秒杀成功 | 耗时: 3868.84ms
2025/12/13 20:20:53.896872 [20:20:47.547] 用户4770 | ✅ 秒杀成功 | 耗时: 3907.49ms
2025/12/13 20:20:53.896873 [20:20:47.547] 用户2184 | ✅ 秒杀成功 | 耗时: 3852.85ms
2025/12/13 20:20:53.896875 [20:20:47.547] 用户1880 | ✅ 秒杀成功 | 耗时: 3869.88ms
2025/12/13 20:20:53.896876 [20:20:47.547] 用户3392 | ✅ 秒杀成功 | 耗时: 3880.95ms
2025/12/13 20:20:53.896877 [20:20:47.547] 用户1147 | ✅ 秒杀成功 | 耗时: 3873.73ms
2025/12/13 20:20:53.896879 [20:20:47.547] 用户8131 | ✅ 秒杀成功 | 耗时: 3830.58ms
2025/12/13 20:20:53.896880 [20:20:47.548] 用户1197 | ✅ 秒杀成功 | 耗时: 3870.59ms
2025/12/13 20:20:53.896881 [20:20:47.548] 用户2830 | ✅ 秒杀成功 | 耗时: 3878.33ms
2025/12/13 20:20:53.896883 [20:20:47.548] 用户2696 | ✅ 秒杀成功 | 耗时: 3882.82ms
2025/12/13 20:20:53.896884 [20:20:47.548] 用户3108 | ✅ 秒杀成功 | 耗时: 3882.12ms
2025/12/13 20:20:53.896886 [20:20:47.548] 用户3404 | ✅ 秒杀成功 | 耗时: 3883.45ms
2025/12/13 20:20:53.896887 [20:20:47.549] 用户2501 | ✅ 秒杀成功 | 耗时: 3874.45ms
2025/12/13 20:20:53.896889 [20:20:47.549] 用户3126 | ✅ 秒杀成功 | 耗时: 3883.03ms
2025/12/13 20:20:53.896890 [20:20:47.550] 用户2832 | ✅ 秒杀成功 | 耗时: 3884.88ms
2025/12/13 20:20:53.896891 [20:20:47.550] 用户10061 | ✅ 秒杀成功 | 耗时: 3862.84ms
2025/12/13 20:20:53.896893 [20:20:47.551] 用户3719 | ✅ 秒杀成功 | 耗时: 3902.07ms
2025/12/13 20:20:53.896894 [20:20:47.551] 用户10633 | ✅ 秒杀成功 | 耗时: 3674.89ms
2025/12/13 20:20:53.896895 [20:20:47.551] 用户3130 | ✅ 秒杀成功 | 耗时: 3885.29ms
2025/12/13 20:20:53.896897 [20:20:47.552] 用户10601 | ✅ 秒杀成功 | 耗时: 3874.74ms
2025/12/13 20:20:53.896898 [20:20:47.552] 用户904 | ✅ 秒杀成功 | 耗时: 3850.14ms
2025/12/13 20:20:53.896899 [20:20:47.553] 用户8167 | ✅ 秒杀成功 | 耗时: 3835.81ms
2025/12/13 20:20:53.896901 [20:20:47.553] 用户10460 | ✅ 秒杀成功 | 耗时: 3875.50ms
2025/12/13 20:20:53.896902 [20:20:47.556] 用户2712 | ✅ 秒杀成功 | 耗时: 3891.57ms
2025/12/13 20:20:53.896904 [20:20:47.561] 用户1923 | ✅ 秒杀成功 | 耗时: 3883.39ms
2025/12/13 20:20:53.896905 [20:20:47.561] 用户7580 | ✅ 秒杀成功 | 耗时: 3841.93ms
2025/12/13 20:20:53.896906 [20:20:47.562] 用户8747 | ✅ 秒杀成功 | 耗时: 3847.93ms
2025/12/13 20:20:53.896908 [20:20:47.562] 用户3090 | ✅ 秒杀成功 | 耗时: 3895.78ms
2025/12/13 20:20:53.896909 [20:20:47.562] 用户3633 | ✅ 秒杀成功 | 耗时: 3897.60ms
2025/12/13 20:20:53.896910 [20:20:47.562] 用户2214 | ✅ 秒杀成功 | 耗时: 3884.05ms
2025/12/13 20:20:53.896912 [20:20:47.601] 用户2835 | ✅ 秒杀成功 | 耗时: 3935.76ms
2025/12/13 20:20:53.896913 [20:20:47.602] 用户8224 | ✅ 秒杀成功 | 耗时: 3885.06ms
2025/12/13 20:20:53.896914 [20:20:47.602] 用户829 | ✅ 秒杀成功 | 耗时: 3918.27ms
2025/12/13 20:20:53.896916 [20:20:47.602] 用户3299 | ✅ 秒杀成功 | 耗时: 3908.42ms
2025/12/13 20:20:53.896917 [20:20:47.603] 用户4682 | ✅ 秒杀成功 | 耗时: 3957.91ms
2025/12/13 20:20:53.896919 [20:20:47.603] 用户8483 | ✅ 秒杀成功 | 耗时: 3885.92ms
2025/12/13 20:20:53.896920 [20:20:47.603] 用户3419 | ✅ 秒杀成功 | 耗时: 3944.75ms
2025/12/13 20:20:53.896921 [20:20:47.604] 用户2907 | ✅ 秒杀成功 | 耗时: 3934.75ms
2025/12/13 20:20:53.896923 [20:20:47.604] 用户2675 | ✅ 秒杀成功 | 耗时: 3938.25ms
2025/12/13 20:20:53.896924 [20:20:47.604] 用户3400 | ✅ 秒杀成功 | 耗时: 3939.15ms
2025/12/13 20:20:53.896925 [20:20:47.605] 用户8428 | ✅ 秒杀成功 | 耗时: 3887.21ms
2025/12/13 20:20:53.896927 [20:20:47.605] 用户3389 | ✅ 秒杀成功 | 耗时: 3936.59ms
2025/12/13 20:20:53.896928 [20:20:47.605] 用户3120 | ✅ 秒杀成功 | 耗时: 3936.86ms
2025/12/13 20:20:53.896929 [20:20:47.605] 用户10605 | ✅ 秒杀成功 | 耗时: 3927.78ms
2025/12/13 20:20:53.896931 [20:20:47.605] 用户5096 | ✅ 秒杀成功 | 耗时: 3964.49ms
2025/12/13 20:20:53.896932 [20:20:47.605] 用户3070 | ✅ 秒杀成功 | 耗时: 3933.46ms
2025/12/13 20:20:53.896933 [20:20:47.606] 用户3388 | ✅ 秒杀成功 | 耗时: 3936.83ms
2025/12/13 20:20:53.896935 [20:20:47.606] 用户4484 | ✅ 秒杀成功 | 耗时: 3962.76ms
2025/12/13 20:20:53.896936 [20:20:47.606] 用户3119 | ✅ 秒杀成功 | 耗时: 3935.84ms
2025/12/13 20:20:53.896937 [20:20:47.606] 用户3386 | ✅ 秒杀成功 | 耗时: 3936.98ms
2025/12/13 20:20:53.896939 [20:20:47.606] 用户2665 | ✅ 秒杀成功 | 耗时: 3934.45ms
2025/12/13 20:20:53.896940 [20:20:47.606] 用户1925 | ✅ 秒杀成功 | 耗时: 3928.98ms
2025/12/13 20:20:53.896941 [20:20:47.607] 用户3705 | ✅ 秒杀成功 | 耗时: 3956.76ms
2025/12/13 20:20:53.896943 [20:20:47.607] 用户8210 | ✅ 秒杀成功 | 耗时: 3889.53ms
2025/12/13 20:20:53.896945 [20:20:47.607] 用户3132 | ✅ 秒杀成功 | 耗时: 3940.77ms
2025/12/13 20:20:53.896946 [20:20:47.607] 用户3625 | ✅ 秒杀成功 | 耗时: 3942.52ms
2025/12/13 20:20:53.896948 [20:20:47.607] 用户4421 | ✅ 秒杀成功 | 耗时: 3958.95ms
2025/12/13 20:20:53.896949 [20:20:47.607] 用户3017 | ✅ 秒杀成功 | 耗时: 3912.13ms
2025/12/13 20:20:53.896950 [20:20:47.607] 用户10624 | ✅ 秒杀成功 | 耗时: 3911.82ms
2025/12/13 20:20:53.896952 [20:20:47.607] 用户1916 | ✅ 秒杀成功 | 耗时: 3928.59ms
2025/12/13 20:20:53.896953 [20:20:47.607] 用户496 | ✅ 秒杀成功 | 耗时: 3923.82ms
2025/12/13 20:20:53.896955 [20:20:47.607] 用户4223 | ✅ 秒杀成功 | 耗时: 3967.30ms
2025/12/13 20:20:53.896956 [20:20:47.607] 用户147 | ✅ 秒杀成功 | 耗时: 3888.14ms
2025/12/13 20:20:53.896957 [20:20:47.607] 用户1326 | ✅ 秒杀成功 | 耗时: 3927.96ms
2025/12/13 20:20:53.896959 [20:20:47.607] 用户3098 | ✅ 秒杀成功 | 耗时: 3943.99ms
2025/12/13 20:20:53.896960 [20:20:47.607] 用户2926 | ✅ 秒杀成功 | 耗时: 3944.24ms
2025/12/13 20:20:53.896962 [20:20:47.607] 用户3173 | ✅ 秒杀成功 | 耗时: 3943.59ms
2025/12/13 20:20:53.896963 [20:20:47.607] 用户1975 | ✅ 秒杀成功 | 耗时: 3924.75ms
2025/12/13 20:20:53.896964 [20:20:47.607] 用户3177 | ✅ 秒杀成功 | 耗时: 3943.64ms
2025/12/13 20:20:53.896966 [20:20:47.607] 用户9498 | ✅ 秒杀成功 | 耗时: 3895.26ms
2025/12/13 20:20:53.896967 [20:20:47.607] 用户3093 | ✅ 秒杀成功 | 耗时: 3943.94ms
2025/12/13 20:20:53.896968 [20:20:47.607] 用户3142 | ✅ 秒杀成功 | 耗时: 3943.12ms
2025/12/13 20:20:53.896970 [20:20:47.607] 用户8784 | ✅ 秒杀成功 | 耗时: 3894.09ms
2025/12/13 20:20:53.896971 [20:20:47.608] 用户3140 | ✅ 秒杀成功 | 耗时: 3943.20ms
2025/12/13 20:20:53.896972 [20:20:47.608] 用户8427 | ✅ 秒杀成功 | 耗时: 3890.05ms
2025/12/13 20:20:53.896974 [20:20:47.608] 用户3176 | ✅ 秒杀成功 | 耗时: 3944.02ms
2025/12/13 20:20:53.896975 [20:20:47.608] 用户8928 | ✅ 秒杀成功 | 耗时: 3893.79ms
2025/12/13 20:20:53.896976 [20:20:47.608] 用户8474 | ✅ 秒杀成功 | 耗时: 3890.00ms
2025/12/13 20:20:53.896978 [20:20:47.608] 用户4052 | ✅ 秒杀成功 | 耗时: 3956.69ms
2025/12/13 20:20:53.896979 [20:20:47.608] 用户7293 | ✅ 秒杀成功 | 耗时: 3889.58ms
2025/12/13 20:20:53.896980 [20:20:47.608] 用户7579 | ✅ 秒杀成功 | 耗时: 3888.14ms
2025/12/13 20:20:53.896982 [20:20:47.608] 用户7797 | ✅ 秒杀成功 | 耗时: 3889.16ms
2025/12/13 20:20:53.896983 [20:20:47.608] 用户1023 | ✅ 秒杀成功 | 耗时: 3914.63ms
2025/12/13 20:20:53.896984 [20:20:47.608] 用户2945 | ✅ 秒杀成功 | 耗时: 3947.81ms
2025/12/13 20:20:53.896987 [20:20:47.608] 用户2938 | ✅ 秒杀成功 | 耗时: 3946.12ms
2025/12/13 20:20:53.896988 [20:20:47.608] 用户10213 | ✅ 秒杀成功 | 耗时: 3900.89ms
2025/12/13 20:20:53.896990 [20:20:47.609] 用户2936 | ✅ 秒杀成功 | 耗时: 3946.97ms
2025/12/13 20:20:53.896991 [20:20:47.611] 用户8633 | ✅ 秒杀成功 | 耗时: 3897.97ms
2025/12/13 20:20:53.896993 [20:20:47.611] 用户3153 | ✅ 秒杀成功 | 耗时: 3946.36ms
2025/12/13 20:20:53.896994 [20:20:47.611] 用户8148 | ✅ 秒杀成功 | 耗时: 3894.11ms
2025/12/13 20:20:53.896995 [20:20:47.611] 用户2691 | ✅ 秒杀成功 | 耗时: 3945.74ms
2025/12/13 20:20:53.896997 [20:20:47.616] 用户1899 | ✅ 秒杀成功 | 耗时: 3938.40ms
2025/12/13 20:20:53.896998 [20:20:47.618] 用户5373 | ✅ 秒杀成功 | 耗时: 3977.98ms
2025/12/13 20:20:53.896999 [20:20:47.618] 用户10607 | ✅ 秒杀成功 | 耗时: 3940.42ms
2025/12/13 20:20:53.897001 [20:20:47.619] 用户2592 | ✅ 秒杀成功 | 耗时: 3947.87ms
2025/12/13 20:20:53.897002 [20:20:47.620] 用户3129 | ✅ 秒杀成功 | 耗时: 3953.66ms
2025/12/13 20:20:53.897003 [20:20:47.620] 用户1871 | ✅ 秒杀成功 | 耗时: 3942.00ms
2025/12/13 20:20:53.897005 [20:20:47.620] 用户3080 | ✅ 秒杀成功 | 耗时: 3949.03ms
2025/12/13 20:20:53.897006 [20:20:47.620] 用户3089 | ✅ 秒杀成功 | 耗时: 3953.88ms
2025/12/13 20:20:53.897007 [20:20:47.620] 用户2596 | ✅ 秒杀成功 | 耗时: 3948.94ms
2025/12/13 20:20:53.897009 [20:20:47.620] 用户3106 | ✅ 秒杀成功 | 耗时: 3953.94ms
2025/12/13 20:20:53.897010 [20:20:47.620] 用户2461 | ✅ 秒杀成功 | 耗时: 3947.81ms
2025/12/13 20:20:53.897012 [20:20:47.620] 用户2668 | ✅ 秒杀成功 | 耗时: 3948.32ms
2025/12/13 20:20:53.897013 [20:20:47.620] 用户1886 | ✅ 秒杀成功 | 耗时: 3942.51ms
2025/12/13 20:20:53.897014 [20:20:47.620] 用户1892 | ✅ 秒杀成功 | 耗时: 3942.57ms
2025/12/13 20:20:53.897016 [20:20:47.620] 用户2911 | ✅ 秒杀成功 | 耗时: 3953.71ms
2025/12/13 20:20:53.897017 [20:20:47.620] 用户1901 | ✅ 秒杀成功 | 耗时: 3942.82ms
2025/12/13 20:20:53.897018 [20:20:47.621] 用户2680 | ✅ 秒杀成功 | 耗时: 3954.73ms
2025/12/13 20:20:53.897020 [20:20:47.621] 用户188 | ✅ 秒杀成功 | 耗时: 3933.83ms
2025/12/13 20:20:53.897021 [20:20:47.622] 用户10615 | ✅ 秒杀成功 | 耗时: 3944.08ms
2025/12/13 20:20:53.897023 [20:20:47.623] 用户3406 | ✅ 秒杀成功 | 耗时: 3958.26ms
2025/12/13 20:20:53.897024 [20:20:47.623] 用户8568 | ✅ 秒杀成功 | 耗时: 3928.52ms
2025/12/13 20:20:53.897025 [20:20:47.623] 用户2711 | ✅ 秒杀成功 | 耗时: 3958.37ms
2025/12/13 20:20:53.897027 [20:20:47.623] 用户531 | ✅ 秒杀成功 | 耗时: 3939.72ms
2025/12/13 20:20:53.897028 [20:20:47.623] 用户7571 | ✅ 秒杀成功 | 耗时: 3903.70ms
2025/12/13 20:20:53.897029 [20:20:47.623] 用户2840 | ✅ 秒杀成功 | 耗时: 3958.11ms
2025/12/13 20:20:53.897031 [20:20:47.623] 用户2695 | ✅ 秒杀成功 | 耗时: 3957.72ms
2025/12/13 20:20:53.897032 [20:20:47.623] 用户2693 | ✅ 秒杀成功 | 耗时: 3957.72ms
2025/12/13 20:20:53.897033 [20:20:47.624] 用户3083 | ✅ 秒杀成功 | 耗时: 3957.22ms
2025/12/13 20:20:53.897035 [20:20:47.624] 用户2839 | ✅ 秒杀成功 | 耗时: 3958.63ms
2025/12/13 20:20:53.897036 [20:20:47.624] 用户158 | ✅ 秒杀成功 | 耗时: 3904.97ms
2025/12/13 20:20:53.897037 [20:20:47.624] 用户2686 | ✅ 秒杀成功 | 耗时: 3958.35ms
2025/12/13 20:20:53.897039 [20:20:47.624] 用户2824 | ✅ 秒杀成功 | 耗时: 3930.02ms
2025/12/13 20:20:53.897040 [20:20:47.624] 用户931 | ✅ 秒杀成功 | 耗时: 3924.27ms
2025/12/13 20:20:53.897041 [20:20:47.624] 用户2560 | ✅ 秒杀成功 | 耗时: 3904.55ms
2025/12/13 20:20:53.897043 [20:20:47.624] 用户9526 | ✅ 秒杀成功 | 耗时: 3925.79ms
2025/12/13 20:20:53.897044 [20:20:47.624] 用户3147 | ✅ 秒杀成功 | 耗时: 3958.63ms
2025/12/13 20:20:53.897046 [20:20:47.624] 用户1157 | ✅ 秒杀成功 | 耗时: 3950.82ms
2025/12/13 20:20:53.897047 [20:20:47.624] 用户2837 | ✅ 秒杀成功 | 耗时: 3959.08ms
2025/12/13 20:20:53.897048 [20:20:47.624] 用户3065 | ✅ 秒杀成功 | 耗时: 3952.26ms
2025/12/13 20:20:53.897050 [20:20:47.625] 用户3174 | ✅ 秒杀成功 | 耗时: 3961.09ms
2025/12/13 20:20:53.897051 [20:20:47.625] 用户2077 | ✅ 秒杀成功 | 耗时: 3945.57ms
2025/12/13 20:20:53.897052 [20:20:47.625] 用户272 | ✅ 秒杀成功 | 耗时: 3942.06ms
2025/12/13 20:20:53.897054 [20:20:47.625] 用户9067 | ✅ 秒杀成功 | 耗时: 3921.16ms
2025/12/13 20:20:53.897055 [20:20:47.625] 用户3151 | ✅ 秒杀成功 | 耗时: 3959.78ms
2025/12/13 20:20:53.897056 [20:20:47.625] 用户3405 | ✅ 秒杀成功 | 耗时: 3959.82ms
2025/12/13 20:20:53.897058 [20:20:47.625] 用户2841 | ✅ 秒杀成功 | 耗时: 3959.88ms
2025/12/13 20:20:53.897059 [20:20:47.625] 用户3407 | ✅ 秒杀成功 | 耗时: 3960.01ms
2025/12/13 20:20:53.897060 [20:20:47.625] 用户3182 | ✅ 秒杀成功 | 耗时: 3961.39ms
2025/12/13 20:20:53.897062 [20:20:47.625] 用户2708 | ✅ 秒杀成功 | 耗时: 3959.92ms
2025/12/13 20:20:53.897063 [20:20:47.625] 用户7212 | ✅ 秒杀成功 | 耗时: 3905.46ms
2025/12/13 20:20:53.897065 [20:20:47.626] 用户2600 | ✅ 秒杀成功 | 耗时: 3961.47ms
2025/12/13 20:20:53.897066 [20:20:47.627] 用户1502 | ✅ 秒杀成功 | 耗时: 3948.99ms
2025/12/13 20:20:53.897067 [20:20:47.627] 用户8470 | ✅ 秒杀成功 | 耗时: 3909.43ms
2025/12/13 20:20:53.897069 [20:20:47.627] 用户9584 | ✅ 秒杀成功 | 耗时: 3915.92ms
2025/12/13 20:20:53.897070 [20:20:47.628] 用户2934 | ✅ 秒杀成功 | 耗时: 3964.96ms
2025/12/13 20:20:53.897071 [20:20:47.628] 用户8502 | ✅ 秒杀成功 | 耗时: 3910.74ms
2025/12/13 20:20:53.897073 [20:20:47.628] 用户3179 | ✅ 秒杀成功 | 耗时: 3964.61ms
2025/12/13 20:20:53.897074 [20:20:47.628] 用户2920 | ✅ 秒杀成功 | 耗时: 3961.91ms
2025/12/13 20:20:53.897075 [20:20:47.628] 用户1173 | ✅ 秒杀成功 | 耗时: 3950.69ms
2025/12/13 20:20:53.897077 [20:20:47.628] 用户2481 | ✅ 秒杀成功 | 耗时: 3945.75ms
2025/12/13 20:20:53.897078 [20:20:47.629] 用户1103 | ✅ 秒杀成功 | 耗时: 3944.15ms
2025/12/13 20:20:53.897079 [20:20:47.629] 用户9519 | ✅ 秒杀成功 | 耗时: 3945.88ms
2025/12/13 20:20:53.897081 [20:20:47.629] 用户4732 | ✅ 秒杀成功 | 耗时: 3987.72ms
2025/12/13 20:20:53.897082 [20:20:47.629] 用户2921 | ✅ 秒杀成功 | 耗时: 3962.54ms
2025/12/13 20:20:53.897084 [20:20:47.629] 用户3086 | ✅ 秒杀成功 | 耗时: 3962.47ms
2025/12/13 20:20:53.897085 [20:20:47.629] 用户3396 | ✅ 秒杀成功 | 耗时: 3962.65ms
2025/12/13 20:20:53.897086 [20:20:47.629] 用户2673 | ✅ 秒杀成功 | 耗时: 3962.70ms
2025/12/13 20:20:53.897088 [20:20:47.629] 用户2562 | ✅ 秒杀成功 | 耗时: 3950.04ms
2025/12/13 20:20:53.897089 [20:20:47.629] 用户2684 | ✅ 秒杀成功 | 耗时: 3963.06ms
2025/12/13 20:20:53.897090 [20:20:47.629] 用户2670 | ✅ 秒杀成功 | 耗时: 3958.13ms
2025/12/13 20:20:53.897092 [20:20:47.629] 用户10453 | ✅ 秒杀成功 | 耗时: 3954.25ms
2025/12/13 20:20:53.897093 [20:20:47.629] 用户2595 | ✅ 秒杀成功 | 耗时: 3957.98ms
2025/12/13 20:20:53.897094 [20:20:47.629] 用户3073 | ✅ 秒杀成功 | 耗时: 3957.49ms
2025/12/13 20:20:53.897096 [20:20:47.629] 用户2653 | ✅ 秒杀成功 | 耗时: 3956.87ms
2025/12/13 20:20:53.897097 [20:20:47.629] 用户1194 | ✅ 秒杀成功 | 耗时: 3951.51ms
2025/12/13 20:20:53.897099 [20:20:47.629] 用户10597 | ✅ 秒杀成功 | 耗时: 3951.45ms
2025/12/13 20:20:53.897100 [20:20:47.629] 用户3079 | ✅ 秒杀成功 | 耗时: 3962.47ms
2025/12/13 20:20:53.897101 [20:20:47.629] 用户2915 | ✅ 秒杀成功 | 耗时: 3962.63ms
2025/12/13 20:20:53.897103 [20:20:47.629] 用户2694 | ✅ 秒杀成功 | 耗时: 3958.54ms
2025/12/13 20:20:53.897104 [20:20:47.629] 用户3387 | ✅ 秒杀成功 | 耗时: 3960.55ms
2025/12/13 20:20:53.897105 [20:20:47.630] 用户2847 | ✅ 秒杀成功 | 耗时: 3966.16ms
2025/12/13 20:20:53.897107 [20:20:47.630] 用户4772 | ✅ 秒杀成功 | 耗时: 3990.18ms
2025/12/13 20:20:53.897108 [20:20:47.630] 用户3144 | ✅ 秒杀成功 | 耗时: 3966.17ms
2025/12/13 20:20:53.897109 [20:20:47.630] 用户9140 | ✅ 秒杀成功 | 耗时: 3926.55ms
2025/12/13 20:20:53.897111 [20:20:47.630] 用户2726 | ✅ 秒杀成功 | 耗时: 3952.81ms
2025/12/13 20:20:53.897112 [20:20:47.630] 用户3082 | ✅ 秒杀成功 | 耗时: 3963.85ms
2025/12/13 20:20:53.897113 [20:20:47.630] 用户3979 | ✅ 秒杀成功 | 耗时: 3864.37ms
2025/12/13 20:20:53.897115 [20:20:47.630] 用户3128 | ✅ 秒杀成功 | 耗时: 3964.33ms
2025/12/13 20:20:53.897116 [20:20:47.630] 用户3068 | ✅ 秒杀成功 | 耗时: 3958.49ms
2025/12/13 20:20:53.897117 [20:20:47.630] 用户7919 | ✅ 秒杀成功 | 耗时: 3913.01ms
2025/12/13 20:20:53.897119 [20:20:47.630] 用户8573 | ✅ 秒杀成功 | 耗时: 3917.82ms
2025/12/13 20:20:53.897120 [20:20:47.630] 用户10702 | ✅ 秒杀成功 | 耗时: 3927.68ms
2025/12/13 20:20:53.897122 [20:20:47.631] 用户10350 | ✅ 秒杀成功 | 耗时: 3946.18ms
2025/12/13 20:20:53.897123 [20:20:47.631] 用户9251 | ✅ 秒杀成功 | 耗时: 3876.31ms
2025/12/13 20:20:53.897124 [20:20:47.631] 用户8339 | ✅ 秒杀成功 | 耗时: 3912.54ms
2025/12/13 20:20:53.897126 [20:20:47.631] 用户8481 | ✅ 秒杀成功 | 耗时: 3913.09ms
2025/12/13 20:20:53.897127 [20:20:47.631] 用户8535 | ✅ 秒杀成功 | 耗时: 3943.57ms
2025/12/13 20:20:53.897128 [20:20:47.631] 用户7223 | ✅ 秒杀成功 | 耗时: 3936.98ms
2025/12/13 20:20:53.897130 [20:20:47.631] 用户9426 | ✅ 秒杀成功 | 耗时: 3951.79ms
2025/12/13 20:20:53.897131 [20:20:47.631] 用户8435 | ✅ 秒杀成功 | 耗时: 3913.16ms
2025/12/13 20:20:53.897132 [20:20:47.631] 用户1900 | ✅ 秒杀成功 | 耗时: 3953.04ms
2025/12/13 20:20:53.897134 [20:20:47.631] 用户3756 | ✅ 秒杀成功 | 耗时: 3982.72ms
2025/12/13 20:20:53.897135 [20:20:47.631] 用户2291 | ✅ 秒杀成功 | 耗时: 3897.75ms
2025/12/13 20:20:53.897136 [20:20:47.631] 用户2155 | ✅ 秒杀成功 | 耗时: 3956.04ms
2025/12/13 20:20:53.897138 [20:20:47.631] 用户3125 | ✅ 秒杀成功 | 耗时: 3964.31ms
2025/12/13 20:20:53.897139 [20:20:47.631] 用户9728 | ✅ 秒杀成功 | 耗时: 3955.67ms
2025/12/13 20:20:53.897140 [20:20:47.631] 用户3629 | ✅ 秒杀成功 | 耗时: 3966.59ms
2025/12/13 20:20:53.897142 [20:20:47.631] 用户4229 | ✅ 秒杀成功 | 耗时: 3991.01ms
2025/12/13 20:20:53.897143 [20:20:47.631] 用户2271 | ✅ 秒杀成功 | 耗时: 3953.08ms
2025/12/13 20:20:53.897144 [20:20:47.631] 用户8433 | ✅ 秒杀成功 | 耗时: 3913.22ms
2025/12/13 20:20:53.897146 [20:20:47.631] 用户1898 | ✅ 秒杀成功 | 耗时: 3953.30ms
2025/12/13 20:20:53.897147 [20:20:47.631] 用户3117 | ✅ 秒杀成功 | 耗时: 3960.36ms
2025/12/13 20:20:53.897149 [20:20:47.631] 用户3110 | ✅ 秒杀成功 | 耗时: 3965.42ms
2025/12/13 20:20:53.897150 [20:20:47.631] 用户2248 | ✅ 秒杀成功 | 耗时: 3953.74ms
2025/12/13 20:20:53.897151 [20:20:47.631] 用户2698 | ✅ 秒杀成功 | 耗时: 3966.05ms
2025/12/13 20:20:53.897153 [20:20:47.631] 用户1881 | ✅ 秒杀成功 | 耗时: 3953.96ms
2025/12/13 20:20:53.897154 [20:20:47.633] 用户2709 | ✅ 秒杀成功 | 耗时: 3967.95ms
2025/12/13 20:20:53.897155 [20:20:47.635] 用户3076 | ✅ 秒杀成功 | 耗时: 3963.89ms
2025/12/13 20:20:53.897157 [20:20:47.635] 用户1876 | ✅ 秒杀成功 | 耗时: 3958.03ms
2025/12/13 20:20:53.897158 [20:20:47.636] 用户3156 | ✅ 秒杀成功 | 耗时: 3969.82ms
2025/12/13 20:20:53.897159 [20:20:47.636] 用户3123 | ✅ 秒杀成功 | 耗时: 3968.92ms
2025/12/13 20:20:53.897160 [20:20:47.642] 用户3043 | ✅ 秒杀成功 | 耗时: 3875.14ms
2025/12/13 20:20:53.897162 [20:20:47.644] 用户3150 | ✅ 秒杀成功 | 耗时: 3979.40ms
2025/12/13 20:20:53.897163 [20:20:47.645] 用户7800 | ✅ 秒杀成功 | 耗时: 3927.18ms
2025/12/13 20:20:53.897165 [20:20:47.647] 用户1897 | ✅ 秒杀成功 | 耗时: 3968.88ms
2025/12/13 20:20:53.897166 [20:20:47.647] 用户3081 | ✅ 秒杀成功 | 耗时: 3980.32ms
2025/12/13 20:20:53.897167 [20:20:47.647] 用户3091 | ✅ 秒杀成功 | 耗时: 3983.60ms
2025/12/13 20:20:53.897169 [20:20:47.647] 用户3131 | ✅ 秒杀成功 | 耗时: 3981.44ms
2025/12/13 20:20:53.897170 [20:20:47.648] 用户10602 | ✅ 秒杀成功 | 耗时: 3970.25ms
2025/12/13 20:20:53.897172 [20:20:47.649] 用户3382 | ✅ 秒杀成功 | 耗时: 3978.80ms
2025/12/13 20:20:53.897173 [20:20:47.649] 用户2838 | ✅ 秒杀成功 | 耗时: 3983.58ms
2025/12/13 20:20:53.897174 [20:20:47.651] 用户2725 | ✅ 秒杀成功 | 耗时: 3973.77ms
2025/12/13 20:20:53.897176 [20:20:47.652] 用户2914 | ✅ 秒杀成功 | 耗时: 3985.12ms
2025/12/13 20:20:53.897177 [20:20:47.653] 用户3557 | ✅ 秒杀成功 | 耗时: 3888.39ms
2025/12/13 20:20:53.897178 [20:20:47.653] 用户9794 | ✅ 秒杀成功 | 耗时: 3940.61ms
2025/12/13 20:20:53.897180 [20:20:47.654] 用户2683 | ✅ 秒杀成功 | 耗时: 3988.13ms
2025/12/13 20:20:53.897181 [20:20:47.654] 用户3092 | ✅ 秒杀成功 | 耗时: 3987.50ms
2025/12/13 20:20:53.897182 [20:20:47.654] 用户1922 | ✅ 秒杀成功 | 耗时: 3976.97ms
2025/12/13 20:20:53.897184 [20:20:47.656] 用户2663 | ✅ 秒杀成功 | 耗时: 3984.57ms
2025/12/13 20:20:53.897185 [20:20:47.656] 用户2704 | ✅ 秒杀成功 | 耗时: 3991.13ms
2025/12/13 20:20:53.897188 [20:20:47.656] 用户3149 | ✅ 秒杀成功 | 耗时: 3991.25ms
2025/12/13 20:20:53.897189 [20:20:47.656] 用户3402 | ✅ 秒杀成功 | 耗时: 3991.33ms
2025/12/13 20:20:53.897190 [20:20:47.657] 用户3999 | ✅ 秒杀成功 | 耗时: 3819.87ms
2025/12/13 20:20:53.897192 [20:20:47.659] 用户3403 | ✅ 秒杀成功 | 耗时: 3993.43ms
2025/12/13 20:20:53.897193 [20:20:47.659] 用户2690 | ✅ 秒杀成功 | 耗时: 3993.27ms
2025/12/13 20:20:53.897194 [20:20:47.659] 用户2599 | ✅ 秒杀成功 | 耗时: 3993.33ms
2025/12/13 20:20:53.897196 [20:20:47.660] 用户10598 | ✅ 秒杀成功 | 耗时: 3982.74ms
2025/12/13 20:20:53.897197 [20:20:47.694] 用户4043 | ✅ 秒杀成功 | 耗时: 4042.47ms
2025/12/13 20:20:53.897199 [20:20:47.694] 用户1151 | ✅ 秒杀成功 | 耗时: 3975.40ms
2025/12/13 20:20:53.897200 [20:20:47.695] 用户2707 | ✅ 秒杀成功 | 耗时: 4029.62ms
2025/12/13 20:20:53.897201 [20:20:47.695] 用户8652 | ✅ 秒杀成功 | 耗时: 3981.53ms
2025/12/13 20:20:53.897203 [20:20:47.695] 用户10555 | ✅ 秒杀成功 | 耗时: 4016.54ms
2025/12/13 20:20:53.897204 [20:20:47.695] 用户779 | ✅ 秒杀成功 | 耗时: 4016.82ms
2025/12/13 20:20:53.897205 [20:20:47.695] 用户2315 | ✅ 秒杀成功 | 耗时: 3975.50ms
2025/12/13 20:20:53.897207 [20:20:47.695] 用户7803 | ✅ 秒杀成功 | 耗时: 3977.88ms
2025/12/13 20:20:53.897208 [20:20:47.695] 用户1831 | ✅ 秒杀成功 | 耗时: 3849.83ms
2025/12/13 20:20:53.897209 [20:20:47.695] 用户2739 | ✅ 秒杀成功 | 耗时: 3875.04ms
2025/12/13 20:20:53.897215 [20:20:47.696] 用户4085 | ✅ 秒杀成功 | 耗时: 4047.85ms
2025/12/13 20:20:53.897217 [20:20:47.697] 用户9869 | ✅ 秒杀成功 | 耗时: 3989.92ms
2025/12/13 20:20:53.897219 [20:20:47.697] 用户393 | ✅ 秒杀成功 | 耗时: 4009.69ms
2025/12/13 20:20:53.897220 [20:20:47.697] 用户1021 | ✅ 秒杀成功 | 耗时: 4010.58ms
2025/12/13 20:20:53.897221 [20:20:47.697] 用户10329 | ✅ 秒杀成功 | 耗时: 4082.14ms
2025/12/13 20:20:53.897223 [20:20:47.697] 用户8473 | ✅ 秒杀成功 | 耗时: 3979.88ms
2025/12/13 20:20:53.897224 [20:20:47.697] 用户3105 | ✅ 秒杀成功 | 耗时: 4031.15ms
2025/12/13 20:20:53.897225 [20:20:47.698] 用户8430 | ✅ 秒杀成功 | 耗时: 3980.34ms
2025/12/13 20:20:53.897227 [20:20:47.698] 用户8149 | ✅ 秒杀成功 | 耗时: 3980.93ms
2025/12/13 20:20:53.897228 [20:20:47.698] 用户9730 | ✅ 秒杀成功 | 耗时: 3984.36ms
2025/12/13 20:20:53.897229 [20:20:47.698] 用户7534 | ✅ 秒杀成功 | 耗时: 3979.92ms
2025/12/13 20:20:53.897231 [20:20:47.699] 用户9919 | ✅ 秒杀成功 | 耗时: 3987.27ms
2025/12/13 20:20:53.897232 [20:20:47.699] 用户9143 | ✅ 秒杀成功 | 耗时: 3995.34ms
2025/12/13 20:20:53.897234 [20:20:47.699] 用户9783 | ✅ 秒杀成功 | 耗时: 4023.17ms
2025/12/13 20:20:53.897235 [20:20:47.699] 用户2892 | ✅ 秒杀成功 | 耗时: 4006.77ms
2025/12/13 20:20:53.897236 [20:20:47.699] 用户8814 | ✅ 秒杀成功 | 耗时: 3980.00ms
2025/12/13 20:20:53.897238 [20:20:47.699] 用户8478 | ✅ 秒杀成功 | 耗时: 3981.91ms
2025/12/13 20:20:53.897239 [20:20:47.702] 用户2543 | ✅ 秒杀成功 | 耗时: 3982.67ms
2025/12/13 20:20:53.897240 [20:20:47.702] 用户8194 | ✅ 秒杀成功 | 耗时: 3982.76ms
2025/12/13 20:20:53.897242 [20:20:47.702] 用户5890 | ✅ 秒杀成功 | 耗时: 4062.51ms
2025/12/13 20:20:53.897243 [20:20:47.706] 用户3397 | ✅ 秒杀成功 | 耗时: 4039.63ms
2025/12/13 20:20:53.897245 [20:20:47.706] 用户10556 | ✅ 秒杀成功 | 耗时: 4027.17ms
2025/12/13 20:20:53.897246 [20:20:47.706] 用户8992 | ✅ 秒杀成功 | 耗时: 3998.82ms
2025/12/13 20:20:53.897247 [20:20:47.706] 用户1457 | ✅ 秒杀成功 | 耗时: 4027.66ms
2025/12/13 20:20:53.897249 [20:20:47.706] 用户2794 | ✅ 秒杀成功 | 耗时: 3985.86ms
2025/12/13 20:20:53.897250 [20:20:47.706] 用户7802 | ✅ 秒杀成功 | 耗时: 3988.32ms
2025/12/13 20:20:53.897251 [20:20:47.706] 用户442 | ✅ 秒杀成功 | 耗时: 4022.36ms
2025/12/13 20:20:53.897253 [20:20:47.706] 用户714 | ✅ 秒杀成功 | 耗时: 4027.49ms
2025/12/13 20:20:53.897257 [20:20:47.706] 用户7892 | ✅ 秒杀成功 | 耗时: 4018.82ms
2025/12/13 20:20:53.897258 [20:20:47.706] 用户8342 | ✅ 秒杀成功 | 耗时: 3987.88ms
2025/12/13 20:20:53.897260 [20:20:47.706] 用户2646 | ✅ 秒杀成功 | 耗时: 3986.10ms
2025/12/13 20:20:53.897261 [20:20:47.706] 用户439 | ✅ 秒杀成功 | 耗时: 4022.54ms
2025/12/13 20:20:53.897262 [20:20:47.706] 用户7569 | ✅ 秒杀成功 | 耗时: 3986.54ms
2025/12/13 20:20:53.897264 [20:20:47.710] 用户8217 | ✅ 秒杀成功 | 耗时: 3992.97ms
2025/12/13 20:20:53.897265 [20:20:47.710] 用户5046 | ✅ 秒杀成功 | 耗时: 4070.38ms
2025/12/13 20:20:53.897267 [20:20:47.710] 用户7792 | ✅ 秒杀成功 | 耗时: 3991.93ms
2025/12/13 20:20:53.897268 [20:20:47.710] 用户10617 | ✅ 秒杀成功 | 耗时: 4032.13ms
2025/12/13 20:20:53.897269 [20:20:47.710] 用户813 | ✅ 秒杀成功 | 耗时: 4023.61ms
2025/12/13 20:20:53.897271 [20:20:47.710] 用户8379 | ✅ 秒杀成功 | 耗时: 3992.45ms
2025/12/13 20:20:53.897272 [20:20:47.710] 用户1172 | ✅ 秒杀成功 | 耗时: 4032.71ms
2025/12/13 20:20:53.897274 [20:20:47.710] 用户1519 | ✅ 秒杀成功 | 耗时: 4032.09ms
2025/12/13 20:20:53.897275 [20:20:47.710] 用户2714 | ✅ 秒杀成功 | 耗时: 4044.65ms
2025/12/13 20:20:53.897276 [20:20:47.710] 用户1980 | ✅ 秒杀成功 | 耗时: 4028.18ms
2025/12/13 20:20:53.897278 [20:20:47.710] 用户5387 | ✅ 秒杀成功 | 耗时: 4070.63ms
2025/12/13 20:20:53.897279 [20:20:47.710] 用户10546 | ✅ 秒杀成功 | 耗时: 4032.15ms
2025/12/13 20:20:53.897280 [20:20:47.710] 用户1449 | ✅ 秒杀成功 | 耗时: 4032.22ms
2025/12/13 20:20:53.897282 [20:20:47.710] 用户10302 | ✅ 秒杀成功 | 耗时: 4023.48ms
2025/12/13 20:20:53.897283 [20:20:47.710] 用户1106 | ✅ 秒杀成功 | 耗时: 4026.39ms
2025/12/13 20:20:53.897284 [20:20:47.711] 用户3354 | ✅ 秒杀成功 | 耗时: 4059.54ms
2025/12/13 20:20:53.897286 [20:20:47.711] 用户8786 | ✅ 秒杀成功 | 耗时: 3997.21ms
2025/12/13 20:20:53.897287 [20:20:47.711] 用户4399 | ✅ 秒杀成功 | 耗时: 4069.86ms
2025/12/13 20:20:53.897289 [20:20:47.711] 用户2924 | ✅ 秒杀成功 | 耗时: 4047.65ms
2025/12/13 20:20:53.897290 [20:20:47.712] 用户1027 | ✅ 秒杀成功 | 耗时: 4033.36ms
2025/12/13 20:20:53.897291 [20:20:47.712] 用户7575 | ✅ 秒杀成功 | 耗时: 3992.05ms
2025/12/13 20:20:53.897293 [20:20:47.712] 用户801 | ✅ 秒杀成功 | 耗时: 4033.39ms
2025/12/13 20:20:53.897294 [20:20:47.712] 用户543 | ✅ 秒杀成功 | 耗时: 4033.23ms
2025/12/13 20:20:53.897295 [20:20:47.712] 用户10902 | ✅ 秒杀成功 | 耗时: 4109.82ms
2025/12/13 20:20:53.897297 [20:20:47.712] 用户4294 | ✅ 秒杀成功 | 耗时: 4066.11ms
2025/12/13 20:20:53.897298 [20:20:47.712] 用户2185 | ✅ 秒杀成功 | 耗时: 4017.21ms
2025/12/13 20:20:53.897299 [20:20:47.712] 用户9713 | ✅ 秒杀成功 | 耗时: 4036.75ms
2025/12/13 20:20:53.897301 [20:20:47.712] 用户1357 | ✅ 秒杀成功 | 耗时: 4032.43ms
2025/12/13 20:20:53.897302 [20:20:47.712] 用户8323 | ✅ 秒杀成功 | 耗时: 3993.05ms
2025/12/13 20:20:53.897304 [20:20:47.712] 用户8333 | ✅ 秒杀成功 | 耗时: 3993.49ms
2025/12/13 20:20:53.897305 [20:20:47.712] 用户3510 | ✅ 秒杀成功 | 耗时: 4033.48ms
2025/12/13 20:20:53.897306 [20:20:47.712] 用户789 | ✅ 秒杀成功 | 耗时: 4033.49ms
2025/12/13 20:20:53.897308 [20:20:47.712] 用户2692 | ✅ 秒杀成功 | 耗时: 4046.14ms
2025/12/13 20:20:53.897309 [20:20:47.712] 用户8129 | ✅ 秒杀成功 | 耗时: 3994.63ms
2025/12/13 20:20:53.897310 [20:20:47.712] 用户1991 | ✅ 秒杀成功 | 耗时: 4037.14ms
2025/12/13 20:20:53.897312 [20:20:47.712] 用户2436 | ✅ 秒杀成功 | 耗时: 4018.70ms
2025/12/13 20:20:53.897313 [20:20:47.712] 用户3855 | ✅ 秒杀成功 | 耗时: 4066.39ms
2025/12/13 20:20:53.897314 [20:20:47.712] 用户2831 | ✅ 秒杀成功 | 耗时: 4046.33ms
2025/12/13 20:20:53.897316 [20:20:47.712] 用户3139 | ✅ 秒杀成功 | 耗时: 4041.37ms
2025/12/13 20:20:53.897317 [20:20:47.712] 用户2843 | ✅ 秒杀成功 | 耗时: 4046.80ms
2025/12/13 20:20:53.897318 [20:20:47.712] 用户2568 | ✅ 秒杀成功 | 耗时: 3992.62ms
2025/12/13 20:20:53.897320 [20:20:47.712] 用户1911 | ✅ 秒杀成功 | 耗时: 4034.71ms
2025/12/13 20:20:53.897321 [20:20:47.712] 用户2910 | ✅ 秒杀成功 | 耗时: 4044.65ms
2025/12/13 20:20:53.897322 [20:20:47.712] 用户1879 | ✅ 秒杀成功 | 耗时: 4034.85ms
2025/12/13 20:20:53.897324 [20:20:47.712] 用户2887 | ✅ 秒杀成功 | 耗时: 3993.00ms
2025/12/13 20:20:53.897325 [20:20:47.712] 用户85 | ✅ 秒杀成功 | 耗时: 4025.65ms
2025/12/13 20:20:53.897327 [20:20:47.712] 用户3249 | ✅ 秒杀成功 | 耗时: 4025.32ms
2025/12/13 20:20:53.897328 [20:20:47.712] 用户1989 | ✅ 秒杀成功 | 耗时: 4033.78ms
2025/12/13 20:20:53.897329 [20:20:47.712] 用户612 | ✅ 秒杀成功 | 耗时: 4033.59ms
2025/12/13 20:20:53.897331 [20:20:47.713] 用户3570 | ✅ 秒杀成功 | 耗时: 3948.50ms
2025/12/13 20:20:53.897332 [20:20:47.713] 用户1542 | ✅ 秒杀成功 | 耗时: 4037.15ms
2025/12/13 20:20:53.897333 [20:20:47.713] 用户10160 | ✅ 秒杀成功 | 耗时: 4000.09ms
2025/12/13 20:20:53.897335 [20:20:47.713] 用户8211 | ✅ 秒杀成功 | 耗时: 3995.57ms
2025/12/13 20:20:53.897336 [20:20:47.713] 用户1928 | ✅ 秒杀成功 | 耗时: 4035.18ms
2025/12/13 20:20:53.897337 [20:20:47.713] 用户8026 | ✅ 秒杀成功 | 耗时: 3994.75ms
2025/12/13 20:20:53.897339 [20:20:47.713] 用户3124 | ✅ 秒杀成功 | 耗时: 4046.33ms
2025/12/13 20:20:53.897340 [20:20:47.713] 用户2594 | ✅ 秒杀成功 | 耗时: 4041.88ms
2025/12/13 20:20:53.897342 [20:20:47.713] 用户3133 | ✅ 秒杀成功 | 耗时: 4046.81ms
2025/12/13 20:20:53.897343 [20:20:47.713] 用户2676 | ✅ 秒杀成功 | 耗时: 4046.90ms
2025/12/13 20:20:53.897344 [20:20:47.713] 用户2177 | ✅ 秒杀成功 | 耗时: 3948.97ms
2025/12/13 20:20:53.897346 [20:20:47.713] 用户8361 | ✅ 秒杀成功 | 耗时: 4025.35ms
2025/12/13 20:20:53.897347 [20:20:47.713] 用户2677 | ✅ 秒杀成功 | 耗时: 4047.00ms
2025/12/13 20:20:53.897360 [20:20:47.713] 用户4295 | ✅ 秒杀成功 | 耗时: 4067.64ms
2025/12/13 20:20:53.897376 [20:20:47.713] 用户367 | ✅ 秒杀成功 | 耗时: 4034.52ms
2025/12/13 20:20:53.897379 [20:20:47.713] 用户3152 | ✅ 秒杀成功 | 耗时: 4048.16ms
2025/12/13 20:20:53.897381 [20:20:47.713] 用户1586 | ✅ 秒杀成功 | 耗时: 4037.70ms
2025/12/13 20:20:53.897383 [20:20:47.713] 用户2836 | ✅ 秒杀成功 | 耗时: 4047.79ms
2025/12/13 20:20:53.897385 [20:20:47.713] 用户3074 | ✅ 秒杀成功 | 耗时: 4041.50ms
2025/12/13 20:20:53.897386 [20:20:47.713] 用户2688 | ✅ 秒杀成功 | 耗时: 4047.54ms
2025/12/13 20:20:53.897388 [20:20:47.713] 用户3394 | ✅ 秒杀成功 | 耗时: 4044.79ms
2025/12/13 20:20:53.897389 [20:20:47.713] 用户783 | ✅ 秒杀成功 | 耗时: 4011.11ms
2025/12/13 20:20:53.897391 [20:20:47.713] 用户8153 | ✅ 秒杀成功 | 耗时: 3996.24ms
2025/12/13 20:20:53.897392 [20:20:47.713] 用户8779 | ✅ 秒杀成功 | 耗时: 3999.96ms
2025/12/13 20:20:53.897394 [20:20:47.713] 用户3511 | ✅ 秒杀成功 | 耗时: 4035.32ms
2025/12/13 20:20:53.897395 [20:20:47.713] 用户2679 | ✅ 秒杀成功 | 耗时: 4047.46ms
2025/12/13 20:20:53.897397 [20:20:47.714] 用户798 | ✅ 秒杀成功 | 耗时: 4035.31ms
2025/12/13 20:20:53.897398 [20:20:47.714] 用户1407 | ✅ 秒杀成功 | 耗时: 4030.91ms
2025/12/13 20:20:53.897400 [20:20:47.714] 用户10618 | ✅ 秒杀成功 | 耗时: 4035.52ms
2025/12/13 20:20:53.897401 [20:20:47.714] 用户10604 | ✅ 秒杀成功 | 耗时: 4036.20ms
2025/12/13 20:20:53.897403 [20:20:47.714] 用户1883 | ✅ 秒杀成功 | 耗时: 4036.34ms
2025/12/13 20:20:53.897404 [20:20:47.714] 用户3084 | ✅ 秒杀成功 | 耗时: 4047.38ms
2025/12/13 20:20:53.897405 [20:20:47.714] 用户3313 | ✅ 秒杀成功 | 耗时: 4043.24ms
2025/12/13 20:20:53.897407 [20:20:47.714] 用户5896 | ✅ 秒杀成功 | 耗时: 4074.12ms
2025/12/13 20:20:53.897408 [20:20:47.714] 用户9770 | ✅ 秒杀成功 | 耗时: 4001.32ms
2025/12/13 20:20:53.897410 [20:20:47.714] 用户10108 | ✅ 秒杀成功 | 耗时: 4035.36ms
2025/12/13 20:20:53.897411 [20:20:47.714] 用户2546 | ✅ 秒杀成功 | 耗时: 4043.45ms
2025/12/13 20:20:53.897413 [20:20:47.714] 用户1581 | ✅ 秒杀成功 | 耗时: 4038.63ms
2025/12/13 20:20:53.897414 [20:20:47.714] 用户8163 | ✅ 秒杀成功 | 耗时: 3994.59ms
2025/12/13 20:20:53.897415 [20:20:47.714] 用户3814 | ✅ 秒杀成功 | 耗时: 4066.07ms
2025/12/13 20:20:53.897417 [20:20:47.714] 用户2894 | ✅ 秒杀成功 | 耗时: 4021.90ms
2025/12/13 20:20:53.897418 [20:20:47.714] 用户3078 | ✅ 秒杀成功 | 耗时: 4043.53ms
2025/12/13 20:20:53.897420 [20:20:47.715] 用户3061 | ✅ 秒杀成功 | 耗时: 4042.44ms
2025/12/13 20:20:53.897421 [20:20:47.715] 用户1163 | ✅ 秒杀成功 | 耗时: 4019.36ms
2025/12/13 20:20:53.897423 [20:20:47.719] 用户7878 | ✅ 秒杀成功 | 耗时: 4001.23ms
2025/12/13 20:20:53.897424 [20:20:47.722] 用户3393 | ✅ 秒杀成功 | 耗时: 4055.24ms
2025/12/13 20:20:53.897425 [20:20:47.722] 用户3311 | ✅ 秒杀成功 | 耗时: 4043.25ms
2025/12/13 20:20:53.897427 [20:20:47.722] 用户358 | ✅ 秒杀成功 | 耗时: 4044.35ms
2025/12/13 20:20:53.897428 [20:20:47.722] 用户8783 | ✅ 秒杀成功 | 耗时: 4008.36ms
2025/12/13 20:20:53.897430 [20:20:47.722] 用户2702 | ✅ 秒杀成功 | 耗时: 4056.55ms
2025/12/13 20:20:53.897431 [20:20:47.725] 用户2705 | ✅ 秒杀成功 | 耗时: 4060.23ms
2025/12/13 20:20:53.897432 [20:20:47.725] 用户2700 | ✅ 秒杀成功 | 耗时: 4060.19ms
2025/12/13 20:20:53.897434 [20:20:47.726] 用户10613 | ✅ 秒杀成功 | 耗时: 4047.35ms
2025/12/13 20:20:53.897436 [20:20:47.729] 用户810 | ✅ 秒杀成功 | 耗时: 4042.70ms
2025/12/13 20:20:53.897437 [20:20:47.729] 用户2603 | ✅ 秒杀成功 | 耗时: 4051.88ms
2025/12/13 20:20:53.897439 [20:20:47.729] 用户3172 | ✅ 秒杀成功 | 耗时: 4065.27ms
2025/12/13 20:20:53.897441 [20:20:47.729] 用户3075 | ✅ 秒杀成功 | 耗时: 4058.09ms
2025/12/13 20:20:53.897442 [20:20:47.729] 用户2877 | ✅ 秒杀成功 | 耗时: 4050.36ms
2025/12/13 20:20:53.897444 [20:20:47.729] 用户10467 | ✅ 秒杀成功 | 耗时: 4054.39ms
2025/12/13 20:20:53.897446 [20:20:47.729] 用户98 | ✅ 秒杀成功 | 耗时: 4045.96ms
2025/12/13 20:20:53.897448 [20:20:47.730] 用户8000 | ✅ 秒杀成功 | 耗时: 4012.37ms
2025/12/13 20:20:53.897450 [20:20:47.730] 用户9690 | ✅ 秒杀成功 | 耗时: 4054.76ms
2025/12/13 20:20:53.897451 [20:20:47.730] 用户9704 | ✅ 秒杀成功 | 耗时: 4016.46ms
2025/12/13 20:20:53.897453 [20:20:47.730] 用户787 | ✅ 秒杀成功 | 耗时: 4051.24ms
2025/12/13 20:20:53.897454 [20:20:47.730] 用户2236 | ✅ 秒杀成功 | 耗时: 4035.22ms
2025/12/13 20:20:53.897456 [20:20:47.730] 用户2037 | ✅ 秒杀成功 | 耗时: 4051.18ms
2025/12/13 20:20:53.897458 [20:20:47.730] 用户3145 | ✅ 秒杀成功 | 耗时: 4051.24ms
2025/12/13 20:20:53.897460 [20:20:47.730] 用户2493 | ✅ 秒杀成功 | 耗时: 4049.63ms
2025/12/13 20:20:53.897461 [20:20:47.730] 用户8802 | ✅ 秒杀成功 | 耗时: 4010.22ms
2025/12/13 20:20:53.897463 [20:20:47.730] 用户7883 | ✅ 秒杀成功 | 耗时: 4011.72ms
2025/12/13 20:20:53.897465 [20:20:47.730] 用户10571 | ✅ 秒杀成功 | 耗时: 4051.25ms
2025/12/13 20:20:53.897466 [20:20:47.760] 用户1574 | ✅ 秒杀成功 | 耗时: 4084.12ms
2025/12/13 20:20:53.897468 [20:20:47.760] 用户1917 | ✅ 秒杀成功 | 耗时: 4081.34ms
2025/12/13 20:20:53.897470 [20:20:47.760] 用户2578 | ✅ 秒杀成功 | 耗时: 4080.12ms
2025/12/13 20:20:53.897471 [20:20:47.760] 用户10224 | ✅ 秒杀成功 | 耗时: 4072.59ms
2025/12/13 20:20:53.897473 [20:20:47.760] 用户9413 | ✅ 秒杀成功 | 耗时: 4072.65ms
2025/12/13 20:20:53.897475 [20:20:47.760] 用户7662 | ✅ 秒杀成功 | 耗时: 4069.73ms
2025/12/13 20:20:53.897477 [20:20:47.760] 用户9205 | ✅ 秒杀成功 | 耗时: 4069.48ms
2025/12/13 20:20:53.897478 [20:20:47.760] 用户9311 | ✅ 秒杀成功 | 耗时: 4069.50ms
2025/12/13 20:20:53.897482 [20:20:47.760] 用户10086 | ✅ 秒杀成功 | 耗时: 4072.59ms
2025/12/13 20:20:53.897484 [20:20:47.760] 用户9310 | ✅ 秒杀成功 | 耗时: 4069.50ms
2025/12/13 20:20:53.897485 [20:20:47.760] 用户10295 | ✅ 秒杀成功 | 耗时: 4069.46ms
2025/12/13 20:20:53.897487 [20:20:47.761] 用户10712 | ✅ 秒杀成功 | 耗时: 4073.45ms
2025/12/13 20:20:53.897489 [20:20:47.761] 用户7550 | ✅ 秒杀成功 | 耗时: 4073.67ms
2025/12/13 20:20:53.897490 [20:20:47.764] 用户46 | ✅ 秒杀成功 | 耗时: 4088.58ms
2025/12/13 20:20:53.897492 [20:20:47.764] 用户2132 | ✅ 秒杀成功 | 耗时: 4089.79ms
2025/12/13 20:20:53.897494 [20:20:47.771] 用户7546 | ✅ 秒杀成功 | 耗时: 4080.83ms
2025/12/13 20:20:53.897495 [20:20:47.776] 用户10063 | ✅ 秒杀成功 | 耗时: 4088.64ms
2025/12/13 20:20:53.897497 [20:20:47.779] 用户9627 | ✅ 秒杀成功 | 耗时: 4091.74ms
2025/12/13 20:20:53.897498 [20:20:47.796] 用户9200 | ✅ 秒杀成功 | 耗时: 4105.48ms
2025/12/13 20:20:53.897500 [20:20:47.798] 用户8831 | ✅ 秒杀成功 | 耗时: 4090.65ms
2025/12/13 20:20:53.897501 [20:20:47.798] 用户8818 | ✅ 秒杀成功 | 耗时: 4090.63ms
2025/12/13 20:20:53.897502 [20:20:47.798] 用户9560 | ✅ 秒杀成功 | 耗时: 4107.49ms
2025/12/13 20:20:53.897504 [20:20:47.798] 用户8827 | ✅ 秒杀成功 | 耗时: 4090.73ms
2025/12/13 20:20:53.897505 [20:20:47.798] 用户8979 | ✅ 秒杀成功 | 耗时: 4090.72ms
2025/12/13 20:20:53.897507 [20:20:47.798] 用户9313 | ✅ 秒杀成功 | 耗时: 4107.36ms
2025/12/13 20:20:53.897508 [20:20:47.798] 用户419 | ✅ 秒杀成功 | 耗时: 4110.65ms
2025/12/13 20:20:53.897509 [20:20:47.798] 用户8817 | ✅ 秒杀成功 | 耗时: 4091.40ms
2025/12/13 20:20:53.897511 [20:20:47.798] 用户10692 | ✅ 秒杀成功 | 耗时: 4091.37ms
2025/12/13 20:20:53.897512 [20:20:47.798] 用户8823 | ✅ 秒杀成功 | 耗时: 4091.36ms
2025/12/13 20:20:53.897514 [20:20:47.798] 用户10680 | ✅ 秒杀成功 | 耗时: 4091.31ms
2025/12/13 20:20:53.897515 [20:20:47.798] 用户8830 | ✅ 秒杀成功 | 耗时: 4091.41ms
2025/12/13 20:20:53.897516 [20:20:47.798] 用户9011 | ✅ 秒杀成功 | 耗时: 4091.80ms
2025/12/13 20:20:53.897518 [20:20:47.798] 用户420 | ✅ 秒杀成功 | 耗时: 4111.08ms
2025/12/13 20:20:53.897519 [20:20:47.798] 用户9342 | ✅ 秒杀成功 | 耗时: 4102.10ms
2025/12/13 20:20:53.897520 [20:20:47.798] 用户3247 | ✅ 秒杀成功 | 耗时: 4110.96ms
2025/12/13 20:20:53.897522 [20:20:47.799] 用户8825 | ✅ 秒杀成功 | 耗时: 4091.45ms
2025/12/13 20:20:53.897523 [20:20:47.799] 用户9312 | ✅ 秒杀成功 | 耗时: 4107.96ms
2025/12/13 20:20:53.897525 [20:20:47.799] 用户10031 | ✅ 秒杀成功 | 耗时: 4091.58ms
2025/12/13 20:20:53.897526 [20:20:47.799] 用户10681 | ✅ 秒杀成功 | 耗时: 4091.48ms
2025/12/13 20:20:53.897527 [20:20:47.799] 用户4353 | ✅ 秒杀成功 | 耗时: 4155.32ms
2025/12/13 20:20:53.897529 [20:20:47.799] 用户45 | ✅ 秒杀成功 | 耗时: 4124.20ms
2025/12/13 20:20:53.897530 [20:20:47.813] 用户10703 | ✅ 秒杀成功 | 耗时: 4110.60ms
2025/12/13 20:20:53.897532 [20:20:47.814] 用户9553 | ✅ 秒杀成功 | 耗时: 4123.35ms
2025/12/13 20:20:53.897533 [20:20:47.814] 用户10695 | ✅ 秒杀成功 | 耗时: 4111.39ms
2025/12/13 20:20:53.897534 [20:20:47.814] 用户2218 | ✅ 秒杀成功 | 耗时: 4052.93ms
2025/12/13 20:20:53.897536 [20:20:47.815] 用户9083 | ✅ 秒杀成功 | 耗时: 4110.96ms
2025/12/13 20:20:53.897537 [20:20:47.815] 用户9559 | ✅ 秒杀成功 | 耗时: 4124.61ms
2025/12/13 20:20:53.897539 [20:20:47.818] 用户1456 | ✅ 秒杀成功 | 耗时: 4121.98ms
2025/12/13 20:20:53.897540 [20:20:47.819] 用户10699 | ✅ 秒杀成功 | 耗时: 4115.70ms
2025/12/13 20:20:53.897541 [20:20:47.821] 用户10058 | ✅ 秒杀成功 | 耗时: 4117.80ms
2025/12/13 20:20:53.897543 [20:20:47.821] 用户9302 | ✅ 秒杀成功 | 耗时: 4124.44ms
2025/12/13 20:20:53.897544 [20:20:47.821] 用户7896 | ✅ 秒杀成功 | 耗时: 4124.52ms
2025/12/13 20:20:53.897546 [20:20:47.821] 用户9193 | ✅ 秒杀成功 | 耗时: 4118.11ms
2025/12/13 20:20:53.897547 [20:20:47.821] 用户9882 | ✅ 秒杀成功 | 耗时: 4115.28ms
2025/12/13 20:20:53.897548 [20:20:47.825] 用户4352 | ✅ 秒杀成功 | 耗时: 4181.63ms
2025/12/13 20:20:53.897550 [20:20:47.830] 用户9009 | ✅ 秒杀成功 | 耗时: 4122.85ms
2025/12/13 20:20:53.897551 [20:20:47.830] 用户5343 | ✅ 秒杀成功 | 耗时: 4186.72ms
2025/12/13 20:20:53.897552 [20:20:47.831] 用户888 | ✅ 秒杀成功 | 耗时: 4134.16ms
2025/12/13 20:20:53.897554 [20:20:47.831] 用户10696 | ✅ 秒杀成功 | 耗时: 4128.00ms
2025/12/13 20:20:53.897555 [20:20:47.831] 用户1455 | ✅ 秒杀成功 | 耗时: 4134.45ms
2025/12/13 20:20:53.897557 [20:20:47.832] 用户10679 | ✅ 秒杀成功 | 耗时: 4125.12ms
2025/12/13 20:20:53.897558 [20:20:47.833] 用户9469 | ✅ 秒杀成功 | 耗时: 4145.37ms
2025/12/13 20:20:53.897559 [20:20:47.833] 用户10691 | ✅ 秒杀成功 | 耗时: 4130.00ms
2025/12/13 20:20:53.897561 [20:20:47.833] 用户9910 | ✅ 秒杀成功 | 耗时: 4121.50ms
2025/12/13 20:20:53.897562 [20:20:47.833] 用户9008 | ✅ 秒杀成功 | 耗时: 4126.24ms
2025/12/13 20:20:53.897564 [20:20:47.833] 用户10044 | ✅ 秒杀成功 | 耗时: 4126.20ms
2025/12/13 20:20:53.897565 [20:20:47.833] 用户9209 | ✅ 秒杀成功 | 耗时: 4145.76ms
2025/12/13 20:20:53.897566 [20:20:47.833] 用户4356 | ✅ 秒杀成功 | 耗时: 4189.53ms
2025/12/13 20:20:53.897568 [20:20:47.833] 用户9561 | ✅ 秒杀成功 | 耗时: 4145.73ms
2025/12/13 20:20:53.897569 [20:20:47.833] 用户10649 | ✅ 秒杀成功 | 耗时: 4136.88ms
2025/12/13 20:20:53.897570 [20:20:47.833] 用户3248 | ✅ 秒杀成功 | 耗时: 4145.79ms
2025/12/13 20:20:53.897572 [20:20:47.833] 用户4370 | ✅ 秒杀成功 | 耗时: 4189.60ms
2025/12/13 20:20:53.897573 [20:20:47.833] 用户10459 | ✅ 秒杀成功 | 耗时: 4129.76ms
2025/12/13 20:20:53.897575 [20:20:47.833] 用户9876 | ✅ 秒杀成功 | 耗时: 4126.72ms
2025/12/13 20:20:53.897576 [20:20:47.833] 用户10484 | ✅ 秒杀成功 | 耗时: 4130.49ms
2025/12/13 20:20:53.897577 [20:20:47.833] 用户10650 | ✅ 秒杀成功 | 耗时: 4137.07ms
2025/12/13 20:20:53.897579 [20:20:47.833] 用户8838 | ✅ 秒杀成功 | 耗时: 4126.44ms
2025/12/13 20:20:53.897580 [20:20:47.833] 用户9006 | ✅ 秒杀成功 | 耗时: 4126.60ms
2025/12/13 20:20:53.897581 [20:20:47.833] 用户9632 | ✅ 秒杀成功 | 耗时: 4158.57ms
2025/12/13 20:20:53.897583 [20:20:47.833] 用户8687 | ✅ 秒杀成功 | 耗时: 4125.35ms
2025/12/13 20:20:53.897584 [20:20:47.834] 用户9784 | ✅ 秒杀成功 | 耗时: 4125.56ms
2025/12/13 20:20:53.897585 [20:20:47.834] 用户9943 | ✅ 秒杀成功 | 耗时: 4126.46ms
2025/12/13 20:20:53.897587 [20:20:47.835] 用户8840 | ✅ 秒杀成功 | 耗时: 4127.92ms
2025/12/13 20:20:53.897588 [20:20:47.835] 用户9872 | ✅ 秒杀成功 | 耗时: 4128.29ms
2025/12/13 20:20:53.897589 [20:20:47.835] 用户8983 | ✅ 秒杀成功 | 耗时: 4128.06ms
2025/12/13 20:20:53.897591 [20:20:47.835] 用户9552 | ✅ 秒杀成功 | 耗时: 4144.52ms
2025/12/13 20:20:53.897592 [20:20:47.835] 用户8837 | ✅ 秒杀成功 | 耗时: 4128.19ms
2025/12/13 20:20:53.897594 [20:20:47.835] 用户9190 | ✅ 秒杀成功 | 耗时: 4132.32ms
2025/12/13 20:20:53.897595 [20:20:47.835] 用户8826 | ✅ 秒杀成功 | 耗时: 4128.20ms
2025/12/13 20:20:53.897596 [20:20:47.835] 用户9309 | ✅ 秒杀成功 | 耗时: 4144.65ms
2025/12/13 20:20:53.897598 [20:20:47.835] 用户399 | ✅ 秒杀成功 | 耗时: 4144.68ms
2025/12/13 20:20:53.897599 [20:20:47.835] 用户3246 | ✅ 秒杀成功 | 耗时: 4147.77ms
2025/12/13 20:20:53.897600 [20:20:47.835] 用户10792 | ✅ 秒杀成功 | 耗时: 4131.36ms
2025/12/13 20:20:53.897602 [20:20:47.836] 用户9756 | ✅ 秒杀成功 | 耗时: 4125.44ms
2025/12/13 20:20:53.897603 [20:20:47.836] 用户9788 | ✅ 秒杀成功 | 耗时: 4127.66ms
2025/12/13 20:20:53.897605 [20:20:47.836] 用户9029 | ✅ 秒杀成功 | 耗时: 4129.23ms
2025/12/13 20:20:53.897606 [20:20:47.836] 用户8994 | ✅ 秒杀成功 | 耗时: 4129.00ms
2025/12/13 20:20:53.897607 [20:20:47.836] 用户8085 | ✅ 秒杀成功 | 耗时: 4117.78ms
2025/12/13 20:20:53.897609 [20:20:47.836] 用户2488 | ✅ 秒杀成功 | 耗时: 4153.99ms
2025/12/13 20:20:53.897610 [20:20:47.836] 用户9030 | ✅ 秒杀成功 | 耗时: 4129.31ms
2025/12/13 20:20:53.897611 [20:20:47.836] 用户10675 | ✅ 秒杀成功 | 耗时: 4128.86ms
2025/12/13 20:20:53.897613 [20:20:47.836] 用户2332 | ✅ 秒杀成功 | 耗时: 4139.62ms
2025/12/13 20:20:53.897614 [20:20:47.836] 用户8811 | ✅ 秒杀成功 | 耗时: 4128.91ms
2025/12/13 20:20:53.897616 [20:20:47.836] 用户9324 | ✅ 秒杀成功 | 耗时: 4145.74ms
2025/12/13 20:20:53.897617 [20:20:47.836] 用户10677 | ✅ 秒杀成功 | 耗时: 4128.93ms
2025/12/13 20:20:53.897618 [20:20:47.836] 用户8204 | ✅ 秒杀成功 | 耗时: 4118.93ms
2025/12/13 20:20:53.897620 [20:20:47.836] 用户10797 | ✅ 秒杀成功 | 耗时: 4132.14ms
2025/12/13 20:20:53.897621 [20:20:47.836] 用户9045 | ✅ 秒杀成功 | 耗时: 4132.13ms
2025/12/13 20:20:53.897622 [20:20:47.836] 用户9831 | ✅ 秒杀成功 | 耗时: 4128.02ms
2025/12/13 20:20:53.897624 [20:20:47.836] 用户9878 | ✅ 秒杀成功 | 耗时: 4129.47ms
2025/12/13 20:20:53.897625 [20:20:47.836] 用户9889 | ✅ 秒杀成功 | 耗时: 4130.33ms
2025/12/13 20:20:53.897626 [20:20:47.836] 用户639 | ✅ 秒杀成功 | 耗时: 4152.15ms
2025/12/13 20:20:53.897628 [20:20:47.836] 用户10793 | ✅ 秒杀成功 | 耗时: 4130.33ms
2025/12/13 20:20:53.897629 [20:20:47.836] 用户398 | ✅ 秒杀成功 | 耗时: 4145.51ms
2025/12/13 20:20:53.897631 [20:20:47.836] 用户9090 | ✅ 秒杀成功 | 耗时: 4132.30ms
2025/12/13 20:20:53.897632 [20:20:47.836] 用户9834 | ✅ 秒杀成功 | 耗时: 4128.13ms
2025/12/13 20:20:53.897633 [20:20:47.836] 用户8685 | ✅ 秒杀成功 | 耗时: 4127.93ms
2025/12/13 20:20:53.897635 [20:20:47.836] 用户10687 | ✅ 秒杀成功 | 耗时: 4129.10ms
2025/12/13 20:20:53.897636 [20:20:47.836] 用户8682 | ✅ 秒杀成功 | 耗时: 4127.99ms
2025/12/13 20:20:53.897637 [20:20:47.836] 用户5519 | ✅ 秒杀成功 | 耗时: 4203.20ms
2025/12/13 20:20:53.897639 [20:20:47.836] 用户3015 | ✅ 秒杀成功 | 耗时: 4141.26ms
2025/12/13 20:20:53.897640 [20:20:47.836] 用户9279 | ✅ 秒杀成功 | 耗时: 4134.00ms
2025/12/13 20:20:53.897641 [20:20:47.836] 用户9307 | ✅ 秒杀成功 | 耗时: 4145.55ms
2025/12/13 20:20:53.897643 [20:20:47.836] 用户8684 | ✅ 秒杀成功 | 耗时: 4128.09ms
2025/12/13 20:20:53.897644 [20:20:47.836] 用户9206 | ✅ 秒杀成功 | 耗时: 4145.98ms
2025/12/13 20:20:53.897645 [20:20:47.836] 用户8679 | ✅ 秒杀成功 | 耗时: 4128.08ms
2025/12/13 20:20:53.897647 [20:20:47.836] 用户8663 | ✅ 秒杀成功 | 耗时: 4125.94ms
2025/12/13 20:20:53.897648 [20:20:47.836] 用户8989 | ✅ 秒杀成功 | 耗时: 4129.34ms
2025/12/13 20:20:53.897650 [20:20:47.836] 用户8674 | ✅ 秒杀成功 | 耗时: 4128.14ms
2025/12/13 20:20:53.897651 [20:20:47.836] 用户405 | ✅ 秒杀成功 | 耗时: 4146.06ms
2025/12/13 20:20:53.897652 [20:20:47.836] 用户8993 | ✅ 秒杀成功 | 耗时: 4129.44ms
2025/12/13 20:20:53.897654 [20:20:47.836] 用户9014 | ✅ 秒杀成功 | 耗时: 4129.59ms
2025/12/13 20:20:53.897655 [20:20:47.836] 用户9803 | ✅ 秒杀成功 | 耗时: 4128.25ms
2025/12/13 20:20:53.897660 [20:20:47.836] 用户9012 | ✅ 秒杀成功 | 耗时: 4129.59ms
2025/12/13 20:20:53.897662 [20:20:47.836] 用户418 | ✅ 秒杀成功 | 耗时: 4148.97ms
2025/12/13 20:20:53.897664 [20:20:47.836] 用户9044 | ✅ 秒杀成功 | 耗时: 4132.58ms
2025/12/13 20:20:53.897665 [20:20:47.837] 用户3931 | ✅ 秒杀成功 | 耗时: 4141.66ms
2025/12/13 20:20:53.897667 [20:20:47.837] 用户9308 | ✅ 秒杀成功 | 耗时: 4146.01ms
2025/12/13 20:20:53.897668 [20:20:47.837] 用户415 | ✅ 秒杀成功 | 耗时: 4149.27ms
2025/12/13 20:20:53.897669 [20:20:47.837] 用户400 | ✅ 秒杀成功 | 耗时: 4146.18ms
2025/12/13 20:20:53.897671 [20:20:47.837] 用户8828 | ✅ 秒杀成功 | 耗时: 4130.01ms
2025/12/13 20:20:53.897672 [20:20:47.837] 用户9563 | ✅ 秒杀成功 | 耗时: 4125.12ms
2025/12/13 20:20:53.897673 [20:20:47.842] 用户9325 | ✅ 秒杀成功 | 耗时: 4152.15ms
2025/12/13 20:20:53.897675 [20:20:47.843] 用户9202 | ✅ 秒杀成功 | 耗时: 4151.90ms
2025/12/13 20:20:53.897676 [20:20:47.843] 用户10085 | ✅ 秒杀成功 | 耗时: 4159.42ms
2025/12/13 20:20:53.897678 [20:20:47.843] 用户10025 | ✅ 秒杀成功 | 耗时: 4135.58ms
2025/12/13 20:20:53.897679 [20:20:47.843] 用户9695 | ✅ 秒杀成功 | 耗时: 4228.39ms
2025/12/13 20:20:53.897680 [20:20:47.843] 用户9450 | ✅ 秒杀成功 | 耗时: 4152.51ms
2025/12/13 20:20:53.897682 [20:20:47.843] 用户8836 | ✅ 秒杀成功 | 耗时: 4135.79ms
2025/12/13 20:20:53.897683 [20:20:47.847] 用户215 | ✅ 秒杀成功 | 耗时: 4162.38ms
2025/12/13 20:20:53.897684 [20:20:47.858] 用户8185 | ✅ 秒杀成功 | 耗时: 4143.80ms
2025/12/13 20:20:53.897686 [20:20:47.859] 用户9798 | ✅ 秒杀成功 | 耗时: 4146.04ms
2025/12/13 20:20:53.897687 [20:20:47.859] 用户8843 | ✅ 秒杀成功 | 耗时: 4151.94ms
2025/12/13 20:20:53.897689 [20:20:47.859] 用户2178 | ✅ 秒杀成功 | 耗时: 4094.93ms
2025/12/13 20:20:53.897690 [20:20:47.859] 用户8159 | ✅ 秒杀成功 | 耗时: 4141.84ms
2025/12/13 20:20:53.897691 [20:20:47.859] 用户4677 | ✅ 秒杀成功 | 耗时: 4213.46ms
2025/12/13 20:20:53.897693 [20:20:47.861] 用户2541 | ❌ 错误: Post "http://localhost:8080/api/seckill/buy": EOF | 耗时: 4141.27ms
2025/12/13 20:20:53.897737 [20:20:47.862] 用户10483 | ✅ 秒杀成功 | 耗时: 4158.67ms
2025/12/13 20:20:53.897739 [20:20:47.863] 用户4328 | ✅ 秒杀成功 | 耗时: 4217.76ms
2025/12/13 20:20:53.897741 [20:20:47.863] 用户9089 | ✅ 秒杀成功 | 耗时: 4158.74ms
2025/12/13 20:20:53.897742 [20:20:47.863] 用户9522 | ✅ 秒杀成功 | 耗时: 4164.22ms
2025/12/13 20:20:53.897743 [20:20:47.883] 用户1088 | ✅ 秒杀成功 | 耗时: 4192.70ms
2025/12/13 20:20:53.897745 [20:20:47.885] 用户10164 | ✅ 秒杀成功 | 耗时: 4172.35ms
2025/12/13 20:20:53.897746 [20:20:47.885] 用户8703 | ✅ 秒杀成功 | 耗时: 4177.53ms
2025/12/13 20:20:53.897748 [20:20:47.885] 用户10158 | ✅ 秒杀成功 | 耗时: 4172.53ms
2025/12/13 20:20:53.897749 [20:20:47.885] 用户9453 | ✅ 秒杀成功 | 耗时: 4172.60ms
2025/12/13 20:20:53.897751 [20:20:47.885] 用户8180 | ✅ 秒杀成功 | 耗时: 4168.35ms
2025/12/13 20:20:53.897752 [20:20:47.891] 用户9785 | ✅ 秒杀成功 | 耗时: 4178.15ms
2025/12/13 20:20:53.897753 [20:20:47.894] 用户8773 | ✅ 秒杀成功 | 耗时: 4180.45ms
2025/12/13 20:20:53.897755 [20:20:47.894] 用户8698 | ✅ 秒杀成功 | 耗时: 4185.92ms
2025/12/13 20:20:53.897756 [20:20:47.894] 用户8774 | ✅ 秒杀成功 | 耗时: 4180.46ms
2025/12/13 20:20:53.897757 [20:20:47.894] 用户8271 | ✅ 秒杀成功 | 耗时: 4179.70ms
2025/12/13 20:20:53.897759 [20:20:47.894] 用户8246 | ✅ 秒杀成功 | 耗时: 4177.38ms
2025/12/13 20:20:53.897760 [20:20:47.894] 用户7507 | ✅ 秒杀成功 | 耗时: 4177.52ms
2025/12/13 20:20:53.897761 [20:20:47.894] 用户8577 | ✅ 秒杀成功 | 耗时: 4182.07ms
2025/12/13 20:20:53.897763 [20:20:47.895] 用户8063 | ✅ 秒杀成功 | 耗时: 4177.87ms
2025/12/13 20:20:53.897764 [20:20:47.895] 用户8446 | ✅ 秒杀成功 | 耗时: 4182.11ms
2025/12/13 20:20:53.897766 [20:20:47.895] 用户8905 | ✅ 秒杀成功 | 耗时: 4180.95ms
2025/12/13 20:20:53.897767 [20:20:47.895] 用户8116 | ✅ 秒杀成功 | 耗时: 4178.02ms
2025/12/13 20:20:53.897768 [20:20:47.895] 用户817 | ✅ 秒杀成功 | 耗时: 4210.63ms
2025/12/13 20:20:53.897770 [20:20:47.895] 用户8907 | ✅ 秒杀成功 | 耗时: 4181.16ms
2025/12/13 20:20:53.897771 [20:20:47.896] 用户8171 | ✅ 秒杀成功 | 耗时: 4178.79ms
2025/12/13 20:20:53.897773 [20:20:47.896] 用户9998 | ✅ 秒杀成功 | 耗时: 4178.90ms
2025/12/13 20:20:53.897774 [20:20:47.896] 用户8545 | ✅ 秒杀成功 | 耗时: 4183.48ms
2025/12/13 20:20:53.897775 [20:20:47.899] 用户1725 | ✅ 秒杀成功 | 耗时: 4219.58ms
2025/12/13 20:20:53.897777 [20:20:47.899] 用户8911 | ✅ 秒杀成功 | 耗时: 4185.43ms
2025/12/13 20:20:53.897779 [20:20:47.899] 用户8290 | ✅ 秒杀成功 | 耗时: 4184.87ms
2025/12/13 20:20:53.897781 [20:20:47.899] 用户8281 | ✅ 秒杀成功 | 耗时: 4184.79ms
2025/12/13 20:20:53.897782 [20:20:47.899] 用户8883 | ✅ 秒杀成功 | 耗时: 4184.89ms
2025/12/13 20:20:53.897784 [20:20:47.899] 用户8120 | ✅ 秒杀成功 | 耗时: 4182.12ms
2025/12/13 20:20:53.897785 [20:20:47.899] 用户1982 | ✅ 秒杀成功 | 耗时: 4217.29ms
2025/12/13 20:20:53.897786 [20:20:47.899] 用户8310 | ✅ 秒杀成功 | 耗时: 4185.44ms
2025/12/13 20:20:53.897788 [20:20:47.899] 用户8610 | ✅ 秒杀成功 | 耗时: 4184.94ms
2025/12/13 20:20:53.897789 [20:20:47.900] 用户8298 | ✅ 秒杀成功 | 耗时: 4185.52ms
2025/12/13 20:20:53.897791 [20:20:47.900] 用户8297 | ✅ 秒杀成功 | 耗时: 4185.51ms
2025/12/13 20:20:53.897792 [20:20:47.900] 用户8570 | ✅ 秒杀成功 | 耗时: 4186.87ms
2025/12/13 20:20:53.897793 [20:20:47.900] 用户8661 | ✅ 秒杀成功 | 耗时: 4188.08ms
2025/12/13 20:20:53.897795 [20:20:47.900] 用户8113 | ✅ 秒杀成功 | 耗时: 4182.53ms
2025/12/13 20:20:53.897797 [20:20:47.900] 用户8187 | ✅ 秒杀成功 | 耗时: 4185.81ms
2025/12/13 20:20:53.897798 [20:20:47.900] 用户8892 | ✅ 秒杀成功 | 耗时: 4185.80ms
2025/12/13 20:20:53.897800 [20:20:47.900] 用户8441 | ✅ 秒杀成功 | 耗时: 4187.04ms
2025/12/13 20:20:53.897801 [20:20:47.900] 用户8539 | ✅ 秒杀成功 | 耗时: 4187.08ms
2025/12/13 20:20:53.897802 [20:20:47.900] 用户8305 | ✅ 秒杀成功 | 耗时: 4185.88ms
2025/12/13 20:20:53.897804 [20:20:47.900] 用户8567 | ✅ 秒杀成功 | 耗时: 4187.10ms
2025/12/13 20:20:53.897805 [20:20:47.900] 用户8886 | ✅ 秒杀成功 | 耗时: 4185.77ms
2025/12/13 20:20:53.897806 [20:20:47.900] 用户8881 | ✅ 秒杀成功 | 耗时: 4185.37ms
2025/12/13 20:20:53.897808 [20:20:47.900] 用户9109 | ✅ 秒杀成功 | 耗时: 4196.21ms
2025/12/13 20:20:53.897809 [20:20:47.900] 用户8104 | ✅ 秒杀成功 | 耗时: 4182.63ms
2025/12/13 20:20:53.897810 [20:20:47.900] 用户8725 | ✅ 秒杀成功 | 耗时: 4182.58ms
2025/12/13 20:20:53.897812 [20:20:47.900] 用户8499 | ✅ 秒杀成功 | 耗时: 4182.56ms
2025/12/13 20:20:53.897813 [20:20:47.900] 用户10328 | ✅ 秒杀成功 | 耗时: 4284.72ms
2025/12/13 20:20:53.897815 [20:20:47.900] 用户8128 | ✅ 秒杀成功 | 耗时: 4182.66ms
2025/12/13 20:20:53.897816 [20:20:47.900] 用户8112 | ✅ 秒杀成功 | 耗时: 4182.66ms
2025/12/13 20:20:53.897817 [20:20:47.900] 用户8130 | ✅ 秒杀成功 | 耗时: 4182.72ms
2025/12/13 20:20:53.897819 [20:20:47.900] 用户8103 | ✅ 秒杀成功 | 耗时: 4182.68ms
2025/12/13 20:20:53.897820 [20:20:47.900] 用户9751 | ✅ 秒杀成功 | 耗时: 4188.38ms
2025/12/13 20:20:53.897822 [20:20:47.900] 用户8865 | ✅ 秒杀成功 | 耗时: 4185.37ms
2025/12/13 20:20:53.897823 [20:20:47.900] 用户9452 | ✅ 秒杀成功 | 耗时: 4187.44ms
2025/12/13 20:20:53.897824 [20:20:47.900] 用户7933 | ✅ 秒杀成功 | 耗时: 4207.12ms
2025/12/13 20:20:53.897826 [20:20:47.900] 用户9693 | ✅ 秒杀成功 | 耗时: 4284.92ms
2025/12/13 20:20:53.897827 [20:20:47.900] 用户2605 | ✅ 秒杀成功 | 耗时: 4220.42ms
2025/12/13 20:20:53.897828 [20:20:47.900] 用户8150 | ✅ 秒杀成功 | 耗时: 4182.96ms
2025/12/13 20:20:53.897830 [20:20:47.900] 用户8526 | ✅ 秒杀成功 | 耗时: 4187.18ms
2025/12/13 20:20:53.897831 [20:20:47.900] 用户8553 | ✅ 秒杀成功 | 耗时: 4187.39ms
2025/12/13 20:20:53.897832 [20:20:47.900] 用户10413 | ✅ 秒杀成功 | 耗时: 4183.12ms
2025/12/13 20:20:53.897834 [20:20:47.900] 用户10440 | ✅ 秒杀成功 | 耗时: 4187.53ms
2025/12/13 20:20:53.897835 [20:20:47.900] 用户10432 | ✅ 秒杀成功 | 耗时: 4187.52ms
2025/12/13 20:20:53.897836 [20:20:47.900] 用户8449 | ✅ 秒杀成功 | 耗时: 4187.57ms
2025/12/13 20:20:53.897838 [20:20:47.900] 用户8878 | ✅ 秒杀成功 | 耗时: 4186.48ms
2025/12/13 20:20:53.897839 [20:20:47.900] 用户8501 | ✅ 秒杀成功 | 耗时: 4182.98ms
2025/12/13 20:20:53.897841 [20:20:47.900] 用户8293 | ✅ 秒杀成功 | 耗时: 4186.26ms
2025/12/13 20:20:53.897842 [20:20:47.900] 用户8863 | ✅ 秒杀成功 | 耗时: 4185.73ms
2025/12/13 20:20:53.897843 [20:20:47.900] 用户8556 | ✅ 秒杀成功 | 耗时: 4187.62ms
2025/12/13 20:20:53.897845 [20:20:47.900] 用户10438 | ✅ 秒杀成功 | 耗时: 4187.70ms
2025/12/13 20:20:53.897846 [20:20:47.900] 用户8921 | ✅ 秒杀成功 | 耗时: 4186.64ms
2025/12/13 20:20:53.897847 [20:20:47.900] 用户8437 | ✅ 秒杀成功 | 耗时: 4187.72ms
2025/12/13 20:20:53.897849 [20:20:47.901] 用户8213 | ✅ 秒杀成功 | 耗时: 4183.52ms
2025/12/13 20:20:53.897850 [20:20:47.901] 用户10429 | ✅ 秒杀成功 | 耗时: 4187.83ms
2025/12/13 20:20:53.897851 [20:20:47.901] 用户8915 | ✅ 秒杀成功 | 耗时: 4186.84ms
2025/12/13 20:20:53.897853 [20:20:47.901] 用户8265 | ✅ 秒杀成功 | 耗时: 4184.01ms
2025/12/13 20:20:53.897854 [20:20:47.901] 用户8247 | ✅ 秒杀成功 | 耗时: 4183.79ms
2025/12/13 20:20:53.897855 [20:20:47.901] 用户8314 | ✅ 秒杀成功 | 耗时: 4186.84ms
2025/12/13 20:20:53.897857 [20:20:47.901] 用户8268 | ✅ 秒杀成功 | 耗时: 4186.00ms
2025/12/13 20:20:53.897858 [20:20:47.901] 用户8724 | ✅ 秒杀成功 | 耗时: 4183.45ms
2025/12/13 20:20:53.897860 [20:20:47.901] 用户10427 | ✅ 秒杀成功 | 耗时: 4188.00ms
2025/12/13 20:20:53.897861 [20:20:47.901] 用户8274 | ✅ 秒杀成功 | 耗时: 4186.31ms
2025/12/13 20:20:53.897862 [20:20:47.901] 用户10865 | ✅ 秒杀成功 | 耗时: 4205.41ms
2025/12/13 20:20:53.897864 [20:20:47.901] 用户2571 | ✅ 秒杀成功 | 耗时: 4221.11ms
2025/12/13 20:20:53.897865 [20:20:47.901] 用户8768 | ✅ 秒杀成功 | 耗时: 4187.95ms
2025/12/13 20:20:53.897866 [20:20:47.902] 用户7649 | ✅ 秒杀成功 | 耗时: 4184.70ms
2025/12/13 20:20:53.897868 [20:20:47.902] 用户8245 | ✅ 秒杀成功 | 耗时: 4184.67ms
2025/12/13 20:20:53.897869 [20:20:47.902] 用户8757 | ✅ 秒杀成功 | 耗时: 4188.06ms
2025/12/13 20:20:53.897870 [20:20:47.902] 用户9737 | ✅ 秒杀成功 | 耗时: 4188.07ms
2025/12/13 20:20:53.897872 [20:20:47.902] 用户8525 | ✅ 秒杀成功 | 耗时: 4188.62ms
2025/12/13 20:20:53.897873 [20:20:47.902] 用户2485 | ✅ 秒杀成功 | 耗时: 4219.52ms
2025/12/13 20:20:53.897875 [20:20:47.902] 用户9768 | ✅ 秒杀成功 | 耗时: 4188.71ms
2025/12/13 20:20:53.897876 [20:20:47.902] 用户8523 | ✅ 秒杀成功 | 耗时: 4188.82ms
2025/12/13 20:20:53.897877 [20:20:47.902] 用户8289 | ✅ 秒杀成功 | 耗时: 4187.29ms
2025/12/13 20:20:53.897879 [20:20:47.902] 用户8527 | ✅ 秒杀成功 | 耗时: 4188.85ms
2025/12/13 20:20:53.897880 [20:20:47.902] 用户8142 | ✅ 秒杀成功 | 耗时: 4184.90ms
2025/12/13 20:20:53.897881 [20:20:47.902] 用户8965 | ✅ 秒杀成功 | 耗时: 4188.86ms
2025/12/13 20:20:53.897883 [20:20:47.902] 用户8061 | ✅ 秒杀成功 | 耗时: 4184.92ms
2025/12/13 20:20:53.897884 [20:20:47.902] 用户8519 | ✅ 秒杀成功 | 耗时: 4188.81ms
2025/12/13 20:20:53.897886 [20:20:47.902] 用户8966 | ✅ 秒杀成功 | 耗时: 4188.89ms
2025/12/13 20:20:53.897887 [20:20:47.902] 用户8528 | ✅ 秒杀成功 | 耗时: 4188.95ms
2025/12/13 20:20:53.897888 [20:20:47.902] 用户8857 | ✅ 秒杀成功 | 耗时: 4187.18ms
2025/12/13 20:20:53.897890 [20:20:47.902] 用户8518 | ✅ 秒杀成功 | 耗时: 4188.96ms
2025/12/13 20:20:53.897891 [20:20:47.902] 用户8516 | ✅ 秒杀成功 | 耗时: 4188.96ms
2025/12/13 20:20:53.897892 [20:20:47.902] 用户8313 | ✅ 秒杀成功 | 耗时: 4188.03ms
2025/12/13 20:20:53.897894 [20:20:47.902] 用户9782 | ✅ 秒杀成功 | 耗时: 4189.36ms
2025/12/13 20:20:53.897895 [20:20:47.902] 用户8508 | ✅ 秒杀成功 | 耗时: 4188.94ms
2025/12/13 20:20:53.897897 [20:20:47.902] 用户8175 | ✅ 秒杀成功 | 耗时: 4185.12ms
2025/12/13 20:20:53.897898 [20:20:47.902] 用户10159 | ✅ 秒杀成功 | 耗时: 4189.52ms
2025/12/13 20:20:53.897899 [20:20:47.902] 用户8049 | ✅ 秒杀成功 | 耗时: 4185.12ms
2025/12/13 20:20:53.897901 [20:20:47.902] 用户9796 | ✅ 秒杀成功 | 耗时: 4189.52ms
2025/12/13 20:20:53.897902 [20:20:47.902] 用户8176 | ✅ 秒杀成功 | 耗时: 4185.29ms
2025/12/13 20:20:53.897903 [20:20:47.902] 用户1381 | ✅ 秒杀成功 | 耗时: 4219.83ms
2025/12/13 20:20:53.897905 [20:20:47.902] 用户7248 | ✅ 秒杀成功 | 耗时: 4185.38ms
2025/12/13 20:20:53.897906 [20:20:47.902] 用户8312 | ✅ 秒杀成功 | 耗时: 4188.34ms
2025/12/13 20:20:53.897907 [20:20:47.902] 用户8056 | ✅ 秒杀成功 | 耗时: 4185.36ms
2025/12/13 20:20:53.897909 [20:20:47.902] 用户8060 | ✅ 秒杀成功 | 耗时: 4185.37ms
2025/12/13 20:20:53.897910 [20:20:47.902] 用户7674 | ✅ 秒杀成功 | 耗时: 4184.50ms
2025/12/13 20:20:53.897912 [20:20:47.902] 用户8858 | ✅ 秒杀成功 | 耗时: 4185.64ms
2025/12/13 20:20:53.897913 [20:20:47.902] 用户8398 | ✅ 秒杀成功 | 耗时: 4184.66ms
2025/12/13 20:20:53.897914 [20:20:47.902] 用户8454 | ✅ 秒杀成功 | 耗时: 4184.71ms
2025/12/13 20:20:53.897916 [20:20:47.902] 用户8463 | ✅ 秒杀成功 | 耗时: 4184.81ms
2025/12/13 20:20:53.897917 [20:20:47.902] 用户8417 | ✅ 秒杀成功 | 耗时: 4184.92ms
2025/12/13 20:20:53.897918 [20:20:47.902] 用户8401 | ✅ 秒杀成功 | 耗时: 4184.76ms
2025/12/13 20:20:53.897920 [20:20:47.903] 用户8496 | ✅ 秒杀成功 | 耗时: 4185.23ms
2025/12/13 20:20:53.897921 [20:20:47.905] 用户8785 | ✅ 秒杀成功 | 耗时: 4191.69ms
2025/12/13 20:20:53.897922 [20:20:47.905] 用户8952 | ✅ 秒杀成功 | 耗时: 4191.54ms
2025/12/13 20:20:53.897924 [20:20:47.905] 用户7916 | ✅ 秒杀成功 | 耗时: 4187.31ms
2025/12/13 20:20:53.897926 [20:20:47.905] 用户9759 | ✅ 秒杀成功 | 耗时: 4191.56ms
2025/12/13 20:20:53.897928 [20:20:47.905] 用户9495 | ✅ 秒杀成功 | 耗时: 4193.04ms
2025/12/13 20:20:53.897929 [20:20:47.905] 用户8136 | ✅ 秒杀成功 | 耗时: 4188.38ms
2025/12/13 20:20:53.897931 [20:20:47.905] 用户8442 | ✅ 秒杀成功 | 耗时: 4192.73ms
2025/12/13 20:20:53.897933 [20:20:47.905] 用户7901 | ✅ 秒杀成功 | 耗时: 4187.66ms
2025/12/13 20:20:53.897934 [20:20:47.905] 用户9934 | ✅ 秒杀成功 | 耗时: 4197.47ms
2025/12/13 20:20:53.897936 [20:20:47.906] 用户9360 | ✅ 秒杀成功 | 耗时: 4193.09ms
2025/12/13 20:20:53.897937 [20:20:47.906] 用户7927 | ✅ 秒杀成功 | 耗时: 4188.35ms
2025/12/13 20:20:53.897939 [20:20:47.906] 用户8824 | ✅ 秒杀成功 | 耗时: 4198.57ms
2025/12/13 20:20:53.897940 [20:20:47.906] 用户7934 | ✅ 秒杀成功 | 耗时: 4188.78ms
2025/12/13 20:20:53.897942 [20:20:47.906] 用户8711 | ✅ 秒杀成功 | 耗时: 4198.32ms
2025/12/13 20:20:53.897943 [20:20:47.906] 用户7931 | ✅ 秒杀成功 | 耗时: 4188.43ms
2025/12/13 20:20:53.897944 [20:20:47.906] 用户8269 | ✅ 秒杀成功 | 耗时: 4191.06ms
2025/12/13 20:20:53.897946 [20:20:47.906] 用户8717 | ✅ 秒杀成功 | 耗时: 4188.39ms
2025/12/13 20:20:53.897947 [20:20:47.906] 用户10162 | ✅ 秒杀成功 | 耗时: 4193.23ms
2025/12/13 20:20:53.897948 [20:20:47.906] 用户8729 | ✅ 秒杀成功 | 耗时: 4188.44ms
2025/12/13 20:20:53.897950 [20:20:47.906] 用户7665 | ✅ 秒杀成功 | 耗时: 4188.00ms
2025/12/13 20:20:53.897951 [20:20:47.906] 用户8426 | ✅ 秒杀成功 | 耗时: 4188.27ms
2025/12/13 20:20:53.897953 [20:20:47.906] 用户9813 | ✅ 秒杀成功 | 耗时: 4197.82ms
2025/12/13 20:20:53.897954 [20:20:47.906] 用户8771 | ✅ 秒杀成功 | 耗时: 4192.36ms
2025/12/13 20:20:53.897955 [20:20:47.906] 用户10849 | ✅ 秒杀成功 | 耗时: 4210.13ms
2025/12/13 20:20:53.897957 [20:20:47.906] 用户8904 | ✅ 秒杀成功 | 耗时: 4191.93ms
2025/12/13 20:20:53.897958 [20:20:47.906] 用户8468 | ✅ 秒杀成功 | 耗时: 4188.13ms
2025/12/13 20:20:53.897959 [20:20:47.906] 用户8903 | ✅ 秒杀成功 | 耗时: 4191.91ms
2025/12/13 20:20:53.897961 [20:20:47.906] 用户8031 | ✅ 秒杀成功 | 耗时: 4188.13ms
2025/12/13 20:20:53.897962 [20:20:47.906] 用户9747 | ✅ 秒杀成功 | 耗时: 4192.19ms
2025/12/13 20:20:53.897963 [20:20:47.906] 用户8479 | ✅ 秒杀成功 | 耗时: 4188.28ms
2025/12/13 20:20:53.897965 [20:20:47.906] 用户9790 | ✅ 秒杀成功 | 耗时: 4193.26ms
2025/12/13 20:20:53.897966 [20:20:47.906] 用户8371 | ✅ 秒杀成功 | 耗时: 4187.97ms
2025/12/13 20:20:53.897967 [20:20:47.906] 用户4355 | ✅ 秒杀成功 | 耗时: 4262.15ms
2025/12/13 20:20:53.897969 [20:20:47.906] 用户9700 | ✅ 秒杀成功 | 耗时: 4290.66ms
2025/12/13 20:20:53.897970 [20:20:47.906] 用户8769 | ✅ 秒杀成功 | 耗时: 4192.41ms
2025/12/13 20:20:53.897972 [20:20:47.906] 用户9368 | ✅ 秒杀成功 | 耗时: 4193.29ms
2025/12/13 20:20:53.897973 [20:20:47.906] 用户8653 | ✅ 秒杀成功 | 耗时: 4193.00ms
2025/12/13 20:20:53.897975 [20:20:47.906] 用户8649 | ✅ 秒杀成功 | 耗时: 4192.99ms
2025/12/13 20:20:53.897977 [20:20:47.906] 用户7664 | ✅ 秒杀成功 | 耗时: 4188.12ms
2025/12/13 20:20:53.897978 [20:20:47.906] 用户1944 | ✅ 秒杀成功 | 耗时: 4223.96ms
2025/12/13 20:20:53.897980 [20:20:47.906] 用户932 | ✅ 秒杀成功 | 耗时: 4206.05ms
2025/12/13 20:20:53.897982 [20:20:47.906] 用户8515 | ✅ 秒杀成功 | 耗时: 4193.02ms
2025/12/13 20:20:53.897983 [20:20:47.906] 用户8147 | ✅ 秒杀成功 | 耗时: 4188.77ms
2025/12/13 20:20:53.897985 [20:20:47.906] 用户8448 | ✅ 秒杀成功 | 耗时: 4188.19ms
2025/12/13 20:20:53.897987 [20:20:47.906] 用户8549 | ✅ 秒杀成功 | 耗时: 4193.04ms
2025/12/13 20:20:53.897988 [20:20:47.906] 用户10004 | ✅ 秒杀成功 | 耗时: 4193.12ms
2025/12/13 20:20:53.897990 [20:20:47.906] 用户7917 | ✅ 秒杀成功 | 耗时: 4188.14ms
2025/12/13 20:20:53.897992 [20:20:47.906] 用户8532 | ✅ 秒杀成功 | 耗时: 4193.01ms
2025/12/13 20:20:53.897993 [20:20:47.906] 用户7903 | ✅ 秒杀成功 | 耗时: 4188.10ms
2025/12/13 20:20:53.897995 [20:20:47.906] 用户8529 | ✅ 秒杀成功 | 耗时: 4193.03ms
2025/12/13 20:20:53.897996 [20:20:47.906] 用户8425 | ✅ 秒杀成功 | 耗时: 4188.42ms
2025/12/13 20:20:53.897997 [20:20:47.906] 用户8654 | ✅ 秒杀成功 | 耗时: 4193.04ms
2025/12/13 20:20:53.897999 [20:20:47.906] 用户8750 | ✅ 秒杀成功 | 耗时: 4192.35ms
2025/12/13 20:20:53.898000 [20:20:47.906] 用户8944 | ✅ 秒杀成功 | 耗时: 4192.23ms
2025/12/13 20:20:53.898001 [20:20:47.906] 用户7799 | ✅ 秒杀成功 | 耗时: 4188.43ms
2025/12/13 20:20:53.898003 [20:20:47.906] 用户10421 | ✅ 秒杀成功 | 耗时: 4193.09ms
2025/12/13 20:20:53.898004 [20:20:47.906] 用户8530 | ✅ 秒杀成功 | 耗时: 4193.05ms
2025/12/13 20:20:53.898005 [20:20:47.906] 用户7671 | ✅ 秒杀成功 | 耗时: 4188.22ms
2025/12/13 20:20:53.898007 [20:20:47.906] 用户8950 | ✅ 秒杀成功 | 耗时: 4192.30ms
2025/12/13 20:20:53.898008 [20:20:47.906] 用户8045 | ✅ 秒杀成功 | 耗时: 4188.37ms
2025/12/13 20:20:53.898009 [20:20:47.906] 用户8740 | ✅ 秒杀成功 | 耗时: 4192.36ms
2025/12/13 20:20:53.898011 [20:20:47.906] 用户293 | ✅ 秒杀成功 | 耗时: 4223.96ms
2025/12/13 20:20:53.898012 [20:20:47.906] 用户8444 | ✅ 秒杀成功 | 耗时: 4192.33ms
2025/12/13 20:20:53.898013 [20:20:47.906] 用户9929 | ✅ 秒杀成功 | 耗时: 4195.66ms
2025/12/13 20:20:53.898015 [20:20:47.906] 用户8439 | ✅ 秒杀成功 | 耗时: 4193.31ms
2025/12/13 20:20:53.898016 [20:20:47.906] 用户8766 | ✅ 秒杀成功 | 耗时: 4192.59ms
2025/12/13 20:20:53.898017 [20:20:47.906] 用户1773 | ✅ 秒杀成功 | 耗时: 4226.09ms
2025/12/13 20:20:53.898019 [20:20:47.906] 用户656 | ✅ 秒杀成功 | 耗时: 4224.42ms
2025/12/13 20:20:53.898020 [20:20:47.906] 用户8801 | ✅ 秒杀成功 | 耗时: 4192.94ms
2025/12/13 20:20:53.898022 [20:20:47.906] 用户15 | ✅ 秒杀成功 | 耗时: 4290.87ms
2025/12/13 20:20:53.898023 [20:20:47.906] 用户8619 | ✅ 秒杀成功 | 耗时: 4192.95ms
2025/12/13 20:20:53.898025 [20:20:47.906] 用户8629 | ✅ 秒杀成功 | 耗时: 4192.94ms
2025/12/13 20:20:53.898026 [20:20:47.906] 用户8647 | ✅ 秒杀成功 | 耗时: 4193.08ms
2025/12/13 20:20:53.898027 [20:20:47.906] 用户9709 | ✅ 秒杀成功 | 耗时: 4192.41ms
2025/12/13 20:20:53.898029 [20:20:47.906] 用户1292 | ✅ 秒杀成功 | 耗时: 4224.01ms
2025/12/13 20:20:53.898031 [20:20:47.906] 用户8746 | ✅ 秒杀成功 | 耗时: 4192.48ms
2025/12/13 20:20:53.898032 [20:20:47.906] 用户10335 | ✅ 秒杀成功 | 耗时: 4214.84ms
2025/12/13 20:20:53.898034 [20:20:47.906] 用户9456 | ✅ 秒杀成功 | 耗时: 4193.71ms
2025/12/13 20:20:53.898035 [20:20:47.906] 用户8916 | ✅ 秒杀成功 | 耗时: 4192.37ms
2025/12/13 20:20:53.898037 [20:20:47.906] 用户9761 | ✅ 秒杀成功 | 耗时: 4198.15ms
2025/12/13 20:20:53.898038 [20:20:47.906] 用户9707 | ✅ 秒杀成功 | 耗时: 4193.29ms
2025/12/13 20:20:53.898039 [20:20:47.906] 用户8671 | ✅ 秒杀成功 | 耗时: 4196.07ms
2025/12/13 20:20:53.898041 [20:20:47.906] 用户8807 | ✅ 秒杀成功 | 耗时: 4193.33ms
2025/12/13 20:20:53.898042 [20:20:47.907] 用户9789 | ✅ 秒杀成功 | 耗时: 4198.41ms
2025/12/13 20:20:53.898044 [20:20:47.907] 用户8793 | ✅ 秒杀成功 | 耗时: 4193.23ms
2025/12/13 20:20:53.898045 [20:20:47.907] 用户9855 | ✅ 秒杀成功 | 耗时: 4193.51ms
2025/12/13 20:20:53.898046 [20:20:47.907] 用户8533 | ✅ 秒杀成功 | 耗时: 4193.75ms
2025/12/13 20:20:53.898048 [20:20:47.907] 用户8531 | ✅ 秒杀成功 | 耗时: 4193.76ms
2025/12/13 20:20:53.898049 [20:20:47.907] 用户10423 | ✅ 秒杀成功 | 耗时: 4193.87ms
2025/12/13 20:20:53.898050 [20:20:47.907] 用户8552 | ✅ 秒杀成功 | 耗时: 4193.92ms
2025/12/13 20:20:53.898052 [20:20:47.907] 用户8546 | ✅ 秒杀成功 | 耗时: 4193.94ms
2025/12/13 20:20:53.898053 [20:20:47.907] 用户9025 | ✅ 秒杀成功 | 耗时: 4198.59ms
2025/12/13 20:20:53.898054 [20:20:47.907] 用户8319 | ✅ 秒杀成功 | 耗时: 4193.96ms
2025/12/13 20:20:53.898056 [20:20:47.907] 用户8554 | ✅ 秒杀成功 | 耗时: 4194.02ms
2025/12/13 20:20:53.898057 [20:20:47.907] 用户9451 | ✅ 秒杀成功 | 耗时: 4194.33ms
2025/12/13 20:20:53.898059 [20:20:47.907] 用户9706 | ✅ 秒杀成功 | 耗时: 4193.77ms
2025/12/13 20:20:53.898060 [20:20:47.907] 用户10431 | ✅ 秒杀成功 | 耗时: 4194.09ms
2025/12/13 20:20:53.898061 [20:20:47.907] 用户8792 | ✅ 秒杀成功 | 耗时: 4193.46ms
2025/12/13 20:20:53.898063 [20:20:47.907] 用户10002 | ✅ 秒杀成功 | 耗时: 4194.02ms
2025/12/13 20:20:53.898064 [20:20:47.907] 用户9716 | ✅ 秒杀成功 | 耗时: 4194.26ms
2025/12/13 20:20:53.898065 [20:20:47.907] 用户8809 | ✅ 秒杀成功 | 耗时: 4194.20ms
2025/12/13 20:20:53.898067 [20:20:47.907] 用户9717 | ✅ 秒杀成功 | 耗时: 4194.31ms
2025/12/13 20:20:53.898068 [20:20:47.907] 用户9370 | ✅ 秒杀成功 | 耗时: 4194.92ms
2025/12/13 20:20:53.898070 [20:20:47.907] 用户9712 | ✅ 秒杀成功 | 耗时: 4194.40ms
2025/12/13 20:20:53.898071 [20:20:47.907] 用户8177 | ✅ 秒杀成功 | 耗时: 4190.61ms
2025/12/13 20:20:53.898072 [20:20:47.910] 用户9180 | ✅ 秒杀成功 | 耗时: 4207.18ms
2025/12/13 20:20:53.898074 [20:20:47.910] 用户2647 | ✅ 秒杀成功 | 耗时: 4190.46ms
2025/12/13 20:20:53.898075 [20:20:47.910] 用户9595 | ✅ 秒杀成功 | 耗时: 4145.55ms
2025/12/13 20:20:53.898076 [20:20:47.910] 用户2300 | ✅ 秒杀成功 | 耗时: 4190.27ms
2025/12/13 20:20:53.898078 [20:20:47.910] 用户8168 | ✅ 秒杀成功 | 耗时: 4193.19ms
2025/12/13 20:20:53.898080 [20:20:47.910] 用户8434 | ✅ 秒杀成功 | 耗时: 4192.80ms
2025/12/13 20:20:53.898081 [20:20:47.910] 用户676 | ✅ 秒杀成功 | 耗时: 4231.36ms
2025/12/13 20:20:53.898083 [20:20:47.910] 用户8914 | ✅ 秒杀成功 | 耗时: 4197.31ms
2025/12/13 20:20:53.898085 [20:20:47.910] 用户7900 | ✅ 秒杀成功 | 耗时: 4192.38ms
2025/12/13 20:20:53.898086 [20:20:47.910] 用户847 | ✅ 秒杀成功 | 耗时: 4228.34ms
2025/12/13 20:20:53.898088 [20:20:47.910] 用户10191 | ✅ 秒杀成功 | 耗时: 4203.00ms
2025/12/13 20:20:53.898090 [20:20:47.910] 用户10312 | ✅ 秒杀成功 | 耗时: 4235.49ms
2025/12/13 20:20:53.898091 [20:20:47.910] 用户7211 | ✅ 秒杀成功 | 耗时: 4190.60ms
2025/12/13 20:20:53.898093 [20:20:47.910] 用户4438 | ✅ 秒杀成功 | 耗时: 4266.35ms
2025/12/13 20:20:53.898095 [20:20:47.910] 用户10794 | ✅ 秒杀成功 | 耗时: 4206.54ms
2025/12/13 20:20:53.898097 [20:20:47.910] 用户8990 | ✅ 秒杀成功 | 耗时: 4203.53ms
2025/12/13 20:20:53.898098 [20:20:47.911] 用户2513 | ✅ 秒杀成功 | 耗时: 4143.87ms
2025/12/13 20:20:53.898100 [20:20:47.911] 用户9833 | ✅ 秒杀成功 | 耗时: 4202.50ms
2025/12/13 20:20:53.898102 [20:20:47.911] 用户2992 | ✅ 秒杀成功 | 耗时: 4190.81ms
2025/12/13 20:20:53.898103 [20:20:47.911] 用户9600 | ✅ 秒杀成功 | 耗时: 4191.14ms
2025/12/13 20:20:53.898105 [20:20:47.911] 用户8369 | ✅ 秒杀成功 | 耗时: 4192.66ms
2025/12/13 20:20:53.898107 [20:20:47.911] 用户576 | ✅ 秒杀成功 | 耗时: 4226.77ms
2025/12/13 20:20:53.898108 [20:20:47.911] 用户2312 | ✅ 秒杀成功 | 耗时: 4190.68ms
2025/12/13 20:20:53.898110 [20:20:47.911] 用户10684 | ✅ 秒杀成功 | 耗时: 4191.18ms
2025/12/13 20:20:53.898111 [20:20:47.911] 用户4318 | ✅ 秒杀成功 | 耗时: 4262.49ms
2025/12/13 20:20:53.898113 [20:20:47.911] 用户1072 | ✅ 秒杀成功 | 耗时: 4227.70ms
2025/12/13 20:20:53.898114 [20:20:47.911] 用户1693 | ✅ 秒杀成功 | 耗时: 4120.36ms
2025/12/13 20:20:53.898116 [20:20:47.911] 用户10936 | ✅ 秒杀成功 | 耗时: 4307.84ms
2025/12/13 20:20:53.898117 [20:20:47.911] 用户3960 | ✅ 秒杀成功 | 耗时: 4143.91ms
2025/12/13 20:20:53.898119 [20:20:47.911] 用户8341 | ✅ 秒杀成功 | 耗时: 4192.63ms
2025/12/13 20:20:53.898121 [20:20:47.911] 用户9375 | ✅ 秒杀成功 | 耗时: 4198.46ms
2025/12/13 20:20:53.898122 [20:20:47.911] 用户2313 | ✅ 秒杀成功 | 耗时: 4190.73ms
2025/12/13 20:20:53.898124 [20:20:47.911] 用户9811 | ✅ 秒杀成功 | 耗时: 4234.69ms
2025/12/13 20:20:53.898126 [20:20:47.911] 用户9906 | ✅ 秒杀成功 | 耗时: 4199.06ms
2025/12/13 20:20:53.898127 [20:20:47.911] 用户1865 | ✅ 秒杀成功 | 耗时: 4235.46ms
2025/12/13 20:20:53.898129 [20:20:47.911] 用户5090 | ✅ 秒杀成功 | 耗时: 4269.75ms
2025/12/13 20:20:53.898131 [20:20:47.911] 用户10435 | ✅ 秒杀成功 | 耗时: 4207.75ms
2025/12/13 20:20:53.898132 [20:20:47.911] 用户4350 | ✅ 秒杀成功 | 耗时: 4266.92ms
2025/12/13 20:20:53.898134 [20:20:47.911] 用户2987 | ✅ 秒杀成功 | 耗时: 4191.01ms
2025/12/13 20:20:53.898136 [20:20:47.911] 用户8902 | ✅ 秒杀成功 | 耗时: 4203.87ms
2025/12/13 20:20:53.898137 [20:20:47.911] 用户9127 | ✅ 秒杀成功 | 耗时: 4206.99ms
2025/12/13 20:20:53.898139 [20:20:47.911] 用户9177 | ✅ 秒杀成功 | 耗时: 4207.81ms
2025/12/13 20:20:53.898141 [20:20:47.911] 用户3803 | ✅ 秒杀成功 | 耗时: 4262.06ms
2025/12/13 20:20:53.898142 [20:20:47.911] 用户4099 | ✅ 秒杀成功 | 耗时: 4266.50ms
2025/12/13 20:20:53.898145 [20:20:47.911] 用户2320 | ✅ 秒杀成功 | 耗时: 4190.98ms
2025/12/13 20:20:53.898146 [20:20:47.911] 用户9163 | ✅ 秒杀成功 | 耗时: 4207.81ms
2025/12/13 20:20:53.898148 [20:20:47.911] 用户9963 | ✅ 秒杀成功 | 耗时: 4203.42ms
2025/12/13 20:20:53.898150 [20:20:47.911] 用户1575 | ✅ 秒杀成功 | 耗时: 4235.30ms
2025/12/13 20:20:53.898151 [20:20:47.911] 用户9032 | ✅ 秒杀成功 | 耗时: 4204.08ms
2025/12/13 20:20:53.898153 [20:20:47.911] 用户1565 | ✅ 秒杀成功 | 耗时: 4235.30ms
2025/12/13 20:20:53.898155 [20:20:47.911] 用户2991 | ✅ 秒杀成功 | 耗时: 4191.11ms
2025/12/13 20:20:53.898156 [20:20:47.911] 用户8770 | ✅ 秒杀成功 | 耗时: 4197.36ms
2025/12/13 20:20:53.898158 [20:20:47.911] 用户2241 | ✅ 秒杀成功 | 耗时: 4160.50ms
2025/12/13 20:20:53.898160 [20:20:47.911] 用户10464 | ✅ 秒杀成功 | 耗时: 4207.84ms
2025/12/13 20:20:53.898162 [20:20:47.911] 用户8967 | ✅ 秒杀成功 | 耗时: 4204.04ms
2025/12/13 20:20:53.898163 [20:20:47.911] 用户9681 | ✅ 秒杀成功 | 耗时: 4203.68ms
2025/12/13 20:20:53.898165 [20:20:47.911] 用户9094 | ✅ 秒杀成功 | 耗时: 4207.06ms
2025/12/13 20:20:53.898167 [20:20:47.911] 用户10053 | ✅ 秒杀成功 | 耗时: 4208.00ms
2025/12/13 20:20:53.898169 [20:20:47.911] 用户2789 | ✅ 秒杀成功 | 耗时: 4190.91ms
2025/12/13 20:20:53.898172 [20:20:47.911] 用户9483 | ✅ 秒杀成功 | 耗时: 4208.00ms
2025/12/13 20:20:53.898174 [20:20:47.911] 用户2535 | ✅ 秒杀成功 | 耗时: 4190.98ms
2025/12/13 20:20:53.898176 [20:20:47.911] 用户9036 | ✅ 秒杀成功 | 耗时: 4191.55ms
2025/12/13 20:20:53.898177 [20:20:47.911] 用户9569 | ✅ 秒杀成功 | 耗时: 4198.83ms
2025/12/13 20:20:53.898178 [20:20:47.911] 用户8302 | ✅ 秒杀成功 | 耗时: 4191.66ms
2025/12/13 20:20:53.898180 [20:20:47.911] 用户8135 | ✅ 秒杀成功 | 耗时: 4193.71ms
2025/12/13 20:20:53.898181 [20:20:47.911] 用户7604 | ✅ 秒杀成功 | 耗时: 4192.61ms
2025/12/13 20:20:53.898182 [20:20:47.911] 用户4680 | ✅ 秒杀成功 | 耗时: 4265.44ms
2025/12/13 20:20:53.898184 [20:20:47.911] 用户2372 | ✅ 秒杀成功 | 耗时: 4227.95ms
2025/12/13 20:20:53.898185 [20:20:47.911] 用户2311 | ✅ 秒杀成功 | 耗时: 4191.03ms
2025/12/13 20:20:53.898187 [20:20:47.911] 用户9101 | ✅ 秒杀成功 | 耗时: 4207.14ms
2025/12/13 20:20:53.898188 [20:20:47.911] 用户3911 | ✅ 秒杀成功 | 耗时: 4191.21ms
2025/12/13 20:20:53.898189 [20:20:47.911] 用户3723 | ✅ 秒杀成功 | 耗时: 4262.45ms
2025/12/13 20:20:53.898191 [20:20:47.911] 用户10463 | ✅ 秒杀成功 | 耗时: 4207.93ms
2025/12/13 20:20:53.898193 [20:20:47.911] 用户10983 | ✅ 秒杀成功 | 耗时: 4217.43ms
2025/12/13 20:20:53.898195 [20:20:47.911] 用户9409 | ✅ 秒杀成功 | 耗时: 4228.28ms
2025/12/13 20:20:53.898196 [20:20:47.911] 用户2401 | ✅ 秒杀成功 | 耗时: 4144.49ms
2025/12/13 20:20:53.898198 [20:20:47.911] 用户3627 | ✅ 秒杀成功 | 耗时: 4265.70ms
2025/12/13 20:20:53.898200 [20:20:47.911] 用户1116 | ✅ 秒杀成功 | 耗时: 4227.44ms
2025/12/13 20:20:53.898202 [20:20:47.911] 用户8338 | ✅ 秒杀成功 | 耗时: 4193.19ms
2025/12/13 20:20:53.898203 [20:20:47.911] 用户8675 | ✅ 秒杀成功 | 耗时: 4200.92ms
2025/12/13 20:20:53.898205 [20:20:47.911] 用户7772 | ✅ 秒杀成功 | 耗时: 4192.95ms
2025/12/13 20:20:53.898207 [20:20:47.911] 用户3878 | ✅ 秒杀成功 | 耗时: 4265.87ms
2025/12/13 20:20:53.898208 [20:20:47.911] 用户2643 | ✅ 秒杀成功 | 耗时: 4191.52ms
2025/12/13 20:20:53.898210 [20:20:47.911] 用户7199 | ✅ 秒杀成功 | 耗时: 4191.43ms
2025/12/13 20:20:53.898212 [20:20:47.911] 用户8158 | ✅ 秒杀成功 | 耗时: 4191.79ms
2025/12/13 20:20:53.898214 [20:20:47.911] 用户160 | ✅ 秒杀成功 | 耗时: 4192.24ms
2025/12/13 20:20:53.898215 [20:20:47.911] 用户2277 | ✅ 秒杀成功 | 耗时: 4210.71ms
2025/12/13 20:20:53.898217 [20:20:47.911] 用户10214 | ✅ 秒杀成功 | 耗时: 4204.07ms
2025/12/13 20:20:53.898219 [20:20:47.911] 用户7872 | ✅ 秒杀成功 | 耗时: 4193.31ms
2025/12/13 20:20:53.898220 [20:20:47.911] 用户3596 | ✅ 秒杀成功 | 耗时: 4192.03ms
2025/12/13 20:20:53.898221 [20:20:47.911] 用户2979 | ✅ 秒杀成功 | 耗时: 4191.67ms
2025/12/13 20:20:53.898223 [20:20:47.911] 用户1766 | ✅ 秒杀成功 | 耗时: 4065.86ms
2025/12/13 20:20:53.898224 [20:20:47.911] 用户2818 | ✅ 秒杀成功 | 耗时: 4191.61ms
2025/12/13 20:20:53.898226 [20:20:47.912] 用户2784 | ✅ 秒杀成功 | 耗时: 4191.53ms
2025/12/13 20:20:53.898227 [20:20:47.912] 用户9484 | ✅ 秒杀成功 | 耗时: 4214.91ms
2025/12/13 20:20:53.898229 [20:20:47.912] 用户5347 | ✅ 秒杀成功 | 耗时: 4267.96ms
2025/12/13 20:20:53.898231 [20:20:47.921] 用户4688 | ✅ 秒杀成功 | 耗时: 4276.63ms
2025/12/13 20:20:53.898233 [20:20:47.924] 用户1287 | ✅ 秒杀成功 | 耗时: 4228.19ms
2025/12/13 20:20:53.898234 [20:20:47.924] 用户2538 | ✅ 秒杀成功 | 耗时: 4203.86ms
2025/12/13 20:20:53.898236 [20:20:47.924] 用户10076 | ✅ 秒杀成功 | 耗时: 4240.66ms
2025/12/13 20:20:53.898238 [20:20:47.924] 用户1390 | ✅ 秒杀成功 | 耗时: 4240.72ms
2025/12/13 20:20:53.898239 [20:20:47.924] 用户3567 | ✅ 秒杀成功 | 耗时: 4159.21ms
2025/12/13 20:20:53.898241 [20:20:47.924] 用户2811 | ✅ 秒杀成功 | 耗时: 4203.99ms
2025/12/13 20:20:53.898243 [20:20:47.924] 用户7773 | ✅ 秒杀成功 | 耗时: 4205.61ms
2025/12/13 20:20:53.898244 [20:20:47.924] 用户1304 | ✅ 秒杀成功 | 耗时: 4241.08ms
2025/12/13 20:20:53.898246 [20:20:47.924] 用户3722 | ✅ 秒杀成功 | 耗时: 4275.40ms
2025/12/13 20:20:53.898248 [20:20:47.927] 用户3841 | ✅ 秒杀成功 | 耗时: 4281.50ms
2025/12/13 20:20:53.898249 [20:20:47.927] 用户183 | ✅ 秒杀成功 | 耗时: 4235.83ms
2025/12/13 20:20:53.898251 [20:20:47.927] 用户8027 | ✅ 秒杀成功 | 耗时: 4209.12ms
2025/12/13 20:20:53.898252 [20:20:47.927] 用户9984 | ✅ 秒杀成功 | 耗时: 4219.92ms
2025/12/13 20:20:53.898253 [20:20:47.927] 用户3858 | ✅ 秒杀成功 | 耗时: 4207.46ms
2025/12/13 20:20:53.898255 [20:20:47.927] 用户9229 | ✅ 秒杀成功 | 耗时: 4224.78ms
2025/12/13 20:20:53.898257 [20:20:47.927] 用户3711 | ✅ 秒杀成功 | 耗时: 4278.64ms
2025/12/13 20:20:53.898258 [20:20:47.927] 用户137 | ✅ 秒杀成功 | 耗时: 4244.44ms
2025/12/13 20:20:53.898260 [20:20:47.928] 用户4420 | ✅ 秒杀成功 | 耗时: 4279.12ms
2025/12/13 20:20:53.898262 [20:20:47.928] 用户9766 | ✅ 秒杀成功 | 耗时: 4219.25ms
2025/12/13 20:20:53.898264 [20:20:47.928] 用户4423 | ✅ 秒杀成功 | 耗时: 4279.47ms
2025/12/13 20:20:53.898265 [20:20:47.928] 用户3859 | ✅ 秒杀成功 | 耗时: 4208.07ms
2025/12/13 20:20:53.898267 [20:20:47.928] 用户9825 | ✅ 秒杀成功 | 耗时: 4219.70ms
2025/12/13 20:20:53.898269 [20:20:47.928] 用户10803 | ✅ 秒杀成功 | 耗时: 4223.89ms
2025/12/13 20:20:53.898270 [20:20:47.928] 用户3964 | ✅ 秒杀成功 | 耗时: 4161.35ms
2025/12/13 20:20:53.898272 [20:20:47.928] 用户4175 | ✅ 秒杀成功 | 耗时: 4283.81ms
2025/12/13 20:20:53.898274 [20:20:47.928] 用户2206 | ✅ 秒杀成功 | 耗时: 4229.43ms
2025/12/13 20:20:53.898275 [20:20:47.928] 用户10706 | ✅ 秒杀成功 | 耗时: 4225.35ms
2025/12/13 20:20:53.898277 [20:20:47.929] 用户1424 | ✅ 秒杀成功 | 耗时: 4254.10ms
2025/12/13 20:20:53.898279 [20:20:47.929] 用户4437 | ✅ 秒杀成功 | 耗时: 4285.15ms
2025/12/13 20:20:53.898280 [20:20:47.930] 用户9903 | ✅ 秒杀成功 | 耗时: 4217.98ms
2025/12/13 20:20:53.898282 [20:20:47.930] 用户3847 | ✅ 秒杀成功 | 耗时: 4284.06ms
2025/12/13 20:20:53.898284 [20:20:47.930] 用户10064 | ✅ 秒杀成功 | 耗时: 4226.80ms
2025/12/13 20:20:53.898285 [20:20:47.930] 用户9182 | ✅ 秒杀成功 | 耗时: 4226.66ms
2025/12/13 20:20:53.898287 [20:20:47.930] 用户8024 | ✅ 秒杀成功 | 耗时: 4211.61ms
2025/12/13 20:20:53.898289 [20:20:47.930] 用户2094 | ✅ 秒杀成功 | 耗时: 4167.82ms
2025/12/13 20:20:53.898290 [20:20:47.930] 用户7531 | ✅ 秒杀成功 | 耗时: 4211.18ms
2025/12/13 20:20:53.898292 [20:20:47.930] 用户899 | ✅ 秒杀成功 | 耗时: 4227.36ms
2025/12/13 20:20:53.898294 [20:20:47.930] 用户3601 | ✅ 秒杀成功 | 耗时: 4284.03ms
2025/12/13 20:20:53.898296 [20:20:47.930] 用户8207 | ✅ 秒杀成功 | 耗时: 4212.61ms
2025/12/13 20:20:53.898297 [20:20:47.930] 用户3613 | ✅ 秒杀成功 | 耗时: 4284.49ms
2025/12/13 20:20:53.898299 [20:20:47.930] 用户9334 | ✅ 秒杀成功 | 耗时: 4233.14ms
2025/12/13 20:20:53.898301 [20:20:47.930] 用户10879 | ✅ 秒杀成功 | 耗时: 4234.31ms
2025/12/13 20:20:53.898302 [20:20:47.930] 用户3301 | ✅ 秒杀成功 | 耗时: 4237.75ms
2025/12/13 20:20:53.898304 [20:20:47.930] 用户430 | ✅ 秒杀成功 | 耗时: 4237.65ms
2025/12/13 20:20:53.898306 [20:20:47.930] 用户10881 | ✅ 秒杀成功 | 耗时: 4234.39ms
2025/12/13 20:20:53.898307 [20:20:47.930] 用户9098 | ✅ 秒杀成功 | 耗时: 4226.00ms
2025/12/13 20:20:53.898309 [20:20:47.930] 用户1156 | ✅ 秒杀成功 | 耗时: 4256.15ms
2025/12/13 20:20:53.898311 [20:20:47.930] 用户3365 | ✅ 秒杀成功 | 耗时: 4254.89ms
2025/12/13 20:20:53.898312 [20:20:47.930] 用户844 | ✅ 秒杀成功 | 耗时: 4247.84ms
2025/12/13 20:20:53.898314 [20:20:47.930] 用户1391 | ✅ 秒杀成功 | 耗时: 4246.75ms
2025/12/13 20:20:53.898316 [20:20:47.930] 用户7411 | ✅ 秒杀成功 | 耗时: 4313.97ms
2025/12/13 20:20:53.898319 [20:20:47.930] 用户1166 | ✅ 秒杀成功 | 耗时: 4054.58ms
2025/12/13 20:20:53.898320 [20:20:47.930] 用户10174 | ✅ 秒杀成功 | 耗时: 4217.87ms
2025/12/13 20:20:53.898322 [20:20:47.930] 用户8987 | ✅ 秒杀成功 | 耗时: 4222.89ms
2025/12/13 20:20:53.898324 [20:20:47.930] 用户10184 | ✅ 秒杀成功 | 耗时: 4222.53ms
2025/12/13 20:20:53.898326 [20:20:47.930] 用户739 | ✅ 秒杀成功 | 耗时: 4227.68ms
2025/12/13 20:20:53.898327 [20:20:47.930] 用户10471 | ✅ 秒杀成功 | 耗时: 4226.92ms
2025/12/13 20:20:53.898329 [20:20:47.930] 用户3683 | ✅ 秒杀成功 | 耗时: 4290.34ms
2025/12/13 20:20:53.898331 [20:20:47.930] 用户4006 | ✅ 秒杀成功 | 耗时: 4256.31ms
2025/12/13 20:20:53.898332 [20:20:47.930] 用户9608 | ✅ 秒杀成功 | 耗时: 4238.69ms
2025/12/13 20:20:53.898334 [20:20:47.930] 用户6396 | ✅ 秒杀成功 | 耗时: 4300.65ms
2025/12/13 20:20:53.898336 [20:20:47.930] 用户10434 | ✅ 秒杀成功 | 耗时: 4226.96ms
2025/12/13 20:20:53.898337 [20:20:47.930] 用户777 | ✅ 秒杀成功 | 耗时: 4251.55ms
2025/12/13 20:20:53.898339 [20:20:47.930] 用户4695 | ✅ 秒杀成功 | 耗时: 4285.42ms
2025/12/13 20:20:53.898341 [20:20:47.934] 用户1347 | ✅ 秒杀成功 | 耗时: 4253.92ms
2025/12/13 20:20:53.898342 [20:20:47.934] 用户4207 | ✅ 秒杀成功 | 耗时: 4290.39ms
2025/12/13 20:20:53.898343 [20:20:47.934] 用户8804 | ✅ 秒杀成功 | 耗时: 4242.80ms
2025/12/13 20:20:53.898345 [20:20:47.934] 用户48 | ✅ 秒杀成功 | 耗时: 4259.28ms
2025/12/13 20:20:53.898346 [20:20:47.937] 用户8353 | ✅ 秒杀成功 | 耗时: 4246.61ms
2025/12/13 20:20:53.898348 [20:20:47.938] 用户9357 | ✅ 秒杀成功 | 耗时: 4241.51ms
2025/12/13 20:20:53.898349 [20:20:47.938] 用户1370 | ✅ 秒杀成功 | 耗时: 4238.49ms
2025/12/13 20:20:53.898351 [20:20:47.944] 用户860 | ✅ 秒杀成功 | 耗时: 4263.79ms
2025/12/13 20:20:53.898353 [20:20:47.944] 用户2703 | ✅ 秒杀成功 | 耗时: 4278.86ms
2025/12/13 20:20:53.898354 [20:20:47.944] 用户9554 | ✅ 秒杀成功 | 耗时: 4224.36ms
2025/12/13 20:20:53.898356 [20:20:47.944] 用户3865 | ✅ 秒杀成功 | 耗时: 4247.54ms
2025/12/13 20:20:53.898358 [20:20:47.944] 用户4465 | ✅ 秒杀成功 | 耗时: 4300.49ms
2025/12/13 20:20:53.898360 [20:20:47.944] 用户4088 | ✅ 秒杀成功 | 耗时: 4296.36ms
2025/12/13 20:20:53.898361 [20:20:47.944] 用户9611 | ✅ 秒杀成功 | 耗时: 4252.89ms
2025/12/13 20:20:53.898364 [20:20:47.944] 用户7416 | ✅ 秒杀成功 | 耗时: 4253.07ms
2025/12/13 20:20:53.898365 [20:20:47.944] 用户2316 | ✅ 秒杀成功 | 耗时: 4224.27ms
2025/12/13 20:20:53.898367 [20:20:47.944] 用户8087 | ✅ 秒杀成功 | 耗时: 4225.63ms
2025/12/13 20:20:53.898369 [20:20:47.944] 用户2814 | ✅ 秒杀成功 | 耗时: 4224.37ms
2025/12/13 20:20:53.898370 [20:20:47.944] 用户3556 | ✅ 秒杀成功 | 耗时: 4179.34ms
2025/12/13 20:20:53.898372 [20:20:47.944] 用户3765 | ✅ 秒杀成功 | 耗时: 4300.01ms
2025/12/13 20:20:53.898374 [20:20:47.944] 用户7582 | ✅ 秒杀成功 | 耗时: 4224.98ms
2025/12/13 20:20:53.898375 [20:20:47.944] 用户10176 | ✅ 秒杀成功 | 耗时: 4232.56ms
2025/12/13 20:20:53.898377 [20:20:47.948] 用户10685 | ✅ 秒杀成功 | 耗时: 4228.33ms
2025/12/13 20:20:53.898379 [20:20:47.948] 用户3760 | ✅ 秒杀成功 | 耗时: 4303.08ms
2025/12/13 20:20:53.898380 [20:20:47.948] 用户2678 | ✅ 秒杀成功 | 耗时: 4281.77ms
2025/12/13 20:20:53.898382 [20:20:47.949] 用户6261 | ✅ 秒杀成功 | 耗时: 4317.96ms
2025/12/13 20:20:53.898384 [20:20:47.949] 用户10204 | ✅ 秒杀成功 | 耗时: 4241.47ms
2025/12/13 20:20:53.898385 [20:20:47.949] 用户3919 | ✅ 秒杀成功 | 耗时: 4229.14ms
2025/12/13 20:20:53.898387 [20:20:47.949] 用户3758 | ✅ 秒杀成功 | 耗时: 4303.89ms
2025/12/13 20:20:53.898389 [20:20:47.949] 用户1016 | ✅ 秒杀成功 | 耗时: 4267.46ms
2025/12/13 20:20:53.898390 [20:20:47.949] 用户6069 | ✅ 秒杀成功 | 耗时: 4319.98ms
2025/12/13 20:20:53.898400 [20:20:47.949] 用户9129 | ✅ 秒杀成功 | 耗时: 4245.59ms
2025/12/13 20:20:53.898402 [20:20:47.949] 用户1102 | ✅ 秒杀成功 | 耗时: 4264.96ms
2025/12/13 20:20:53.898403 [20:20:47.949] 用户7657 | ✅ 秒杀成功 | 耗时: 4258.71ms
2025/12/13 20:20:53.898405 [20:20:47.949] 用户9298 | ✅ 秒杀成功 | 耗时: 4258.31ms
2025/12/13 20:20:53.898406 [20:20:47.949] 用户7235 | ✅ 秒杀成功 | 耗时: 4326.56ms
2025/12/13 20:20:53.898408 [20:20:47.949] 用户1958 | ✅ 秒杀成功 | 耗时: 4249.84ms
2025/12/13 20:20:53.898409 [20:20:47.950] 用户9051 | ✅ 秒杀成功 | 耗时: 4245.68ms
2025/12/13 20:20:53.898410 [20:20:47.952] 用户8981 | ✅ 秒杀成功 | 耗时: 4245.21ms
2025/12/13 20:20:53.898412 [20:20:47.952] 用户6202 | ✅ 秒杀成功 | 耗时: 4321.50ms
2025/12/13 20:20:53.898413 [20:20:47.952] 用户2585 | ✅ 秒杀成功 | 耗时: 4272.47ms
2025/12/13 20:20:53.898415 [20:20:47.954] 用户5949 | ✅ 秒杀成功 | 耗时: 4324.28ms
2025/12/13 20:20:53.898416 [20:20:47.954] 用户6658 | ✅ 秒杀成功 | 耗时: 4320.93ms
2025/12/13 20:20:53.898417 [20:20:47.954] 用户8764 | ✅ 秒杀成功 | 耗时: 4240.22ms
2025/12/13 20:20:53.898419 [20:20:47.954] 用户9767 | ✅ 秒杀成功 | 耗时: 4236.00ms
2025/12/13 20:20:53.898420 [20:20:47.954] 用户2722 | ✅ 秒杀成功 | 耗时: 4276.19ms
2025/12/13 20:20:53.898422 [20:20:47.954] 用户361 | ✅ 秒杀成功 | 耗时: 4275.11ms
2025/12/13 20:20:53.898423 [20:20:47.954] 用户3362 | ✅ 秒杀成功 | 耗时: 4278.96ms
2025/12/13 20:20:53.898424 [20:20:47.954] 用户1033 | ✅ 秒杀成功 | 耗时: 4262.54ms
2025/12/13 20:20:53.898426 [20:20:47.954] 用户3363 | ✅ 秒杀成功 | 耗时: 4279.04ms
2025/12/13 20:20:53.898427 [20:20:47.954] 用户2310 | ✅ 秒杀成功 | 耗时: 4234.14ms
2025/12/13 20:20:53.898429 [20:20:47.954] 用户9467 | ✅ 秒杀成功 | 耗时: 4267.08ms
2025/12/13 20:20:53.898430 [20:20:47.954] 用户4459 | ✅ 秒杀成功 | 耗时: 4310.59ms
2025/12/13 20:20:53.898431 [20:20:47.954] 用户10474 | ✅ 秒杀成功 | 耗时: 4279.09ms
2025/12/13 20:20:53.898433 [20:20:47.954] 用户10709 | ✅ 秒杀成功 | 耗时: 4251.42ms
2025/12/13 20:20:53.898434 [20:20:47.955] 用户4386 | ✅ 秒杀成功 | 耗时: 4310.97ms
2025/12/13 20:20:53.898435 [20:20:47.955] 用户10652 | ✅ 秒杀成功 | 耗时: 4258.25ms
2025/12/13 20:20:53.898437 [20:20:47.957] 用户4363 | ✅ 秒杀成功 | 耗时: 4313.38ms
2025/12/13 20:20:53.898438 [20:20:47.958] 用户3054 | ✅ 秒杀成功 | 耗时: 4191.69ms
2025/12/13 20:20:53.898440 [20:20:47.958] 用户1722 | ✅ 秒杀成功 | 耗时: 4278.04ms
2025/12/13 20:20:53.898441 [20:20:47.958] 用户3367 | ✅ 秒杀成功 | 耗时: 4283.13ms
2025/12/13 20:20:53.898442 [20:20:47.958] 用户6778 | ✅ 秒杀成功 | 耗时: 4325.83ms
2025/12/13 20:20:53.898444 [20:20:47.958] 用户9548 | ✅ 秒杀成功 | 耗时: 4267.15ms
2025/12/13 20:20:53.898445 [20:20:47.961] 用户4373 | ✅ 秒杀成功 | 耗时: 4317.35ms
2025/12/13 20:20:53.898446 [20:20:47.961] 用户10967 | ✅ 秒杀成功 | 耗时: 4278.09ms
2025/12/13 20:20:53.898448 [20:20:47.961] 用户6199 | ✅ 秒杀成功 | 耗时: 4330.27ms
2025/12/13 20:20:53.898449 [20:20:47.962] 用户1907 | ✅ 秒杀成功 | 耗时: 4283.16ms
2025/12/13 20:20:53.898450 [20:20:47.962] 用户9300 | ✅ 秒杀成功 | 耗时: 4270.88ms
2025/12/13 20:20:53.898452 [20:20:47.962] 用户10221 | ✅ 秒杀成功 | 耗时: 4271.13ms
2025/12/13 20:20:53.898453 [20:20:47.962] 用户5950 | ✅ 秒杀成功 | 耗时: 4332.95ms
2025/12/13 20:20:53.898454 [20:20:47.962] 用户4180 | ✅ 秒杀成功 | 耗时: 4318.13ms
2025/12/13 20:20:53.898456 [20:20:47.962] 用户7952 | ✅ 秒杀成功 | 耗时: 4341.69ms
2025/12/13 20:20:53.898457 [20:20:47.962] 用户4366 | ✅ 秒杀成功 | 耗时: 4318.79ms
2025/12/13 20:20:53.898459 [20:20:47.965] 用户5973 | ✅ 秒杀成功 | 耗时: 4335.58ms
2025/12/13 20:20:53.898460 [20:20:47.965] 用户338 | ✅ 秒杀成功 | 耗时: 4282.92ms
2025/12/13 20:20:53.898461 [20:20:47.965] 用户1012 | ✅ 秒杀成功 | 耗时: 4282.92ms
2025/12/13 20:20:53.898463 [20:20:47.965] 用户10039 | ✅ 秒杀成功 | 耗时: 4245.64ms
2025/12/13 20:20:53.898464 [20:20:47.965] 用户4443 | ✅ 秒杀成功 | 耗时: 4321.03ms
2025/12/13 20:20:53.898465 [20:20:47.965] 用户1776 | ✅ 秒杀成功 | 耗时: 4285.22ms
2025/12/13 20:20:53.898467 [20:20:47.965] 用户10854 | ✅ 秒杀成功 | 耗时: 4269.58ms
2025/12/13 20:20:53.898468 [20:20:47.965] 用户9651 | ✅ 秒杀成功 | 耗时: 4286.70ms
2025/12/13 20:20:53.898470 [20:20:47.965] 用户4374 | ✅ 秒杀成功 | 耗时: 4321.64ms
2025/12/13 20:20:53.898471 [20:20:47.965] 用户2996 | ✅ 秒杀成功 | 耗时: 4268.85ms
2025/12/13 20:20:53.898472 [20:20:47.965] 用户2187 | ✅ 秒杀成功 | 耗时: 4266.68ms
2025/12/13 20:20:53.898474 [20:20:47.965] 用户3458 | ✅ 秒杀成功 | 耗时: 4312.11ms
2025/12/13 20:20:53.898475 [20:20:47.965] 用户4367 | ✅ 秒杀成功 | 耗时: 4321.80ms
2025/12/13 20:20:53.898477 [20:20:47.965] 用户2272 | ✅ 秒杀成功 | 耗时: 4245.53ms
2025/12/13 20:20:53.898478 [20:20:47.965] 用户5820 | ✅ 秒杀成功 | 耗时: 4333.11ms
2025/12/13 20:20:53.898479 [20:20:47.965] 用户6904 | ✅ 秒杀成功 | 耗时: 4334.80ms
2025/12/13 20:20:53.898481 [20:20:47.966] 用户9641 | ✅ 秒杀成功 | 耗时: 4245.86ms
2025/12/13 20:20:53.898482 [20:20:47.966] 用户4588 | ✅ 秒杀成功 | 耗时: 4321.35ms
2025/12/13 20:20:53.898483 [20:20:47.966] 用户5175 | ✅ 秒杀成功 | 耗时: 4329.07ms
2025/12/13 20:20:53.898485 [20:20:47.966] 用户9336 | ✅ 秒杀成功 | 耗时: 4269.13ms
2025/12/13 20:20:53.898487 [20:20:47.966] 用户6060 | ✅ 秒杀成功 | 耗时: 4336.33ms
2025/12/13 20:20:53.898488 [20:20:47.966] 用户5340 | ✅ 秒杀成功 | 耗时: 4321.86ms
2025/12/13 20:20:53.898490 [20:20:47.966] 用户5926 | ✅ 秒杀成功 | 耗时: 4336.43ms
2025/12/13 20:20:53.898492 [20:20:47.966] 用户4580 | ✅ 秒杀成功 | 耗时: 4321.57ms
2025/12/13 20:20:53.898493 [20:20:47.966] 用户10092 | ✅ 秒杀成功 | 耗时: 4287.04ms
2025/12/13 20:20:53.898495 [20:20:47.966] 用户2649 | ✅ 秒杀成功 | 耗时: 4245.99ms
2025/12/13 20:20:53.898497 [20:20:47.966] 用户9166 | ✅ 秒杀成功 | 耗时: 4262.80ms
2025/12/13 20:20:53.898499 [20:20:47.966] 用户1460 | ✅ 秒杀成功 | 耗时: 4269.72ms
2025/12/13 20:20:53.898500 [20:20:47.966] 用户1875 | ✅ 秒杀成功 | 耗时: 4288.75ms
2025/12/13 20:20:53.898502 [20:20:47.966] 用户8643 | ✅ 秒杀成功 | 耗时: 4255.93ms
2025/12/13 20:20:53.898504 [20:20:47.966] 用户9337 | ✅ 秒杀成功 | 耗时: 4269.77ms
2025/12/13 20:20:53.898505 [20:20:47.966] 用户4365 | ✅ 秒杀成功 | 耗时: 4322.70ms
2025/12/13 20:20:53.898507 [20:20:47.966] 用户6070 | ✅ 秒杀成功 | 耗时: 4337.02ms
2025/12/13 20:20:53.898509 [20:20:47.967] 用户4457 | ✅ 秒杀成功 | 耗时: 4323.27ms
2025/12/13 20:20:53.898510 [20:20:47.967] 用户1342 | ✅ 秒杀成功 | 耗时: 4285.10ms
2025/12/13 20:20:53.898512 [20:20:47.967] 用户4372 | ✅ 秒杀成功 | 耗时: 4323.28ms
2025/12/13 20:20:53.898514 [20:20:47.967] 用户8664 | ✅ 秒杀成功 | 耗时: 4258.69ms
2025/12/13 20:20:53.898515 [20:20:47.967] 用户2186 | ✅ 秒杀成功 | 耗时: 4268.17ms
2025/12/13 20:20:53.898517 [20:20:47.967] 用户7202 | ✅ 秒杀成功 | 耗时: 4247.19ms
2025/12/13 20:20:53.898519 [20:20:47.967] 用户2476 | ✅ 秒杀成功 | 耗时: 4267.64ms
2025/12/13 20:20:53.898521 [20:20:47.967] 用户9580 | ✅ 秒杀成功 | 耗时: 4255.70ms
2025/12/13 20:20:53.898522 [20:20:47.970] 用户9031 | ✅ 秒杀成功 | 耗时: 4263.08ms
2025/12/13 20:20:53.898524 [20:20:47.970] 用户527 | ✅ 秒杀成功 | 耗时: 4288.05ms
2025/12/13 20:20:53.898526 [20:20:47.970] 用户9718 | ✅ 秒杀成功 | 耗时: 4294.98ms
2025/12/13 20:20:53.898527 [20:20:47.970] 用户2540 | ✅ 秒杀成功 | 耗时: 4250.04ms
2025/12/13 20:20:53.898529 [20:20:47.970] 用户6397 | ✅ 秒杀成功 | 耗时: 4340.86ms
2025/12/13 20:20:53.898530 [20:20:47.970] 用户4958 | ✅ 秒杀成功 | 耗时: 4326.83ms
2025/12/13 20:20:53.898531 [20:20:47.970] 用户6072 | ✅ 秒杀成功 | 耗时: 4340.98ms
2025/12/13 20:20:53.898533 [20:20:47.970] 用户9579 | ✅ 秒杀成功 | 耗时: 4258.69ms
2025/12/13 20:20:53.898535 [20:20:47.970] 用户4947 | ✅ 秒杀成功 | 耗时: 4325.95ms
2025/12/13 20:20:53.898536 [20:20:47.970] 用户1036 | ✅ 秒杀成功 | 耗时: 4279.06ms
2025/12/13 20:20:53.898538 [20:20:47.973] 用户2994 | ✅ 秒杀成功 | 耗时: 4253.39ms
2025/12/13 20:20:53.898540 [20:20:47.980] 用户3624 | ✅ 秒杀成功 | 耗时: 4334.64ms
2025/12/13 20:20:53.898542 [20:20:47.980] 用户10346 | ✅ 秒杀成功 | 耗时: 4296.78ms
2025/12/13 20:20:53.898543 [20:20:47.980] 用户6 | ✅ 秒杀成功 | 耗时: 4296.97ms
2025/12/13 20:20:53.898545 [20:20:47.980] 用户4330 | ✅ 秒杀成功 | 耗时: 4335.37ms
2025/12/13 20:20:53.898547 [20:20:47.980] 用户3893 | ✅ 秒杀成功 | 耗时: 4335.50ms
2025/12/13 20:20:53.898548 [20:20:47.980] 用户5948 | ✅ 秒杀成功 | 耗时: 4350.96ms
2025/12/13 20:20:53.898550 [20:20:47.980] 用户3735 | ✅ 秒杀成功 | 耗时: 4335.58ms
2025/12/13 20:20:53.898552 [20:20:47.980] 用户3883 | ✅ 秒杀成功 | 耗时: 4335.16ms
2025/12/13 20:20:53.898553 [20:20:47.980] 用户3889 | ✅ 秒杀成功 | 耗时: 4335.70ms
2025/12/13 20:20:53.898555 [20:20:47.980] 用户9490 | ✅ 秒杀成功 | 耗时: 4283.87ms
2025/12/13 20:20:53.898557 [20:20:47.981] 用户9805 | ✅ 秒杀成功 | 耗时: 4304.64ms
2025/12/13 20:20:53.898559 [20:20:47.981] 用户4103 | ✅ 秒杀成功 | 耗时: 4336.52ms
2025/12/13 20:20:53.898560 [20:20:47.981] 用户4567 | ✅ 秒杀成功 | 耗时: 4335.88ms
2025/12/13 20:20:53.898562 [20:20:47.981] 用户4569 | ✅ 秒杀成功 | 耗时: 4335.98ms
2025/12/13 20:20:53.898563 [20:20:47.981] 用户4181 | ✅ 秒杀成功 | 耗时: 4336.62ms
2025/12/13 20:20:53.898565 [20:20:47.981] 用户2985 | ✅ 秒杀成功 | 耗时: 4261.08ms
2025/12/13 20:20:53.898567 [20:20:47.981] 用户9106 | ✅ 秒杀成功 | 耗时: 4277.29ms
2025/12/13 20:20:53.898569 [20:20:47.981] 用户2211 | ✅ 秒杀成功 | 耗时: 4303.23ms
2025/12/13 20:20:53.898570 [20:20:47.981] 用户10814 | ✅ 秒杀成功 | 耗时: 4282.92ms
2025/12/13 20:20:53.898572 [20:20:47.982] 用户490 | ✅ 秒杀成功 | 耗时: 4297.65ms
2025/12/13 20:20:53.898574 [20:20:47.982] 用户4237 | ✅ 秒杀成功 | 耗时: 4338.08ms
2025/12/13 20:20:53.898575 [20:20:47.982] 用户4104 | ✅ 秒杀成功 | 耗时: 4337.77ms
2025/12/13 20:20:53.898577 [20:20:47.982] 用户5567 | ✅ 秒杀成功 | 耗时: 4350.21ms
2025/12/13 20:20:53.898579 [20:20:48.431] 用户6208 | ✅ 秒杀成功 | 耗时: 4800.34ms
2025/12/13 20:20:53.898580 [20:20:48.431] 用户2364 | ✅ 秒杀成功 | 耗时: 4751.55ms
2025/12/13 20:20:53.898582 [20:20:48.431] 用户10816 | ✅ 秒杀成功 | 耗时: 4735.29ms
2025/12/13 20:20:53.898584 [20:20:48.436] 用户2464 | ✅ 秒杀成功 | 耗时: 4756.86ms
2025/12/13 20:20:53.898585 [20:20:48.436] 用户4681 | ✅ 秒杀成功 | 耗时: 4790.75ms
2025/12/13 20:20:53.898587 [20:20:48.436] 用户4080 | ✅ 秒杀成功 | 耗时: 4787.49ms
2025/12/13 20:20:53.898589 [20:20:48.436] 用户6407 | ✅ 秒杀成功 | 耗时: 4807.19ms
2025/12/13 20:20:53.898591 [20:20:48.437] 用户5524 | ✅ 秒杀成功 | 耗时: 4803.57ms
2025/12/13 20:20:53.898593 [20:20:48.437] 用户10279 | ✅ 秒杀成功 | 耗时: 4833.97ms
2025/12/13 20:20:53.898594 [20:20:48.437] 用户10987 | ✅ 秒杀成功 | 耗时: 4742.93ms
2025/12/13 20:20:53.898596 [20:20:48.437] 用户9764 | ✅ 秒杀成功 | 耗时: 4724.22ms
2025/12/13 20:20:53.898598 [20:20:48.437] 用户2092 | ✅ 秒杀成功 | 耗时: 4675.02ms
2025/12/13 20:20:53.898599 [20:20:48.437] 用户9777 | ✅ 秒杀成功 | 耗时: 4724.36ms
2025/12/13 20:20:53.898601 [20:20:48.437] 用户8548 | ✅ 秒杀成功 | 耗时: 4724.37ms
2025/12/13 20:20:53.898602 [20:20:48.437] 用户4165 | ✅ 秒杀成功 | 耗时: 4790.50ms
2025/12/13 20:20:53.898604 [20:20:48.437] 用户4291 | ✅ 秒杀成功 | 耗时: 4791.56ms
2025/12/13 20:20:53.898605 [20:20:48.437] 用户10711 | ✅ 秒杀成功 | 耗时: 4734.65ms
2025/12/13 20:20:53.898607 [20:20:48.438] 用户3372 | ✅ 秒杀成功 | 耗时: 4762.82ms
2025/12/13 20:20:53.898609 [20:20:48.438] 用户4231 | ✅ 秒杀成功 | 耗时: 4798.07ms
2025/12/13 20:20:53.898611 [20:20:48.438] 用户10445 | ✅ 秒杀成功 | 耗时: 4725.21ms
2025/12/13 20:20:53.898613 [20:20:48.438] 用户8712 | ✅ 秒杀成功 | 耗时: 4730.59ms
2025/12/13 20:20:53.898614 [20:20:48.438] 用户10284 | ✅ 秒杀成功 | 耗时: 4835.42ms
2025/12/13 20:20:53.898616 [20:20:48.438] 用户8174 | ✅ 秒杀成功 | 耗时: 4719.37ms
2025/12/13 20:20:53.898618 [20:20:48.438] 用户10199 | ✅ 秒杀成功 | 耗时: 4730.71ms
2025/12/13 20:20:53.898619 [20:20:48.438] 用户5825 | ✅ 秒杀成功 | 耗时: 4806.69ms
2025/12/13 20:20:53.898621 [20:20:48.438] 用户7527 | ✅ 秒杀成功 | 耗时: 4720.14ms
2025/12/13 20:20:53.898623 [20:20:48.438] 用户3042 | ✅ 秒杀成功 | 耗时: 4671.66ms
2025/12/13 20:20:53.898624 [20:20:48.438] 用户7660 | ✅ 秒杀成功 | 耗时: 4747.75ms
2025/12/13 20:20:53.898626 [20:20:48.438] 用户3721 | ✅ 秒杀成功 | 耗时: 4789.95ms
2025/12/13 20:20:53.898628 [20:20:48.439] 用户3843 | ✅ 秒杀成功 | 耗时: 4793.07ms
2025/12/13 20:20:53.898629 [20:20:48.439] 用户10976 | ✅ 秒杀成功 | 耗时: 4719.55ms
2025/12/13 20:20:53.898631 [20:20:48.439] 用户8191 | ✅ 秒杀成功 | 耗时: 4721.67ms
2025/12/13 20:20:53.898633 [20:20:48.439] 用户9072 | ✅ 秒杀成功 | 耗时: 4719.80ms
2025/12/13 20:20:53.898635 [20:20:48.439] 用户4090 | ✅ 秒杀成功 | 耗时: 4791.45ms
2025/12/13 20:20:53.898636 [20:20:48.439] 用户8737 | ✅ 秒杀成功 | 耗时: 4725.63ms
2025/12/13 20:20:53.898638 [20:20:48.439] 用户4338 | ✅ 秒杀成功 | 耗时: 4794.57ms
2025/12/13 20:20:53.898640 [20:20:48.440] 用户818 | ✅ 秒杀成功 | 耗时: 4755.43ms
2025/12/13 20:20:53.898641 [20:20:48.440] 用户10281 | ✅ 秒杀成功 | 耗时: 4837.23ms
2025/12/13 20:20:53.898643 [20:20:48.440] 用户4167 | ✅ 秒杀成功 | 耗时: 4793.22ms
2025/12/13 20:20:53.898644 [20:20:48.440] 用户10715 | ✅ 秒杀成功 | 耗时: 4737.07ms
2025/12/13 20:20:53.898646 [20:20:48.440] 用户3932 | ✅ 秒杀成功 | 耗时: 4745.01ms
2025/12/13 20:20:53.898647 [20:20:48.440] 用户4439 | ✅ 秒杀成功 | 耗时: 4792.19ms
2025/12/13 20:20:53.898648 [20:20:48.440] 用户9510 | ✅ 秒杀成功 | 耗时: 4728.40ms
2025/12/13 20:20:53.898650 [20:20:48.440] 用户9839 | ✅ 秒杀成功 | 耗时: 4732.78ms
2025/12/13 20:20:53.898651 [20:20:48.440] 用户9422 | ✅ 秒杀成功 | 耗时: 4737.82ms
2025/12/13 20:20:53.898652 [20:20:48.440] 用户8719 | ✅ 秒杀成功 | 耗时: 4733.07ms
2025/12/13 20:20:53.898654 [20:20:48.440] 用户1548 | ✅ 秒杀成功 | 耗时: 4626.48ms
2025/12/13 20:20:53.898655 [20:20:48.440] 用户3364 | ✅ 秒杀成功 | 耗时: 4789.74ms
2025/12/13 20:20:53.898656 [20:20:48.440] 用户2516 | ✅ 秒杀成功 | 耗时: 4747.64ms
2025/12/13 20:20:53.898658 [20:20:48.440] 用户4095 | ✅ 秒杀成功 | 耗时: 4795.94ms
2025/12/13 20:20:53.898659 [20:20:48.441] 用户9714 | ✅ 秒杀成功 | 耗时: 4727.51ms
2025/12/13 20:20:53.898660 [20:20:48.441] 用户8307 | ✅ 秒杀成功 | 耗时: 4726.64ms
2025/12/13 20:20:53.898662 [20:20:48.441] 用户1846 | ✅ 秒杀成功 | 耗时: 4611.37ms
2025/12/13 20:20:53.898664 [20:20:48.441] 用户2398 | ✅ 秒杀成功 | 耗时: 4705.59ms
2025/12/13 20:20:53.898665 [20:20:48.441] 用户7881 | ✅ 秒杀成功 | 耗时: 4722.59ms
2025/12/13 20:20:53.898667 [20:20:48.441] 用户8357 | ✅ 秒杀成功 | 耗时: 4722.76ms
2025/12/13 20:20:53.898669 [20:20:48.441] 用户9841 | ✅ 秒杀成功 | 耗时: 4733.43ms
2025/12/13 20:20:53.898670 [20:20:48.441] 用户8715 | ✅ 秒杀成功 | 耗时: 4733.47ms
2025/12/13 20:20:53.898672 [20:20:48.441] 用户10198 | ✅ 秒杀成功 | 耗时: 4733.56ms
2025/12/13 20:20:53.898674 [20:20:48.441] 用户1523 | ✅ 秒杀成功 | 耗时: 4765.08ms
2025/12/13 20:20:53.898675 [20:20:48.441] 用户9972 | ✅ 秒杀成功 | 耗时: 4733.58ms
2025/12/13 20:20:53.898677 [20:20:48.441] 用户8315 | ✅ 秒杀成功 | 耗时: 4723.73ms
2025/12/13 20:20:53.898679 [20:20:48.441] 用户8963 | ✅ 秒杀成功 | 耗时: 4728.15ms
2025/12/13 20:20:53.898680 [20:20:48.441] 用户1578 | ✅ 秒杀成功 | 耗时: 4622.79ms
2025/12/13 20:20:53.898682 [20:20:48.441] 用户450 | ✅ 秒杀成功 | 耗时: 4745.16ms
2025/12/13 20:20:53.898684 [20:20:48.441] 用户10716 | ✅ 秒杀成功 | 耗时: 4745.46ms
2025/12/13 20:20:53.898685 [20:20:48.441] 用户1652 | ✅ 秒杀成功 | 耗时: 4636.91ms
2025/12/13 20:20:53.898687 [20:20:48.441] 用户8393 | ✅ 秒杀成功 | 耗时: 4748.39ms
2025/12/13 20:20:53.898689 [20:20:48.442] 用户9222 | ✅ 秒杀成功 | 耗时: 4738.89ms
2025/12/13 20:20:53.898691 [20:20:48.442] 用户3820 | ✅ 秒杀成功 | 耗时: 4793.71ms
2025/12/13 20:20:53.898692 [20:20:48.442] 用户3356 | ✅ 秒杀成功 | 耗时: 4790.98ms
2025/12/13 20:20:53.898694 [20:20:48.442] 用户1666 | ✅ 秒杀成功 | 耗时: 4644.76ms
2025/12/13 20:20:53.898696 [20:20:48.442] 用户1222 | ✅ 秒杀成功 | 耗时: 4568.63ms
2025/12/13 20:20:53.898697 [20:20:48.442] 用户1851 | ✅ 秒杀成功 | 耗时: 4615.48ms
2025/12/13 20:20:53.898699 [20:20:48.442] 用户4322 | ✅ 秒杀成功 | 耗时: 4795.19ms
2025/12/13 20:20:53.898701 [20:20:48.442] 用户2232 | ✅ 秒杀成功 | 耗时: 4748.50ms
2025/12/13 20:20:53.898702 [20:20:48.442] 用户4314 | ✅ 秒杀成功 | 耗时: 4794.28ms
2025/12/13 20:20:53.898704 [20:20:48.443] 用户10859 | ✅ 秒杀成功 | 耗时: 4747.00ms
2025/12/13 20:20:53.898706 [20:20:48.443] 用户3347 | ✅ 秒杀成功 | 耗时: 4791.18ms
2025/12/13 20:20:53.898707 [20:20:48.443] 用户8927 | ✅ 秒杀成功 | 耗时: 4729.16ms
2025/12/13 20:20:53.898709 [20:20:48.443] 用户8256 | ✅ 秒杀成功 | 耗时: 4749.23ms
2025/12/13 20:20:53.898710 [20:20:48.443] 用户3818 | ✅ 秒杀成功 | 耗时: 4795.40ms
2025/12/13 20:20:53.898712 [20:20:48.444] 用户2895 | ✅ 秒杀成功 | 耗时: 4724.42ms
2025/12/13 20:20:53.898713 [20:20:48.444] 用户8597 | ✅ 秒杀成功 | 耗时: 4750.27ms
2025/12/13 20:20:53.898714 [20:20:48.444] 用户8668 | ✅ 秒杀成功 | 耗时: 4733.62ms
2025/12/13 20:20:53.898716 [20:20:48.445] 用户8660 | ✅ 秒杀成功 | 耗时: 4571.77ms
2025/12/13 20:20:53.898717 [20:20:48.446] 用户3728 | ✅ 秒杀成功 | 耗时: 4799.92ms
2025/12/13 20:20:53.898718 [20:20:48.446] 用户8216 | ✅ 秒杀成功 | 耗时: 4728.91ms
2025/12/13 20:20:53.898720 [20:20:48.446] 用户8951 | ✅ 秒杀成功 | 耗时: 4732.52ms
2025/12/13 20:20:53.898721 [20:20:48.447] 用户8503 | ✅ 秒杀成功 | 耗时: 4729.18ms
2025/12/13 20:20:53.898722 [20:20:48.447] 用户2635 | ✅ 秒杀成功 | 耗时: 4726.78ms
2025/12/13 20:20:53.898724 [20:20:48.447] 用户1602 | ✅ 秒杀成功 | 耗时: 4633.37ms
2025/12/13 20:20:53.898725 [20:20:48.447] 用户8522 | ✅ 秒杀成功 | 耗时: 4734.52ms
2025/12/13 20:20:53.898726 [20:20:48.448] 用户7225 | ✅ 秒杀成功 | 耗时: 4754.16ms
2025/12/13 20:20:53.898728 [20:20:48.448] 用户1206 | ✅ 秒杀成功 | 耗时: 4573.81ms
2025/12/13 20:20:53.898729 [20:20:48.448] 用户1198 | ✅ 秒杀成功 | 耗时: 4573.80ms
2025/12/13 20:20:53.898731 [20:20:48.448] 用户8077 | ✅ 秒杀成功 | 耗时: 4729.75ms
2025/12/13 20:20:53.898732 [20:20:48.448] 用户1615 | ✅ 秒杀成功 | 耗时: 4629.95ms
2025/12/13 20:20:53.898733 [20:20:48.448] 用户8366 | ✅ 秒杀成功 | 耗时: 4730.50ms
2025/12/13 20:20:53.898735 [20:20:48.448] 用户1058 | ✅ 秒杀成功 | 耗时: 4574.26ms
2025/12/13 20:20:53.898736 [20:20:48.450] 用户3812 | ✅ 秒杀成功 | 耗时: 4801.97ms
2025/12/13 20:20:53.898737 [20:20:48.450] 用户1708 | ✅ 秒杀成功 | 耗时: 4664.75ms
2025/12/13 20:20:53.898739 [20:20:48.450] 用户3012 | ✅ 秒杀成功 | 耗时: 4682.23ms
2025/12/13 20:20:53.898740 [20:20:48.451] 用户2899 | ✅ 秒杀成功 | 耗时: 4700.26ms
2025/12/13 20:20:53.898741 [20:20:48.454] 用户7648 | ✅ 秒杀成功 | 耗时: 4736.41ms
2025/12/13 20:20:53.898743 [20:20:48.455] 用户181 | ✅ 秒杀成功 | 耗时: 4780.20ms
2025/12/13 20:20:53.898744 [20:20:48.455] 用户7097 | ✅ 秒杀成功 | 耗时: 4736.29ms
2025/12/13 20:20:53.898746 [20:20:48.455] 用户8861 | ✅ 秒杀成功 | 耗时: 4760.83ms
2025/12/13 20:20:53.898747 [20:20:48.455] 用户2156 | ✅ 秒杀成功 | 耗时: 4780.07ms
2025/12/13 20:20:53.898748 [20:20:48.455] 用户7764 | ✅ 秒杀成功 | 耗时: 4736.40ms
2025/12/13 20:20:53.898750 [20:20:48.455] 用户641 | ✅ 秒杀成功 | 耗时: 4771.00ms
2025/12/13 20:20:53.898751 [20:20:48.455] 用户3729 | ✅ 秒杀成功 | 耗时: 4810.06ms
2025/12/13 20:20:53.898753 [20:20:48.455] 用户1550 | ✅ 秒杀成功 | 耗时: 4779.68ms
2025/12/13 20:20:53.898754 [20:20:48.455] 用户2821 | ✅ 秒杀成功 | 耗时: 4735.29ms
2025/12/13 20:20:53.898755 [20:20:48.455] 用户328 | ✅ 秒杀成功 | 耗时: 4755.50ms
2025/12/13 20:20:53.898757 [20:20:48.455] 用户3928 | ✅ 秒杀成功 | 耗时: 4686.94ms
2025/12/13 20:20:53.898758 [20:20:48.455] 用户4086 | ✅ 秒杀成功 | 耗时: 4807.42ms
2025/12/13 20:20:53.898759 [20:20:48.455] 用户2262 | ✅ 秒杀成功 | 耗时: 4641.65ms
2025/12/13 20:20:53.898761 [20:20:48.455] 用户4056 | ✅ 秒杀成功 | 耗时: 4804.71ms
2025/12/13 20:20:53.898762 [20:20:48.455] 用户2427 | ✅ 秒杀成功 | 耗时: 4762.54ms
2025/12/13 20:20:53.898763 [20:20:48.455] 用户10150 | ✅ 秒杀成功 | 耗时: 4852.86ms
2025/12/13 20:20:53.898765 [20:20:48.455] 用户4432 | ✅ 秒杀成功 | 耗时: 4807.93ms
2025/12/13 20:20:53.898766 [20:20:48.455] 用户0 | ✅ 秒杀成功 | 耗时: 4780.37ms
2025/12/13 20:20:53.898768 [20:20:48.455] 用户3238 | ✅ 秒杀成功 | 耗时: 4764.78ms
2025/12/13 20:20:53.898769 [20:20:48.455] 用户10940 | ✅ 秒杀成功 | 耗时: 4852.83ms
2025/12/13 20:20:53.898771 [20:20:48.456] 用户392 | ✅ 秒杀成功 | 耗时: 4764.84ms
2025/12/13 20:20:53.898772 [20:20:48.456] 用户9862 | ✅ 秒杀成功 | 耗时: 4780.15ms
2025/12/13 20:20:53.898773 [20:20:48.456] 用户8879 | ✅ 秒杀成功 | 耗时: 4761.84ms
2025/12/13 20:20:53.898775 [20:20:48.456] 用户2342 | ✅ 秒杀成功 | 耗时: 4771.31ms
2025/12/13 20:20:53.898776 [20:20:48.456] 用户10190 | ✅ 秒杀成功 | 耗时: 4736.25ms
2025/12/13 20:20:53.898778 [20:20:48.456] 用户8500 | ✅ 秒杀成功 | 耗时: 4738.33ms
2025/12/13 20:20:53.898779 [20:20:48.456] 用户8986 | ✅ 秒杀成功 | 耗时: 4736.34ms
2025/12/13 20:20:53.898781 [20:20:48.456] 用户3840 | ✅ 秒杀成功 | 耗时: 4810.08ms
2025/12/13 20:20:53.898782 [20:20:48.456] 用户3981 | ✅ 秒杀成功 | 耗时: 4690.38ms
2025/12/13 20:20:53.898784 [20:20:48.456] 用户8926 | ✅ 秒杀成功 | 耗时: 4738.77ms
2025/12/13 20:20:53.898785 [20:20:48.456] 用户2280 | ✅ 秒杀成功 | 耗时: 4705.41ms
2025/12/13 20:20:53.898786 [20:20:48.456] 用户2883 | ✅ 秒杀成功 | 耗时: 4736.38ms
2025/12/13 20:20:53.898788 [20:20:48.456] 用户4428 | ✅ 秒杀成功 | 耗时: 4807.79ms
2025/12/13 20:20:53.898789 [20:20:48.456] 用户3834 | ✅ 秒杀成功 | 耗时: 4810.07ms
2025/12/13 20:20:53.898790 [20:20:48.457] 用户9369 | ✅ 秒杀成功 | 耗时: 4744.44ms
2025/12/13 20:20:53.898792 [20:20:48.457] 用户3809 | ✅ 秒杀成功 | 耗时: 4808.42ms
2025/12/13 20:20:53.898793 [20:20:48.457] 用户8011 | ✅ 秒杀成功 | 耗时: 4738.80ms
2025/12/13 20:20:53.898794 [20:20:48.457] 用户1081 | ✅ 秒杀成功 | 耗时: 4766.31ms
2025/12/13 20:20:53.898796 [20:20:48.457] 用户3875 | ✅ 秒杀成功 | 耗时: 4809.30ms
2025/12/13 20:20:53.898797 [20:20:48.457] 用户4010 | ✅ 秒杀成功 | 耗时: 4812.53ms
2025/12/13 20:20:53.898798 [20:20:48.457] 用户4236 | ✅ 秒杀成功 | 耗时: 4812.52ms
2025/12/13 20:20:53.898800 [20:20:48.466] 用户4325 | ✅ 秒杀成功 | 耗时: 4818.86ms
2025/12/13 20:20:53.898801 [20:20:48.466] 用户3741 | ✅ 秒杀成功 | 耗时: 4817.87ms
2025/12/13 20:20:53.898802 [20:20:48.466] 用户9970 | ✅ 秒杀成功 | 耗时: 4758.74ms
2025/12/13 20:20:53.898804 [20:20:48.466] 用户3587 | ✅ 秒杀成功 | 耗时: 4702.23ms
2025/12/13 20:20:53.898805 [20:20:48.466] 用户4324 | ✅ 秒杀成功 | 耗时: 4818.93ms
2025/12/13 20:20:53.898807 [20:20:48.466] 用户8082 | ✅ 秒杀成功 | 耗时: 4748.00ms
2025/12/13 20:20:53.898808 [20:20:48.466] 用户8355 | ✅ 秒杀成功 | 耗时: 4747.85ms
2025/12/13 20:20:53.898809 [20:20:48.466] 用户3725 | ✅ 秒杀成功 | 耗时: 4817.76ms
2025/12/13 20:20:53.898811 [20:20:48.466] 用户9366 | ✅ 秒杀成功 | 耗时: 4753.80ms
2025/12/13 20:20:53.898812 [20:20:48.466] 用户3805 | ✅ 秒杀成功 | 耗时: 4817.57ms
2025/12/13 20:20:53.898814 [20:20:48.466] 用户7757 | ✅ 秒杀成功 | 耗时: 4747.97ms
2025/12/13 20:20:53.898815 [20:20:48.466] 用户194 | ✅ 秒杀成功 | 耗时: 4783.10ms
2025/12/13 20:20:53.898816 [20:20:48.466] 用户9726 | ✅ 秒杀成功 | 耗时: 4752.60ms
2025/12/13 20:20:53.898818 [20:20:48.466] 用户3914 | ✅ 秒杀成功 | 耗时: 4746.62ms
2025/12/13 20:20:53.898819 [20:20:48.466] 用户2741 | ✅ 秒杀成功 | 耗时: 4652.29ms
2025/12/13 20:20:53.898820 [20:20:48.466] 用户2204 | ✅ 秒杀成功 | 耗时: 4746.57ms
2025/12/13 20:20:53.898822 [20:20:48.466] 用户3485 | ✅ 秒杀成功 | 耗时: 4821.05ms
2025/12/13 20:20:53.898823 [20:20:48.467] 用户3827 | ✅ 秒杀成功 | 耗时: 4820.17ms
2025/12/13 20:20:53.898824 [20:20:48.471] 用户2131 | ✅ 秒杀成功 | 耗时: 4796.38ms
2025/12/13 20:20:53.898826 [20:20:48.471] 用户3856 | ✅ 秒杀成功 | 耗时: 4825.31ms
2025/12/13 20:20:53.898827 [20:20:48.472] 用户10008 | ✅ 秒杀成功 | 耗时: 4769.10ms
2025/12/13 20:20:53.898828 [20:20:48.472] 用户4158 | ✅ 秒杀成功 | 耗时: 4824.76ms
2025/12/13 20:20:53.898830 [20:20:48.472] 用户7763 | ✅ 秒杀成功 | 耗时: 4753.78ms
2025/12/13 20:20:53.898831 [20:20:48.472] 用户4169 | ✅ 秒杀成功 | 耗时: 4825.75ms
2025/12/13 20:20:53.898833 [20:20:48.472] 用户8235 | ✅ 秒杀成功 | 耗时: 4755.24ms
2025/12/13 20:20:53.898834 [20:20:48.472] 用户2916 | ✅ 秒杀成功 | 耗时: 4805.76ms
2025/12/13 20:20:53.898835 [20:20:48.472] 用户2587 | ✅ 秒杀成功 | 耗时: 4793.47ms
2025/12/13 20:20:53.898837 [20:20:48.473] 用户1065 | ✅ 秒杀成功 | 耗时: 4789.39ms
2025/12/13 20:20:53.898838 [20:20:48.473] 用户3018 | ✅ 秒杀成功 | 耗时: 4777.88ms
2025/12/13 20:20:53.898840 [20:20:48.473] 用户8955 | ✅ 秒杀成功 | 耗时: 4760.30ms
2025/12/13 20:20:53.898841 [20:20:48.474] 用户2885 | ✅ 秒杀成功 | 耗时: 4754.35ms
2025/12/13 20:20:53.898842 [20:20:48.474] 用户10282 | ✅ 秒杀成功 | 耗时: 4871.23ms
2025/12/13 20:20:53.898844 [20:20:48.474] 用户10343 | ✅ 秒杀成功 | 耗时: 4790.71ms
2025/12/13 20:20:53.898845 [20:20:48.476] 用户3888 | ✅ 秒杀成功 | 耗时: 4831.35ms
2025/12/13 20:20:53.898847 [20:20:48.477] 用户2323 | ✅ 秒杀成功 | 耗时: 4757.05ms
2025/12/13 20:20:53.898848 [20:20:48.477] 用户8100 | ✅ 秒杀成功 | 耗时: 4759.11ms
2025/12/13 20:20:53.898849 [20:20:48.477] 用户7869 | ✅ 秒杀成功 | 耗时: 4759.17ms
2025/12/13 20:20:53.898851 [20:20:48.477] 用户3621 | ✅ 秒杀成功 | 耗时: 4831.96ms
2025/12/13 20:20:53.898852 [20:20:48.477] 用户455 | ✅ 秒杀成功 | 耗时: 4784.45ms
2025/12/13 20:20:53.898853 [20:20:48.477] 用户7787 | ✅ 秒杀成功 | 耗时: 4759.12ms
2025/12/13 20:20:53.898855 [20:20:48.478] 用户440 | ✅ 秒杀成功 | 耗时: 4794.40ms
2025/12/13 20:20:53.898856 [20:20:48.478] 用户3800 | ✅ 秒杀成功 | 耗时: 4828.58ms
2025/12/13 20:20:53.898857 [20:20:48.478] 用户3751 | ✅ 秒杀成功 | 耗时: 4829.18ms
2025/12/13 20:20:53.898859 [20:20:48.478] 用户4570 | ✅ 秒杀成功 | 耗时: 4832.84ms
2025/12/13 20:20:53.898860 [20:20:48.478] 用户3695 | ✅ 秒杀成功 | 耗时: 4826.99ms
2025/12/13 20:20:53.898861 [20:20:48.478] 用户7542 | ✅ 秒杀成功 | 耗时: 4759.82ms
2025/12/13 20:20:53.898863 [20:20:48.478] 用户3739 | ✅ 秒杀成功 | 耗时: 4829.47ms
2025/12/13 20:20:53.898864 [20:20:48.478] 用户3368 | ✅ 秒杀成功 | 耗时: 4802.93ms
2025/12/13 20:20:53.898865 [20:20:48.478] 用户1189 | ✅ 秒杀成功 | 耗时: 4603.85ms
2025/12/13 20:20:53.898868 [20:20:48.480] 用户3606 | ✅ 秒杀成功 | 耗时: 4711.27ms
2025/12/13 20:20:53.898869 [20:20:48.480] 用户6207 | ✅ 秒杀成功 | 耗时: 4848.83ms
2025/12/13 20:20:53.898871 [20:20:48.480] 用户3845 | ✅ 秒杀成功 | 耗时: 4833.98ms
2025/12/13 20:20:53.898872 [20:20:48.480] 用户8922 | ✅ 秒杀成功 | 耗时: 4765.73ms
2025/12/13 20:20:53.898873 [20:20:48.480] 用户3832 | ✅ 秒杀成功 | 耗时: 4833.82ms
2025/12/13 20:20:53.898875 [20:20:48.480] 用户3604 | ✅ 秒杀成功 | 耗时: 4834.05ms
2025/12/13 20:20:53.898876 [20:20:48.480] 用户3514 | ✅ 秒杀成功 | 耗时: 4783.81ms
2025/12/13 20:20:53.898878 [20:20:48.480] 用户8225 | ✅ 秒杀成功 | 耗时: 4762.59ms
2025/12/13 20:20:53.898879 [20:20:48.480] 用户755 | ✅ 秒杀成功 | 耗时: 4777.52ms
2025/12/13 20:20:53.898880 [20:20:48.480] 用户10194 | ✅ 秒杀成功 | 耗时: 4772.60ms
2025/12/13 20:20:53.898882 [20:20:48.480] 用户10186 | ✅ 秒杀成功 | 耗时: 4772.57ms
2025/12/13 20:20:53.898883 [20:20:48.480] 用户2580 | ✅ 秒杀成功 | 耗时: 4800.06ms
2025/12/13 20:20:53.898885 [20:20:48.480] 用户53 | ✅ 秒杀成功 | 耗时: 4787.25ms
2025/12/13 20:20:53.898886 [20:20:48.480] 用户8877 | ✅ 秒杀成功 | 耗时: 4760.75ms
2025/12/13 20:20:53.898887 [20:20:48.480] 用户8713 | ✅ 秒杀成功 | 耗时: 4772.63ms
2025/12/13 20:20:53.898889 [20:20:48.480] 用户8467 | ✅ 秒杀成功 | 耗时: 4762.14ms
2025/12/13 20:20:53.898890 [20:20:48.480] 用户7222 | ✅ 秒杀成功 | 耗时: 4786.63ms
2025/12/13 20:20:53.898892 [20:20:48.480] 用户8767 | ✅ 秒杀成功 | 耗时: 4761.88ms
2025/12/13 20:20:53.898893 [20:20:48.480] 用户8239 | ✅ 秒杀成功 | 耗时: 4763.36ms
2025/12/13 20:20:53.898894 [20:20:48.480] 用户807 | ✅ 秒杀成功 | 耗时: 4793.60ms
2025/12/13 20:20:53.898896 [20:20:48.480] 用户7646 | ✅ 秒杀成功 | 耗时: 4789.08ms
2025/12/13 20:20:53.898897 [20:20:48.480] 用户5295 | ✅ 秒杀成功 | 耗时: 4846.98ms
2025/12/13 20:20:53.898898 [20:20:48.480] 用户805 | ✅ 秒杀成功 | 耗时: 4793.70ms
2025/12/13 20:20:53.898900 [20:20:48.481] 用户9454 | ✅ 秒杀成功 | 耗时: 4802.11ms
2025/12/13 20:20:53.898901 [20:20:48.481] 用户8422 | ✅ 秒杀成功 | 耗时: 4785.88ms
2025/12/13 20:20:53.898902 [20:20:48.481] 用户6064 | ✅ 秒杀成功 | 耗时: 4851.25ms
2025/12/13 20:20:53.898904 [20:20:48.481] 用户9762 | ✅ 秒杀成功 | 耗时: 4805.23ms
2025/12/13 20:20:53.898905 [20:20:48.481] 用户1004 | ✅ 秒杀成功 | 耗时: 4794.11ms
2025/12/13 20:20:53.898907 [20:20:48.481] 用户3771 | ✅ 秒杀成功 | 耗时: 4829.13ms
2025/12/13 20:20:53.898908 [20:20:48.481] 用户9110 | ✅ 秒杀成功 | 耗时: 4777.94ms
2025/12/13 20:20:53.898909 [20:20:48.481] 用户10810 | ✅ 秒杀成功 | 耗时: 4784.90ms
2025/12/13 20:20:53.898911 [20:20:48.481] 用户9261 | ✅ 秒杀成功 | 耗时: 4778.23ms
2025/12/13 20:20:53.898912 [20:20:48.481] 用户1131 | ✅ 秒杀成功 | 耗时: 4786.82ms
2025/12/13 20:20:53.898913 [20:20:48.481] 用户8458 | ✅ 秒杀成功 | 耗时: 4788.24ms
2025/12/13 20:20:53.898915 [20:20:48.481] 用户8622 | ✅ 秒杀成功 | 耗时: 4789.77ms
2025/12/13 20:20:53.898916 [20:20:48.481] 用户9900 | ✅ 秒杀成功 | 耗时: 4785.20ms
2025/12/13 20:20:53.898918 [20:20:48.481] 用户10619 | ✅ 秒杀成功 | 耗时: 4803.14ms
2025/12/13 20:20:53.898919 [20:20:48.481] 用户3941 | ✅ 秒杀成功 | 耗时: 4785.94ms
2025/12/13 20:20:53.898920 [20:20:48.481] 用户9335 | ✅ 秒杀成功 | 耗时: 4784.71ms
2025/12/13 20:20:53.898922 [20:20:48.481] 用户6418 | ✅ 秒杀成功 | 耗时: 4852.01ms
2025/12/13 20:20:53.898923 [20:20:48.481] 用户1463 | ✅ 秒杀成功 | 耗时: 4806.39ms
2025/12/13 20:20:53.898924 [20:20:48.481] 用户5876 | ✅ 秒杀成功 | 耗时: 4850.14ms
2025/12/13 20:20:53.898926 [20:20:48.481] 用户138 | ✅ 秒杀成功 | 耗时: 4797.14ms
2025/12/13 20:20:53.898927 [20:20:48.481] 用户9677 | ✅ 秒杀成功 | 耗时: 4762.85ms
2025/12/13 20:20:53.898928 [20:20:48.481] 用户8612 | ✅ 秒杀成功 | 耗时: 4787.69ms
2025/12/13 20:20:53.898930 [20:20:48.483] 用户2774 | ✅ 秒杀成功 | 耗时: 4750.32ms
2025/12/13 20:20:53.898931 [20:20:48.484] 用户8266 | ✅ 秒杀成功 | 耗时: 4788.46ms
2025/12/13 20:20:53.898933 [20:20:48.485] 用户3909 | ✅ 秒杀成功 | 耗时: 4764.88ms
2025/12/13 20:20:53.898934 [20:20:48.485] 用户7854 | ✅ 秒杀成功 | 耗时: 4766.55ms
2025/12/13 20:20:53.898935 [20:20:48.485] 用户9272 | ✅ 秒杀成功 | 耗时: 4788.81ms
2025/12/13 20:20:53.898937 [20:20:48.485] 用户8226 | ✅ 秒杀成功 | 耗时: 4768.37ms
2025/12/13 20:20:53.898938 [20:20:48.485] 用户9602 | ✅ 秒杀成功 | 耗时: 4798.31ms
2025/12/13 20:20:53.898939 [20:20:48.486] 用户3014 | ✅ 秒杀成功 | 耗时: 4790.63ms
2025/12/13 20:20:53.898941 [20:20:48.486] 用户8234 | ✅ 秒杀成功 | 耗时: 4768.57ms
2025/12/13 20:20:53.898942 [20:20:48.486] 用户8919 | ✅ 秒杀成功 | 耗时: 4771.72ms
2025/12/13 20:20:53.898944 [20:20:48.486] 用户8231 | ✅ 秒杀成功 | 耗时: 4768.63ms
2025/12/13 20:20:53.898945 [20:20:48.486] 用户6733 | ✅ 秒杀成功 | 耗时: 4861.33ms
2025/12/13 20:20:53.898946 [20:20:48.486] 用户1419 | ✅ 秒杀成功 | 耗时: 4806.53ms
2025/12/13 20:20:53.898948 [20:20:48.486] 用户4160 | ✅ 秒杀成功 | 耗时: 4839.21ms
2025/12/13 20:20:53.898949 [20:20:48.486] 用户3753 | ✅ 秒杀成功 | 耗时: 4837.83ms
2025/12/13 20:20:53.898950 [20:20:48.486] 用户4419 | ✅ 秒杀成功 | 耗时: 4837.57ms
2025/12/13 20:20:53.898952 [20:20:48.486] 用户7532 | ✅ 秒杀成功 | 耗时: 4767.87ms
2025/12/13 20:20:53.898953 [20:20:48.486] 用户9654 | ✅ 秒杀成功 | 耗时: 4806.70ms
2025/12/13 20:20:53.898954 [20:20:48.486] 用户9445 | ✅ 秒杀成功 | 耗时: 4766.81ms
2025/12/13 20:20:53.898956 [20:20:48.487] 用户8640 | ✅ 秒杀成功 | 耗时: 4773.51ms
2025/12/13 20:20:53.898957 [20:20:48.487] 用户10992 | ✅ 秒杀成功 | 耗时: 4767.42ms
2025/12/13 20:20:53.898958 [20:20:48.487] 用户7863 | ✅ 秒杀成功 | 耗时: 4768.19ms
2025/12/13 20:20:53.898960 [20:20:48.487] 用户7417 | ✅ 秒杀成功 | 耗时: 4768.61ms
2025/12/13 20:20:53.898961 [20:20:48.487] 用户2293 | ✅ 秒杀成功 | 耗时: 4754.08ms
2025/12/13 20:20:53.898962 [20:20:48.487] 用户1834 | ✅ 秒杀成功 | 耗时: 4653.41ms
2025/12/13 20:20:53.898964 [20:20:48.487] 用户1812 | ✅ 秒杀成功 | 耗时: 4649.97ms
2025/12/13 20:20:53.898966 [20:20:48.487] 用户1685 | ✅ 秒杀成功 | 耗时: 4649.96ms
2025/12/13 20:20:53.898967 [20:20:48.487] 用户9257 | ✅ 秒杀成功 | 耗时: 4784.17ms
2025/12/13 20:20:53.898968 [20:20:48.487] 用户2528 | ✅ 秒杀成功 | 耗时: 4794.26ms
2025/12/13 20:20:53.898970 [20:20:48.487] 用户2768 | ✅ 秒杀成功 | 耗时: 4750.40ms
2025/12/13 20:20:53.898971 [20:20:48.487] 用户2565 | ✅ 秒杀成功 | 耗时: 4807.31ms
2025/12/13 20:20:53.898972 [20:20:48.487] 用户2618 | ✅ 秒杀成功 | 耗时: 4807.41ms
2025/12/13 20:20:53.898974 [20:20:48.487] 用户1322 | ✅ 秒杀成功 | 耗时: 4807.35ms
2025/12/13 20:20:53.898975 [20:20:48.487] 用户7522 | ✅ 秒杀成功 | 耗时: 4768.93ms
2025/12/13 20:20:53.898976 [20:20:48.487] 用户4140 | ✅ 秒杀成功 | 耗时: 4845.83ms
2025/12/13 20:20:53.898978 [20:20:48.487] 用户8229 | ✅ 秒杀成功 | 耗时: 4770.23ms
2025/12/13 20:20:53.898979 [20:20:48.487] 用户8563 | ✅ 秒杀成功 | 耗时: 4774.40ms
2025/12/13 20:20:53.898980 [20:20:48.487] 用户4163 | ✅ 秒杀成功 | 耗时: 4840.53ms
2025/12/13 20:20:53.898982 [20:20:48.487] 用户4087 | ✅ 秒杀成功 | 耗时: 4839.46ms
2025/12/13 20:20:53.898983 [20:20:48.487] 用户283 | ✅ 秒杀成功 | 耗时: 4807.73ms
2025/12/13 20:20:53.898984 [20:20:48.487] 用户3949 | ✅ 秒杀成功 | 耗时: 4701.71ms
2025/12/13 20:20:53.898986 [20:20:48.487] 用户10006 | ✅ 秒杀成功 | 耗时: 4794.85ms
2025/12/13 20:20:53.898987 [20:20:48.487] 用户7944 | ✅ 秒杀成功 | 耗时: 4770.10ms
2025/12/13 20:20:53.898989 [20:20:48.488] 用户10970 | ✅ 秒杀成功 | 耗时: 4807.83ms
2025/12/13 20:20:53.898990 [20:20:48.488] 用户3571 | ✅ 秒杀成功 | 耗时: 4723.60ms
2025/12/13 20:20:53.898991 [20:20:48.488] 用户9361 | ✅ 秒杀成功 | 耗时: 4775.46ms
2025/12/13 20:20:53.898993 [20:20:48.488] 用户2253 | ✅ 秒杀成功 | 耗时: 4665.53ms
2025/12/13 20:20:53.898994 [20:20:48.488] 用户1290 | ✅ 秒杀成功 | 耗时: 4808.56ms
2025/12/13 20:20:53.898995 [20:20:48.488] 用户1067 | ✅ 秒杀成功 | 耗时: 4804.90ms
2025/12/13 20:20:53.898997 [20:20:48.488] 用户2159 | ✅ 秒杀成功 | 耗时: 4813.47ms
2025/12/13 20:20:53.898998 [20:20:48.488] 用户9225 | ✅ 秒杀成功 | 耗时: 4785.38ms
2025/12/13 20:20:53.898999 [20:20:48.488] 用户589 | ✅ 秒杀成功 | 耗时: 4809.82ms
2025/12/13 20:20:53.899001 [20:20:48.488] 用户8808 | ✅ 秒杀成功 | 耗时: 4774.96ms
2025/12/13 20:20:53.899002 [20:20:48.488] 用户424 | ✅ 秒杀成功 | 耗时: 4800.70ms
2025/12/13 20:20:53.899003 [20:20:48.488] 用户10906 | ✅ 秒杀成功 | 耗时: 4886.58ms
2025/12/13 20:20:53.899005 [20:20:48.488] 用户7640 | ✅ 秒杀成功 | 耗时: 4769.93ms
2025/12/13 20:20:53.899006 [20:20:48.488] 用户8292 | ✅ 秒杀成功 | 耗时: 4768.90ms
2025/12/13 20:20:53.899007 [20:20:48.488] 用户9978 | ✅ 秒杀成功 | 耗时: 4795.39ms
2025/12/13 20:20:53.899009 [20:20:48.488] 用户7186 | ✅ 秒杀成功 | 耗时: 4683.19ms
2025/12/13 20:20:53.899010 [20:20:48.488] 用户9757 | ✅ 秒杀成功 | 耗时: 4811.65ms
2025/12/13 20:20:53.899012 [20:20:48.488] 用户7519 | ✅ 秒杀成功 | 耗时: 4793.65ms
2025/12/13 20:20:53.899013 [20:20:48.488] 用户10895 | ✅ 秒杀成功 | 耗时: 4792.88ms
2025/12/13 20:20:53.899014 [20:20:48.488] 用户4092 | ✅ 秒杀成功 | 耗时: 4840.49ms
2025/12/13 20:20:53.899016 [20:20:48.488] 用户1929 | ✅ 秒杀成功 | 耗时: 4813.37ms
2025/12/13 20:20:53.899017 [20:20:48.488] 用户8511 | ✅ 秒杀成功 | 耗时: 4775.22ms
2025/12/13 20:20:53.899018 [20:20:48.488] 用户8512 | ✅ 秒杀成功 | 耗时: 4775.23ms
2025/12/13 20:20:53.899020 [20:20:48.488] 用户4083 | ✅ 秒杀成功 | 耗时: 4839.39ms
2025/12/13 20:20:53.899021 [20:20:48.488] 用户3829 | ✅ 秒杀成功 | 耗时: 4842.50ms
2025/12/13 20:20:53.899022 [20:20:48.488] 用户9233 | ✅ 秒杀成功 | 耗时: 4785.92ms
2025/12/13 20:20:53.899024 [20:20:48.488] 用户3590 | ✅ 秒杀成功 | 耗时: 4724.38ms
2025/12/13 20:20:53.899025 [20:20:48.488] 用户379 | ✅ 秒杀成功 | 耗时: 4797.38ms
2025/12/13 20:20:53.899026 [20:20:48.488] 用户3804 | ✅ 秒杀成功 | 耗时: 4839.73ms
2025/12/13 20:20:53.899028 [20:20:48.488] 用户4082 | ✅ 秒杀成功 | 耗时: 4839.55ms
2025/12/13 20:20:53.899029 [20:20:48.488] 用户196 | ✅ 秒杀成功 | 耗时: 4805.31ms
2025/12/13 20:20:53.899031 [20:20:48.489] 用户1763 | ✅ 秒杀成功 | 耗时: 4808.93ms
2025/12/13 20:20:53.899032 [20:20:48.489] 用户346 | ✅ 秒杀成功 | 耗时: 4808.95ms
2025/12/13 20:20:53.899033 [20:20:48.489] 用户3849 | ✅ 秒杀成功 | 耗时: 4843.14ms
2025/12/13 20:20:53.899035 [20:20:48.489] 用户302 | ✅ 秒杀成功 | 耗时: 4809.09ms
2025/12/13 20:20:53.899036 [20:20:48.489] 用户9226 | ✅ 秒杀成功 | 耗时: 4786.18ms
2025/12/13 20:20:53.899037 [20:20:48.489] 用户1710 | ✅ 秒杀成功 | 耗时: 4698.77ms
2025/12/13 20:20:53.899039 [20:20:48.489] 用户4320 | ✅ 秒杀成功 | 耗时: 4841.48ms
2025/12/13 20:20:53.899040 [20:20:48.489] 用户8540 | ✅ 秒杀成功 | 耗时: 4776.05ms
2025/12/13 20:20:53.899041 [20:20:48.489] 用户262 | ✅ 秒杀成功 | 耗时: 4805.02ms
2025/12/13 20:20:53.899043 [20:20:48.489] 用户2583 | ✅ 秒杀成功 | 耗时: 4809.18ms
2025/12/13 20:20:53.899044 [20:20:48.489] 用户1224 | ✅ 秒杀成功 | 耗时: 4620.03ms
2025/12/13 20:20:53.899045 [20:20:48.489] 用户8930 | ✅ 秒杀成功 | 耗时: 4775.18ms
2025/12/13 20:20:53.899047 [20:20:48.489] 用户89 | ✅ 秒杀成功 | 耗时: 4802.38ms
2025/12/13 20:20:53.899048 [20:20:48.489] 用户9449 | ✅ 秒杀成功 | 耗时: 4797.72ms
2025/12/13 20:20:53.899050 [20:20:48.489] 用户9578 | ✅ 秒杀成功 | 耗时: 4777.66ms
2025/12/13 20:20:53.899051 [20:20:48.489] 用户9865 | ✅ 秒杀成功 | 耗时: 4813.97ms
2025/12/13 20:20:53.899052 [20:20:48.489] 用户5167 | ✅ 秒杀成功 | 耗时: 4853.50ms
2025/12/13 20:20:53.899054 [20:20:48.489] 用户9473 | ✅ 秒杀成功 | 耗时: 4791.56ms
2025/12/13 20:20:53.899055 [20:20:48.489] 用户2667 | ✅ 秒杀成功 | 耗时: 4817.90ms
2025/12/13 20:20:53.899056 [20:20:48.489] 用户10290 | ✅ 秒杀成功 | 耗时: 4798.18ms
2025/12/13 20:20:53.899058 [20:20:48.489] 用户1422 | ✅ 秒杀成功 | 耗时: 4809.99ms
2025/12/13 20:20:53.899059 [20:20:48.490] 用户2138 | ✅ 秒杀成功 | 耗时: 4815.25ms
2025/12/13 20:20:53.899060 [20:20:48.490] 用户8198 | ✅ 秒杀成功 | 耗时: 4770.25ms
2025/12/13 20:20:53.899062 [20:20:48.490] 用户243 | ✅ 秒杀成功 | 耗时: 4811.29ms
2025/12/13 20:20:53.899063 [20:20:48.490] 用户8576 | ✅ 秒杀成功 | 耗时: 4777.24ms
2025/12/13 20:20:53.899065 [20:20:48.491] 用户1057 | ✅ 秒杀成功 | 耗时: 4807.68ms
2025/12/13 20:20:53.899066 [20:20:48.491] 用户3811 | ✅ 秒杀成功 | 耗时: 4842.61ms
2025/12/13 20:20:53.899067 [20:20:48.491] 用户10997 | ✅ 秒杀成功 | 耗时: 4772.05ms
2025/12/13 20:20:53.899069 [20:20:48.491] 用户9744 | ✅ 秒杀成功 | 耗时: 4816.34ms
2025/12/13 20:20:53.899071 [20:20:48.492] 用户8593 | ✅ 秒杀成功 | 耗时: 4772.88ms
2025/12/13 20:20:53.899072 [20:20:48.492] 用户8232 | ✅ 秒杀成功 | 耗时: 4775.36ms
2025/12/13 20:20:53.899074 [20:20:48.492] 用户1535 | ✅ 秒杀成功 | 耗时: 4817.00ms
2025/12/13 20:20:53.899076 [20:20:48.492] 用户8241 | ✅ 秒杀成功 | 耗时: 4775.47ms
2025/12/13 20:20:53.899077 [20:20:48.493] 用户230 | ✅ 秒杀成功 | 耗时: 4808.98ms
2025/12/13 20:20:53.899079 [20:20:48.493] 用户8330 | ✅ 秒杀成功 | 耗时: 4774.54ms
2025/12/13 20:20:53.899081 [20:20:48.493] 用户8244 | ✅ 秒杀成功 | 耗时: 4775.65ms
2025/12/13 20:20:53.899082 [20:20:48.495] 用户10336 | ✅ 秒杀成功 | 耗时: 4808.21ms
2025/12/13 20:20:53.899084 [20:20:48.495] 用户4435 | ✅ 秒杀成功 | 耗时: 4847.97ms
2025/12/13 20:20:53.899086 [20:20:48.496] 用户4678 | ✅ 秒杀成功 | 耗时: 4850.52ms
2025/12/13 20:20:53.899087 [20:20:48.499] 用户306 | ✅ 秒杀成功 | 耗时: 4819.50ms
2025/12/13 20:20:53.899089 [20:20:48.499] 用户1064 | ✅ 秒杀成功 | 耗时: 4816.25ms
2025/12/13 20:20:53.899091 [20:20:48.500] 用户562 | ✅ 秒杀成功 | 耗时: 4816.24ms
2025/12/13 20:20:53.899092 [20:20:48.500] 用户1718 | ✅ 秒杀成功 | 耗时: 4817.74ms
2025/12/13 20:20:53.899094 [20:20:48.500] 用户7529 | ✅ 秒杀成功 | 耗时: 4782.16ms
2025/12/13 20:20:53.899096 [20:20:48.500] 用户8683 | ✅ 秒杀成功 | 耗时: 4735.12ms
2025/12/13 20:20:53.899097 [20:20:48.502] 用户1066 | ✅ 秒杀成功 | 耗时: 4818.32ms
2025/12/13 20:20:53.899099 [20:20:48.502] 用户2360 | ✅ 秒杀成功 | 耗时: 4818.77ms
2025/12/13 20:20:53.899101 [20:20:48.502] 用户227 | ✅ 秒杀成功 | 耗时: 4818.32ms
2025/12/13 20:20:53.899102 [20:20:48.502] 用户9696 | ✅ 秒杀成功 | 耗时: 4886.98ms
2025/12/13 20:20:53.899104 [20:20:48.502] 用户10884 | ✅ 秒杀成功 | 耗时: 4806.97ms
2025/12/13 20:20:53.899106 [20:20:48.502] 用户893 | ✅ 秒杀成功 | 耗时: 4818.62ms
2025/12/13 20:20:53.899107 [20:20:48.502] 用户812 | ✅ 秒杀成功 | 耗时: 4815.70ms
2025/12/13 20:20:53.899109 [20:20:48.503] 用户8555 | ✅ 秒杀成功 | 耗时: 4807.43ms
2025/12/13 20:20:53.899111 [20:20:48.503] 用户3234 | ✅ 秒杀成功 | 耗时: 4850.94ms
2025/12/13 20:20:53.899112 [20:20:48.503] 用户461 | ✅ 秒杀成功 | 耗时: 4810.49ms
2025/12/13 20:20:53.899114 [20:20:48.503] 用户10704 | ✅ 秒杀成功 | 耗时: 4812.20ms
2025/12/13 20:20:53.899116 [20:20:48.503] 用户3603 | ✅ 秒杀成功 | 耗时: 4857.28ms
2025/12/13 20:20:53.899118 [20:20:48.503] 用户3776 | ✅ 秒杀成功 | 耗时: 4852.22ms
2025/12/13 20:20:53.899119 [20:20:48.503] 用户3027 | ✅ 秒杀成功 | 耗时: 4717.21ms
2025/12/13 20:20:53.899125 [20:20:48.503] 用户7610 | ✅ 秒杀成功 | 耗时: 4784.75ms
2025/12/13 20:20:53.899126 [20:20:48.503] 用户3371 | ✅ 秒杀成功 | 耗时: 4828.29ms
2025/12/13 20:20:53.899128 [20:20:48.503] 用户9809 | ✅ 秒杀成功 | 耗时: 4827.30ms
2025/12/13 20:20:53.899130 [20:20:48.503] 用户8075 | ✅ 秒杀成功 | 耗时: 4785.10ms
2025/12/13 20:20:53.899131 [20:20:48.503] 用户209 | ✅ 秒杀成功 | 耗时: 4823.63ms
2025/12/13 20:20:53.899133 [20:20:48.503] 用户99 | ✅ 秒杀成功 | 耗时: 4819.87ms
2025/12/13 20:20:53.899135 [20:20:48.504] 用户1214 | ✅ 秒杀成功 | 耗时: 4630.23ms
2025/12/13 20:20:53.899136 [20:20:48.504] 用户4292 | ✅ 秒杀成功 | 耗时: 4857.93ms
2025/12/13 20:20:53.899138 [20:20:48.504] 用户3836 | ✅ 秒杀成功 | 耗时: 4857.93ms
2025/12/13 20:20:53.899140 [20:20:48.504] 用户9393 | ✅ 秒杀成功 | 耗时: 4817.13ms
2025/12/13 20:20:53.899141 [20:20:48.504] 用户8071 | ✅ 秒杀成功 | 耗时: 4785.66ms
2025/12/13 20:20:53.899143 [20:20:48.506] 用户8046 | ✅ 秒杀成功 | 耗时: 4811.68ms
2025/12/13 20:20:53.899145 [20:20:48.507] 用户10885 | ✅ 秒杀成功 | 耗时: 4811.19ms
2025/12/13 20:20:53.899146 [20:20:48.507] 用户9436 | ✅ 秒杀成功 | 耗时: 4786.90ms
2025/12/13 20:20:53.899148 [20:20:48.507] 用户3138 | ✅ 秒杀成功 | 耗时: 4848.27ms
2025/12/13 20:20:53.899150 [20:20:48.508] 用户3675 | ✅ 秒杀成功 | 耗时: 4856.30ms
2025/12/13 20:20:53.899151 [20:20:48.508] 用户8871 | ✅ 秒杀成功 | 耗时: 4793.19ms
2025/12/13 20:20:53.899153 [20:20:48.508] 用户9113 | ✅ 秒杀成功 | 耗时: 4789.31ms
2025/12/13 20:20:53.899155 [20:20:48.508] 用户2387 | ✅ 秒杀成功 | 耗时: 4828.03ms
2025/12/13 20:20:53.899156 [20:20:48.509] 用户9702 | ✅ 秒杀成功 | 耗时: 4822.01ms
2025/12/13 20:20:53.899158 [20:20:48.509] 用户2669 | ✅ 秒杀成功 | 耗时: 4837.93ms
2025/12/13 20:20:53.899160 [20:20:48.509] 用户498 | ✅ 秒杀成功 | 耗时: 4825.27ms
2025/12/13 20:20:53.899161 [20:20:48.509] 用户1221 | ✅ 秒杀成功 | 耗时: 4634.80ms
2025/12/13 20:20:53.899163 [20:20:48.509] 用户10887 | ✅ 秒杀成功 | 耗时: 4813.57ms
2025/12/13 20:20:53.899165 [20:20:48.509] 用户9614 | ✅ 秒杀成功 | 耗时: 4825.69ms
2025/12/13 20:20:53.899166 [20:20:48.509] 用户6411 | ✅ 秒杀成功 | 耗时: 4879.73ms
2025/12/13 20:20:53.899168 [20:20:48.509] 用户8666 | ✅ 秒杀成功 | 耗时: 4796.15ms
2025/12/13 20:20:53.899170 [20:20:48.509] 用户911 | ✅ 秒杀成功 | 耗时: 4822.42ms
2025/12/13 20:20:53.899171 [20:20:48.509] 用户2127 | ✅ 秒杀成功 | 耗时: 4834.38ms
2025/12/13 20:20:53.899173 [20:20:48.509] 用户489 | ✅ 秒杀成功 | 耗时: 4826.04ms
2025/12/13 20:20:53.899175 [20:20:48.509] 用户8534 | ✅ 秒杀成功 | 耗时: 4796.46ms
2025/12/13 20:20:53.899176 [20:20:48.509] 用户1943 | ✅ 秒杀成功 | 耗时: 4830.02ms
2025/12/13 20:20:53.899178 [20:20:48.509] 用户476 | ✅ 秒杀成功 | 耗时: 4830.01ms
2025/12/13 20:20:53.899180 [20:20:48.509] 用户3838 | ✅ 秒杀成功 | 耗时: 4865.51ms
2025/12/13 20:20:53.899181 [20:20:48.509] 用户10873 | ✅ 秒杀成功 | 耗时: 4814.10ms
2025/12/13 20:20:53.899183 [20:20:48.510] 用户1351 | ✅ 秒杀成功 | 耗时: 4830.30ms
2025/12/13 20:20:53.899185 [20:20:48.510] 用户1038 | ✅ 秒杀成功 | 耗时: 4822.82ms
2025/12/13 20:20:53.899187 [20:20:48.510] 用户2566 | ✅ 秒杀成功 | 耗时: 4830.66ms
2025/12/13 20:20:53.899189 [20:20:48.510] 用户1044 | ✅ 秒杀成功 | 耗时: 4826.96ms
2025/12/13 20:20:53.899190 [20:20:48.510] 用户9551 | ✅ 秒杀成功 | 耗时: 4819.77ms
2025/12/13 20:20:53.899192 [20:20:48.510] 用户650 | ✅ 秒杀成功 | 耗时: 4826.83ms
2025/12/13 20:20:53.899193 [20:20:48.511] 用户3270 | ✅ 秒杀成功 | 耗时: 4826.92ms
2025/12/13 20:20:53.899195 [20:20:48.511] 用户301 | ✅ 秒杀成功 | 耗时: 4830.84ms
2025/12/13 20:20:53.899197 [20:20:48.511] 用户1246 | ✅ 秒杀成功 | 耗时: 4642.36ms
2025/12/13 20:20:53.899198 [20:20:48.511] 用户7246 | ✅ 秒杀成功 | 耗时: 4820.30ms
2025/12/13 20:20:53.899200 [20:20:48.511] 用户10694 | ✅ 秒杀成功 | 耗时: 4820.40ms
2025/12/13 20:20:53.899202 [20:20:48.511] 用户4354 | ✅ 秒杀成功 | 耗时: 4867.63ms
2025/12/13 20:20:53.899204 [20:20:48.511] 用户1545 | ✅ 秒杀成功 | 耗时: 4836.03ms
2025/12/13 20:20:53.899205 [20:20:48.512] 用户2079 | ✅ 秒杀成功 | 耗时: 4837.28ms
2025/12/13 20:20:53.899207 [20:20:48.512] 用户2499 | ✅ 秒杀成功 | 耗时: 4828.95ms
2025/12/13 20:20:53.899209 [20:20:48.512] 用户8359 | ✅ 秒杀成功 | 耗时: 4794.05ms
2025/12/13 20:20:53.899210 [20:20:48.512] 用户3525 | ✅ 秒杀成功 | 耗时: 4816.91ms
2025/12/13 20:20:53.899212 [20:20:48.512] 用户8221 | ✅ 秒杀成功 | 耗时: 4795.06ms
2025/12/13 20:20:53.899213 [20:20:48.512] 用户402 | ✅ 秒杀成功 | 耗时: 4821.85ms
2025/12/13 20:20:53.899215 [20:20:48.512] 用户684 | ✅ 秒杀成功 | 耗时: 4833.40ms
2025/12/13 20:20:53.899216 [20:20:48.512] 用户564 | ✅ 秒杀成功 | 耗时: 4829.19ms
2025/12/13 20:20:53.899217 [20:20:48.513] 用户1337 | ✅ 秒杀成功 | 耗时: 4830.60ms
2025/12/13 20:20:53.899219 [20:20:48.513] 用户8542 | ✅ 秒杀成功 | 耗时: 4799.74ms
2025/12/13 20:20:53.899220 [20:20:48.513] 用户9255 | ✅ 秒杀成功 | 耗时: 4809.93ms
2025/12/13 20:20:53.899221 [20:20:48.513] 用户7651 | ✅ 秒杀成功 | 耗时: 4794.78ms
2025/12/13 20:20:53.899223 [20:20:48.513] 用户9343 | ✅ 秒杀成功 | 耗时: 4819.78ms
2025/12/13 20:20:53.899224 [20:20:48.513] 用户1490 | ✅ 秒杀成功 | 耗时: 4838.21ms
2025/12/13 20:20:53.899226 [20:20:48.513] 用户10813 | ✅ 秒杀成功 | 耗时: 4817.20ms
2025/12/13 20:20:53.899227 [20:20:48.514] 用户3977 | ✅ 秒杀成功 | 耗时: 4747.51ms
2025/12/13 20:20:53.899229 [20:20:48.514] 用户184 | ✅ 秒杀成功 | 耗时: 4822.47ms
2025/12/13 20:20:53.899230 [20:20:48.514] 用户10670 | ✅ 秒杀成功 | 耗时: 4826.96ms
2025/12/13 20:20:53.899232 [20:20:48.514] 用户3548 | ✅ 秒杀成功 | 耗时: 4818.53ms
2025/12/13 20:20:53.899234 [20:20:48.514] 用户1823 | ✅ 秒杀成功 | 耗时: 4680.03ms
2025/12/13 20:20:53.899236 [20:20:48.514] 用户7525 | ✅ 秒杀成功 | 耗时: 4795.60ms
2025/12/13 20:20:53.899237 [20:20:48.514] 用户431 | ✅ 秒杀成功 | 耗时: 4818.38ms
2025/12/13 20:20:53.899238 [20:20:48.514] 用户9562 | ✅ 秒杀成功 | 耗时: 4823.33ms
2025/12/13 20:20:53.899240 [20:20:48.515] 用户9923 | ✅ 秒杀成功 | 耗时: 4802.26ms
2025/12/13 20:20:53.899241 [20:20:48.515] 用户8059 | ✅ 秒杀成功 | 耗时: 4798.31ms
2025/12/13 20:20:53.899243 [20:20:48.515] 用户1385 | ✅ 秒杀成功 | 耗时: 4833.50ms
2025/12/13 20:20:53.899244 [20:20:48.516] 用户10899 | ✅ 秒杀成功 | 耗时: 4914.45ms
2025/12/13 20:20:53.899246 [20:20:48.516] 用户1428 | ✅ 秒杀成功 | 耗时: 4836.58ms
2025/12/13 20:20:53.899248 [20:20:48.516] 用户1727 | ✅ 秒杀成功 | 耗时: 4836.43ms
2025/12/13 20:20:53.899249 [20:20:48.516] 用户7408 | ✅ 秒杀成功 | 耗时: 4900.19ms
2025/12/13 20:20:53.899251 [20:20:48.516] 用户239 | ✅ 秒杀成功 | 耗时: 4836.48ms
2025/12/13 20:20:53.899253 [20:20:48.516] 用户1781 | ✅ 秒杀成功 | 耗时: 4836.33ms
2025/12/13 20:20:53.899254 [20:20:48.516] 用户2610 | ✅ 秒杀成功 | 耗时: 4836.49ms
2025/12/13 20:20:53.899256 [20:20:48.516] 用户10971 | ✅ 秒杀成功 | 耗时: 4836.38ms
2025/12/13 20:20:53.899258 [20:20:48.516] 用户1950 | ✅ 秒杀成功 | 耗时: 4836.55ms
2025/12/13 20:20:53.899259 [20:20:48.516] 用户9384 | ✅ 秒杀成功 | 耗时: 4829.07ms
2025/12/13 20:20:53.899261 [20:20:48.516] 用户2607 | ✅ 秒杀成功 | 耗时: 4836.87ms
2025/12/13 20:20:53.899263 [20:20:48.517] 用户2514 | ✅ 秒杀成功 | 耗时: 4836.81ms
2025/12/13 20:20:53.899264 [20:20:48.517] 用户759 | ✅ 秒杀成功 | 耗时: 4813.85ms
2025/12/13 20:20:53.899266 [20:20:48.517] 用户308 | ✅ 秒杀成功 | 耗时: 4837.13ms
2025/12/13 20:20:53.899268 [20:20:48.517] 用户1338 | ✅ 秒杀成功 | 耗时: 4837.33ms
2025/12/13 20:20:53.899269 [20:20:48.517] 用户1946 | ✅ 秒杀成功 | 耗时: 4837.55ms
2025/12/13 20:20:53.899271 [20:20:48.517] 用户9299 | ✅ 秒杀成功 | 耗时: 4826.20ms
2025/12/13 20:20:53.899273 [20:20:48.517] 用户2033 | ✅ 秒杀成功 | 耗时: 4838.91ms
2025/12/13 20:20:53.899274 [20:20:48.517] 用户8541 | ✅ 秒杀成功 | 耗时: 4804.52ms
2025/12/13 20:20:53.899276 [20:20:48.517] 用户10320 | ✅ 秒杀成功 | 耗时: 4842.58ms
2025/12/13 20:20:53.899278 [20:20:48.517] 用户2611 | ✅ 秒杀成功 | 耗时: 4837.83ms
2025/12/13 20:20:53.899280 [20:20:48.517] 用户1779 | ✅ 秒杀成功 | 耗时: 4837.64ms
2025/12/13 20:20:53.899281 [20:20:48.517] 用户10488 | ✅ 秒杀成功 | 耗时: 4904.66ms
2025/12/13 20:20:53.899283 [20:20:48.517] 用户9387 | ✅ 秒杀成功 | 耗时: 4830.29ms
2025/12/13 20:20:53.899285 [20:20:48.522] 用户459 | ✅ 秒杀成功 | 耗时: 4830.45ms
2025/12/13 20:20:53.899286 [20:20:48.522] 用户8544 | ✅ 秒杀成功 | 耗时: 4808.85ms
2025/12/13 20:20:53.899288 [20:20:48.522] 用户10808 | ✅ 秒杀成功 | 耗时: 4825.88ms
2025/12/13 20:20:53.899290 [20:20:48.522] 用户2619 | ✅ 秒杀成功 | 耗时: 4842.39ms
2025/12/13 20:20:53.899291 [20:20:48.522] 用户462 | ✅ 秒杀成功 | 耗时: 4842.55ms
2025/12/13 20:20:53.899293 [20:20:48.522] 用户2491 | ✅ 秒杀成功 | 耗时: 4840.24ms
2025/12/13 20:20:53.899295 [20:20:48.522] 用户449 | ✅ 秒杀成功 | 耗时: 4842.62ms
2025/12/13 20:20:53.899296 [20:20:48.522] 用户347 | ✅ 秒杀成功 | 耗时: 4843.31ms
2025/12/13 20:20:53.899298 [20:20:48.522] 用户1761 | ✅ 秒杀成功 | 耗时: 4842.44ms
2025/12/13 20:20:53.899300 [20:20:48.522] 用户1987 | ✅ 秒杀成功 | 耗时: 4842.71ms
2025/12/13 20:20:53.899301 [20:20:48.522] 用户2606 | ✅ 秒杀成功 | 耗时: 4842.68ms
2025/12/13 20:20:53.899303 [20:20:48.522] 用户463 | ✅ 秒杀成功 | 耗时: 4843.03ms
2025/12/13 20:20:53.899305 [20:20:48.522] 用户2314 | ✅ 秒杀成功 | 耗时: 4736.85ms
2025/12/13 20:20:53.899306 [20:20:48.522] 用户864 | ✅ 秒杀成功 | 耗时: 4840.69ms
2025/12/13 20:20:53.899308 [20:20:48.523] 用户1606 | ✅ 秒杀成功 | 耗时: 4702.30ms
2025/12/13 20:20:53.899310 [20:20:48.523] 用户2366 | ✅ 秒杀成功 | 耗时: 4843.06ms
2025/12/13 20:20:53.899311 [20:20:48.523] 用户9890 | ✅ 秒杀成功 | 耗时: 4847.24ms
2025/12/13 20:20:53.899313 [20:20:48.523] 用户2810 | ✅ 秒杀成功 | 耗时: 4830.09ms
2025/12/13 20:20:53.899315 [20:20:48.523] 用户775 | ✅ 秒杀成功 | 耗时: 4844.11ms
2025/12/13 20:20:53.899317 [20:20:48.523] 用户1475 | ✅ 秒杀成功 | 耗时: 4847.75ms
2025/12/13 20:20:53.899318 [20:20:48.523] 用户3310 | ✅ 秒杀成功 | 耗时: 4831.08ms
2025/12/13 20:20:53.899320 [20:20:48.523] 用户7548 | ✅ 秒杀成功 | 耗时: 4804.85ms
2025/12/13 20:20:53.899321 [20:20:48.525] 用户3035 | ✅ 秒杀成功 | 耗时: 4830.31ms
2025/12/13 20:20:53.899323 [20:20:48.525] 用户10969 | ✅ 秒杀成功 | 耗时: 4845.46ms
2025/12/13 20:20:53.899324 [20:20:48.525] 用户2384 | ✅ 秒杀成功 | 耗时: 4843.46ms
2025/12/13 20:20:53.899325 [20:20:48.525] 用户1620 | ✅ 秒杀成功 | 耗时: 4710.76ms
2025/12/13 20:20:53.899327 [20:20:48.526] 用户10596 | ✅ 秒杀成功 | 耗时: 4848.84ms
2025/12/13 20:20:53.899328 [20:20:48.527] 用户933 | ✅ 秒杀成功 | 耗时: 4826.84ms
2025/12/13 20:20:53.899329 [20:20:48.527] 用户9429 | ✅ 秒杀成功 | 耗时: 4848.03ms
2025/12/13 20:20:53.899331 [20:20:48.527] 用户381 | ✅ 秒杀成功 | 耗时: 4835.77ms
2025/12/13 20:20:53.899332 [20:20:48.527] 用户526 | ✅ 秒杀成功 | 耗时: 4843.55ms
2025/12/13 20:20:53.899334 [20:20:48.527] 用户1471 | ✅ 秒杀成功 | 耗时: 4852.00ms
2025/12/13 20:20:53.899335 [20:20:48.527] 用户9660 | ✅ 秒杀成功 | 耗时: 4835.36ms
2025/12/13 20:20:53.899337 [20:20:48.527] 用户7243 | ✅ 秒杀成功 | 耗时: 4836.06ms
2025/12/13 20:20:53.899339 [20:20:48.527] 用户8585 | ✅ 秒杀成功 | 耗时: 4807.72ms
2025/12/13 20:20:53.899340 [20:20:48.527] 用户1613 | ✅ 秒杀成功 | 耗时: 4708.68ms
2025/12/13 20:20:53.899342 [20:20:48.527] 用户570 | ✅ 秒杀成功 | 耗时: 4831.30ms
2025/12/13 20:20:53.899344 [20:20:48.527] 用户3306 | ✅ 秒杀成功 | 耗时: 4835.47ms
2025/12/13 20:20:53.899345 [20:20:48.527] 用户1668 | ✅ 秒杀成功 | 耗时: 4736.49ms
2025/12/13 20:20:53.899347 [20:20:48.527] 用户1143 | ✅ 秒杀成功 | 耗时: 4835.87ms
2025/12/13 20:20:53.899349 [20:20:48.527] 用户663 | ✅ 秒杀成功 | 耗时: 4845.71ms
2025/12/13 20:20:53.899350 [20:20:48.527] 用户1676 | ✅ 秒杀成功 | 耗时: 4736.80ms
2025/12/13 20:20:53.899352 [20:20:48.527] 用户1572 | ✅ 秒杀成功 | 耗时: 4852.01ms
2025/12/13 20:20:53.899354 [20:20:48.528] 用户10524 | ✅ 秒杀成功 | 耗时: 4840.62ms
2025/12/13 20:20:53.899355 [20:20:48.528] 用户3020 | ✅ 秒杀成功 | 耗时: 4832.75ms
2025/12/13 20:20:53.899357 [20:20:48.528] 用户9622 | ✅ 秒杀成功 | 耗时: 4832.34ms
2025/12/13 20:20:53.899359 [20:20:48.528] 用户10818 | ✅ 秒杀成功 | 耗时: 4831.80ms
2025/12/13 20:20:53.899360 [20:20:48.528] 用户49 | ✅ 秒杀成功 | 耗时: 4852.77ms
2025/12/13 20:20:53.899362 [20:20:48.528] 用户3307 | ✅ 秒杀成功 | 耗时: 4835.90ms
2025/12/13 20:20:53.899364 [20:20:48.528] 用户8623 | ✅ 秒杀成功 | 耗时: 4836.56ms
2025/12/13 20:20:53.899365 [20:20:48.528] 用户8925 | ✅ 秒杀成功 | 耗时: 4813.78ms
2025/12/13 20:20:53.899367 [20:20:48.528] 用户10178 | ✅ 秒杀成功 | 耗时: 4840.74ms
2025/12/13 20:20:53.899372 [20:20:48.528] 用户9659 | ✅ 秒杀成功 | 耗时: 4836.02ms
2025/12/13 20:20:53.899375 [20:20:48.528] 用户850 | ✅ 秒杀成功 | 耗时: 4845.88ms
2025/12/13 20:20:53.899376 [20:20:48.528] 用户2534 | ✅ 秒杀成功 | 耗时: 4807.78ms
2025/12/13 20:20:53.899378 [20:20:48.528] 用户1717 | ✅ 秒杀成功 | 耗时: 4845.95ms
2025/12/13 20:20:53.899380 [20:20:48.528] 用户7392 | ✅ 秒杀成功 | 耗时: 4911.85ms
2025/12/13 20:20:53.899381 [20:20:48.528] 用户2365 | ✅ 秒杀成功 | 耗时: 4848.22ms
2025/12/13 20:20:53.899383 [20:20:48.528] 用户8937 | ✅ 秒杀成功 | 耗时: 4814.01ms
2025/12/13 20:20:53.899384 [20:20:48.528] 用户1325 | ✅ 秒杀成功 | 耗时: 4848.27ms
2025/12/13 20:20:53.899385 [20:20:48.528] 用户8681 | ✅ 秒杀成功 | 耗时: 4819.59ms
2025/12/13 20:20:53.899387 [20:20:48.528] 用户1877 | ✅ 秒杀成功 | 耗时: 4850.35ms
2025/12/13 20:20:53.899388 [20:20:48.528] 用户2012 | ✅ 秒杀成功 | 耗时: 4848.32ms
2025/12/13 20:20:53.899390 [20:20:48.528] 用户10796 | ✅ 秒杀成功 | 耗时: 4926.40ms
2025/12/13 20:20:53.899392 [20:20:48.528] 用户7877 | ✅ 秒杀成功 | 耗时: 4809.48ms
2025/12/13 20:20:53.899393 [20:20:48.528] 用户5895 | ✅ 秒杀成功 | 耗时: 4888.21ms
2025/12/13 20:20:53.899395 [20:20:48.528] 用户8917 | ✅ 秒杀成功 | 耗时: 4814.11ms
2025/12/13 20:20:53.899397 [20:20:48.528] 用户8233 | ✅ 秒杀成功 | 耗时: 4811.01ms
2025/12/13 20:20:53.899398 [20:20:48.528] 用户3523 | ✅ 秒杀成功 | 耗时: 4832.84ms
2025/12/13 20:20:53.899400 [20:20:48.528] 用户1420 | ✅ 秒杀成功 | 耗时: 4848.54ms
2025/12/13 20:20:53.899402 [20:20:48.528] 用户10892 | ✅ 秒杀成功 | 耗时: 4832.69ms
2025/12/13 20:20:53.899403 [20:20:48.528] 用户136 | ✅ 秒杀成功 | 耗时: 4845.01ms
2025/12/13 20:20:53.899405 [20:20:48.528] 用户6082 | ✅ 秒杀成功 | 耗时: 4898.79ms
2025/12/13 20:20:53.899407 [20:20:48.528] 用户2089 | ✅ 秒杀成功 | 耗时: 4698.91ms
2025/12/13 20:20:53.899408 [20:20:48.528] 用户1167 | ✅ 秒杀成功 | 耗时: 4848.53ms
2025/12/13 20:20:53.899410 [20:20:48.528] 用户3467 | ✅ 秒杀成功 | 耗时: 4877.40ms
2025/12/13 20:20:53.899411 [20:20:48.528] 用户4646 | ✅ 秒杀成功 | 耗时: 4885.41ms
2025/12/13 20:20:53.899413 [20:20:48.528] 用户2011 | ✅ 秒杀成功 | 耗时: 4848.65ms
2025/12/13 20:20:53.899414 [20:20:48.528] 用户14 | ✅ 秒杀成功 | 耗时: 4835.84ms
2025/12/13 20:20:53.899415 [20:20:48.528] 用户2609 | ✅ 秒杀成功 | 耗时: 4848.80ms
2025/12/13 20:20:53.899418 [20:20:48.528] 用户9423 | ✅ 秒杀成功 | 耗时: 4848.73ms
2025/12/13 20:20:53.899419 [20:20:48.529] 用户2389 | ✅ 秒杀成功 | 耗时: 4849.61ms
2025/12/13 20:20:53.899421 [20:20:48.529] 用户655 | ✅ 秒杀成功 | 耗时: 4847.45ms
2025/12/13 20:20:53.899423 [20:20:48.529] 用户1468 | ✅ 秒杀成功 | 耗时: 4854.35ms
2025/12/13 20:20:53.899424 [20:20:48.529] 用户1348 | ✅ 秒杀成功 | 耗时: 4849.77ms
2025/12/13 20:20:53.899426 [20:20:48.529] 用户9448 | ✅ 秒杀成功 | 耗时: 4838.00ms
2025/12/13 20:20:53.899428 [20:20:48.529] 用户1852 | ✅ 秒杀成功 | 耗时: 4700.13ms
2025/12/13 20:20:53.899429 [20:20:48.529] 用户376 | ✅ 秒杀成功 | 耗时: 4838.44ms
2025/12/13 20:20:53.899431 [20:20:48.530] 用户1893 | ✅ 秒杀成功 | 耗时: 4850.23ms
2025/12/13 20:20:53.899433 [20:20:48.530] 用户10055 | ✅ 秒杀成功 | 耗时: 4839.16ms
2025/12/13 20:20:53.899434 [20:20:48.530] 用户4657 | ✅ 秒杀成功 | 耗时: 4891.62ms
2025/12/13 20:20:53.899436 [20:20:48.530] 用户1400 | ✅ 秒杀成功 | 耗时: 4850.75ms
2025/12/13 20:20:53.899438 [20:20:48.530] 用户9921 | ✅ 秒杀成功 | 耗时: 4835.04ms
2025/12/13 20:20:53.899439 [20:20:48.530] 用户2503 | ✅ 秒杀成功 | 耗时: 4850.83ms
2025/12/13 20:20:53.899441 [20:20:48.530] 用户311 | ✅ 秒杀成功 | 耗时: 4850.61ms
2025/12/13 20:20:53.899443 [20:20:48.530] 用户859 | ✅ 秒杀成功 | 耗时: 4850.25ms
2025/12/13 20:20:53.899444 [20:20:48.530] 用户2604 | ✅ 秒杀成功 | 耗时: 4850.51ms
2025/12/13 20:20:53.899446 [20:20:48.530] 用户1927 | ✅ 秒杀成功 | 耗时: 4850.66ms
2025/12/13 20:20:53.899448 [20:20:48.530] 用户9895 | ✅ 秒杀成功 | 耗时: 4834.89ms
2025/12/13 20:20:53.899449 [20:20:48.530] 用户3360 | ✅ 秒杀成功 | 耗时: 4855.41ms
2025/12/13 20:20:53.899451 [20:20:48.530] 用户1810 | ✅ 秒杀成功 | 耗时: 4661.63ms
2025/12/13 20:20:53.899453 [20:20:48.530] 用户10443 | ✅ 秒杀成功 | 耗时: 4817.67ms
2025/12/13 20:20:53.899454 [20:20:48.530] 用户8132 | ✅ 秒杀成功 | 耗时: 4838.11ms
2025/12/13 20:20:53.899456 [20:20:48.530] 用户10446 | ✅ 秒杀成功 | 耗时: 4817.71ms
2025/12/13 20:20:53.899458 [20:20:48.530] 用户2385 | ✅ 秒杀成功 | 耗时: 4848.67ms
2025/12/13 20:20:53.899459 [20:20:48.530] 用户3998 | ✅ 秒杀成功 | 耗时: 4697.08ms
2025/12/13 20:20:53.899462 [20:20:48.530] 用户10226 | ✅ 秒杀成功 | 耗时: 4838.81ms
2025/12/13 20:20:53.899464 [20:20:48.530] 用户1146 | ✅ 秒杀成功 | 耗时: 4839.23ms
2025/12/13 20:20:53.899466 [20:20:48.530] 用户3955 | ✅ 秒杀成功 | 耗时: 4835.65ms
2025/12/13 20:20:53.899468 [20:20:48.531] 用户9353 | ✅ 秒杀成功 | 耗时: 4839.34ms
2025/12/13 20:20:53.899469 [20:20:48.531] 用户3303 | ✅ 秒杀成功 | 耗时: 4838.82ms
2025/12/13 20:20:53.899471 [20:20:48.531] 用户1252 | ✅ 秒杀成功 | 耗时: 4661.99ms
2025/12/13 20:20:53.899473 [20:20:48.531] 用户660 | ✅ 秒杀成功 | 耗时: 4848.89ms
2025/12/13 20:20:53.899474 [20:20:48.531] 用户9297 | ✅ 秒杀成功 | 耗时: 4839.43ms
2025/12/13 20:20:53.899476 [20:20:48.531] 用户10292 | ✅ 秒杀成功 | 耗时: 4839.62ms
2025/12/13 20:20:53.899478 [20:20:48.531] 用户3308 | ✅ 秒杀成功 | 耗时: 4839.28ms
2025/12/13 20:20:53.899480 [20:20:48.531] 用户9616 | ✅ 秒杀成功 | 耗时: 4835.17ms
2025/12/13 20:20:53.899481 [20:20:48.531] 用户88 | ✅ 秒杀成功 | 耗时: 4844.37ms
2025/12/13 20:20:53.899483 [20:20:48.531] 用户1667 | ✅ 秒杀成功 | 耗时: 4740.32ms
2025/12/13 20:20:53.899485 [20:20:48.531] 用户51 | ✅ 秒杀成功 | 耗时: 4856.24ms
2025/12/13 20:20:53.899486 [20:20:48.531] 用户1267 | ✅ 秒杀成功 | 耗时: 4839.30ms
2025/12/13 20:20:53.899488 [20:20:48.533] 用户383 | ✅ 秒杀成功 | 耗时: 4842.40ms
2025/12/13 20:20:53.899490 [20:20:48.533] 用户1638 | ✅ 秒杀成功 | 耗时: 4742.78ms
2025/12/13 20:20:53.899491 [20:20:48.533] 用户1093 | ✅ 秒杀成功 | 耗时: 4846.93ms
2025/12/13 20:20:53.899493 [20:20:48.533] 用户1813 | ✅ 秒杀成功 | 耗时: 4851.66ms
2025/12/13 20:20:53.899499 [20:20:48.533] 用户2502 | ✅ 秒杀成功 | 耗时: 4853.95ms
2025/12/13 20:20:53.899501 [20:20:48.534] 用户297 | ✅ 秒杀成功 | 耗时: 4851.89ms
2025/12/13 20:20:53.899502 [20:20:48.535] 用户1744 | ✅ 秒杀成功 | 耗时: 4852.75ms
2025/12/13 20:20:53.899504 [20:20:48.535] 用户1076 | ✅ 秒杀成功 | 耗时: 4843.92ms
2025/12/13 20:20:53.899506 [20:20:48.535] 用户389 | ✅ 秒杀成功 | 耗时: 4844.22ms
2025/12/13 20:20:53.899508 [20:20:48.535] 用户212 | ✅ 秒杀成功 | 耗时: 4850.73ms
2025/12/13 20:20:53.899509 [20:20:48.535] 用户3359 | ✅ 秒杀成功 | 耗时: 4860.40ms
2025/12/13 20:20:53.899511 [20:20:48.535] 用户10220 | ✅ 秒杀成功 | 耗时: 4844.36ms
2025/12/13 20:20:53.899513 [20:20:48.535] 用户1139 | ✅ 秒杀成功 | 耗时: 4840.18ms
2025/12/13 20:20:53.899514 [20:20:48.535] 用户1607 | ✅ 秒杀成功 | 耗时: 4840.41ms
2025/12/13 20:20:53.899516 [20:20:48.535] 用户9625 | ✅ 秒杀成功 | 耗时: 4840.26ms
2025/12/13 20:20:53.899518 [20:20:48.535] 用户10850 | ✅ 秒杀成功 | 耗时: 4839.72ms
2025/12/13 20:20:53.899519 [20:20:48.535] 用户1672 | ✅ 秒杀成功 | 耗时: 4840.44ms
2025/12/13 20:20:53.899521 [20:20:48.535] 用户9684 | ✅ 秒杀成功 | 耗时: 4860.50ms
2025/12/13 20:20:53.899523 [20:20:48.536] 用户373 | ✅ 秒杀成功 | 耗时: 4844.36ms
2025/12/13 20:20:53.899524 [20:20:48.536] 用户10293 | ✅ 秒杀成功 | 耗时: 4844.41ms
2025/12/13 20:20:53.899526 [20:20:48.536] 用户3284 | ✅ 秒杀成功 | 耗时: 4851.13ms
2025/12/13 20:20:53.899528 [20:20:48.536] 用户10314 | ✅ 秒杀成功 | 耗时: 4860.62ms
2025/12/13 20:20:53.899529 [20:20:48.536] 用户2054 | ✅ 秒杀成功 | 耗时: 4861.07ms
2025/12/13 20:20:53.899531 [20:20:48.536] 用户1289 | ✅ 秒杀成功 | 耗时: 4843.70ms
2025/12/13 20:20:53.899533 [20:20:48.591] 用户4545 | ✅ 秒杀成功 | 耗时: 4948.93ms
2025/12/13 20:20:53.899534 [20:20:48.594] 用户895 | ✅ 秒杀成功 | 耗时: 4902.41ms
2025/12/13 20:20:53.899536 [20:20:48.595] 用户10422 | ✅ 秒杀成功 | 耗时: 4920.16ms
2025/12/13 20:20:53.899538 [20:20:48.612] 用户68 | ✅ 秒杀成功 | 耗时: 4924.99ms
2025/12/13 20:20:53.899539 [20:20:48.612] 用户10821 | ✅ 秒杀成功 | 耗时: 4916.15ms
2025/12/13 20:20:53.899540 [20:20:48.612] 用户9838 | ✅ 秒杀成功 | 耗时: 4936.84ms
2025/12/13 20:20:53.899542 [20:20:48.612] 用户10667 | ✅ 秒杀成功 | 耗时: 4916.06ms
2025/12/13 20:20:53.899543 [20:20:48.612] 用户3546 | ✅ 秒杀成功 | 耗时: 4916.57ms
2025/12/13 20:20:53.899544 [20:20:48.612] 用户10869 | ✅ 秒杀成功 | 耗时: 4916.62ms
2025/12/13 20:20:53.899546 [20:20:48.613] 用户2734 | ✅ 秒杀成功 | 耗时: 4917.43ms
2025/12/13 20:20:53.899547 [20:20:48.613] 用户10812 | ✅ 秒杀成功 | 耗时: 4916.99ms
2025/12/13 20:20:53.899548 [20:20:48.613] 用户10824 | ✅ 秒杀成功 | 耗时: 4917.11ms
2025/12/13 20:20:53.899550 [20:20:48.613] 用户1032 | ✅ 秒杀成功 | 耗时: 4921.74ms
2025/12/13 20:20:53.899552 [20:20:48.614] 用户8408 | ✅ 秒杀成功 | 耗时: 4927.40ms
2025/12/13 20:20:53.899553 [20:20:48.615] 用户10520 | ✅ 秒杀成功 | 耗时: 4918.99ms
2025/12/13 20:20:53.899555 [20:20:48.617] 用户10225 | ✅ 秒杀成功 | 耗时: 4925.40ms
2025/12/13 20:20:53.899557 [20:20:48.617] 用户1669 | ✅ 秒杀成功 | 耗时: 4826.39ms
2025/12/13 20:20:53.899558 [20:20:48.617] 用户1256 | ✅ 秒杀成功 | 耗时: 4748.46ms
2025/12/13 20:20:53.899560 [20:20:48.617] 用户1576 | ✅ 秒杀成功 | 耗时: 4941.81ms
2025/12/13 20:20:53.899562 [20:20:48.619] 用户3946 | ✅ 秒杀成功 | 耗时: 4924.39ms
2025/12/13 20:20:53.899563 [20:20:48.621] 用户386 | ✅ 秒杀成功 | 耗时: 4929.62ms
2025/12/13 20:20:53.899565 [20:20:48.621] 用户10627 | ✅ 秒杀成功 | 耗时: 4744.55ms
2025/12/13 20:20:53.899567 [20:20:48.621] 用户10690 | ✅ 秒杀成功 | 耗时: 4929.70ms
2025/12/13 20:20:53.899568 [20:20:48.621] 用户1003 | ✅ 秒杀成功 | 耗时: 4935.94ms
2025/12/13 20:20:53.899570 [20:20:48.621] 用户10477 | ✅ 秒杀成功 | 耗时: 4945.62ms
2025/12/13 20:20:53.899572 [20:20:48.621] 用户1158 | ✅ 秒杀成功 | 耗时: 4925.20ms
2025/12/13 20:20:53.899573 [20:20:48.621] 用户3366 | ✅ 秒杀成功 | 耗时: 4945.81ms
2025/12/13 20:20:53.899575 [20:20:48.621] 用户3059 | ✅ 秒杀成功 | 耗时: 4926.04ms
2025/12/13 20:20:53.899577 [20:20:48.621] 用户3953 | ✅ 秒杀成功 | 耗时: 4851.71ms
2025/12/13 20:20:53.899578 [20:20:48.621] 用户1247 | ✅ 秒杀成功 | 耗时: 4752.08ms
2025/12/13 20:20:53.899580 [20:20:48.621] 用户1153 | ✅ 秒杀成功 | 耗时: 4929.30ms
2025/12/13 20:20:53.899582 [20:20:48.621] 用户65 | ✅ 秒杀成功 | 耗时: 4929.84ms
2025/12/13 20:20:53.899583 [20:20:48.621] 用户1890 | ✅ 秒杀成功 | 耗时: 4943.26ms
2025/12/13 20:20:53.899585 [20:20:48.621] 用户7406 | ✅ 秒杀成功 | 耗时: 5004.94ms
2025/12/13 20:20:53.899587 [20:20:48.621] 用户7253 | ✅ 秒杀成功 | 耗时: 4929.90ms
2025/12/13 20:20:53.899588 [20:20:48.621] 用户1568 | ✅ 秒杀成功 | 耗时: 4945.13ms
2025/12/13 20:20:53.899590 [20:20:48.621] 用户10298 | ✅ 秒杀成功 | 耗时: 4933.53ms
2025/12/13 20:20:53.899592 [20:20:48.621] 用户10656 | ✅ 秒杀成功 | 耗时: 4924.72ms
2025/12/13 20:20:53.899593 [20:20:48.621] 用户10367 | ✅ 秒杀成功 | 耗时: 4924.99ms
2025/12/13 20:20:53.899595 [20:20:48.621] 用户3030 | ✅ 秒杀成功 | 耗时: 4925.97ms
2025/12/13 20:20:53.899597 [20:20:48.621] 用户1520 | ✅ 秒杀成功 | 耗时: 4929.34ms
2025/12/13 20:20:53.899598 [20:20:48.621] 用户1002 | ✅ 秒杀成功 | 耗时: 4934.12ms
2025/12/13 20:20:53.899600 [20:20:48.621] 用户2252 | ✅ 秒杀成功 | 耗时: 4925.77ms
2025/12/13 20:20:53.899601 [20:20:48.621] 用户10979 | ✅ 秒杀成功 | 耗时: 4927.28ms
2025/12/13 20:20:53.899603 [20:20:48.621] 用户5431 | ✅ 秒杀成功 | 耗时: 4987.84ms
2025/12/13 20:20:53.899604 [20:20:48.621] 用户2074 | ✅ 秒杀成功 | 耗时: 4936.65ms
2025/12/13 20:20:53.899606 [20:20:48.621] 用户3936 | ✅ 秒杀成功 | 耗时: 4926.34ms
2025/12/13 20:20:53.899607 [20:20:48.621] 用户836 | ✅ 秒杀成功 | 耗时: 4936.57ms
2025/12/13 20:20:53.899609 [20:20:48.621] 用户9212 | ✅ 秒杀成功 | 耗时: 4933.81ms
2025/12/13 20:20:53.899611 [20:20:48.621] 用户1678 | ✅ 秒杀成功 | 耗时: 4830.55ms
2025/12/13 20:20:53.899612 [20:20:48.621] 用户2740 | ✅ 秒杀成功 | 耗时: 4926.14ms
2025/12/13 20:20:53.899614 [20:20:48.625] 用户3933 | ✅ 秒杀成功 | 耗时: 4930.03ms
2025/12/13 20:20:53.899616 [20:20:48.625] 用户2338 | ✅ 秒杀成功 | 耗时: 4940.60ms
2025/12/13 20:20:53.899617 [20:20:48.625] 用户1296 | ✅ 秒杀成功 | 耗时: 4933.37ms
2025/12/13 20:20:53.899619 [20:20:48.625] 用户10844 | ✅ 秒杀成功 | 耗时: 4929.53ms
2025/12/13 20:20:53.899621 [20:20:48.625] 用户510 | ✅ 秒杀成功 | 耗时: 4940.74ms
2025/12/13 20:20:53.899622 [20:20:48.625] 用户7801 | ✅ 秒杀成功 | 耗时: 4930.56ms
2025/12/13 20:20:53.899624 [20:20:48.625] 用户447 | ✅ 秒杀成功 | 耗时: 4933.58ms
2025/12/13 20:20:53.899626 [20:20:48.625] 用户1714 | ✅ 秒杀成功 | 耗时: 4856.91ms
2025/12/13 20:20:53.899627 [20:20:48.625] 用户1255 | ✅ 秒杀成功 | 耗时: 4756.51ms
2025/12/13 20:20:53.899629 [20:20:48.625] 用户1138 | ✅ 秒杀成功 | 耗时: 4929.94ms
2025/12/13 20:20:53.899631 [20:20:48.625] 用户10626 | ✅ 秒杀成功 | 耗时: 4930.07ms
2025/12/13 20:20:53.899633 [20:20:48.625] 用户1180 | ✅ 秒杀成功 | 耗时: 4750.31ms
2025/12/13 20:20:53.899634 [20:20:48.625] 用户1185 | ✅ 秒杀成功 | 耗时: 4739.07ms
2025/12/13 20:20:53.899636 [20:20:48.625] 用户1684 | ✅ 秒杀成功 | 耗时: 4930.30ms
2025/12/13 20:20:53.899638 [20:20:48.625] 用户10442 | ✅ 秒杀成功 | 耗时: 4950.56ms
2025/12/13 20:20:53.899639 [20:20:48.625] 用户5005 | ✅ 秒杀成功 | 耗时: 4984.48ms
2025/12/13 20:20:53.899641 [20:20:48.625] 用户7239 | ✅ 秒杀成功 | 耗时: 4934.18ms
2025/12/13 20:20:53.899643 [20:20:48.625] 用户7789 | ✅ 秒杀成功 | 耗时: 4934.34ms
2025/12/13 20:20:53.899645 [20:20:48.625] 用户3309 | ✅ 秒杀成功 | 耗时: 4933.66ms
2025/12/13 20:20:53.899646 [20:20:48.625] 用户513 | ✅ 秒杀成功 | 耗时: 4941.29ms
2025/12/13 20:20:53.899648 [20:20:48.625] 用户2040 | ✅ 秒杀成功 | 耗时: 4950.48ms
2025/12/13 20:20:53.899650 [20:20:48.625] 用户3026 | ✅ 秒杀成功 | 耗时: 4930.08ms
2025/12/13 20:20:53.899651 [20:20:48.625] 用户507 | ✅ 秒杀成功 | 耗时: 4940.80ms
2025/12/13 20:20:53.899653 [20:20:48.629] 用户4009 | ✅ 秒杀成功 | 耗时: 4955.56ms
2025/12/13 20:20:53.899654 [20:20:48.629] 用户9487 | ✅ 秒杀成功 | 耗时: 4932.55ms
2025/12/13 20:20:53.899656 [20:20:48.629] 用户3283 | ✅ 秒杀成功 | 耗时: 4944.77ms
2025/12/13 20:20:53.899658 [20:20:48.629] 用户2339 | ✅ 秒杀成功 | 耗时: 4944.88ms
2025/12/13 20:20:53.899660 [20:20:48.629] 用户1047 | ✅ 秒杀成功 | 耗时: 4942.63ms
2025/12/13 20:20:53.899661 [20:20:48.629] 用户8392 | ✅ 秒杀成功 | 耗时: 4934.11ms
2025/12/13 20:20:53.899663 [20:20:48.629] 用户427 | ✅ 秒杀成功 | 耗时: 4942.11ms
2025/12/13 20:20:53.899665 [20:20:48.629] 用户378 | ✅ 秒杀成功 | 耗时: 4938.40ms
2025/12/13 20:20:53.899666 [20:20:48.629] 用户481 | ✅ 秒杀成功 | 耗时: 4944.90ms
2025/12/13 20:20:53.899668 [20:20:48.629] 用户3975 | ✅ 秒杀成功 | 耗时: 4934.75ms
2025/12/13 20:20:53.899670 [20:20:48.629] 用户1145 | ✅ 秒杀成功 | 耗时: 4937.36ms
2025/12/13 20:20:53.899671 [20:20:48.630] 用户10897 | ✅ 秒杀成功 | 耗时: 4933.73ms
2025/12/13 20:20:53.899673 [20:20:48.630] 用户3034 | ✅ 秒杀成功 | 耗时: 4934.72ms
2025/12/13 20:20:53.899675 [20:20:48.630] 用户3022 | ✅ 秒杀成功 | 耗时: 4934.23ms
2025/12/13 20:20:53.899676 [20:20:48.630] 用户2874 | ✅ 秒杀成功 | 耗时: 4937.96ms
2025/12/13 20:20:53.899678 [20:20:48.630] 用户1142 | ✅ 秒杀成功 | 耗时: 4937.94ms
2025/12/13 20:20:53.899680 [20:20:48.630] 用户1702 | ✅ 秒杀成功 | 耗时: 4934.60ms
2025/12/13 20:20:53.899681 [20:20:48.630] 用户4708 | ✅ 秒杀成功 | 耗时: 4986.83ms
2025/12/13 20:20:53.899683 [20:20:48.630] 用户3379 | ✅ 秒杀成功 | 耗时: 4954.76ms
2025/12/13 20:20:53.899684 [20:20:48.630] 用户3024 | ✅ 秒杀成功 | 耗时: 4861.39ms
2025/12/13 20:20:53.899686 [20:20:48.630] 用户9715 | ✅ 秒杀成功 | 耗时: 4954.56ms
2025/12/13 20:20:53.899688 [20:20:48.630] 用户1161 | ✅ 秒杀成功 | 耗时: 4934.16ms
2025/12/13 20:20:53.899689 [20:20:48.630] 用户977 | ✅ 秒杀成功 | 耗时: 4942.42ms
2025/12/13 20:20:53.899691 [20:20:48.630] 用户1056 | ✅ 秒杀成功 | 耗时: 4945.31ms
2025/12/13 20:20:53.899693 [20:20:48.630] 用户2073 | ✅ 秒杀成功 | 耗时: 4945.97ms
2025/12/13 20:20:53.899694 [20:20:48.631] 用户384 | ✅ 秒杀成功 | 耗时: 4939.58ms
2025/12/13 20:20:53.899696 [20:20:48.638] 用户4718 | ✅ 秒杀成功 | 耗时: 4997.07ms
2025/12/13 20:20:53.899698 [20:20:48.639] 用户1159 | ✅ 秒杀成功 | 耗时: 4943.03ms
2025/12/13 20:20:53.899699 [20:20:48.639] 用户1137 | ✅ 秒杀成功 | 耗时: 4943.31ms
2025/12/13 20:20:53.899701 [20:20:48.639] 用户1006 | ✅ 秒杀成功 | 耗时: 4954.97ms
2025/12/13 20:20:53.899703 [20:20:48.640] 用户511 | ✅ 秒杀成功 | 耗时: 4955.39ms
2025/12/13 20:20:53.899704 [20:20:48.640] 用户9489 | ✅ 秒杀成功 | 耗时: 4943.22ms
2025/12/13 20:20:53.899706 [20:20:48.640] 用户10436 | ✅ 秒杀成功 | 耗时: 4965.23ms
2025/12/13 20:20:53.899708 [20:20:48.640] 用户7158 | ✅ 秒杀成功 | 耗时: 4826.96ms
2025/12/13 20:20:53.899709 [20:20:48.640] 用户9739 | ✅ 秒杀成功 | 耗时: 4964.85ms
2025/12/13 20:20:53.899711 [20:20:48.640] 用户10666 | ✅ 秒杀成功 | 耗时: 4944.01ms
2025/12/13 20:20:53.899713 [20:20:48.640] 用户9486 | ✅ 秒杀成功 | 耗时: 4943.47ms
2025/12/13 20:20:53.899714 [20:20:48.640] 用户10861 | ✅ 秒杀成功 | 耗时: 4944.54ms
2025/12/13 20:20:53.899716 [20:20:48.640] 用户10868 | ✅ 秒杀成功 | 耗时: 4944.70ms
2025/12/13 20:20:53.899719 [20:20:48.640] 用户3515 | ✅ 秒杀成功 | 耗时: 4764.17ms
2025/12/13 20:20:53.899721 [20:20:48.640] 用户3937 | ✅ 秒杀成功 | 耗时: 4945.44ms
2025/12/13 20:20:53.899722 [20:20:48.640] 用户1441 | ✅ 秒杀成功 | 耗时: 4943.93ms
2025/12/13 20:20:53.899724 [20:20:48.640] 用户2590 | ✅ 秒杀成功 | 耗时: 4961.62ms
2025/12/13 20:20:53.899726 [20:20:48.647] 用户8669 | ✅ 秒杀成功 | 耗时: 4951.45ms
2025/12/13 20:20:53.899727 [20:20:48.648] 用户1715 | ✅ 秒杀成功 | 耗时: 4880.23ms
2025/12/13 20:20:53.899729 [20:20:48.648] 用户1141 | ✅ 秒杀成功 | 耗时: 4956.65ms
2025/12/13 20:20:53.899731 [20:20:48.650] 用户9689 | ✅ 秒杀成功 | 耗时: 4974.89ms
2025/12/13 20:20:53.899732 [20:20:48.663] 用户1594 | ✅ 秒杀成功 | 耗时: 4968.17ms
2025/12/13 20:20:53.899734 [20:20:48.665] 用户8385 | ✅ 秒杀成功 | 耗时: 4968.68ms
2025/12/13 20:20:53.899736 [20:20:48.665] 用户9638 | ✅ 秒杀成功 | 耗时: 4969.09ms
2025/12/13 20:20:53.899737 [20:20:48.665] 用户3600 | ✅ 秒杀成功 | 耗时: 4969.86ms
2025/12/13 20:20:53.899739 [20:20:48.665] 用户5941 | ✅ 秒杀成功 | 耗时: 5032.23ms
2025/12/13 20:20:53.899741 [20:20:48.665] 用户2807 | ✅ 秒杀成功 | 耗时: 4970.00ms
2025/12/13 20:20:53.899742 [20:20:48.666] 用户996 | ✅ 秒杀成功 | 耗时: 4978.68ms
2025/12/13 20:20:53.899744 [20:20:48.666] 用户10851 | ✅ 秒杀成功 | 耗时: 4970.28ms
2025/12/13 20:20:53.899746 [20:20:48.666] 用户3009 | ✅ 秒杀成功 | 耗时: 4971.13ms
2025/12/13 20:20:53.899747 [20:20:48.666] 用户10655 | ✅ 秒杀成功 | 耗时: 4969.99ms
2025/12/13 20:20:53.899749 [20:20:48.667] 用户4559 | ✅ 秒杀成功 | 耗时: 5028.16ms
2025/12/13 20:20:53.899751 [20:20:48.667] 用户2226 | ✅ 秒杀成功 | 耗时: 4972.15ms
2025/12/13 20:20:53.899752 [20:20:48.668] 用户135 | ✅ 秒杀成功 | 耗时: 4977.20ms
2025/12/13 20:20:53.899754 [20:20:48.669] 用户2737 | ✅ 秒杀成功 | 耗时: 4973.51ms
2025/12/13 20:20:53.899756 [20:20:48.669] 用户7794 | ✅ 秒杀成功 | 耗时: 4974.52ms
2025/12/13 20:20:53.899758 [20:20:48.669] 用户8413 | ✅ 秒杀成功 | 耗时: 4982.43ms
2025/12/13 20:20:53.899759 [20:20:48.669] 用户1049 | ✅ 秒杀成功 | 耗时: 4982.70ms
2025/12/13 20:20:53.899761 [20:20:48.695] 用户10693 | ✅ 秒杀成功 | 耗时: 5003.86ms
2025/12/13 20:20:53.899763 [20:20:48.696] 用户7160 | ✅ 秒杀成功 | 耗时: 4883.67ms
2025/12/13 20:20:53.899764 [20:20:48.696] 用户2396 | ✅ 秒杀成功 | 耗时: 4975.86ms
2025/12/13 20:20:53.899766 [20:20:48.696] 用户3361 | ✅ 秒杀成功 | 耗时: 5021.02ms
2025/12/13 20:20:53.899767 [20:20:48.696] 用户4557 | ✅ 秒杀成功 | 耗时: 5056.94ms
2025/12/13 20:20:53.899769 [20:20:48.696] 用户10321 | ✅ 秒杀成功 | 耗时: 5021.20ms
2025/12/13 20:20:53.899770 [20:20:48.696] 用户1703 | ✅ 秒杀成功 | 耗时: 5001.14ms
2025/12/13 20:20:53.899772 [20:20:48.696] 用户1367 | ✅ 秒杀成功 | 耗时: 4996.47ms
2025/12/13 20:20:53.899773 [20:20:48.696] 用户10867 | ✅ 秒杀成功 | 耗时: 5000.68ms
2025/12/13 20:20:53.899774 [20:20:48.696] 用户10359 | ✅ 秒杀成功 | 耗时: 5082.52ms
2025/12/13 20:20:53.899776 [20:20:48.696] 用户2261 | ✅ 秒杀成功 | 耗时: 4882.36ms
2025/12/13 20:20:53.899777 [20:20:48.697] 用户2862 | ✅ 秒杀成功 | 耗时: 5018.19ms
2025/12/13 20:20:53.899778 [20:20:48.697] 用户3957 | ✅ 秒杀成功 | 耗时: 5002.12ms
2025/12/13 20:20:53.899780 [20:20:48.725] 用户3302 | ✅ 秒杀成功 | 耗时: 5032.96ms
2025/12/13 20:20:53.899782 [20:20:48.725] 用户3058 | ✅ 秒杀成功 | 耗时: 5030.56ms
2025/12/13 20:20:53.899783 [20:20:48.726] 用户2225 | ✅ 秒杀成功 | 耗时: 5030.79ms
2025/12/13 20:20:53.899785 [20:20:48.727] 用户9433 | ✅ 秒杀成功 | 耗时: 5031.21ms
2025/12/13 20:20:53.899787 [20:20:48.729] 用户8465 | ✅ 秒杀成功 | 耗时: 5041.81ms
2025/12/13 20:20:53.899788 [20:20:48.729] 用户454 | ✅ 秒杀成功 | 耗时: 5036.34ms
2025/12/13 20:20:53.899790 [20:20:48.729] 用户93 | ✅ 秒杀成功 | 耗时: 5037.98ms
2025/12/13 20:20:53.899792 [20:20:48.730] 用户10110 | ✅ 秒杀成功 | 耗时: 5116.31ms
2025/12/13 20:20:53.899793 [20:20:48.730] 用户2908 | ✅ 秒杀成功 | 耗时: 5055.72ms
2025/12/13 20:20:53.899795 [20:20:48.730] 用户1469 | ✅ 秒杀成功 | 耗时: 5054.69ms
2025/12/13 20:20:53.899796 [20:20:48.730] 用户9776 | ✅ 秒杀成功 | 耗时: 5017.85ms
2025/12/13 20:20:53.899798 [20:20:48.730] 用户8812 | ✅ 秒杀成功 | 耗时: 5039.54ms
2025/12/13 20:20:53.899800 [20:20:48.731] 用户10837 | ✅ 秒杀成功 | 耗时: 5034.96ms
2025/12/13 20:20:53.899801 [20:20:48.731] 用户2259 | ✅ 秒杀成功 | 耗时: 5035.64ms
2025/12/13 20:20:53.899803 [20:20:48.731] 用户8625 | ✅ 秒杀成功 | 耗时: 5039.63ms
2025/12/13 20:20:53.899804 [20:20:48.731] 用户2902 | ✅ 秒杀成功 | 耗时: 5039.25ms
2025/12/13 20:20:53.899806 [20:20:48.731] 用户1297 | ✅ 秒杀成功 | 耗时: 5039.68ms
2025/12/13 20:20:53.899807 [20:20:48.731] 用户3256 | ✅ 秒杀成功 | 耗时: 5044.41ms
2025/12/13 20:20:53.899808 [20:20:48.731] 用户2748 | ✅ 秒杀成功 | 耗时: 5036.29ms
2025/12/13 20:20:53.899810 [20:20:48.731] 用户1720 | ✅ 秒杀成功 | 耗时: 4963.04ms
2025/12/13 20:20:53.899811 [20:20:48.731] 用户3369 | ✅ 秒杀成功 | 耗时: 5039.94ms
2025/12/13 20:20:53.899812 [20:20:48.731] 用户9626 | ✅ 秒杀成功 | 耗时: 5036.25ms
2025/12/13 20:20:53.899814 [20:20:48.732] 用户1665 | ✅ 秒杀成功 | 耗时: 4940.89ms
2025/12/13 20:20:53.899815 [20:20:48.732] 用户1671 | ✅ 秒杀成功 | 耗时: 4940.99ms
2025/12/13 20:20:53.899817 [20:20:48.732] 用户3062 | ✅ 秒杀成功 | 耗时: 5036.98ms
2025/12/13 20:20:53.899818 [20:20:48.732] 用户3037 | ✅ 秒杀成功 | 耗时: 5036.90ms
2025/12/13 20:20:53.899820 [20:20:48.732] 用户7161 | ✅ 秒杀成功 | 耗时: 4919.60ms
2025/12/13 20:20:53.899822 [20:20:48.732] 用户7159 | ✅ 秒杀成功 | 耗时: 4918.81ms
2025/12/13 20:20:53.899823 [20:20:48.732] 用户9605 | ✅ 秒杀成功 | 耗时: 5044.82ms
2025/12/13 20:20:53.899825 [20:20:48.732] 用户7244 | ✅ 秒杀成功 | 耗时: 5040.79ms
2025/12/13 20:20:53.899827 [20:20:48.732] 用户9822 | ✅ 秒杀成功 | 耗时: 5055.88ms
2025/12/13 20:20:53.899828 [20:20:48.732] 用户8638 | ✅ 秒杀成功 | 耗时: 5018.75ms
2025/12/13 20:20:53.899830 [20:20:48.732] 用户55 | ✅ 秒杀成功 | 耗时: 5039.82ms
2025/12/13 20:20:53.899832 [20:20:48.732] 用户388 | ✅ 秒杀成功 | 耗时: 5040.91ms
2025/12/13 20:20:53.899833 [20:20:48.732] 用户327 | ✅ 秒杀成功 | 耗时: 5032.15ms
2025/12/13 20:20:53.899835 [20:20:48.732] 用户10872 | ✅ 秒杀成功 | 耗时: 5036.30ms
2025/12/13 20:20:53.899837 [20:20:48.732] 用户8566 | ✅ 秒杀成功 | 耗时: 5036.90ms
2025/12/13 20:20:53.899838 [20:20:48.732] 用户1970 | ✅ 秒杀成功 | 耗时: 5032.23ms
2025/12/13 20:20:53.899840 [20:20:48.732] 用户374 | ✅ 秒杀成功 | 耗时: 5041.04ms
2025/12/13 20:20:53.899842 [20:20:48.732] 用户8844 | ✅ 秒杀成功 | 耗时: 5025.44ms
2025/12/13 20:20:53.899843 [20:20:48.733] 用户1664 | ✅ 秒杀成功 | 耗时: 4941.70ms
2025/12/13 20:20:53.899845 [20:20:48.733] 用户24 | ✅ 秒杀成功 | 耗时: 5037.60ms
2025/12/13 20:20:53.899847 [20:20:48.733] 用户9613 | ✅ 秒杀成功 | 耗时: 5045.62ms
2025/12/13 20:20:53.899848 [20:20:48.733] 用户10866 | ✅ 秒杀成功 | 耗时: 5037.12ms
2025/12/13 20:20:53.899850 [20:20:48.733] 用户1169 | ✅ 秒杀成功 | 耗时: 4857.52ms
2025/12/13 20:20:53.899852 [20:20:48.733] 用户5085 | ✅ 秒杀成功 | 耗时: 5092.34ms
2025/12/13 20:20:53.899854 [20:20:48.733] 用户3935 | ✅ 秒杀成功 | 耗时: 5038.63ms
2025/12/13 20:20:53.899855 [20:20:48.733] 用户3939 | ✅ 秒杀成功 | 耗时: 5038.17ms
2025/12/13 20:20:53.899857 [20:20:48.734] 用户10073 | ✅ 秒杀成功 | 耗时: 5042.11ms
2025/12/13 20:20:53.899859 [20:20:48.734] 用户1640 | ✅ 秒杀成功 | 耗时: 4943.15ms
2025/12/13 20:20:53.899860 [20:20:48.734] 用户1369 | ✅ 秒杀成功 | 耗时: 5034.35ms
2025/12/13 20:20:53.899862 [20:20:48.734] 用户10665 | ✅ 秒杀成功 | 耗时: 5038.00ms
2025/12/13 20:20:53.899864 [20:20:48.734] 用户3032 | ✅ 秒杀成功 | 耗时: 5039.66ms
2025/12/13 20:20:53.899865 [20:20:48.735] 用户3033 | ✅ 秒杀成功 | 耗时: 5040.42ms
2025/12/13 20:20:53.899867 [20:20:48.735] 用户2548 | ✅ 秒杀成功 | 耗时: 5042.18ms
2025/12/13 20:20:53.899869 [20:20:48.736] 用户3016 | ✅ 秒杀成功 | 耗时: 5041.59ms
2025/12/13 20:20:53.899870 [20:20:48.737] 用户7815 | ✅ 秒杀成功 | 耗时: 5041.88ms
2025/12/13 20:20:53.899872 [20:20:48.737] 用户2796 | ✅ 秒杀成功 | 耗时: 5016.68ms
2025/12/13 20:20:53.899874 [20:20:48.737] 用户10668 | ✅ 秒杀成功 | 耗时: 5040.75ms
2025/12/13 20:20:53.899875 [20:20:48.737] 用户1582 | ✅ 秒杀成功 | 耗时: 5061.48ms
2025/12/13 20:20:53.899877 [20:20:48.737] 用户9392 | ✅ 秒杀成功 | 耗时: 5050.46ms
2025/12/13 20:20:53.899879 [20:20:48.737] 用户9607 | ✅ 秒杀成功 | 耗时: 5041.00ms
2025/12/13 20:20:53.899880 [20:20:48.737] 用户10863 | ✅ 秒杀成功 | 耗时: 5041.56ms
2025/12/13 20:20:53.899882 [20:20:48.737] 用户1160 | ✅ 秒杀成功 | 耗时: 5041.65ms
2025/12/13 20:20:53.899884 [20:20:48.741] 用户10659 | ✅ 秒杀成功 | 耗时: 5044.42ms
2025/12/13 20:20:53.899885 [20:20:48.741] 用户3569 | ✅ 秒杀成功 | 耗时: 5046.29ms
2025/12/13 20:20:53.899887 [20:20:48.741] 用户107 | ✅ 秒杀成功 | 耗时: 5127.84ms
2025/12/13 20:20:53.899889 [20:20:48.741] 用户2139 | ✅ 秒杀成功 | 耗时: 5066.89ms
2025/12/13 20:20:53.899890 [20:20:48.742] 用户10570 | ✅ 秒杀成功 | 耗时: 5063.21ms
2025/12/13 20:20:53.899892 [20:20:48.742] 用户8656 | ✅ 秒杀成功 | 耗时: 5047.48ms
2025/12/13 20:20:53.899894 [20:20:48.742] 用户9159 | ✅ 秒杀成功 | 耗时: 5039.45ms
2025/12/13 20:20:53.899895 [20:20:48.743] 用户4814 | ✅ 秒杀成功 | 耗时: 5100.87ms
2025/12/13 20:20:53.899897 [20:20:48.746] 用户451 | ✅ 秒杀成功 | 耗时: 5049.91ms
2025/12/13 20:20:53.899898 [20:20:48.750] 用户6900 | ✅ 秒杀成功 | 耗时: 5119.39ms
2025/12/13 20:20:53.899899 [20:20:48.750] 用户10847 | ✅ 秒杀成功 | 耗时: 5054.57ms
2025/12/13 20:20:53.899901 [20:20:48.750] 用户10835 | ✅ 秒杀成功 | 耗时: 5054.58ms
2025/12/13 20:20:53.899902 [20:20:48.750] 用户10852 | ✅ 秒杀成功 | 耗时: 5054.73ms
2025/12/13 20:20:53.899903 [20:20:48.751] 用户9367 | ✅ 秒杀成功 | 耗时: 5038.44ms
2025/12/13 20:20:53.899905 [20:20:48.751] 用户5159 | ✅ 秒杀成功 | 耗时: 5114.31ms
2025/12/13 20:20:53.899906 [20:20:48.751] 用户1637 | ✅ 秒杀成功 | 耗时: 4937.54ms
2025/12/13 20:20:53.899907 [20:20:48.751] 用户10628 | ✅ 秒杀成功 | 耗时: 5055.18ms
2025/12/13 20:20:53.899909 [20:20:48.751] 用户9477 | ✅ 秒杀成功 | 耗时: 5054.19ms
2025/12/13 20:20:53.899910 [20:20:48.752] 用户5160 | ✅ 秒杀成功 | 耗时: 5115.11ms
2025/12/13 20:20:53.899911 [20:20:48.752] 用户784 | ✅ 秒杀成功 | 耗时: 5073.68ms
2025/12/13 20:20:53.899913 [20:20:48.753] 用户9161 | ✅ 秒杀成功 | 耗时: 5049.91ms
2025/12/13 20:20:53.899914 [20:20:48.769] 用户10661 | ✅ 秒杀成功 | 耗时: 5073.38ms
2025/12/13 20:20:53.899916 [20:20:48.770] 用户580 | ✅ 秒杀成功 | 耗时: 5073.93ms
2025/12/13 20:20:53.899917 [20:20:48.770] 用户1896 | ✅ 秒杀成功 | 耗时: 5092.26ms
2025/12/13 20:20:53.899918 [20:20:48.770] 用户6065 | ✅ 秒杀成功 | 耗时: 5140.87ms
2025/12/13 20:20:53.899920 [20:20:48.770] 用户10822 | ✅ 秒杀成功 | 耗时: 5074.42ms
2025/12/13 20:20:53.899921 [20:20:48.770] 用户1635 | ✅ 秒杀成功 | 耗时: 4956.75ms
2025/12/13 20:20:53.899923 [20:20:48.771] 用户1554 | ✅ 秒杀成功 | 耗时: 4980.46ms
2025/12/13 20:20:53.899924 [20:20:48.771] 用户10855 | ✅ 秒杀成功 | 耗时: 5075.16ms
2025/12/13 20:20:53.899926 [20:20:48.771] 用户7404 | ✅ 秒杀成功 | 耗时: 5154.89ms
2025/12/13 20:20:53.899928 [20:20:48.771] 用户2231 | ✅ 秒杀成功 | 耗时: 5073.29ms
2025/12/13 20:20:53.899929 [20:20:48.771] 用户10610 | ✅ 秒杀成功 | 耗时: 5075.50ms
2025/12/13 20:20:53.899931 [20:20:48.771] 用户6055 | ✅ 秒杀成功 | 耗时: 5140.60ms
2025/12/13 20:20:53.899933 [20:20:48.771] 用户10621 | ✅ 秒杀成功 | 耗时: 5093.36ms
2025/12/13 20:20:53.899934 [20:20:48.771] 用户9092 | ✅ 秒杀成功 | 耗时: 5067.56ms
2025/12/13 20:20:53.899936 [20:20:48.771] 用户10003 | ✅ 秒杀成功 | 耗时: 5096.75ms
2025/12/13 20:20:53.899938 [20:20:48.772] 用户3521 | ✅ 秒杀成功 | 耗时: 5076.40ms
2025/12/13 20:20:53.899940 [20:20:48.772] 用户432 | ✅ 秒杀成功 | 耗时: 5075.59ms
2025/12/13 20:20:53.899941 [20:20:48.772] 用户8487 | ✅ 秒杀成功 | 耗时: 5054.18ms
2025/12/13 20:20:53.899942 [20:20:48.772] 用户435 | ✅ 秒杀成功 | 耗时: 5076.38ms
2025/12/13 20:20:53.899944 [20:20:48.772] 用户1595 | ✅ 秒杀成功 | 耗时: 5077.32ms
2025/12/13 20:20:53.899945 [20:20:48.772] 用户4422 | ✅ 秒杀成功 | 耗时: 5124.04ms
2025/12/13 20:20:53.899946 [20:20:48.772] 用户9617 | ✅ 秒杀成功 | 耗时: 5076.61ms
2025/12/13 20:20:53.899948 [20:20:48.772] 用户3297 | ✅ 秒杀成功 | 耗时: 5078.33ms
2025/12/13 20:20:53.899949 [20:20:48.772] 用户6479 | ✅ 秒杀成功 | 耗时: 5149.03ms
2025/12/13 20:20:53.899951 [20:20:48.772] 用户6901 | ✅ 秒杀成功 | 耗时: 5141.71ms
2025/12/13 20:20:53.899952 [20:20:48.772] 用户10630 | ✅ 秒杀成功 | 耗时: 5076.67ms
2025/12/13 20:20:53.899953 [20:20:48.772] 用户10102 | ✅ 秒杀成功 | 耗时: 5093.80ms
2025/12/13 20:20:53.899955 [20:20:48.772] 用户2542 | ✅ 秒杀成功 | 耗时: 5076.86ms
2025/12/13 20:20:53.899956 [20:20:48.772] 用户3013 | ✅ 秒杀成功 | 耗时: 5078.38ms
2025/12/13 20:20:53.899958 [20:20:48.774] 用户9828 | ✅ 秒杀成功 | 耗时: 5098.87ms
2025/12/13 20:20:53.899959 [20:20:48.774] 用户9479 | ✅ 秒杀成功 | 耗时: 5077.40ms
2025/12/13 20:20:53.899960 [20:20:48.774] 用户433 | ✅ 秒杀成功 | 耗时: 5078.42ms
2025/12/13 20:20:53.899962 [20:20:48.776] 用户1129 | ✅ 秒杀成功 | 耗时: 5081.89ms
2025/12/13 20:20:53.899963 [20:20:48.776] 用户10809 | ✅ 秒杀成功 | 耗时: 5080.19ms
2025/12/13 20:20:53.899965 [20:20:48.776] 用户3948 | ✅ 秒杀成功 | 耗时: 5082.02ms
2025/12/13 20:20:53.899967 [20:20:48.776] 用户3963 | ✅ 秒杀成功 | 耗时: 5081.37ms
2025/12/13 20:20:53.899969 [20:20:48.776] 用户2379 | ✅ 秒杀成功 | 耗时: 5094.03ms
2025/12/13 20:20:53.899970 [20:20:48.777] 用户10856 | ✅ 秒杀成功 | 耗时: 5080.97ms
2025/12/13 20:20:53.899972 [20:20:48.777] 用户7089 | ✅ 秒杀成功 | 耗时: 5153.43ms
2025/12/13 20:20:53.899974 [20:20:48.777] 用户3526 | ✅ 秒杀成功 | 耗时: 4901.25ms
2025/12/13 20:20:53.899975 [20:20:48.782] 用户2228 | ✅ 秒杀成功 | 耗时: 5084.74ms
2025/12/13 20:20:53.899977 [20:20:48.782] 用户23 | ✅ 秒杀成功 | 耗时: 5087.38ms
2025/12/13 20:20:53.899979 [20:20:48.783] 用户10595 | ✅ 秒杀成功 | 耗时: 5104.88ms
2025/12/13 20:20:53.899980 [20:20:48.783] 用户10807 | ✅ 秒杀成功 | 耗时: 5086.62ms
2025/12/13 20:20:53.899982 [20:20:48.783] 用户3586 | ✅ 秒杀成功 | 耗时: 5084.09ms
2025/12/13 20:20:53.899984 [20:20:48.783] 用户6067 | ✅ 秒杀成功 | 耗时: 5153.37ms
2025/12/13 20:20:53.899985 [20:20:48.783] 用户6195 | ✅ 秒杀成功 | 耗时: 5151.96ms
2025/12/13 20:20:53.899987 [20:20:48.783] 用户8736 | ✅ 秒杀成功 | 耗时: 5069.33ms
2025/12/13 20:20:53.899989 [20:20:48.783] 用户891 | ✅ 秒杀成功 | 耗时: 5104.42ms
2025/12/13 20:20:53.899990 [20:20:48.783] 用户10853 | ✅ 秒杀成功 | 耗时: 5087.38ms
2025/12/13 20:20:53.899992 [20:20:48.783] 用户10820 | ✅ 秒杀成功 | 耗时: 5087.21ms
2025/12/13 20:20:53.899994 [20:20:48.783] 用户3522 | ✅ 秒杀成功 | 耗时: 5087.35ms
2025/12/13 20:20:53.899995 [20:20:48.783] 用户2230 | ✅ 秒杀成功 | 耗时: 5085.52ms
2025/12/13 20:20:53.899997 [20:20:48.783] 用户3520 | ✅ 秒杀成功 | 耗时: 5087.95ms
2025/12/13 20:20:53.899999 [20:20:48.783] 用户5033 | ✅ 秒杀成功 | 耗时: 5146.60ms
2025/12/13 20:20:53.900001 [20:20:48.783] 用户6410 | ✅ 秒杀成功 | 耗时: 5153.95ms
2025/12/13 20:20:53.900003 [20:20:48.783] 用户628 | ✅ 秒杀成功 | 耗时: 5104.88ms
2025/12/13 20:20:53.900004 [20:20:48.783] 用户465 | ✅ 秒杀成功 | 耗时: 5087.41ms
2025/12/13 20:20:53.900005 [20:20:48.786] 用户10815 | ✅ 秒杀成功 | 耗时: 5090.03ms
2025/12/13 20:20:53.900007 [20:20:48.786] 用户3951 | ✅ 秒杀成功 | 耗时: 5008.02ms
2025/12/13 20:20:53.900008 [20:20:48.787] 用户10860 | ✅ 秒杀成功 | 耗时: 5091.89ms
2025/12/13 20:20:53.900010 [20:20:48.789] 用户10713 | ✅ 秒杀成功 | 耗时: 5092.67ms
2025/12/13 20:20:53.900011 [20:20:48.789] 用户3374 | ✅ 秒杀成功 | 耗时: 5113.72ms
2025/12/13 20:20:53.900012 [20:20:48.789] 用户9816 | ✅ 秒杀成功 | 耗时: 5112.72ms
2025/12/13 20:20:53.900014 [20:20:48.789] 用户9485 | ✅ 秒杀成功 | 耗时: 5092.31ms
2025/12/13 20:20:53.900015 [20:20:48.789] 用户42 | ✅ 秒杀成功 | 耗时: 5093.05ms
2025/12/13 20:20:53.900016 [20:20:48.791] 用户2093 | ✅ 秒杀成功 | 耗时: 5093.04ms
2025/12/13 20:20:53.900018 [20:20:48.791] 用户1931 | ✅ 秒杀成功 | 耗时: 5116.18ms
2025/12/13 20:20:53.900019 [20:20:48.791] 用户9214 | ✅ 秒杀成功 | 耗时: 5094.68ms
2025/12/13 20:20:53.900021 [20:20:48.794] 用户3280 | ✅ 秒杀成功 | 耗时: 5099.93ms
2025/12/13 20:20:53.900022 [20:20:48.797] 用户7405 | ✅ 秒杀成功 | 耗时: 5180.71ms
2025/12/13 20:20:53.900023 [20:20:48.844] 用户5875 | ✅ 秒杀成功 | 耗时: 5212.89ms
2025/12/13 20:20:53.900025 [20:20:48.874] 用户2326 | ✅ 秒杀成功 | 耗时: 5174.46ms
2025/12/13 20:20:53.900026 [20:20:48.874] 用户694 | ✅ 秒杀成功 | 耗时: 5195.03ms
2025/12/13 20:20:53.900027 [20:20:48.875] 用户1437 | ✅ 秒杀成功 | 耗时: 5196.61ms
2025/12/13 20:20:53.900029 [20:20:48.878] 用户9482 | ✅ 秒杀成功 | 耗时: 5181.12ms
2025/12/13 20:20:53.900030 [20:20:48.878] 用户1641 | ✅ 秒杀成功 | 耗时: 5087.36ms
2025/12/13 20:20:53.900031 [20:20:48.878] 用户10663 | ✅ 秒杀成功 | 耗时: 5182.00ms
2025/12/13 20:20:53.900033 [20:20:48.878] 用户1335 | ✅ 秒杀成功 | 耗时: 5195.82ms
2025/12/13 20:20:53.900034 [20:20:48.881] 用户10616 | ✅ 秒杀成功 | 耗时: 5202.38ms
2025/12/13 20:20:53.900036 [20:20:48.882] 用户6548 | ✅ 秒杀成功 | 耗时: 5255.16ms
2025/12/13 20:20:53.900037 [20:20:48.882] 用户472 | ✅ 秒杀成功 | 耗时: 5200.24ms
2025/12/13 20:20:53.900038 [20:20:48.883] 用户9481 | ✅ 秒杀成功 | 耗时: 5185.82ms
2025/12/13 20:20:53.900040 [20:20:48.885] 用户2581 | ✅ 秒杀成功 | 耗时: 5205.48ms
2025/12/13 20:20:53.900041 [20:20:48.887] 用户8795 | ✅ 秒杀成功 | 耗时: 5174.07ms
2025/12/13 20:20:53.900042 [20:20:48.900] 用户2072 | ✅ 秒杀成功 | 耗时: 5201.52ms
2025/12/13 20:20:53.900044 [20:20:48.903] 用户3376 | ✅ 秒杀成功 | 耗时: 5228.49ms
2025/12/13 20:20:53.900045 [20:20:48.903] 用户6384 | ✅ 秒杀成功 | 耗时: 5272.74ms
2025/12/13 20:20:53.900046 [20:20:48.916] 用户2383 | ✅ 秒杀成功 | 耗时: 5234.54ms
2025/12/13 20:20:53.900048 [20:20:48.917] 用户2015 | ✅ 秒杀成功 | 耗时: 5237.80ms
2025/12/13 20:20:53.900049 [20:20:48.917] 用户6555 | ✅ 秒杀成功 | 耗时: 5289.51ms
2025/12/13 20:20:53.900050 [20:20:48.917] 用户6092 | ✅ 秒杀成功 | 耗时: 5288.00ms
2025/12/13 20:20:53.900052 [20:20:48.917] 用户6406 | ✅ 秒杀成功 | 耗时: 5288.09ms
2025/12/13 20:20:53.900053 [20:20:48.918] 用户1480 | ✅ 秒杀成功 | 耗时: 5242.84ms
2025/12/13 20:20:53.900054 [20:20:48.918] 用户3516 | ✅ 秒杀成功 | 耗时: 5041.75ms
2025/12/13 20:20:53.900056 [20:20:48.918] 用户5919 | ✅ 秒杀成功 | 耗时: 5286.79ms
2025/12/13 20:20:53.900057 [20:20:48.918] 用户295 | ✅ 秒杀成功 | 耗时: 5236.07ms
2025/12/13 20:20:53.900061 [20:20:48.918] 用户6200 | ✅ 秒杀成功 | 耗时: 5287.52ms
2025/12/13 20:20:53.900063 [20:20:48.918] 用户6731 | ✅ 秒杀成功 | 耗时: 5293.96ms
2025/12/13 20:20:53.900064 [20:20:48.918] 用户6068 | ✅ 秒杀成功 | 耗时: 5289.05ms
2025/12/13 20:20:53.900066 [20:20:48.918] 用户6061 | ✅ 秒杀成功 | 耗时: 5289.05ms
2025/12/13 20:20:53.900067 [20:20:48.918] 用户3060 | ✅ 秒杀成功 | 耗时: 5153.13ms
2025/12/13 20:20:53.900069 [20:20:48.918] 用户4768 | ✅ 秒杀成功 | 耗时: 5278.69ms
2025/12/13 20:20:53.900070 [20:20:48.918] 用户6589 | ✅ 秒杀成功 | 耗时: 5292.13ms
2025/12/13 20:20:53.900071 [20:20:48.918] 用户6084 | ✅ 秒杀成功 | 耗时: 5289.15ms
2025/12/13 20:20:53.900073 [20:20:48.918] 用户9699 | ✅ 秒杀成功 | 耗时: 5242.56ms
2025/12/13 20:20:53.900074 [20:20:48.918] 用户3588 | ✅ 秒杀成功 | 耗时: 5220.55ms
2025/12/13 20:20:53.900075 [20:20:48.918] 用户6056 | ✅ 秒杀成功 | 耗时: 5289.15ms
2025/12/13 20:20:53.900077 [20:20:48.918] 用户1888 | ✅ 秒杀成功 | 耗时: 5243.54ms
2025/12/13 20:20:53.900078 [20:20:48.918] 用户2760 | ✅ 秒杀成功 | 耗时: 5178.11ms
2025/12/13 20:20:53.900080 [20:20:48.918] 用户6409 | ✅ 秒杀成功 | 耗时: 5289.17ms
2025/12/13 20:20:53.900081 [20:20:48.918] 用户10664 | ✅ 秒杀成功 | 耗时: 5222.47ms
2025/12/13 20:20:53.900082 [20:20:48.918] 用户2067 | ✅ 秒杀成功 | 耗时: 5219.72ms
2025/12/13 20:20:53.900084 [20:20:48.918] 用户10101 | ✅ 秒杀成功 | 耗时: 5239.80ms
2025/12/13 20:20:53.900085 [20:20:48.918] 用户6066 | ✅ 秒杀成功 | 耗时: 5289.15ms
2025/12/13 20:20:53.900086 [20:20:48.918] 用户1655 | ✅ 秒杀成功 | 耗时: 5128.04ms
2025/12/13 20:20:53.900088 [20:20:48.918] 用户1630 | ✅ 秒杀成功 | 耗时: 5104.71ms
2025/12/13 20:20:53.900089 [20:20:48.918] 用户2122 | ✅ 秒杀成功 | 耗时: 5240.25ms
2025/12/13 20:20:53.900091 [20:20:48.918] 用户10662 | ✅ 秒杀成功 | 耗时: 5222.40ms
2025/12/13 20:20:53.900092 [20:20:48.918] 用户6194 | ✅ 秒杀成功 | 耗时: 5287.76ms
2025/12/13 20:20:53.900093 [20:20:48.919] 用户10439 | ✅ 秒杀成功 | 耗时: 5200.55ms
2025/12/13 20:20:53.900095 [20:20:48.919] 用户1528 | ✅ 秒杀成功 | 耗时: 5242.92ms
2025/12/13 20:20:53.900096 [20:20:48.919] 用户1285 | ✅ 秒杀成功 | 耗时: 5242.56ms
2025/12/13 20:20:53.900098 [20:20:48.919] 用户8208 | ✅ 秒杀成功 | 耗时: 5201.92ms
2025/12/13 20:20:53.900099 [20:20:48.919] 用户5834 | ✅ 秒杀成功 | 耗时: 5288.29ms
2025/12/13 20:20:53.900100 [20:20:48.919] 用户5904 | ✅ 秒杀成功 | 耗时: 5287.99ms
2025/12/13 20:20:53.900102 [20:20:48.919] 用户5807 | ✅ 秒杀成功 | 耗时: 5288.04ms
2025/12/13 20:20:53.900103 [20:20:48.919] 用户6089 | ✅ 秒杀成功 | 耗时: 5290.01ms
2025/12/13 20:20:53.900104 [20:20:48.919] 用户1443 | ✅ 秒杀成功 | 耗时: 5240.69ms
2025/12/13 20:20:53.900106 [20:20:48.919] 用户1829 | ✅ 秒杀成功 | 耗时: 5244.47ms
2025/12/13 20:20:53.900107 [20:20:48.919] 用户10827 | ✅ 秒杀成功 | 耗时: 5220.94ms
2025/12/13 20:20:53.900108 [20:20:48.919] 用户6081 | ✅ 秒杀成功 | 耗时: 5290.16ms
2025/12/13 20:20:53.900110 [20:20:48.919] 用户9472 | ✅ 秒杀成功 | 耗时: 5221.62ms
2025/12/13 20:20:53.900111 [20:20:48.920] 用户2112 | ✅ 秒杀成功 | 耗时: 5241.30ms
2025/12/13 20:20:53.900113 [20:20:48.920] 用户6083 | ✅ 秒杀成功 | 耗时: 5290.62ms
2025/12/13 20:20:53.900114 [20:20:48.920] 用户7402 | ✅ 秒杀成功 | 耗时: 5304.00ms
2025/12/13 20:20:53.900115 [20:20:48.920] 用户10826 | ✅ 秒杀成功 | 耗时: 5224.14ms
2025/12/13 20:20:53.900117 [20:20:48.920] 用户9520 | ✅ 秒杀成功 | 耗时: 5221.58ms
2025/12/13 20:20:53.900118 [20:20:48.920] 用户9820 | ✅ 秒杀成功 | 耗时: 5244.10ms
2025/12/13 20:20:53.900119 [20:20:48.920] 用户5779 | ✅ 秒杀成功 | 耗时: 5289.27ms
2025/12/13 20:20:53.900121 [20:20:48.920] 用户6408 | ✅ 秒杀成功 | 耗时: 5290.74ms
2025/12/13 20:20:53.900122 [20:20:48.920] 用户1474 | ✅ 秒杀成功 | 耗时: 5245.15ms
2025/12/13 20:20:53.900124 [20:20:48.920] 用户5611 | ✅ 秒杀成功 | 耗时: 5288.70ms
2025/12/13 20:20:53.900125 [20:20:48.920] 用户1625 | ✅ 秒杀成功 | 耗时: 5106.33ms
2025/12/13 20:20:53.900126 [20:20:48.920] 用户6094 | ✅ 秒杀成功 | 耗时: 5294.60ms
2025/12/13 20:20:53.900128 [20:20:48.920] 用户1513 | ✅ 秒杀成功 | 耗时: 5241.53ms
2025/12/13 20:20:53.900129 [20:20:48.920] 用户2203 | ✅ 秒杀成功 | 耗时: 5179.95ms
2025/12/13 20:20:53.900130 [20:20:48.920] 用户9383 | ✅ 秒杀成功 | 耗时: 5223.66ms
2025/12/13 20:20:53.900132 [20:20:48.920] 用户2104 | ✅ 秒杀成功 | 耗时: 5241.33ms
2025/12/13 20:20:53.900133 [20:20:48.920] 用户6905 | ✅ 秒杀成功 | 耗时: 5289.59ms
2025/12/13 20:20:53.900134 [20:20:48.920] 用户7418 | ✅ 秒杀成功 | 耗时: 5202.27ms
2025/12/13 20:20:53.900136 [20:20:48.920] 用户2028 | ✅ 秒杀成功 | 耗时: 5241.86ms
2025/12/13 20:20:53.900137 [20:20:48.920] 用户6197 | ✅ 秒杀成功 | 耗时: 5289.58ms
2025/12/13 20:20:53.900138 [20:20:48.920] 用户1184 | ✅ 秒杀成功 | 耗时: 5242.65ms
2025/12/13 20:20:53.900140 [20:20:48.920] 用户2723 | ✅ 秒杀成功 | 耗时: 5242.78ms
2025/12/13 20:20:53.900141 [20:20:48.922] 用户6946 | ✅ 秒杀成功 | 耗时: 5295.17ms
2025/12/13 20:20:53.900142 [20:20:48.930] 用户5877 | ✅ 秒杀成功 | 耗时: 5298.51ms
2025/12/13 20:20:53.900144 [20:20:48.930] 用户8160 | ✅ 秒杀成功 | 耗时: 5212.58ms
2025/12/13 20:20:53.900145 [20:20:48.930] 用户2763 | ✅ 秒杀成功 | 耗时: 5192.05ms
2025/12/13 20:20:53.900147 [20:20:48.930] 用户8489 | ✅ 秒杀成功 | 耗时: 5212.34ms
2025/12/13 20:20:53.900148 [20:20:48.930] 用户6203 | ✅ 秒杀成功 | 耗时: 5299.06ms
2025/12/13 20:20:53.900149 [20:20:48.930] 用户10653 | ✅ 秒杀成功 | 耗时: 5234.17ms
2025/12/13 20:20:53.900151 [20:20:48.931] 用户8139 | ✅ 秒杀成功 | 耗时: 5213.49ms
2025/12/13 20:20:53.900152 [20:20:48.932] 用户8227 | ✅ 秒杀成功 | 耗时: 5214.64ms
2025/12/13 20:20:53.900153 [20:20:48.932] 用户6080 | ✅ 秒杀成功 | 耗时: 5302.57ms
2025/12/13 20:20:53.900155 [20:20:48.935] 用户2294 | ✅ 秒杀成功 | 耗时: 5202.31ms
2025/12/13 20:20:53.900156 [20:20:48.937] 用户8776 | ✅ 秒杀成功 | 耗时: 5223.58ms
2025/12/13 20:20:53.900158 [20:20:48.937] 用户8440 | ✅ 秒杀成功 | 耗时: 5224.64ms
2025/12/13 20:20:53.900159 [20:20:48.937] 用户1915 | ✅ 秒杀成功 | 耗时: 5258.87ms
2025/12/13 20:20:53.900160 [20:20:48.937] 用户7538 | ✅ 秒杀成功 | 耗时: 5219.53ms
2025/12/13 20:20:53.900162 [20:20:48.938] 用户2508 | ✅ 秒杀成功 | 耗时: 5259.18ms
2025/12/13 20:20:53.900163 [20:20:48.939] 用户8335 | ✅ 秒杀成功 | 耗时: 5220.64ms
2025/12/13 20:20:53.900164 [20:20:48.939] 用户10561 | ✅ 秒杀成功 | 耗时: 5260.22ms
2025/12/13 20:20:53.900166 [20:20:48.939] 用户1914 | ✅ 秒杀成功 | 耗时: 5260.15ms
2025/12/13 20:20:53.900167 [20:20:48.939] 用户9650 | ✅ 秒杀成功 | 耗时: 5260.44ms
2025/12/13 20:20:53.900168 [20:20:48.939] 用户875 | ✅ 秒杀成功 | 耗时: 5260.37ms
2025/12/13 20:20:53.900170 [20:20:48.939] 用户350 | ✅ 秒杀成功 | 耗时: 5260.38ms
2025/12/13 20:20:53.900171 [20:20:48.940] 用户876 | ✅ 秒杀成功 | 耗时: 5261.04ms
2025/12/13 20:20:53.900173 [20:20:48.941] 用户10095 | ✅ 秒杀成功 | 耗时: 5261.90ms
2025/12/13 20:20:53.900174 [20:20:48.941] 用户2128 | ✅ 秒杀成功 | 耗时: 5266.33ms
2025/12/13 20:20:53.900175 [20:20:48.942] 用户3934 | ✅ 秒杀成功 | 耗时: 5247.18ms
2025/12/13 20:20:53.900177 [20:20:48.948] 用户2506 | ✅ 秒杀成功 | 耗时: 5269.33ms
2025/12/13 20:20:53.900178 [20:20:48.950] 用户8062 | ✅ 秒杀成功 | 耗时: 5232.76ms
2025/12/13 20:20:53.900179 [20:20:48.950] 用户9517 | ✅ 秒杀成功 | 耗时: 5267.27ms
2025/12/13 20:20:53.900181 [20:20:48.950] 用户1885 | ✅ 秒杀成功 | 耗时: 5272.01ms
2025/12/13 20:20:53.900182 [20:20:48.950] 用户9649 | ✅ 秒杀成功 | 耗时: 5271.54ms
2025/12/13 20:20:53.900183 [20:20:48.951] 用户3506 | ✅ 秒杀成功 | 耗时: 5272.55ms
2025/12/13 20:20:53.900187 [20:20:48.951] 用户9237 | ✅ 秒杀成功 | 耗时: 5252.65ms
2025/12/13 20:20:53.900188 [20:20:48.951] 用户10107 | ✅ 秒杀成功 | 耗时: 5272.56ms
2025/12/13 20:20:53.900190 [20:20:48.951] 用户9516 | ✅ 秒杀成功 | 耗时: 5268.52ms
2025/12/13 20:20:53.900191 [20:20:48.951] 用户877 | ✅ 秒杀成功 | 耗时: 5272.60ms
2025/12/13 20:20:53.900193 [20:20:48.951] 用户9588 | ✅ 秒杀成功 | 耗时: 5239.76ms
2025/12/13 20:20:53.900194 [20:20:48.951] 用户1440 | ✅ 秒杀成功 | 耗时: 5272.72ms
2025/12/13 20:20:53.900195 [20:20:48.951] 用户10558 | ✅ 秒杀成功 | 耗时: 5272.71ms
2025/12/13 20:20:53.900197 [20:20:48.951] 用户1741 | ✅ 秒杀成功 | 耗时: 5268.62ms
2025/12/13 20:20:53.900198 [20:20:48.951] 用户878 | ✅ 秒杀成功 | 耗时: 5272.67ms
2025/12/13 20:20:53.900200 [20:20:48.951] 用户8343 | ✅ 秒杀成功 | 耗时: 5233.31ms
2025/12/13 20:20:53.900201 [20:20:48.951] 用户2324 | ✅ 秒杀成功 | 耗时: 5231.59ms
2025/12/13 20:20:53.900202 [20:20:48.951] 用户7670 | ✅ 秒杀成功 | 耗时: 5233.68ms
2025/12/13 20:20:53.900204 [20:20:48.951] 用户2473 | ✅ 秒杀成功 | 耗时: 5251.42ms
2025/12/13 20:20:53.900205 [20:20:48.951] 用户3044 | ✅ 秒杀成功 | 耗时: 5184.76ms
2025/12/13 20:20:53.900207 [20:20:48.951] 用户8037 | ✅ 秒杀成功 | 耗时: 5233.78ms
2025/12/13 20:20:53.900208 [20:20:48.951] 用户2986 | ✅ 秒杀成功 | 耗时: 5231.71ms
2025/12/13 20:20:53.900209 [20:20:48.951] 用户3918 | ✅ 秒杀成功 | 耗时: 5231.82ms
2025/12/13 20:20:53.900211 [20:20:48.952] 用户10551 | ✅ 秒杀成功 | 耗时: 5273.04ms
2025/12/13 20:20:53.900212 [20:20:48.952] 用户10554 | ✅ 秒杀成功 | 耗时: 5273.06ms
2025/12/13 20:20:53.900214 [20:20:48.952] 用户880 | ✅ 秒杀成功 | 耗时: 5273.10ms
2025/12/13 20:20:53.900215 [20:20:48.952] 用户9557 | ✅ 秒杀成功 | 耗时: 5232.04ms
2025/12/13 20:20:53.900217 [20:20:48.952] 用户2460 | ✅ 秒杀成功 | 耗时: 5232.16ms
2025/12/13 20:20:53.900218 [20:20:48.952] 用户2769 | ✅ 秒杀成功 | 耗时: 5214.88ms
2025/12/13 20:20:53.900219 [20:20:48.952] 用户3503 | ✅ 秒杀成功 | 耗时: 5273.38ms
2025/12/13 20:20:53.900221 [20:20:48.952] 用户9800 | ✅ 秒杀成功 | 耗时: 5243.79ms
2025/12/13 20:20:53.900222 [20:20:48.952] 用户1442 | ✅ 秒杀成功 | 耗时: 5273.42ms
2025/12/13 20:20:53.900223 [20:20:48.952] 用户699 | ✅ 秒杀成功 | 耗时: 5273.49ms
2025/12/13 20:20:53.900225 [20:20:48.952] 用户3923 | ✅ 秒杀成功 | 耗时: 5162.00ms
2025/12/13 20:20:53.900226 [20:20:48.952] 用户9358 | ✅ 秒杀成功 | 耗时: 5239.67ms
2025/12/13 20:20:53.900227 [20:20:48.952] 用户2019 | ✅ 秒杀成功 | 耗时: 5273.58ms
2025/12/13 20:20:53.900229 [20:20:48.952] 用户701 | ✅ 秒杀成功 | 耗时: 5273.64ms
2025/12/13 20:20:53.900230 [20:20:48.952] 用户2496 | ✅ 秒杀成功 | 耗时: 5273.52ms
2025/12/13 20:20:53.900232 [20:20:48.952] 用户9021 | ✅ 秒杀成功 | 耗时: 5245.44ms
2025/12/13 20:20:53.900233 [20:20:48.952] 用户2111 | ✅ 秒杀成功 | 耗时: 5273.57ms
2025/12/13 20:20:53.900234 [20:20:48.952] 用户8223 | ✅ 秒杀成功 | 耗时: 5232.90ms
2025/12/13 20:20:53.900236 [20:20:48.952] 用户9593 | ✅ 秒杀成功 | 耗时: 5187.04ms
2025/12/13 20:20:53.900237 [20:20:48.952] 用户10098 | ✅ 秒杀成功 | 耗时: 5273.56ms
2025/12/13 20:20:53.900239 [20:20:48.952] 用户2858 | ✅ 秒杀成功 | 耗时: 5273.62ms
2025/12/13 20:20:53.900240 [20:20:48.952] 用户81 | ✅ 秒杀成功 | 耗时: 5273.60ms
2025/12/13 20:20:53.900241 [20:20:48.952] 用户2419 | ✅ 秒杀成功 | 耗时: 5218.24ms
2025/12/13 20:20:53.900243 [20:20:48.952] 用户3504 | ✅ 秒杀成功 | 耗时: 5273.73ms
2025/12/13 20:20:53.900244 [20:20:48.952] 用户2990 | ✅ 秒杀成功 | 耗时: 5232.63ms
2025/12/13 20:20:53.900246 [20:20:48.952] 用户353 | ✅ 秒杀成功 | 耗时: 5269.66ms
2025/12/13 20:20:53.900247 [20:20:48.952] 用户2989 | ✅ 秒杀成功 | 耗时: 5232.68ms
2025/12/13 20:20:53.900249 [20:20:48.953] 用户1747 | ✅ 秒杀成功 | 耗时: 5270.65ms
2025/12/13 20:20:53.900251 [20:20:48.953] 用户1920 | ✅ 秒杀成功 | 耗时: 5273.98ms
2025/12/13 20:20:53.900253 [20:20:48.953] 用户2487 | ✅ 秒杀成功 | 耗时: 5270.71ms
2025/12/13 20:20:53.900255 [20:20:48.953] 用户8117 | ✅ 秒杀成功 | 耗时: 5235.66ms
2025/12/13 20:20:53.900257 [20:20:48.953] 用户8399 | ✅ 秒杀成功 | 耗时: 5235.24ms
2025/12/13 20:20:53.900258 [20:20:48.953] 用户7676 | ✅ 秒杀成功 | 耗时: 5235.43ms
2025/12/13 20:20:53.900260 [20:20:48.953] 用户9966 | ✅ 秒杀成功 | 耗时: 5233.55ms
2025/12/13 20:20:53.900262 [20:20:48.953] 用户697 | ✅ 秒杀成功 | 耗时: 5274.35ms
2025/12/13 20:20:53.900264 [20:20:48.953] 用户2409 | ✅ 秒杀成功 | 耗时: 5186.76ms
2025/12/13 20:20:53.900265 [20:20:48.953] 用户2498 | ✅ 秒杀成功 | 耗时: 5274.44ms
2025/12/13 20:20:53.900267 [20:20:48.953] 用户74 | ✅ 秒杀成功 | 耗时: 5234.83ms
2025/12/13 20:20:53.900269 [20:20:48.953] 用户1918 | ✅ 秒杀成功 | 耗时: 5274.60ms
2025/12/13 20:20:53.900270 [20:20:48.953] 用户8650 | ✅ 秒杀成功 | 耗时: 5241.67ms
2025/12/13 20:20:53.900272 [20:20:48.953] 用户10553 | ✅ 秒杀成功 | 耗时: 5274.59ms
2025/12/13 20:20:53.900274 [20:20:48.953] 用户332 | ✅ 秒杀成功 | 耗时: 5270.48ms
2025/12/13 20:20:53.900276 [20:20:48.953] 用户1308 | ✅ 秒杀成功 | 耗时: 5270.46ms
2025/12/13 20:20:53.900277 [20:20:48.953] 用户1909 | ✅ 秒杀成功 | 耗时: 5274.72ms
2025/12/13 20:20:53.900279 [20:20:48.953] 用户8901 | ✅ 秒杀成功 | 耗时: 5238.90ms
2025/12/13 20:20:53.900281 [20:20:48.954] 用户9741 | ✅ 秒杀成功 | 耗时: 5240.34ms
2025/12/13 20:20:53.900282 [20:20:48.954] 用户10560 | ✅ 秒杀成功 | 耗时: 5275.63ms
2025/12/13 20:20:53.900284 [20:20:48.965] 用户1919 | ✅ 秒杀成功 | 耗时: 5286.63ms
2025/12/13 20:20:53.900286 [20:20:48.965] 用户9327 | ✅ 秒杀成功 | 耗时: 5282.43ms
2025/12/13 20:20:53.900288 [20:20:48.965] 用户8099 | ✅ 秒杀成功 | 耗时: 5247.16ms
2025/12/13 20:20:53.900289 [20:20:48.966] 用户2999 | ✅ 秒杀成功 | 耗时: 5246.01ms
2025/12/13 20:20:53.900291 [20:20:48.966] 用户1397 | ✅ 秒杀成功 | 耗时: 5287.14ms
2025/12/13 20:20:53.900293 [20:20:48.966] 用户64 | ✅ 秒杀成功 | 耗时: 5283.03ms
2025/12/13 20:20:53.900294 [20:20:48.966] 用户366 | ✅ 秒杀成功 | 耗时: 5287.29ms
2025/12/13 20:20:53.900296 [20:20:48.970] 用户10104 | ✅ 秒杀成功 | 耗时: 5291.58ms
2025/12/13 20:20:53.900298 [20:20:48.970] 用户8476 | ✅ 秒杀成功 | 耗时: 5252.55ms
2025/12/13 20:20:53.900299 [20:20:48.970] 用户8846 | ✅ 秒杀成功 | 耗时: 5265.98ms
2025/12/13 20:20:53.900301 [20:20:48.970] 用户7342 | ✅ 秒杀成功 | 耗时: 5253.09ms
2025/12/13 20:20:53.900303 [20:20:48.971] 用户7409 | ✅ 秒杀成功 | 耗时: 5355.02ms
2025/12/13 20:20:53.900304 [20:20:48.972] 用户7909 | ✅ 秒杀成功 | 耗时: 5275.53ms
2025/12/13 20:20:53.900306 [20:20:48.972] 用户1732 | ✅ 秒杀成功 | 耗时: 5292.98ms
2025/12/13 20:20:53.900308 [20:20:48.972] 用户10559 | ✅ 秒杀成功 | 耗时: 5293.13ms
2025/12/13 20:20:53.900310 [20:20:48.972] 用户2008 | ✅ 秒杀成功 | 耗时: 5293.05ms
2025/12/13 20:20:53.900311 [20:20:48.972] 用户2510 | ✅ 秒杀成功 | 耗时: 5293.15ms
2025/12/13 20:20:53.900313 [20:20:48.972] 用户9434 | ✅ 秒杀成功 | 耗时: 5293.13ms
2025/12/13 20:20:53.900314 [20:20:48.972] 用户7400 | ✅ 秒杀成功 | 耗时: 5253.71ms
2025/12/13 20:20:53.900316 [20:20:48.972] 用户9675 | ✅ 秒杀成功 | 耗时: 5253.81ms
2025/12/13 20:20:53.900317 [20:20:48.973] 用户549 | ✅ 秒杀成功 | 耗时: 5289.82ms
2025/12/13 20:20:53.900319 [20:20:48.973] 用户8106 | ✅ 秒杀成功 | 耗时: 5255.45ms
2025/12/13 20:20:53.900320 [20:20:48.973] 用户9907 | ✅ 秒杀成功 | 耗时: 5261.89ms
2025/12/13 20:20:53.900321 [20:20:48.974] 用户8337 | ✅ 秒杀成功 | 耗时: 5256.46ms
2025/12/13 20:20:53.900323 [20:20:48.981] 用户7914 | ✅ 秒杀成功 | 耗时: 5263.25ms
2025/12/13 20:20:53.900324 [20:20:48.981] 用户7862 | ✅ 秒杀成功 | 耗时: 5263.01ms
2025/12/13 20:20:53.900326 [20:20:48.981] 用户1264 | ✅ 秒杀成功 | 耗时: 5113.56ms
2025/12/13 20:20:53.900328 [20:20:48.981] 用户76 | ✅ 秒杀成功 | 耗时: 5285.09ms
2025/12/13 20:20:53.900329 [20:20:48.981] 用户2017 | ✅ 秒杀成功 | 耗时: 5302.70ms
2025/12/13 20:20:53.900331 [20:20:48.981] 用户9331 | ✅ 秒杀成功 | 耗时: 5298.65ms
2025/12/13 20:20:53.900333 [20:20:48.982] 用户839 | ✅ 秒杀成功 | 耗时: 5300.19ms
2025/12/13 20:20:53.900334 [20:20:48.983] 用户10424 | ✅ 秒杀成功 | 耗时: 5269.76ms
2025/12/13 20:20:53.900336 [20:20:48.983] 用户1374 | ✅ 秒杀成功 | 耗时: 5299.86ms
2025/12/13 20:20:53.900338 [20:20:48.983] 用户9476 | ✅ 秒杀成功 | 耗时: 5285.51ms
2025/12/13 20:20:53.900339 [20:20:48.983] 用户1999 | ✅ 秒杀成功 | 耗时: 5308.20ms
2025/12/13 20:20:53.900340 [20:20:48.983] 用户1731 | ✅ 秒杀成功 | 耗时: 5304.19ms
2025/12/13 20:20:53.900342 [20:20:48.983] 用户8405 | ✅ 秒杀成功 | 耗时: 5291.62ms
2025/12/13 20:20:53.900343 [20:20:48.983] 用户10557 | ✅ 秒杀成功 | 耗时: 5304.64ms
2025/12/13 20:20:53.900345 [20:20:48.986] 用户10567 | ✅ 秒杀成功 | 耗时: 5307.16ms
2025/12/13 20:20:53.900346 [20:20:48.986] 用户9359 | ✅ 秒杀成功 | 耗时: 5273.24ms
2025/12/13 20:20:53.900347 [20:20:48.986] 用户1728 | ✅ 秒杀成功 | 耗时: 5307.64ms
2025/12/13 20:20:53.900349 [20:20:48.986] 用户10105 | ✅ 秒杀成功 | 耗时: 5307.85ms
2025/12/13 20:20:53.900350 [20:20:48.987] 用户9749 | ✅ 秒杀成功 | 耗时: 5273.03ms
2025/12/13 20:20:53.900352 [20:20:48.987] 用户8939 | ✅ 秒杀成功 | 耗时: 5272.77ms
2025/12/13 20:20:53.900353 [20:20:48.987] 用户2242 | ✅ 秒杀成功 | 耗时: 5236.19ms
2025/12/13 20:20:53.900354 [20:20:48.987] 用户2762 | ✅ 秒杀成功 | 耗时: 5248.39ms
2025/12/13 20:20:53.900356 [20:20:48.987] 用户7692 | ✅ 秒杀成功 | 耗时: 5268.36ms
2025/12/13 20:20:53.900357 [20:20:48.987] 用户10103 | ✅ 秒杀成功 | 耗时: 5307.91ms
2025/12/13 20:20:53.900358 [20:20:48.987] 用户290 | ✅ 秒杀成功 | 耗时: 5304.07ms
2025/12/13 20:20:53.900360 [20:20:48.987] 用户9589 | ✅ 秒杀成功 | 耗时: 5275.07ms
2025/12/13 20:20:53.900361 [20:20:48.987] 用户778 | ✅ 秒杀成功 | 耗时: 5308.04ms
2025/12/13 20:20:53.900363 [20:20:48.987] 用户364 | ✅ 秒杀成功 | 耗时: 5308.18ms
2025/12/13 20:20:53.900364 [20:20:48.987] 用户8078 | ✅ 秒杀成功 | 耗时: 5268.80ms
2025/12/13 20:20:53.900365 [20:20:48.987] 用户10099 | ✅ 秒杀成功 | 耗时: 5308.33ms
2025/12/13 20:20:53.900367 [20:20:48.987] 用户9733 | ✅ 秒杀成功 | 耗时: 5273.32ms
2025/12/13 20:20:53.900368 [20:20:48.987] 用户176 | ✅ 秒杀成功 | 耗时: 5268.47ms
2025/12/13 20:20:53.900370 [20:20:48.987] 用户1406 | ✅ 秒杀成功 | 耗时: 5304.30ms
2025/12/13 20:20:53.900371 [20:20:48.987] 用户8070 | ✅ 秒杀成功 | 耗时: 5268.83ms
2025/12/13 20:20:53.900372 [20:20:48.987] 用户9124 | ✅ 秒杀成功 | 耗时: 5283.22ms
2025/12/13 20:20:53.900374 [20:20:48.987] 用户703 | ✅ 秒杀成功 | 耗时: 5308.51ms
2025/12/13 20:20:53.900375 [20:20:48.987] 用户10123 | ✅ 秒杀成功 | 耗时: 5267.66ms
2025/12/13 20:20:53.900376 [20:20:48.987] 用户9545 | ✅ 秒杀成功 | 耗时: 5304.43ms
2025/12/13 20:20:53.900378 [20:20:48.987] 用户8920 | ✅ 秒杀成功 | 耗时: 5273.41ms
2025/12/13 20:20:53.900379 [20:20:48.987] 用户1986 | ✅ 秒杀成功 | 耗时: 5307.55ms
2025/12/13 20:20:53.900380 [20:20:48.987] 用户1730 | ✅ 秒杀成功 | 耗时: 5308.83ms
2025/12/13 20:20:53.900382 [20:20:48.988] 用户2007 | ✅ 秒杀成功 | 耗时: 5308.87ms
2025/12/13 20:20:53.900383 [20:20:48.988] 用户2049 | ✅ 秒杀成功 | 耗时: 5308.85ms
2025/12/13 20:20:53.900385 [20:20:48.988] 用户2363 | ✅ 秒杀成功 | 耗时: 5307.93ms
2025/12/13 20:20:53.900386 [20:20:48.988] 用户2507 | ✅ 秒杀成功 | 耗时: 5308.95ms
2025/12/13 20:20:53.900387 [20:20:48.988] 用户348 | ✅ 秒杀成功 | 耗时: 5307.96ms
2025/12/13 20:20:53.900389 [20:20:48.988] 用户1343 | ✅ 秒杀成功 | 耗时: 5307.74ms
2025/12/13 20:20:53.900390 [20:20:48.988] 用户696 | ✅ 秒杀成功 | 耗时: 5308.97ms
2025/12/13 20:20:53.900391 [20:20:48.988] 用户9435 | ✅ 秒杀成功 | 耗时: 5309.15ms
2025/12/13 20:20:53.900393 [20:20:48.988] 用户2020 | ✅ 秒杀成功 | 耗时: 5309.16ms
2025/12/13 20:20:53.900394 [20:20:48.988] 用户1345 | ✅ 秒杀成功 | 耗时: 5308.49ms
2025/12/13 20:20:53.900396 [20:20:48.988] 用户679 | ✅ 秒杀成功 | 耗时: 5309.74ms
2025/12/13 20:20:53.900397 [20:20:48.988] 用户271 | ✅ 秒杀成功 | 耗时: 5305.58ms
2025/12/13 20:20:53.900399 [20:20:48.988] 用户8196 | ✅ 秒杀成功 | 耗时: 5271.22ms
2025/12/13 20:20:53.900401 [20:20:48.988] 用户7419 | ✅ 秒杀成功 | 耗时: 5270.30ms
2025/12/13 20:20:53.900402 [20:20:48.988] 用户7638 | ✅ 秒杀成功 | 耗时: 5270.20ms
2025/12/13 20:20:53.900404 [20:20:48.988] 用户8609 | ✅ 秒杀成功 | 耗时: 5273.91ms
2025/12/13 20:20:53.900406 [20:20:48.988] 用户1401 | ✅ 秒杀成功 | 耗时: 5305.77ms
2025/12/13 20:20:53.900407 [20:20:48.989] 用户1512 | ✅ 秒杀成功 | 耗时: 5310.42ms
2025/12/13 20:20:53.900409 [20:20:48.989] 用户1903 | ✅ 秒杀成功 | 耗时: 5310.47ms
2025/12/13 20:20:53.900411 [20:20:48.989] 用户9565 | ✅ 秒杀成功 | 耗时: 5276.98ms
2025/12/13 20:20:53.900412 [20:20:48.989] 用户1974 | ✅ 秒杀成功 | 耗时: 5306.38ms
2025/12/13 20:20:53.900414 [20:20:48.989] 用户9631 | ✅ 秒杀成功 | 耗时: 5276.33ms
2025/12/13 20:20:53.900416 [20:20:48.989] 用户2170 | ✅ 秒杀成功 | 耗时: 5159.88ms
2025/12/13 20:20:53.900418 [20:20:48.989] 用户3959 | ✅ 秒杀成功 | 耗时: 5294.26ms
2025/12/13 20:20:53.900419 [20:20:48.990] 用户9328 | ✅ 秒杀成功 | 耗时: 5307.06ms
2025/12/13 20:20:53.900421 [20:20:48.991] 用户3373 | ✅ 秒杀成功 | 耗时: 5321.76ms
2025/12/13 20:20:53.900422 [20:20:48.992] 用户1192 | ✅ 秒杀成功 | 耗时: 5314.18ms
2025/12/13 20:20:53.900424 [20:20:48.992] 用户3127 | ✅ 秒杀成功 | 耗时: 5323.28ms
2025/12/13 20:20:53.900426 [20:20:48.992] 用户2330 | ✅ 秒杀成功 | 耗时: 5271.93ms
2025/12/13 20:20:53.900427 [20:20:48.992] 用户3121 | ✅ 秒杀成功 | 耗时: 5323.51ms
2025/12/13 20:20:53.900428 [20:20:48.993] 用户10091 | ✅ 秒杀成功 | 耗时: 5313.81ms
2025/12/13 20:20:53.900430 [20:20:48.993] 用户7491 | ✅ 秒杀成功 | 耗时: 5274.92ms
2025/12/13 20:20:53.900431 [20:20:48.993] 用户8891 | ✅ 秒杀成功 | 耗时: 5279.43ms
2025/12/13 20:20:53.900433 [20:20:48.993] 用户9692 | ✅ 秒杀成功 | 耗时: 5378.14ms
2025/12/13 20:20:53.900435 [20:20:48.993] 用户9365 | ✅ 秒杀成功 | 耗时: 5280.76ms
2025/12/13 20:20:53.900436 [20:20:48.994] 用户8124 | ✅ 秒杀成功 | 耗时: 5276.79ms
2025/12/13 20:20:53.900438 [20:20:48.994] 用户8464 | ✅ 秒杀成功 | 耗时: 5276.83ms
2025/12/13 20:20:53.900440 [20:20:49.003] 用户7590 | ✅ 秒杀成功 | 耗时: 5283.64ms
2025/12/13 20:20:53.900441 [20:20:49.003] 用户2720 | ✅ 秒杀成功 | 耗时: 5325.35ms
2025/12/13 20:20:53.900443 [20:20:49.004] 用户8076 | ✅ 秒杀成功 | 耗时: 5285.64ms
2025/12/13 20:20:53.900445 [20:20:49.004] 用户1540 | ✅ 秒杀成功 | 耗时: 5329.07ms
2025/12/13 20:20:53.900447 [20:20:49.005] 用户7895 | ✅ 秒杀成功 | 耗时: 5287.14ms
2025/12/13 20:20:53.900448 [20:20:49.005] 用户7226 | ✅ 秒杀成功 | 耗时: 5286.17ms
2025/12/13 20:20:53.900450 [20:20:49.005] 用户9141 | ✅ 秒杀成功 | 耗时: 5301.64ms
2025/12/13 20:20:53.900452 [20:20:49.006] 用户10552 | ✅ 秒杀成功 | 耗时: 5327.08ms
2025/12/13 20:20:53.900453 [20:20:49.006] 用户9769 | ✅ 秒杀成功 | 耗时: 5293.26ms
2025/12/13 20:20:53.900455 [20:20:49.006] 用户9439 | ✅ 秒杀成功 | 耗时: 5327.57ms
2025/12/13 20:20:53.900461 [20:20:49.006] 用户3116 | ✅ 秒杀成功 | 耗时: 5335.50ms
2025/12/13 20:20:53.900463 [20:20:49.024] 用户1643 | ✅ 秒杀成功 | 耗时: 5305.50ms
2025/12/13 20:20:53.900465 [20:20:49.024] 用户2557 | ✅ 秒杀成功 | 耗时: 5304.60ms
2025/12/13 20:20:53.900467 [20:20:49.025] 用户8896 | ✅ 秒杀成功 | 耗时: 5310.45ms
2025/12/13 20:20:53.900468 [20:20:49.025] 用户8731 | ✅ 秒杀成功 | 耗时: 5310.83ms
2025/12/13 20:20:53.900470 [20:20:49.025] 用户410 | ✅ 秒杀成功 | 耗时: 5336.95ms
2025/12/13 20:20:53.900472 [20:20:49.026] 用户2421 | ✅ 秒杀成功 | 耗时: 5292.97ms
2025/12/13 20:20:53.900473 [20:20:49.026] 用户1566 | ✅ 秒杀成功 | 耗时: 5350.23ms
2025/12/13 20:20:53.900475 [20:20:49.026] 用户10481 | ✅ 秒杀成功 | 耗时: 5323.17ms
2025/12/13 20:20:53.900477 [20:20:49.026] 用户7873 | ✅ 秒杀成功 | 耗时: 5307.73ms
2025/12/13 20:20:53.900478 [20:20:49.026] 用户3281 | ✅ 秒杀成功 | 耗时: 5347.81ms
2025/12/13 20:20:53.900480 [20:20:49.026] 用户2470 | ✅ 秒杀成功 | 耗时: 5325.87ms
2025/12/13 20:20:53.900482 [20:20:49.027] 用户2454 | ✅ 秒杀成功 | 耗时: 5307.03ms
2025/12/13 20:20:53.900483 [20:20:49.027] 用户7642 | ✅ 秒杀成功 | 耗时: 5308.57ms
2025/12/13 20:20:53.900485 [20:20:49.027] 用户1048 | ✅ 秒杀成功 | 耗时: 5351.98ms
2025/12/13 20:20:53.900487 [20:20:49.027] 用户3107 | ✅ 秒杀成功 | 耗时: 5356.57ms
2025/12/13 20:20:53.900488 [20:20:49.027] 用户1891 | ✅ 秒杀成功 | 耗时: 5349.63ms
2025/12/13 20:20:53.900490 [20:20:49.027] 用户9234 | ✅ 秒杀成功 | 耗时: 5325.03ms
2025/12/13 20:20:53.900492 [20:20:49.028] 用户2224 | ✅ 秒杀成功 | 耗时: 5350.19ms
2025/12/13 20:20:53.900493 [20:20:49.036] 用户3499 | ✅ 秒杀成功 | 耗时: 5357.03ms
2025/12/13 20:20:53.900495 [20:20:49.036] 用户10009 | ✅ 秒杀成功 | 耗时: 5333.06ms
2025/12/13 20:20:53.900496 [20:20:49.040] 用户10585 | ❌ 错误: Post "http://localhost:8080/api/seckill/buy": EOF | 耗时: 5362.41ms
2025/12/13 20:20:53.900503 [20:20:49.041] 用户2318 | ❌ 错误: Post "http://localhost:8080/api/seckill/buy": EOF | 耗时: 5321.21ms
2025/12/13 20:20:53.900505 [20:20:49.041] 用户1245 | ❌ 错误: Post "http://localhost:8080/api/seckill/buy": EOF | 耗时: 5172.31ms
2025/12/13 20:20:53.900506 [20:20:49.046] 用户1527 | ❌ 错误: Post "http://localhost:8080/api/seckill/buy": EOF | 耗时: 5370.62ms
2025/12/13 20:20:53.900508 [20:20:49.047] 用户705 | ❌ 错误: Post "http://localhost:8080/api/seckill/buy": EOF | 耗时: 5368.33ms
2025/12/13 20:20:53.900510 [20:20:49.047] 用户9442 | ✅ 秒杀成功 | 耗时: 5368.54ms
2025/12/13 20:20:53.900512 [20:20:49.048] 用户10603 | ✅ 秒杀成功 | 耗时: 5370.41ms
2025/12/13 20:20:53.900513 [20:20:49.048] 用户8301 | ❌ 错误: Post "http://localhost:8080/api/seckill/buy": EOF | 耗时: 5334.27ms
2025/12/13 20:20:53.900518 [20:20:49.048] 用户7506 | ❌ 错误: Post "http://localhost:8080/api/seckill/buy": EOF | 耗时: 5330.13ms
2025/12/13 20:20:53.900520 [20:20:49.048] 用户624 | ❌ 错误: Post "http://localhost:8080/api/seckill/buy": EOF | 耗时: 5369.83ms
2025/12/13 20:20:53.900522 [20:20:49.049] 用户9587 | ❌ 错误: Post "http://localhost:8080/api/seckill/buy": EOF | 耗时: 5336.97ms
2025/12/13 20:20:53.900524 [20:20:49.049] 用户3513 | ❌ 错误: Post "http://localhost:8080/api/seckill/buy": EOF | 耗时: 5371.17ms
2025/12/13 20:20:53.900544 [20:20:49.049] 用户10805 | ✅ 秒杀成功 | 耗时: 5353.51ms
2025/12/13 20:20:53.900546 [20:20:49.053] 用户7606 | ✅ 秒杀成功 | 耗时: 5333.52ms
2025/12/13 20:20:53.900547 [20:20:49.053] 用户2115 | ✅ 秒杀成功 | 耗时: 5374.71ms
2025/12/13 20:20:53.900548 [20:20:49.053] 用户9363 | ✅ 秒杀成功 | 耗时: 5340.73ms
2025/12/13 20:20:53.900550 [20:20:49.053] 用户9244 | ✅ 秒杀成功 | 耗时: 5334.93ms
2025/12/13 20:20:53.900552 [20:20:49.054] 用户7591 | ✅ 秒杀成功 | 耗时: 5334.42ms
2025/12/13 20:20:53.900553 [20:20:49.054] 用户2550 | ✅ 秒杀成功 | 耗时: 5334.03ms
2025/12/13 20:20:53.900555 [20:20:49.054] 用户9323 | ✅ 秒杀成功 | 耗时: 5363.34ms
2025/12/13 20:20:53.900557 [20:20:49.054] 用户8236 | ✅ 秒杀成功 | 耗时: 5336.70ms
2025/12/13 20:20:53.900558 [20:20:49.054] 用户7596 | ✅ 秒杀成功 | 耗时: 5334.46ms
2025/12/13 20:20:53.900561 [20:20:49.054] 用户2039 | ✅ 秒杀成功 | 耗时: 5375.58ms
2025/12/13 20:20:53.900563 [20:20:49.054] 用户7513 | ❌ 错误: Post "http://localhost:8080/api/seckill/buy": EOF | 耗时: 5334.81ms
2025/12/13 20:20:53.900565 [20:20:49.055] 用户9241 | ❌ 错误: Post "http://localhost:8080/api/seckill/buy": EOF | 耗时: 5335.39ms
2025/12/13 20:20:53.900567 [20:20:49.055] 用户8787 | ❌ 错误: Post "http://localhost:8080/api/seckill/buy": EOF | 耗时: 5341.20ms
2025/12/13 20:20:53.900569 [20:20:49.055] 用户9259 | ❌ 错误: Post "http://localhost:8080/api/seckill/buy": EOF | 耗时: 5351.99ms
2025/12/13 20:20:53.900571 [20:20:49.055] 用户9506 | ❌ 错误: Post "http://localhost:8080/api/seckill/buy": EOF | 耗时: 5343.16ms
2025/12/13 20:20:53.900573 [20:20:49.055] 用户10799 | ❌ 错误: Post "http://localhost:8080/api/seckill/buy": EOF | 耗时: 5351.03ms
2025/12/13 20:20:53.900576 [20:20:49.056] 用户9735 | ❌ 错误: Post "http://localhost:8080/api/seckill/buy": EOF | 耗时: 5381.32ms
2025/12/13 20:20:53.900578 [20:20:49.057] 用户10686 | ❌ 错误: Post "http://localhost:8080/api/seckill/buy": EOF | 耗时: 5349.49ms
2025/12/13 20:20:53.900580 [20:20:49.057] 用户8324 | ❌ 错误: Post "http://localhost:8080/api/seckill/buy": EOF | 耗时: 5365.79ms
2025/12/13 20:20:53.900582 [20:20:49.057] 用户10444 | ❌ 错误: Post "http://localhost:8080/api/seckill/buy": EOF | 耗时: 5344.39ms
2025/12/13 20:20:53.900584 [20:20:49.061] 用户2024 | ❌ 错误: Post "http://localhost:8080/api/seckill/buy": EOF | 耗时: 5382.67ms
2025/12/13 20:20:53.900586 [20:20:49.061] 用户7899 | ❌ 错误: Post "http://localhost:8080/api/seckill/buy": EOF | 耗时: 5343.53ms
2025/12/13 20:20:53.900588 [20:20:49.062] 用户724 | ❌ 错误: Post "http://localhost:8080/api/seckill/buy": EOF | 耗时: 5383.45ms
2025/12/13 20:20:53.900590 [20:20:49.065] 用户7775 | ❌ 错误: Post "http://localhost:8080/api/seckill/buy": EOF | 耗时: 5346.80ms
2025/12/13 20:20:53.900592 [20:20:49.072] 用户7549 | ✅ 秒杀成功 | 耗时: 5354.27ms
2025/12/13 20:20:53.900594 [20:20:49.072] 用户8438 | ✅ 秒杀成功 | 耗时: 5358.86ms
2025/12/13 20:20:53.900596 [20:20:49.072] 用户9688 | ✅ 秒杀成功 | 耗时: 5397.60ms
2025/12/13 20:20:53.900597 [20:20:49.073] 用户8662 | ❌ 错误: Post "http://localhost:8080/api/seckill/buy": EOF | 耗时: 5362.39ms
2025/12/13 20:20:53.900599 [20:20:49.073] 用户2547 | ❌ 错误: Post "http://localhost:8080/api/seckill/buy": EOF | 耗时: 5353.16ms
2025/12/13 20:20:53.900602 [20:20:49.073] 用户1461 | ❌ 错误: Post "http://localhost:8080/api/seckill/buy": EOF | 耗时: 5397.89ms
2025/12/13 20:20:53.900604 [20:20:49.073] 用户9786 | ❌ 错误: Post "http://localhost:8080/api/seckill/buy": EOF | 耗时: 5359.70ms
2025/12/13 20:20:53.900609 [20:20:49.073] 用户1288 | ✅ 秒杀成功 | 耗时: 5380.85ms
2025/12/13 20:20:53.900610 [20:20:49.073] 用户3862 | ❌ 错误: Post "http://localhost:8080/api/seckill/buy": EOF | 耗时: 5353.45ms
2025/12/13 20:20:53.900612 [20:20:49.073] 用户2322 | ❌ 错误: Post "http://localhost:8080/api/seckill/buy": EOF | 耗时: 5353.38ms
2025/12/13 20:20:53.900614 [20:20:49.073] 用户10636 | ❌ 错误: Post "http://localhost:8080/api/seckill/buy": EOF | 耗时: 5197.64ms
2025/12/13 20:20:53.900615 [20:20:49.073] 用户1507 | ❌ 错误: Post "http://localhost:8080/api/seckill/buy": EOF | 耗时: 5394.78ms
2025/12/13 20:20:53.900617 [20:20:49.073] 用户1799 | ✅ 秒杀成功 | 耗时: 5236.51ms
2025/12/13 20:20:53.900618 [20:20:49.073] 用户8151 | ❌ 错误: Post "http://localhost:8080/api/seckill/buy": EOF | 耗时: 5356.20ms
2025/12/13 20:20:53.900620 [20:20:49.073] 用户3039 | ✅ 秒杀成功 | 耗时: 5306.66ms
2025/12/13 20:20:53.900622 [20:20:49.073] 用户1284 | ❌ 错误: Post "http://localhost:8080/api/seckill/buy": EOF | 耗时: 5227.86ms
2025/12/13 20:20:53.900632 [20:20:49.074] 用户2625 | ❌ 错误: Post "http://localhost:8080/api/seckill/buy": EOF | 耗时: 5394.31ms
2025/12/13 20:20:53.900634 [20:20:49.074] 用户8486 | ❌ 错误: Post "http://localhost:8080/api/seckill/buy": EOF | 耗时: 5356.14ms
2025/12/13 20:20:53.900639 [20:20:49.074] 用户1802 | ❌ 错误: Post "http://localhost:8080/api/seckill/buy": EOF | 耗时: 5214.60ms
2025/12/13 20:20:53.900641 [20:20:49.074] 用户721 | ❌ 错误: Post "http://localhost:8080/api/seckill/buy": EOF | 耗时: 5395.44ms
2025/12/13 20:20:53.900643 [20:20:49.074] 用户788 | ❌ 错误: Post "http://localhost:8080/api/seckill/buy": EOF | 耗时: 5395.40ms
2025/12/13 20:20:53.900646 [20:20:49.074] 用户2121 | ❌ 错误: Post "http://localhost:8080/api/seckill/buy": EOF | 耗时: 5395.37ms
2025/12/13 20:20:53.900648 [20:20:49.074] 用户1276 | ❌ 错误: Post "http://localhost:8080/api/seckill/buy": EOF | 耗时: 5206.36ms
2025/12/13 20:20:53.900650 [20:20:49.074] 用户2816 | ✅ 秒杀成功 | 耗时: 5353.80ms
2025/12/13 20:20:53.900652 [20:20:49.074] 用户7904 | ❌ 错误: Post "http://localhost:8080/api/seckill/buy": EOF | 耗时: 5355.88ms
2025/12/13 20:20:53.900654 [20:20:49.074] 用户704 | ❌ 错误: Post "http://localhost:8080/api/seckill/buy": EOF | 耗时: 5395.26ms
2025/12/13 20:20:53.900656 [20:20:49.074] 用户2078 | ❌ 错误: Post "http://localhost:8080/api/seckill/buy": EOF | 耗时: 5244.32ms
2025/12/13 20:20:53.900658 [20:20:49.074] 用户2229 | ❌ 错误: Post "http://localhost:8080/api/seckill/buy": EOF | 耗时: 5312.46ms
2025/12/13 20:20:53.900660 [20:20:49.074] 用户7911 | ❌ 错误: Post "http://localhost:8080/api/seckill/buy": EOF | 耗时: 5356.00ms
2025/12/13 20:20:53.900662 [20:20:49.074] 用户590 | ❌ 错误: Post "http://localhost:8080/api/seckill/buy": EOF | 耗时: 5395.54ms
2025/12/13 20:20:53.900664 [20:20:49.074] 用户2601 | ❌ 错误: Post "http://localhost:8080/api/seckill/buy": EOF | 耗时: 5395.76ms
2025/12/13 20:20:53.900666 [20:20:49.074] 用户3985 | ❌ 错误: Post "http://localhost:8080/api/seckill/buy": EOF | 耗时: 5308.68ms
2025/12/13 20:20:53.900669 [20:20:49.074] 用户7654 | ❌ 错误: Post "http://localhost:8080/api/seckill/buy": EOF | 耗时: 5355.93ms
2025/12/13 20:20:53.900671 [20:20:49.075] 用户2309 | ✅ 秒杀成功 | 耗时: 5355.38ms
2025/12/13 20:20:53.900672 [20:20:49.076] 用户1532 | ✅ 秒杀成功 | 耗时: 5400.19ms
2025/12/13 20:20:53.900674 [20:20:49.076] 用户6058 | ✅ 秒杀成功 | 耗时: 5444.90ms
2025/12/13 20:20:53.900676 [20:20:49.076] 用户8164 | ✅ 秒杀成功 | 耗时: 5356.12ms
2025/12/13 20:20:53.900677 [20:20:49.076] 用户2980 | ✅ 秒杀成功 | 耗时: 5355.96ms
2025/12/13 20:20:53.900679 [20:20:49.079] 用户3565 | ✅ 秒杀成功 | 耗时: 5314.52ms
2025/12/13 20:20:53.900681 [20:20:49.079] 用户2752 | ❌ 错误: Post "http://localhost:8080/api/seckill/buy": EOF | 耗时: 5317.84ms
2025/12/13 20:20:53.900683 [20:20:49.079] 用户9022 | ❌ 错误: Post "http://localhost:8080/api/seckill/buy": EOF | 耗时: 5372.39ms
2025/12/13 20:20:53.900685 [20:20:49.079] 用户1265 | ❌ 错误: Post "http://localhost:8080/api/seckill/buy": EOF | 耗时: 5210.71ms
2025/12/13 20:20:53.900688 [20:20:49.079] 用户2783 | ❌ 错误: Post "http://localhost:8080/api/seckill/buy": EOF | 耗时: 5317.91ms
2025/12/13 20:20:53.900690 [20:20:49.079] 用户7544 | ❌ 错误: Post "http://localhost:8080/api/seckill/buy": EOF | 耗时: 5361.27ms
2025/12/13 20:20:53.900692 [20:20:49.079] 用户728 | ❌ 错误: Post "http://localhost:8080/api/seckill/buy": EOF | 耗时: 5401.15ms
2025/12/13 20:20:53.900695 [20:20:49.079] 用户3554 | ❌ 错误: Post "http://localhost:8080/api/seckill/buy": EOF | 耗时: 5204.04ms
2025/12/13 20:20:53.900697 [20:20:49.079] 用户3553 | ❌ 错误: Post "http://localhost:8080/api/seckill/buy": EOF | 耗时: 5204.19ms
2025/12/13 20:20:53.900699 [20:20:49.079] 用户1272 | ❌ 错误: Post "http://localhost:8080/api/seckill/buy": EOF | 耗时: 5211.98ms
2025/12/13 20:20:53.900708 [20:20:49.080] 用户375 | ❌ 错误: Post "http://localhost:8080/api/seckill/buy": EOF | 耗时: 5397.01ms
2025/12/13 20:20:53.900710 [20:20:49.080] 用户7643 | ❌ 错误: Post "http://localhost:8080/api/seckill/buy": EOF | 耗时: 5361.57ms
2025/12/13 20:20:53.900712 [20:20:49.080] 用户10564 | ❌ 错误: Post "http://localhost:8080/api/seckill/buy": EOF | 耗时: 5401.05ms
2025/12/13 20:20:53.900714 [20:20:49.080] 用户1748 | ❌ 错误: Post "http://localhost:8080/api/seckill/buy": EOF | 耗时: 5397.67ms
2025/12/13 20:20:53.900716 [20:20:49.080] 用户1494 | ❌ 错误: Post "http://localhost:8080/api/seckill/buy": EOF | 耗时: 5404.77ms
2025/12/13 20:20:53.900718 [20:20:49.080] 用户2819 | ✅ 秒杀成功 | 耗时: 5359.79ms
2025/12/13 20:20:53.900720 [20:20:49.080] 用户8460 | ❌ 错误: Post "http://localhost:8080/api/seckill/buy": EOF | 耗时: 5362.09ms
2025/12/13 20:20:53.900722 [20:20:49.080] 用户2820 | ✅ 秒杀成功 | 耗时: 5359.96ms
2025/12/13 20:20:53.900724 [20:20:49.080] 用户1569 | ✅ 秒杀成功 | 耗时: 5404.04ms
2025/12/13 20:20:53.900726 [20:20:49.080] 用户1808 | ❌ 错误: Post "http://localhost:8080/api/seckill/buy": EOF | 耗时: 5401.38ms
2025/12/13 20:20:53.900728 [20:20:49.080] 用户3982 | ✅ 秒杀成功 | 耗时: 5314.53ms
2025/12/13 20:20:53.900729 [20:20:49.080] 用户7247 | ❌ 错误: Post "http://localhost:8080/api/seckill/buy": EOF | 耗时: 5361.47ms
2025/12/13 20:20:53.900732 [20:20:49.080] 用户2612 | ❌ 错误: Post "http://localhost:8080/api/seckill/buy": EOF | 耗时: 5401.93ms
2025/12/13 20:20:53.900734 [20:20:49.080] 用户2777 | ❌ 错误: Post "http://localhost:8080/api/seckill/buy": EOF | 耗时: 5347.35ms
2025/12/13 20:20:53.900738 [20:20:49.080] 用户2457 | ❌ 错误: Post "http://localhost:8080/api/seckill/buy": EOF | 耗时: 5400.71ms
2025/12/13 20:20:53.900740 [20:20:49.080] 用户7908 | ❌ 错误: Post "http://localhost:8080/api/seckill/buy": EOF | 耗时: 5362.18ms
2025/12/13 20:20:53.900742 [20:20:49.080] 用户719 | ❌ 错误: Post "http://localhost:8080/api/seckill/buy": EOF | 耗时: 5401.77ms
2025/12/13 20:20:53.900745 [20:20:49.080] 用户854 | ❌ 错误: Post "http://localhost:8080/api/seckill/buy": EOF | 耗时: 5398.33ms
2025/12/13 20:20:53.900747 [20:20:49.080] 用户1278 | ❌ 错误: Post "http://localhost:8080/api/seckill/buy": EOF | 耗时: 5212.68ms
2025/12/13 20:20:53.900749 [20:20:49.080] 用户10611 | ❌ 错误: Post "http://localhost:8080/api/seckill/buy": EOF | 耗时: 5401.76ms
2025/12/13 20:20:53.900751 [20:20:49.080] 用户1795 | ❌ 错误: Post "http://localhost:8080/api/seckill/buy": EOF | 耗时: 5234.50ms
2025/12/13 20:20:53.900753 [20:20:49.080] 用户10620 | ❌ 错误: Post "http://localhost:8080/api/seckill/buy": EOF | 耗时: 5402.04ms
2025/12/13 20:20:53.900755 [20:20:49.080] 用户1271 | ❌ 错误: Post "http://localhost:8080/api/seckill/buy": EOF | 耗时: 5211.09ms
2025/12/13 20:20:53.900757 [20:20:49.080] 用户9652 | ❌ 错误: Post "http://localhost:8080/api/seckill/buy": EOF | 耗时: 5401.76ms
2025/12/13 20:20:53.900759 [20:20:49.080] 用户2227 | ❌ 错误: Post "http://localhost:8080/api/seckill/buy": EOF | 耗时: 5318.83ms
2025/12/13 20:20:53.900761 [20:20:49.080] 用户523 | ❌ 错误: Post "http://localhost:8080/api/seckill/buy": EOF | 耗时: 5396.80ms
2025/12/13 20:20:53.900763 [20:20:49.080] 用户1653 | ✅ 秒杀成功 | 耗时: 5311.40ms
2025/12/13 20:20:53.900765 [20:20:49.080] 用户9763 | ✅ 秒杀成功 | 耗时: 5404.43ms
2025/12/13 20:20:53.900766 [20:20:49.080] 用户2334 | ✅ 秒杀成功 | 耗时: 5347.65ms
2025/12/13 20:20:53.900768 [20:20:49.080] 用户3608 | ✅ 秒杀成功 | 耗时: 5312.18ms
2025/12/13 20:20:53.900769 [20:20:49.080] 用户3057 | ✅ 秒杀成功 | 耗时: 5315.24ms
2025/12/13 20:20:53.900770 [20:20:49.081] 用户2900 | ✅ 秒杀成功 | 耗时: 5330.30ms
2025/12/13 20:20:53.900772 [20:20:49.081] 用户8084 | ✅ 秒杀成功 | 耗时: 5362.36ms
2025/12/13 20:20:53.900773 [20:20:49.081] 用户7898 | ✅ 秒杀成功 | 耗时: 5362.70ms
2025/12/13 20:20:53.900774 [20:20:49.081] 用户9666 | ✅ 秒杀成功 | 耗时: 5389.43ms
2025/12/13 20:20:53.900776 [20:20:49.081] 用户377 | ✅ 秒杀成功 | 耗时: 5389.58ms
2025/12/13 20:20:53.900777 [20:20:49.081] 用户4007 | ✅ 秒杀成功 | 耗时: 5407.18ms
2025/12/13 20:20:53.900778 [20:20:49.081] 用户7203 | ✅ 秒杀成功 | 耗时: 5360.93ms
2025/12/13 20:20:53.900780 [20:20:49.081] 用户1522 | ✅ 秒杀成功 | 耗时: 5405.03ms
2025/12/13 20:20:53.900782 [20:20:49.081] 用户3000 | ✅ 秒杀成功 | 耗时: 5361.19ms
2025/12/13 20:20:53.900783 [20:20:49.081] 用户390 | ✅ 秒杀成功 | 耗时: 5389.92ms
2025/12/13 20:20:53.900785 [20:20:49.081] 用户7930 | ✅ 秒杀成功 | 耗时: 5363.65ms
2025/12/13 20:20:53.900787 [20:20:49.081] 用户2532 | ✅ 秒杀成功 | 耗时: 5361.00ms
2025/12/13 20:20:53.900789 [20:20:49.081] 用户1453 | ❌ 错误: Post "http://localhost:8080/api/seckill/buy": EOF | 耗时: 5402.51ms
2025/12/13 20:20:53.900800 [20:20:49.081] 用户7636 | ❌ 错误: Post "http://localhost:8080/api/seckill/buy": EOF | 耗时: 5362.77ms
2025/12/13 20:20:53.900802 [20:20:49.081] 用户586 | ❌ 错误: Post "http://localhost:8080/api/seckill/buy": EOF | 耗时: 5402.73ms
2025/12/13 20:20:53.900805 [20:20:49.081] 用户1604 | ❌ 错误: Post "http://localhost:8080/api/seckill/buy": EOF | 耗时: 5262.66ms
2025/12/13 20:20:53.900807 [20:20:49.081] 用户1260 | ❌ 错误: Post "http://localhost:8080/api/seckill/buy": EOF | 耗时: 5212.48ms
2025/12/13 20:20:53.900809 [20:20:49.081] 用户8670 | ❌ 错误: Post "http://localhost:8080/api/seckill/buy": EOF | 耗时: 5370.69ms
2025/12/13 20:20:53.900811 [20:20:49.081] 用户10565 | ❌ 错误: Post "http://localhost:8080/api/seckill/buy": EOF | 耗时: 5402.66ms
2025/12/13 20:20:53.900813 [20:20:49.081] 用户1806 | ❌ 错误: Post "http://localhost:8080/api/seckill/buy": EOF | 耗时: 5244.12ms
2025/12/13 20:20:53.900815 [20:20:49.081] 用户1601 | ❌ 错误: Post "http://localhost:8080/api/seckill/buy": EOF | 耗时: 5261.41ms
2025/12/13 20:20:53.900818 [20:20:49.081] 用户1175 | ❌ 错误: Post "http://localhost:8080/api/seckill/buy": EOF | 耗时: 5206.11ms
2025/12/13 20:20:53.900820 [20:20:49.081] 用户2042 | ❌ 错误: Post "http://localhost:8080/api/seckill/buy": EOF | 耗时: 5406.63ms
2025/12/13 20:20:53.900821 [20:20:49.081] 用户1315 | ❌ 错误: Post "http://localhost:8080/api/seckill/buy": EOF | 耗时: 5398.71ms
2025/12/13 20:20:53.900823 [20:20:49.081] 用户10001 | ✅ 秒杀成功 | 耗时: 5364.43ms
2025/12/13 20:20:53.900824 [20:20:49.082] 用户7594 | ❌ 错误: Post "http://localhost:8080/api/seckill/buy": EOF | 耗时: 5362.56ms
2025/12/13 20:20:53.900826 [20:20:49.082] 用户8178 | ❌ 错误: Post "http://localhost:8080/api/seckill/buy": EOF | 耗时: 5365.02ms
2025/12/13 20:20:53.900828 [20:20:49.082] 用户2743 | ❌ 错误: Post "http://localhost:8080/api/seckill/buy": EOF | 耗时: 5268.13ms
2025/12/13 20:20:53.900829 [20:20:49.082] 用户9142 | ❌ 错误: Post "http://localhost:8080/api/seckill/buy": EOF | 耗时: 5378.30ms
2025/12/13 20:20:53.900832 [20:20:49.082] 用户1201 | ❌ 错误: Post "http://localhost:8080/api/seckill/buy": EOF | 耗时: 5208.45ms
2025/12/13 20:20:53.900834 [20:20:49.082] 用户3312 | ❌ 错误: Post "http://localhost:8080/api/seckill/buy": EOF | 耗时: 5411.67ms
2025/12/13 20:20:53.900836 [20:20:49.082] 用户9315 | ❌ 错误: Post "http://localhost:8080/api/seckill/buy": EOF | 耗时: 5391.64ms
2025/12/13 20:20:53.900838 [20:20:49.082] 用户3282 | ❌ 错误: Post "http://localhost:8080/api/seckill/buy": EOF | 耗时: 5397.72ms
2025/12/13 20:20:53.900840 [20:20:49.082] 用户8880 | ❌ 错误: Post "http://localhost:8080/api/seckill/buy": EOF | 耗时: 5368.28ms
2025/12/13 20:20:53.900842 [20:20:49.082] 用户10180 | ❌ 错误: Post "http://localhost:8080/api/seckill/buy": EOF | 耗时: 5370.86ms
2025/12/13 20:20:53.900844 [20:20:49.084] 用户8972 | ❌ 错误: Post "http://localhost:8080/api/seckill/buy": EOF | 耗时: 5379.58ms
2025/12/13 20:20:53.900846 [20:20:49.084] 用户8253 | ❌ 错误: Post "http://localhost:8080/api/seckill/buy": EOF | 耗时: 5366.96ms
2025/12/13 20:20:53.900848 [20:20:49.084] 用户1817 | ❌ 错误: Post "http://localhost:8080/api/seckill/buy": EOF | 耗时: 5246.92ms
2025/12/13 20:20:53.900850 [20:20:49.084] 用户9227 | ❌ 错误: Post "http://localhost:8080/api/seckill/buy": EOF | 耗时: 5381.28ms
2025/12/13 20:20:53.900852 [20:20:49.084] 用户6552 | ❌ 错误: Post "http://localhost:8080/api/seckill/buy": EOF | 耗时: 5456.95ms
2025/12/13 20:20:53.900854 [20:20:49.084] 用户9773 | ❌ 错误: Post "http://localhost:8080/api/seckill/buy": EOF | 耗时: 5409.52ms
2025/12/13 20:20:53.900855 [20:20:49.086] 用户9 | ❌ 错误: Post "http://localhost:8080/api/seckill/buy": EOF | 耗时: 5403.33ms
2025/12/13 20:20:53.900857 [20:20:49.088] 用户8677 | ❌ 错误: Post "http://localhost:8080/api/seckill/buy": EOF | 耗时: 5377.60ms
2025/12/13 20:20:53.900859 [20:20:49.089] 用户881 | ❌ 错误: Post "http://localhost:8080/api/seckill/buy": EOF | 耗时: 5410.28ms
2025/12/13 20:20:53.900861 [20:20:49.091] 用户2636 | ✅ 秒杀成功 | 耗时: 5370.89ms
2025/12/13 20:20:53.900862 [20:20:49.091] 用户8958 | ✅ 秒杀成功 | 耗时: 5377.61ms
2025/12/13 20:20:53.900863 [20:20:49.091] 用户9546 | ✅ 秒杀成功 | 耗时: 5400.04ms
2025/12/13 20:20:53.900865 [20:20:49.091] 用户8517 | ✅ 秒杀成功 | 耗时: 5378.08ms
2025/12/13 20:20:53.900867 [20:20:49.091] 用户1009 | ✅ 秒杀成功 | 耗时: 5408.94ms
2025/12/13 20:20:53.900868 [20:20:49.091] 用户9306 | ✅ 秒杀成功 | 耗时: 5400.26ms
2025/12/13 20:20:53.900870 [20:20:49.091] 用户2088 | ✅ 秒杀成功 | 耗时: 5261.98ms
2025/12/13 20:20:53.900872 [20:20:49.091] 用户3559 | ✅ 秒杀成功 | 耗时: 5326.58ms
2025/12/13 20:20:53.900873 [20:20:49.091] 用户8181 | ✅ 秒杀成功 | 耗时: 5374.51ms
2025/12/13 20:20:53.900875 [20:20:49.092] 用户2188 | ✅ 秒杀成功 | 耗时: 5328.06ms
2025/12/13 20:20:53.900877 [20:20:49.092] 用户599 | ✅ 秒杀成功 | 耗时: 5412.83ms
2025/12/13 20:20:53.900878 [20:20:49.092] 用户3573 | ✅ 秒杀成功 | 耗时: 5328.02ms
2025/12/13 20:20:53.900880 [20:20:49.092] 用户2577 | ✅ 秒杀成功 | 耗时: 5412.23ms
2025/12/13 20:20:53.900882 [20:20:49.092] 用户3868 | ✅ 秒杀成功 | 耗时: 5325.42ms
2025/12/13 20:20:53.900883 [20:20:49.092] 用户4290 | ✅ 秒杀成功 | 耗时: 5446.44ms
2025/12/13 20:20:53.900885 [20:20:49.092] 用户6198 | ✅ 秒杀成功 | 耗时: 5461.49ms
2025/12/13 20:20:53.900887 [20:20:49.092] 用户9250 | ✅ 秒杀成功 | 耗时: 5398.00ms
2025/12/13 20:20:53.900888 [20:20:49.092] 用户1819 | ✅ 秒杀成功 | 耗时: 5255.31ms
2025/12/13 20:20:53.900890 [20:20:49.092] 用户9037 | ✅ 秒杀成功 | 耗时: 5373.05ms
2025/12/13 20:20:53.900892 [20:20:49.092] 用户8581 | ✅ 秒杀成功 | 耗时: 5326.17ms
2025/12/13 20:20:53.900893 [20:20:49.092] 用户894 | ✅ 秒杀成功 | 耗时: 5401.27ms
2025/12/13 20:20:53.900895 [20:20:49.092] 用户8170 | ✅ 秒杀成功 | 耗时: 5375.41ms
2025/12/13 20:20:53.900897 [20:20:49.092] 用户1701 | ✅ 秒杀成功 | 耗时: 5302.77ms
2025/12/13 20:20:53.900899 [20:20:49.093] 用户8726 | ✅ 秒杀成功 | 耗时: 5375.25ms
2025/12/13 20:20:53.900900 [20:20:49.094] 用户2239 | ✅ 秒杀成功 | 耗时: 5340.17ms
2025/12/13 20:20:53.900902 [20:20:49.094] 用户10646 | ✅ 秒杀成功 | 耗时: 5402.90ms
2025/12/13 20:20:53.900904 [20:20:49.094] 用户2014 | ✅ 秒杀成功 | 耗时: 5414.83ms
2025/12/13 20:20:53.900905 [20:20:49.094] 用户9421 | ✅ 秒杀成功 | 耗时: 5374.51ms
2025/12/13 20:20:53.900906 [20:20:49.094] 用户1675 | ✅ 秒杀成功 | 耗时: 5304.09ms
2025/12/13 20:20:53.900908 [20:20:49.094] 用户448 | ✅ 秒杀成功 | 耗时: 5414.97ms
2025/12/13 20:20:53.900909 [20:20:49.094] 用户3926 | ✅ 秒杀成功 | 耗时: 5304.38ms
2025/12/13 20:20:53.900910 [20:20:49.095] 用户8199 | ✅ 秒杀成功 | 耗时: 5377.50ms
2025/12/13 20:20:53.900912 [20:20:49.098] 用户206 | ✅ 秒杀成功 | 耗时: 5417.94ms
2025/12/13 20:20:53.900913 [20:20:49.099] 用户591 | ✅ 秒杀成功 | 耗时: 5420.05ms
2025/12/13 20:20:53.900915 [20:20:49.099] 用户659 | ✅ 秒杀成功 | 耗时: 5417.72ms
2025/12/13 20:20:53.900916 [20:20:49.100] 用户1704 | ✅ 秒杀成功 | 耗时: 5405.09ms
2025/12/13 20:20:53.900917 [20:20:49.102] 用户292 | ✅ 秒杀成功 | 耗时: 5419.62ms
2025/12/13 20:20:53.900919 [20:20:49.102] 用户5695 | ✅ 秒杀成功 | 耗时: 5470.38ms
2025/12/13 20:20:53.900920 [20:20:49.102] 用户8806 | ✅ 秒杀成功 | 耗时: 5411.09ms
2025/12/13 20:20:53.900921 [20:20:49.102] 用户8040 | ✅ 秒杀成功 | 耗时: 5384.65ms
2025/12/13 20:20:53.900923 [20:20:49.102] 用户1324 | ✅ 秒杀成功 | 耗时: 5422.98ms
2025/12/13 20:20:53.900924 [20:20:49.102] 用户1037 | ✅ 秒杀成功 | 耗时: 5411.07ms
2025/12/13 20:20:53.900925 [20:20:49.102] 用户2237 | ✅ 秒杀成功 | 耗时: 5408.04ms
2025/12/13 20:20:53.900927 [20:20:49.102] 用户9249 | ✅ 秒杀成功 | 耗时: 5408.07ms
2025/12/13 20:20:53.900928 [20:20:49.103] 用户9001 | ❌ 错误: Post "http://localhost:8080/api/seckill/buy": EOF | 耗时: 5395.93ms
2025/12/13 20:20:53.900932 [20:20:49.103] 用户1421 | ✅ 秒杀成功 | 耗时: 5423.41ms
2025/12/13 20:20:53.900934 [20:20:49.103] 用户1295 | ✅ 秒杀成功 | 耗时: 5411.18ms
2025/12/13 20:20:53.900935 [20:20:49.103] 用户1815 | ✅ 秒杀成功 | 耗时: 5269.44ms
2025/12/13 20:20:53.900936 [20:20:49.103] 用户2275 | ✅ 秒杀成功 | 耗时: 5352.78ms
2025/12/13 20:20:53.900938 [20:20:49.103] 用户9248 | ✅ 秒杀成功 | 耗时: 5408.82ms
2025/12/13 20:20:53.900939 [20:20:49.103] 用户4002 | ✅ 秒杀成功 | 耗时: 5267.60ms
2025/12/13 20:20:53.900940 [20:20:49.103] 用户2157 | ✅ 秒杀成功 | 耗时: 5428.67ms
2025/12/13 20:20:53.900942 [20:20:49.103] 用户2896 | ✅ 秒杀成功 | 耗时: 5384.04ms
2025/12/13 20:20:53.900943 [20:20:49.103] 用户1948 | ✅ 秒杀成功 | 耗时: 5423.71ms
2025/12/13 20:20:53.900945 [20:20:49.103] 用户2804 | ✅ 秒杀成功 | 耗时: 5383.46ms
2025/12/13 20:20:53.900946 [20:20:49.103] 用户1149 | ✅ 秒杀成功 | 耗时: 5412.94ms
2025/12/13 20:20:53.900947 [20:20:49.104] 用户8945 | ✅ 秒杀成功 | 耗时: 5389.91ms
2025/12/13 20:20:53.900949 [20:20:49.104] 用户1380 | ✅ 秒杀成功 | 耗时: 5421.54ms
2025/12/13 20:20:53.900950 [20:20:49.104] 用户8762 | ✅ 秒杀成功 | 耗时: 5390.18ms
2025/12/13 20:20:53.900951 [20:20:49.104] 用户10645 | ✅ 秒杀成功 | 耗时: 5412.40ms
2025/12/13 20:20:53.900964 [20:20:49.104] 用户3906 | ✅ 秒杀成功 | 耗时: 5383.95ms
2025/12/13 20:20:53.900974 [20:20:49.104] 用户5776 | ✅ 秒杀成功 | 耗时: 5474.37ms
2025/12/13 20:20:53.900978 [20:20:49.104] 用户9354 | ✅ 秒杀成功 | 耗时: 5412.68ms
2025/12/13 20:20:53.900980 [20:20:49.104] 用户7865 | ✅ 秒杀成功 | 耗时: 5385.75ms
2025/12/13 20:20:53.900982 [20:20:49.104] 用户182 | ✅ 秒杀成功 | 耗时: 5412.58ms
2025/12/13 20:20:53.900984 [20:20:49.104] 用户2113 | ✅ 秒杀成功 | 耗时: 5425.40ms
2025/12/13 20:20:53.900986 [20:20:49.104] 用户2631 | ✅ 秒杀成功 | 耗时: 5384.23ms
2025/12/13 20:20:53.900988 [20:20:49.104] 用户9725 | ✅ 秒杀成功 | 耗时: 5390.31ms
2025/12/13 20:20:53.900989 [20:20:49.104] 用户281 | ✅ 秒杀成功 | 耗时: 5424.68ms
2025/12/13 20:20:53.900991 [20:20:49.104] 用户7635 | ✅ 秒杀成功 | 耗时: 5385.89ms
2025/12/13 20:20:53.900993 [20:20:49.104] 用户2382 | ✅ 秒杀成功 | 耗时: 5422.20ms
2025/12/13 20:20:53.900995 [20:20:49.104] 用户428 | ✅ 秒杀成功 | 耗时: 5412.06ms
2025/12/13 20:20:53.900996 [20:20:49.104] 用户1573 | ✅ 秒杀成功 | 耗时: 5428.69ms
2025/12/13 20:20:53.900998 [20:20:49.104] 用户8088 | ✅ 秒杀成功 | 耗时: 5386.07ms
2025/12/13 20:20:53.900999 [20:20:49.104] 用户1952 | ✅ 秒杀成功 | 耗时: 5425.01ms
2025/12/13 20:20:53.901001 [20:20:49.104] 用户1294 | ✅ 秒杀成功 | 耗时: 5412.09ms
2025/12/13 20:20:53.901002 [20:20:49.104] 用户10644 | ✅ 秒杀成功 | 耗时: 5413.01ms
2025/12/13 20:20:53.901004 [20:20:49.104] 用户7608 | ✅ 秒杀成功 | 耗时: 5412.13ms
2025/12/13 20:20:53.901005 [20:20:49.104] 用户8931 | ✅ 秒杀成功 | 耗时: 5390.53ms
2025/12/13 20:20:53.901006 [20:20:49.104] 用户8186 | ✅ 秒杀成功 | 耗时: 5390.39ms
2025/12/13 20:20:53.901008 [20:20:49.104] 用户2572 | ✅ 秒杀成功 | 耗时: 5424.40ms
2025/12/13 20:20:53.901009 [20:20:49.104] 用户460 | ✅ 秒杀成功 | 耗时: 5413.20ms
2025/12/13 20:20:53.901011 [20:20:49.104] 用户304 | ✅ 秒杀成功 | 耗时: 5422.09ms
2025/12/13 20:20:53.901012 [20:20:49.104] 用户3355 | ✅ 秒杀成功 | 耗时: 5454.69ms
2025/12/13 20:20:53.901014 [20:20:49.104] 用户10219 | ✅ 秒杀成功 | 耗时: 5413.24ms
2025/12/13 20:20:53.901015 [20:20:49.104] 用户1994 | ✅ 秒杀成功 | 耗时: 5429.80ms
2025/12/13 20:20:53.901017 [20:20:49.104] 用户7932 | ✅ 秒杀成功 | 耗时: 5387.32ms
2025/12/13 20:20:53.901018 [20:20:49.104] 用户8309 | ✅ 秒杀成功 | 耗时: 5385.27ms
2025/12/13 20:20:53.901020 [20:20:49.104] 用户3996 | ✅ 秒杀成功 | 耗时: 5339.58ms
2025/12/13 20:20:53.901021 [20:20:49.105] 用户7556 | ✅ 秒杀成功 | 耗时: 5384.98ms
2025/12/13 20:20:53.901022 [20:20:49.105] 用户7926 | ✅ 秒杀成功 | 耗时: 5387.26ms
2025/12/13 20:20:53.901024 [20:20:49.105] 用户7570 | ✅ 秒杀成功 | 耗时: 5385.31ms
2025/12/13 20:20:53.901025 [20:20:49.105] 用户1015 | ✅ 秒杀成功 | 耗时: 5422.59ms
2025/12/13 20:20:53.901026 [20:20:49.105] 用户2586 | ✅ 秒杀成功 | 耗时: 5424.82ms
2025/12/13 20:20:53.901028 [20:20:49.105] 用户593 | ✅ 秒杀成功 | 耗时: 5425.43ms
2025/12/13 20:20:53.901037 [20:20:49.105] 用户1417 | ✅ 秒杀成功 | 耗时: 5425.28ms
2025/12/13 20:20:53.901040 [20:20:49.105] 用户1092 | ✅ 秒杀成功 | 耗时: 5417.80ms
2025/12/13 20:20:53.901042 [20:20:49.105] 用户550 | ✅ 秒杀成功 | 耗时: 5425.56ms
2025/12/13 20:20:53.901043 [20:20:49.105] 用户1327 | ✅ 秒杀成功 | 耗时: 5425.67ms
2025/12/13 20:20:53.901045 [20:20:49.105] 用户853 | ✅ 秒杀成功 | 耗时: 5423.22ms
2025/12/13 20:20:53.901046 [20:20:49.105] 用户1694 | ✅ 秒杀成功 | 耗时: 5314.85ms
2025/12/13 20:20:53.901048 [20:20:49.105] 用户3004 | ✅ 秒杀成功 | 耗时: 5385.42ms
2025/12/13 20:20:53.901049 [20:20:49.105] 用户2638 | ✅ 秒杀成功 | 耗时: 5385.34ms
2025/12/13 20:20:53.901050 [20:20:49.105] 用户9345 | ✅ 秒杀成功 | 耗时: 5412.02ms
2025/12/13 20:20:53.901052 [20:20:49.105] 用户7879 | ✅ 秒杀成功 | 耗时: 5387.08ms
2025/12/13 20:20:53.901053 [20:20:49.105] 用户1418 | ✅ 秒杀成功 | 耗时: 5425.66ms
2025/12/13 20:20:53.901055 [20:20:49.105] 用户8388 | ✅ 秒杀成功 | 耗时: 5387.35ms
2025/12/13 20:20:53.901056 [20:20:49.105] 用户2140 | ✅ 秒杀成功 | 耗时: 5430.68ms
2025/12/13 20:20:53.901057 [20:20:49.105] 用户1705 | ✅ 秒杀成功 | 耗时: 5319.60ms
2025/12/13 20:20:53.901059 [20:20:49.105] 用户10642 | ✅ 秒杀成功 | 耗时: 5413.93ms
2025/12/13 20:20:53.901060 [20:20:49.105] 用户8943 | ✅ 秒杀成功 | 耗时: 5391.54ms
2025/12/13 20:20:53.901061 [20:20:49.105] 用户9556 | ✅ 秒杀成功 | 耗时: 5385.61ms
2025/12/13 20:20:53.901063 [20:20:49.105] 用户8327 | ✅ 秒杀成功 | 耗时: 5387.34ms
2025/12/13 20:20:53.901067 [20:20:49.105] 用户2369 | ✅ 秒杀成功 | 耗时: 5426.13ms
2025/12/13 20:20:53.901069 [20:20:49.105] 用户4005 | ✅ 秒杀成功 | 耗时: 5431.83ms
2025/12/13 20:20:53.901070 [20:20:49.105] 用户8347 | ✅ 秒杀成功 | 耗时: 5387.45ms
2025/12/13 20:20:53.901071 [20:20:49.105] 用户2172 | ✅ 秒杀成功 | 耗时: 5276.24ms
2025/12/13 20:20:53.901073 [20:20:49.105] 用户8899 | ✅ 秒杀成功 | 耗时: 5391.51ms
2025/12/13 20:20:53.901074 [20:20:49.105] 用户8304 | ✅ 秒杀成功 | 耗时: 5391.53ms
2025/12/13 20:20:53.901075 [20:20:49.105] 用户4153 | ✅ 秒杀成功 | 耗时: 5464.54ms
2025/12/13 20:20:53.901077 [20:20:49.106] 用户9256 | ✅ 秒杀成功 | 耗时: 5411.29ms
2025/12/13 20:20:53.901078 [20:20:49.106] 用户7793 | ✅ 秒杀成功 | 耗时: 5387.58ms
2025/12/13 20:20:53.901080 [20:20:49.106] 用户1321 | ✅ 秒杀成功 | 耗时: 5426.16ms
2025/12/13 20:20:53.901081 [20:20:49.106] 用户2208 | ✅ 秒杀成功 | 耗时: 5341.90ms
2025/12/13 20:20:53.901082 [20:20:49.111] 用户8748 | ✅ 秒杀成功 | 耗时: 5397.42ms
2025/12/13 20:20:53.901084 [20:20:49.111] 用户9656 | ❌ 错误: Post "http://localhost:8080/api/seckill/buy": EOF | 耗时: 5432.76ms
2025/12/13 20:20:53.901086 [20:20:49.111] 用户8403 | ❌ 错误: Post "http://localhost:8080/api/seckill/buy": EOF | 耗时: 5393.49ms
2025/12/13 20:20:53.901089 [20:20:49.111] 用户7655 | ❌ 错误: Post "http://localhost:8080/api/seckill/buy": EOF | 耗时: 5392.85ms
2025/12/13 20:20:53.901091 [20:20:49.111] 用户2733 | ✅ 秒杀成功 | 耗时: 5290.87ms
2025/12/13 20:20:53.901092 [20:20:49.111] 用户631 | ❌ 错误: Post "http://localhost:8080/api/seckill/buy": EOF | 耗时: 5432.77ms
2025/12/13 20:20:53.901094 [20:20:49.111] 用户3512 | ❌ 错误: Post "http://localhost:8080/api/seckill/buy": EOF | 耗时: 5433.30ms
2025/12/13 20:20:53.901099 [20:20:49.111] 用户9547 | ✅ 秒杀成功 | 耗时: 5420.31ms
2025/12/13 20:20:53.901121 [20:20:49.111] 用户1807 | ✅ 秒杀成功 | 耗时: 5274.41ms
2025/12/13 20:20:53.901143 [20:20:49.111] 用户1767 | ✅ 秒杀成功 | 耗时: 5429.51ms
2025/12/13 20:20:53.901150 [20:20:49.111] 用户1334 | ✅ 秒杀成功 | 耗时: 5429.34ms
2025/12/13 20:20:53.901157 [20:20:49.111] 用户8733 | ✅ 秒杀成功 | 耗时: 5397.75ms
2025/12/13 20:20:53.901174 [20:20:49.112] 用户1739 | ✅ 秒杀成功 | 耗时: 5429.29ms
2025/12/13 20:20:53.901189 [20:20:49.112] 用户9260 | ✅ 秒杀成功 | 耗时: 5357.36ms
2025/12/13 20:20:53.901191 [20:20:49.112] 用户858 | ✅ 秒杀成功 | 耗时: 5429.95ms
2025/12/13 20:20:53.901193 [20:20:49.112] 用户1383 | ✅ 秒杀成功 | 耗时: 5429.47ms
2025/12/13 20:20:53.901195 [20:20:49.112] 用户840 | ✅ 秒杀成功 | 耗时: 5429.34ms
2025/12/13 20:20:53.901196 [20:20:49.112] 用户2380 | ✅ 秒杀成功 | 耗时: 5429.48ms
2025/12/13 20:20:53.901198 [20:20:49.112] 用户2982 | ✅ 秒杀成功 | 耗时: 5391.92ms
2025/12/13 20:20:53.901199 [20:20:49.112] 用户9356 | ✅ 秒杀成功 | 耗时: 5420.57ms
2025/12/13 20:20:53.901201 [20:20:49.112] 用户3564 | ✅ 秒杀成功 | 耗时: 5343.51ms
2025/12/13 20:20:53.901202 [20:20:49.112] 用户1217 | ✅ 秒杀成功 | 耗时: 5238.41ms
2025/12/13 20:20:53.901204 [20:20:49.112] 用户1942 | ✅ 秒杀成功 | 耗时: 5429.93ms
2025/12/13 20:20:53.901205 [20:20:49.112] 用户2817 | ✅ 秒杀成功 | 耗时: 5391.93ms
2025/12/13 20:20:53.901206 [20:20:49.112] 用户335 | ✅ 秒杀成功 | 耗时: 5429.67ms
2025/12/13 20:20:53.901208 [20:20:49.112] 用户8205 | ✅ 秒杀成功 | 耗时: 5394.64ms
2025/12/13 20:20:53.901209 [20:20:49.112] 用户1712 | ✅ 秒杀成功 | 耗时: 5334.06ms
2025/12/13 20:20:53.901211 [20:20:49.113] 用户1785 | ❌ 错误: Post "http://localhost:8080/api/seckill/buy": EOF | 耗时: 5275.63ms
2025/12/13 20:20:53.901214 [20:20:49.113] 用户2169 | ✅ 秒杀成功 | 耗时: 5283.81ms
2025/12/13 20:20:53.901216 [20:20:49.113] 用户336 | ✅ 秒杀成功 | 耗时: 5430.99ms
2025/12/13 20:20:53.901217 [20:20:49.113] 用户1771 | ✅ 秒杀成功 | 耗时: 5431.44ms
2025/12/13 20:20:53.901218 [20:20:49.113] 用户1034 | ✅ 秒杀成功 | 耗时: 5421.79ms
2025/12/13 20:20:53.901220 [20:20:49.113] 用户340 | ✅ 秒杀成功 | 耗时: 5431.28ms
2025/12/13 20:20:53.901225 [20:20:49.113] 用户2058 | ✅ 秒杀成功 | 耗时: 5434.14ms
2025/12/13 20:20:53.901227 [20:20:49.121] 用户1319 | ✅ 秒杀成功 | 耗时: 5438.95ms
2025/12/13 20:20:53.901228 [20:20:49.121] 用户10575 | ❌ 错误: Post "http://localhost:8080/api/seckill/buy": EOF | 耗时: 5443.19ms
2025/12/13 20:20:53.901232 [20:20:49.125] 用户4706 | ✅ 秒杀成功 | 耗时: 5482.00ms
2025/12/13 20:20:53.901234 [20:20:49.125] 用户856 | ✅ 秒杀成功 | 耗时: 5443.44ms
2025/12/13 20:20:53.901235 [20:20:49.126] 用户1413 | ✅ 秒杀成功 | 耗时: 5443.57ms
2025/12/13 20:20:53.901236 [20:20:49.126] 用户339 | ✅ 秒杀成功 | 耗时: 5443.75ms
2025/12/13 20:20:53.901238 [20:20:49.126] 用户2486 | ✅ 秒杀成功 | 耗时: 5443.80ms
2025/12/13 20:20:53.901240 [20:20:49.126] 用户1729 | ✅ 秒杀成功 | 耗时: 5443.70ms
2025/12/13 20:20:53.901242 [20:20:49.126] 用户3599 | ✅ 秒杀成功 | 耗时: 5357.70ms
2025/12/13 20:20:53.901243 [20:20:49.126] 用户841 | ✅ 秒杀成功 | 耗时: 5443.69ms
2025/12/13 20:20:53.901245 [20:20:49.126] 用户857 | ✅ 秒杀成功 | 耗时: 5444.33ms
2025/12/13 20:20:53.901246 [20:20:49.126] 用户2627 | ✅ 秒杀成功 | 耗时: 5447.01ms
2025/12/13 20:20:53.901248 [20:20:49.126] 用户2969 | ✅ 秒杀成功 | 耗时: 5470.54ms
2025/12/13 20:20:53.901249 [20:20:49.126] 用户313 | ✅ 秒杀成功 | 耗时: 5447.10ms
2025/12/13 20:20:53.901250 [20:20:49.126] 用户3025 | ✅ 秒杀成功 | 耗时: 5358.04ms
2025/12/13 20:20:53.901252 [20:20:49.128] 用户1981 | ✅ 秒杀成功 | 耗时: 5445.81ms
2025/12/13 20:20:53.901253 [20:20:49.129] 用户1013 | ✅ 秒杀成功 | 耗时: 5446.51ms
2025/12/13 20:20:53.901255 [20:20:49.129] 用户298 | ✅ 秒杀成功 | 耗时: 5446.81ms
2025/12/13 20:20:53.901256 [20:20:49.129] 用户1011 | ✅ 秒杀成功 | 耗时: 5446.32ms
2025/12/13 20:20:53.901257 [20:20:49.129] 用户1323 | ✅ 秒杀成功 | 耗时: 5446.32ms
2025/12/13 20:20:53.901259 [20:20:49.129] 用户1270 | ❌ 错误: Post "http://localhost:8080/api/seckill/buy": EOF | 耗时: 5261.48ms
2025/12/13 20:20:53.901265 [20:20:49.129] 用户1623 | ❌ 错误: Post "http://localhost:8080/api/seckill/buy": EOF | 耗时: 5446.54ms
2025/12/13 20:20:53.901267 [20:20:49.129] 用户3944 | ✅ 秒杀成功 | 耗时: 5360.81ms
2025/12/13 20:20:53.901268 [20:20:49.129] 用户1743 | ✅ 秒杀成功 | 耗时: 5447.24ms
2025/12/13 20:20:53.901269 [20:20:49.130] 用户1008 | ✅ 秒杀成功 | 耗时: 5447.38ms
2025/12/13 20:20:53.901271 [20:20:49.130] 用户1544 | ✅ 秒杀成功 | 耗时: 5447.46ms
2025/12/13 20:20:53.901272 [20:20:49.130] 用户842 | ✅ 秒杀成功 | 耗时: 5447.73ms
2025/12/13 20:20:53.901274 [20:20:49.130] 用户855 | ✅ 秒杀成功 | 耗时: 5448.30ms
2025/12/13 20:20:53.901275 [20:20:49.133] 用户73 | ❌ 错误: Post "http://localhost:8080/api/seckill/buy": EOF | 耗时: 5414.47ms
2025/12/13 20:20:53.901277 [20:20:49.133] 用户8759 | ❌ 错误: Post "http://localhost:8080/api/seckill/buy": EOF | 耗时: 5419.58ms
2025/12/13 20:20:53.901279 [20:20:49.134] 用户504 | ❌ 错误: Post "http://localhost:8080/api/seckill/buy": EOF | 耗时: 5450.50ms
2025/12/13 20:20:53.901281 [20:20:49.134] 用户242 | ❌ 错误: Post "http://localhost:8080/api/seckill/buy": EOF | 耗时: 5451.89ms
2025/12/13 20:20:53.901283 [20:20:49.137] 用户10651 | ✅ 秒杀成功 | 耗时: 5440.60ms
2025/12/13 20:20:53.901285 [20:20:49.137] 用户917 | ✅ 秒杀成功 | 耗时: 5434.71ms
2025/12/13 20:20:53.901286 [20:20:49.137] 用户4132 | ✅ 秒杀成功 | 耗时: 5495.47ms
2025/12/13 20:20:53.901288 [20:20:49.137] 用户10973 | ✅ 秒杀成功 | 耗时: 5417.86ms
2025/12/13 20:20:53.901289 [20:20:49.139] 用户8285 | ✅ 秒杀成功 | 耗时: 5424.26ms
2025/12/13 20:20:53.901291 [20:20:49.139] 用户3823 | ✅ 秒杀成功 | 耗时: 5491.23ms
2025/12/13 20:20:53.901292 [20:20:49.139] 用户1699 | ✅ 秒杀成功 | 耗时: 5348.79ms
2025/12/13 20:20:53.901293 [20:20:49.139] 用户9274 | ✅ 秒杀成功 | 耗时: 5436.70ms
2025/12/13 20:20:53.901295 [20:20:49.139] 用户3694 | ✅ 秒杀成功 | 耗时: 5493.85ms
2025/12/13 20:20:53.901296 [20:20:49.139] 用户5530 | ✅ 秒杀成功 | 耗时: 5506.56ms
2025/12/13 20:20:53.901305 [20:20:49.139] 用户990 | ✅ 秒杀成功 | 耗时: 5452.29ms
2025/12/13 20:20:53.901315 [20:20:49.139] 用户8109 | ✅ 秒杀成功 | 耗时: 5422.32ms
2025/12/13 20:20:53.901319 [20:20:49.140] 用户9840 | ✅ 秒杀成功 | 耗时: 5432.18ms
2025/12/13 20:20:53.901321 [20:20:49.140] 用户8144 | ✅ 秒杀成功 | 耗时: 5422.75ms
2025/12/13 20:20:53.901323 [20:20:49.140] 用户2270 | ✅ 秒杀成功 | 耗时: 5461.06ms
2025/12/13 20:20:53.901325 [20:20:49.142] 用户2136 | ❌ 错误: Post "http://localhost:8080/api/seckill/buy": EOF | 耗时: 5462.55ms
2025/12/13 20:20:53.901358 [20:20:49.142] 用户671 | ❌ 错误: Post "http://localhost:8080/api/seckill/buy": EOF | 耗时: 5462.68ms
2025/12/13 20:20:53.901369 [20:20:49.142] 用户10614 | ❌ 错误: Post "http://localhost:8080/api/seckill/buy": EOF | 耗时: 5463.67ms
2025/12/13 20:20:53.901376 [20:20:49.142] 用户1268 | ❌ 错误: Post "http://localhost:8080/api/seckill/buy": EOF | 耗时: 5274.71ms
2025/12/13 20:20:53.901382 [20:20:49.142] 用户7779 | ❌ 错误: Post "http://localhost:8080/api/seckill/buy": EOF | 耗时: 5424.10ms
2025/12/13 20:20:53.901387 [20:20:49.143] 用户2027 | ❌ 错误: Post "http://localhost:8080/api/seckill/buy": EOF | 耗时: 5464.15ms
2025/12/13 20:20:53.901393 [20:20:49.143] 用户9931 | ❌ 错误: Post "http://localhost:8080/api/seckill/buy": EOF | 耗时: 5431.51ms
2025/12/13 20:20:53.901398 [20:20:49.143] 用户730 | ❌ 错误: Post "http://localhost:8080/api/seckill/buy": EOF | 耗时: 5464.96ms
2025/12/13 20:20:53.901415 [20:20:49.146] 用户261 | ✅ 秒杀成功 | 耗时: 5463.56ms
2025/12/13 20:20:53.901420 [20:20:49.146] 用户1977 | ✅ 秒杀成功 | 耗时: 5463.58ms
2025/12/13 20:20:53.901425 [20:20:49.146] 用户1738 | ✅ 秒杀成功 | 耗时: 5463.54ms
2025/12/13 20:20:53.901429 [20:20:49.146] 用户1309 | ✅ 秒杀成功 | 耗时: 5463.58ms
2025/12/13 20:20:53.901433 [20:20:49.146] 用户1721 | ✅ 秒杀成功 | 耗时: 5464.46ms
2025/12/13 20:20:53.901437 [20:20:49.146] 用户1742 | ✅ 秒杀成功 | 耗时: 5463.61ms
2025/12/13 20:20:53.901442 [20:20:49.146] 用户546 | ✅ 秒杀成功 | 耗时: 5463.53ms
2025/12/13 20:20:53.901447 [20:20:49.146] 用户1791 | ✅ 秒杀成功 | 耗时: 5464.05ms
2025/12/13 20:20:53.901452 [20:20:49.146] 用户1979 | ✅ 秒杀成功 | 耗时: 5463.82ms
2025/12/13 20:20:53.901456 [20:20:49.146] 用户10957 | ✅ 秒杀成功 | 耗时: 5544.79ms
2025/12/13 20:20:53.901460 [20:20:49.146] 用户3970 | ✅ 秒杀成功 | 耗时: 5378.13ms
2025/12/13 20:20:53.901464 [20:20:49.146] 用户201 | ✅ 秒杀成功 | 耗时: 5463.42ms
2025/12/13 20:20:53.901469 [20:20:49.146] 用户1377 | ✅ 秒杀成功 | 耗时: 5463.81ms
2025/12/13 20:20:53.901473 [20:20:49.146] 用户1376 | ✅ 秒杀成功 | 耗时: 5464.00ms
2025/12/13 20:20:53.901477 [20:20:49.146] 用户1332 | ✅ 秒杀成功 | 耗时: 5464.07ms
2025/12/13 20:20:53.901481 [20:20:49.146] 用户241 | ✅ 秒杀成功 | 耗时: 5464.07ms
2025/12/13 20:20:53.901485 [20:20:49.146] 用户1117 | ✅ 秒杀成功 | 耗时: 5462.85ms
2025/12/13 20:20:53.901489 [20:20:49.146] 用户258 | ✅ 秒杀成功 | 耗时: 5463.59ms
2025/12/13 20:20:53.901493 [20:20:49.147] 用户1410 | ✅ 秒杀成功 | 耗时: 5464.25ms
2025/12/13 20:20:53.901498 [20:20:49.147] 用户1320 | ✅ 秒杀成功 | 耗时: 5464.15ms
2025/12/13 20:20:53.901503 [20:20:49.147] 用户1939 | ✅ 秒杀成功 | 耗时: 5464.52ms
2025/12/13 20:20:53.901508 [20:20:49.147] 用户1010 | ✅ 秒杀成功 | 耗时: 5464.42ms
2025/12/13 20:20:53.901512 [20:20:49.147] 用户1713 | ✅ 秒杀成功 | 耗时: 5377.67ms
2025/12/13 20:20:53.901517 [20:20:49.147] 用户278 | ✅ 秒杀成功 | 耗时: 5464.39ms
2025/12/13 20:20:53.901521 [20:20:49.147] 用户1590 | ✅ 秒杀成功 | 耗时: 5471.50ms
2025/12/13 20:20:53.901525 [20:20:49.147] 用户1409 | ✅ 秒杀成功 | 耗时: 5464.24ms
2025/12/13 20:20:53.901529 [20:20:49.147] 用户1515 | ✅ 秒杀成功 | 耗时: 5464.58ms
2025/12/13 20:20:53.901533 [20:20:49.147] 用户1333 | ✅ 秒杀成功 | 耗时: 5464.25ms
2025/12/13 20:20:53.901542 [20:20:49.147] 用户9418 | ✅ 秒杀成功 | 耗时: 5464.19ms
2025/12/13 20:20:53.901547 [20:20:49.147] 用户1301 | ✅ 秒杀成功 | 耗时: 5464.20ms
2025/12/13 20:20:53.901552 [20:20:49.147] 用户9658 | ✅ 秒杀成功 | 耗时: 5467.05ms
2025/12/13 20:20:53.901572 [20:20:49.147] 用户255 | ✅ 秒杀成功 | 耗时: 5463.29ms
2025/12/13 20:20:53.901577 [20:20:49.147] 用户9419 | ✅ 秒杀成功 | 耗时: 5464.34ms
2025/12/13 20:20:53.901579 [20:20:49.147] 用户2852 | ✅ 秒杀成功 | 耗时: 5463.47ms
2025/12/13 20:20:53.901581 [20:20:49.147] 用户256 | ✅ 秒杀成功 | 耗时: 5464.39ms
2025/12/13 20:20:53.901582 [20:20:49.147] 用户1408 | ✅ 秒杀成功 | 耗时: 5464.43ms
2025/12/13 20:20:53.901584 [20:20:49.147] 用户3276 | ✅ 秒杀成功 | 耗时: 5463.50ms
2025/12/13 20:20:53.901585 [20:20:49.150] 用户1735 | ✅ 秒杀成功 | 耗时: 5466.91ms
2025/12/13 20:20:53.901586 [20:20:49.150] 用户1973 | ✅ 秒杀成功 | 耗时: 5466.78ms
2025/12/13 20:20:53.901588 [20:20:49.150] 用户10093 | ✅ 秒杀成功 | 耗时: 5471.07ms
2025/12/13 20:20:53.901589 [20:20:49.150] 用户4019 | ✅ 秒杀成功 | 耗时: 5384.80ms
2025/12/13 20:20:53.901591 [20:20:49.150] 用户210 | ✅ 秒杀成功 | 耗时: 5466.81ms
2025/12/13 20:20:53.901592 [20:20:49.150] 用户8873 | ✅ 秒杀成功 | 耗时: 5435.36ms
2025/12/13 20:20:53.901594 [20:20:49.151] 用户7778 | ✅ 秒杀成功 | 耗时: 5432.56ms
2025/12/13 20:20:53.901595 [20:20:49.152] 用户1375 | ✅ 秒杀成功 | 耗时: 5469.57ms
2025/12/13 20:20:53.901597 [20:20:49.153] 用户495 | ✅ 秒杀成功 | 耗时: 5469.65ms
2025/12/13 20:20:53.901598 [20:20:49.153] 用户9636 | ✅ 秒杀成功 | 耗时: 5469.60ms
2025/12/13 20:20:53.901600 [20:20:49.154] 用户499 | ✅ 秒杀成功 | 耗时: 5470.80ms
2025/12/13 20:20:53.901601 [20:20:49.155] 用户1024 | ✅ 秒杀成功 | 耗时: 5435.16ms
2025/12/13 20:20:53.901602 [20:20:49.155] 用户1059 | ✅ 秒杀成功 | 耗时: 5471.54ms
2025/12/13 20:20:53.901604 [20:20:49.155] 用户473 | ✅ 秒杀成功 | 耗时: 5475.35ms
2025/12/13 20:20:53.901605 [20:20:49.155] 用户10287 | ✅ 秒杀成功 | 耗时: 5472.29ms
2025/12/13 20:20:53.901607 [20:20:49.155] 用户8042 | ✅ 秒杀成功 | 耗时: 5468.07ms
2025/12/13 20:20:53.901608 [20:20:49.155] 用户3275 | ✅ 秒杀成功 | 耗时: 5471.52ms
2025/12/13 20:20:53.901610 [20:20:49.155] 用户202 | ✅ 秒杀成功 | 耗时: 5472.13ms
2025/12/13 20:20:53.901611 [20:20:49.155] 用户560 | ✅ 秒杀成功 | 耗时: 5471.39ms
2025/12/13 20:20:53.901623 [20:20:49.155] 用户503 | ✅ 秒杀成功 | 耗时: 5471.65ms
2025/12/13 20:20:53.901627 [20:20:49.155] 用户228 | ✅ 秒杀成功 | 耗时: 5471.71ms
2025/12/13 20:20:53.901644 [20:20:49.155] 用户2001 | ✅ 秒杀成功 | 耗时: 5480.65ms
2025/12/13 20:20:53.901647 [20:20:49.155] 用户9326 | ✅ 秒杀成功 | 耗时: 5472.44ms
2025/12/13 20:20:53.901649 [20:20:49.155] 用户9853 | ✅ 秒杀成功 | 耗时: 5447.31ms
2025/12/13 20:20:53.901650 [20:20:49.155] 用户1119 | ✅ 秒杀成功 | 耗时: 5471.94ms
2025/12/13 20:20:53.901652 [20:20:49.155] 用户488 | ✅ 秒杀成功 | 耗时: 5471.97ms
2025/12/13 20:20:53.901653 [20:20:49.155] 用户2129 | ✅ 秒杀成功 | 耗时: 5480.76ms
2025/12/13 20:20:53.901655 [20:20:49.155] 用户2043 | ✅ 秒杀成功 | 耗时: 5480.77ms
2025/12/13 20:20:53.901656 [20:20:49.155] 用户497 | ✅ 秒杀成功 | 耗时: 5471.80ms
2025/12/13 20:20:53.901658 [20:20:49.155] 用户1843 | ✅ 秒杀成功 | 耗时: 5478.05ms
2025/12/13 20:20:53.901659 [20:20:49.156] 用户525 | ✅ 秒杀成功 | 耗时: 5472.21ms
2025/12/13 20:20:53.901661 [20:20:49.168] 用户452 | ✅ 秒杀成功 | 耗时: 5472.77ms
2025/12/13 20:20:53.901662 [20:20:49.168] 用户1101 | ✅ 秒杀成功 | 耗时: 5484.02ms
2025/12/13 20:20:53.901664 [20:20:49.172] 用户2443 | ✅ 秒杀成功 | 耗时: 5479.43ms
2025/12/13 20:20:53.901665 [20:20:49.173] 用户9350 | ❌ 错误: Post "http://localhost:8080/api/seckill/buy": EOF | 耗时: 5452.86ms
2025/12/13 20:20:53.901668 [20:20:49.173] 用户9293 | ❌ 错误: Post "http://localhost:8080/api/seckill/buy": EOF | 耗时: 5418.91ms
2025/12/13 20:20:53.901674 [20:20:49.173] 用户3563 | ❌ 错误: Post "http://localhost:8080/api/seckill/buy": EOF | 耗时: 5408.60ms
2025/12/13 20:20:53.901676 [20:20:49.173] 用户9338 | ❌ 错误: Post "http://localhost:8080/api/seckill/buy": EOF | 耗时: 5479.20ms
2025/12/13 20:20:53.901678 [20:20:49.174] 用户903 | ❌ 错误: Post "http://localhost:8080/api/seckill/buy": EOF | 耗时: 5471.38ms
2025/12/13 20:20:53.901680 [20:20:49.174] 用户3994 | ❌ 错误: Post "http://localhost:8080/api/seckill/buy": EOF | 耗时: 5409.39ms
2025/12/13 20:20:53.901682 [20:20:49.175] 用户8346 | ❌ 错误: Post "http://localhost:8080/api/seckill/buy": EOF | 耗时: 5457.31ms
2025/12/13 20:20:53.901684 [20:20:49.175] 用户1593 | ❌ 错误: Post "http://localhost:8080/api/seckill/buy": EOF | 耗时: 5499.90ms
2025/12/13 20:20:53.901685 [20:20:49.178] 用户2520 | ✅ 秒杀成功 | 耗时: 5485.20ms
2025/12/13 20:20:53.901687 [20:20:49.178] 用户3423 | ✅ 秒杀成功 | 耗时: 5519.49ms
2025/12/13 20:20:53.901688 [20:20:49.178] 用户1371 | ✅ 秒杀成功 | 耗时: 5478.51ms
2025/12/13 20:20:53.901690 [20:20:49.180] 用户9686 | ✅ 秒杀成功 | 耗时: 5505.11ms
2025/12/13 20:20:53.901691 [20:20:49.180] 用户1772 | ✅ 秒杀成功 | 耗时: 5498.72ms
2025/12/13 20:20:53.901693 [20:20:49.180] 用户2179 | ✅ 秒杀成功 | 耗时: 5416.42ms
2025/12/13 20:20:53.901694 [20:20:49.180] 用户9745 | ✅ 秒杀成功 | 耗时: 5505.33ms
2025/12/13 20:20:53.901695 [20:20:49.180] 用户2524 | ✅ 秒杀成功 | 耗时: 5487.69ms
2025/12/13 20:20:53.901697 [20:20:49.180] 用户77 | ✅ 秒杀成功 | 耗时: 5477.77ms
2025/12/13 20:20:53.901698 [20:20:49.181] 用户8561 | ✅ 秒杀成功 | 耗时: 5467.83ms
2025/12/13 20:20:53.901700 [20:20:49.182] 用户8543 | ✅ 秒杀成功 | 耗时: 5469.05ms
2025/12/13 20:20:53.901701 [20:20:49.184] 用户382 | ✅ 秒杀成功 | 耗时: 5492.57ms
2025/12/13 20:20:53.901702 [20:20:49.184] 用户1940 | ✅ 秒杀成功 | 耗时: 5501.51ms
2025/12/13 20:20:53.901704 [20:20:49.186] 用户8452 | ✅ 秒杀成功 | 耗时: 5468.74ms
2025/12/13 20:20:53.901705 [20:20:49.189] 用户8237 | ✅ 秒杀成功 | 耗时: 5471.62ms
2025/12/13 20:20:53.901706 [20:20:49.189] 用户8578 | ✅ 秒杀成功 | 耗时: 5476.54ms
2025/12/13 20:20:53.901708 [20:20:49.190] 用户185 | ✅ 秒杀成功 | 耗时: 5502.65ms
2025/12/13 20:20:53.901709 [20:20:49.190] 用户9967 | ✅ 秒杀成功 | 耗时: 5482.65ms
2025/12/13 20:20:53.901711 [20:20:49.190] 用户3041 | ✅ 秒杀成功 | 耗时: 5423.43ms
2025/12/13 20:20:53.901712 [20:20:49.190] 用户10188 | ✅ 秒杀成功 | 耗时: 5483.08ms
2025/12/13 20:20:53.901713 [20:20:49.190] 用户2872 | ✅ 秒杀成功 | 耗时: 5440.15ms
2025/12/13 20:20:53.901715 [20:20:49.190] 用户58 | ✅ 秒杀成功 | 耗时: 5497.69ms
2025/12/13 20:20:53.901716 [20:20:49.191] 用户10449 | ✅ 秒杀成功 | 耗时: 5516.04ms
2025/12/13 20:20:53.901718 [20:20:49.191] 用户3863 | ✅ 秒杀成功 | 耗时: 5471.32ms
2025/12/13 20:20:53.901719 [20:20:49.192] 用户8778 | ✅ 秒杀成功 | 耗时: 5477.88ms
2025/12/13 20:20:53.901720 [20:20:49.217] 用户8172 | ✅ 秒杀成功 | 耗时: 5497.36ms
2025/12/13 20:20:53.901722 [20:20:49.232] 用户8214 | ✅ 秒杀成功 | 耗时: 5539.41ms
2025/12/13 20:20:53.901723 [20:20:49.270] 用户3111 | ✅ 秒杀成功 | 耗时: 5579.42ms
2025/12/13 20:20:53.901724 [20:20:49.278] 用户1956 | ✅ 秒杀成功 | 耗时: 5598.43ms
2025/12/13 20:20:53.901726 [20:20:49.280] 用户2626 | ✅ 秒杀成功 | 耗时: 5600.48ms
2025/12/13 20:20:53.901727 [20:20:49.280] 用户664 | ✅ 秒杀成功 | 耗时: 5600.59ms
2025/12/13 20:20:53.901729 [20:20:49.284] 用户8575 | ✅ 秒杀成功 | 耗时: 5571.13ms
2025/12/13 20:20:53.901730 [20:20:49.284] 用户2416 | ✅ 秒杀成功 | 耗时: 5590.58ms
2025/12/13 20:20:53.901731 [20:20:49.284] 用户2335 | ✅ 秒杀成功 | 耗时: 5604.51ms
2025/12/13 20:20:53.901733 [20:20:49.322] 用户548 | ✅ 秒杀成功 | 耗时: 5643.08ms
2025/12/13 20:20:53.901734 [20:20:49.323] 用户603 | ✅ 秒杀成功 | 耗时: 5643.75ms
2025/12/13 20:20:53.901735 [20:20:49.332] 用户2418 | ✅ 秒杀成功 | 耗时: 5638.76ms
2025/12/13 20:20:53.901737 [20:20:49.365] 用户10333 | ✅ 秒杀成功 | 耗时: 5672.78ms
2025/12/13 20:20:53.901738 [20:20:49.366] 用户2775 | ✅ 秒杀成功 | 耗时: 5672.38ms
2025/12/13 20:20:53.901739 [20:20:49.436] 用户7554 | ✅ 秒杀成功 | 耗时: 5716.23ms
2025/12/13 20:20:53.901741 [20:20:49.456] 用户10181 | ✅ 秒杀成功 | 耗时: 5763.54ms
2025/12/13 20:20:53.901743 [20:20:49.456] 用户2434 | ✅ 秒杀成功 | 耗时: 5763.03ms
2025/12/13 20:20:53.901745 [20:20:49.456] 用户2189 | ✅ 秒杀成功 | 耗时: 5692.32ms
2025/12/13 20:20:53.901746 [20:20:49.456] 用户598 | ✅ 秒杀成功 | 耗时: 5777.05ms
2025/12/13 20:20:53.901767 [20:20:49.478] 用户804 | ✅ 秒杀成功 | 耗时: 5790.97ms
2025/12/13 20:20:53.901769 [20:20:49.478] 用户816 | ✅ 秒杀成功 | 耗时: 5793.46ms
2025/12/13 20:20:53.901770 [20:20:49.480] 用户9720 | ✅ 秒杀成功 | 耗时: 5784.31ms
2025/12/13 20:20:53.901771 [20:20:49.480] 用户9218 | ✅ 秒杀成功 | 耗时: 5777.52ms
2025/12/13 20:20:53.901773 [20:20:49.480] 用户8089 | ✅ 秒杀成功 | 耗时: 5762.13ms
2025/12/13 20:20:53.901774 [20:20:49.481] 用户9687 | ✅ 秒杀成功 | 耗时: 5778.12ms
2025/12/13 20:20:53.901776 [20:20:49.481] 用户2426 | ✅ 秒杀成功 | 耗时: 5787.90ms
2025/12/13 20:20:53.901777 [20:20:49.484] 用户8044 | ✅ 秒杀成功 | 耗时: 5797.46ms
2025/12/13 20:20:53.901778 [20:20:49.484] 用户9286 | ✅ 秒杀成功 | 耗时: 5781.46ms
2025/12/13 20:20:53.901780 [20:20:49.484] 用户1001 | ✅ 秒杀成功 | 耗时: 5797.62ms
2025/12/13 20:20:53.901781 [20:20:49.486] 用户8813 | ✅ 秒杀成功 | 耗时: 5793.01ms
2025/12/13 20:20:53.901783 [20:20:49.486] 用户220 | ✅ 秒杀成功 | 耗时: 5802.19ms
2025/12/13 20:20:53.901784 [20:20:49.487] 用户2069 | ✅ 秒杀成功 | 耗时: 5802.23ms
2025/12/13 20:20:53.901785 [20:20:49.488] 用户1597 | ✅ 秒杀成功 | 耗时: 5792.69ms
2025/12/13 20:20:53.901787 [20:20:49.488] 用户3262 | ✅ 秒杀成功 | 耗时: 5803.68ms
2025/12/13 20:20:53.901788 [20:20:49.489] 用户2906 | ✅ 秒杀成功 | 耗时: 5795.18ms
2025/12/13 20:20:53.901790 [20:20:49.489] 用户10163 | ✅ 秒杀成功 | 耗时: 5796.06ms
2025/12/13 20:20:53.901791 [20:20:49.489] 用户3055 | ✅ 秒杀成功 | 耗时: 5723.34ms
2025/12/13 20:20:53.901792 [20:20:49.489] 用户8306 | ✅ 秒杀成功 | 耗时: 5769.56ms
2025/12/13 20:20:53.901793 [20:20:49.489] 用户21 | ✅ 秒杀成功 | 耗时: 5769.77ms
2025/12/13 20:20:53.901795 [20:20:49.489] 用户8941 | ✅ 秒杀成功 | 耗时: 5769.91ms
2025/12/13 20:20:53.901796 [20:20:49.489] 用户9982 | ✅ 秒杀成功 | 耗时: 5769.68ms
2025/12/13 20:20:53.901798 [20:20:49.489] 用户10351 | ✅ 秒杀成功 | 耗时: 5875.91ms
2025/12/13 20:20:53.901799 [20:20:49.489] 用户1022 | ✅ 秒杀成功 | 耗时: 5802.65ms
2025/12/13 20:20:53.901800 [20:20:49.489] 用户10153 | ✅ 秒杀成功 | 耗时: 5886.73ms
2025/12/13 20:20:53.901802 [20:20:49.489] 用户7891 | ✅ 秒杀成功 | 耗时: 5771.54ms
2025/12/13 20:20:53.901803 [20:20:49.489] 用户3258 | ✅ 秒杀成功 | 耗时: 5804.41ms
2025/12/13 20:20:53.901804 [20:20:49.489] 用户7290 | ✅ 秒杀成功 | 耗时: 5771.33ms
2025/12/13 20:20:53.901820 [20:20:49.489] 用户96 | ✅ 秒杀成功 | 耗时: 5805.37ms
2025/12/13 20:20:53.901832 [20:20:49.490] 用户10288 | ✅ 秒杀成功 | 耗时: 5887.13ms
2025/12/13 20:20:53.901837 [20:20:49.490] 用户204 | ✅ 秒杀成功 | 耗时: 5809.92ms
2025/12/13 20:20:53.901843 [20:20:49.490] 用户8957 | ✅ 秒杀成功 | 耗时: 5776.81ms
2025/12/13 20:20:53.901848 [20:20:49.490] 用户2793 | ✅ 秒杀成功 | 耗时: 5769.94ms
2025/12/13 20:20:53.901853 [20:20:49.490] 用户8924 | ✅ 秒杀成功 | 耗时: 5776.27ms
2025/12/13 20:20:53.901858 [20:20:49.490] 用户8908 | ✅ 秒杀成功 | 耗时: 5776.24ms
2025/12/13 20:20:53.901863 [20:20:49.490] 用户8918 | ✅ 秒杀成功 | 耗时: 5776.36ms
2025/12/13 20:20:53.901867 [20:20:49.490] 用户8913 | ✅ 秒杀成功 | 耗时: 5776.46ms
2025/12/13 20:20:53.901872 [20:20:49.491] 用户7652 | ✅ 秒杀成功 | 耗时: 5772.84ms
2025/12/13 20:20:53.901877 [20:20:49.491] 用户928 | ✅ 秒杀成功 | 耗时: 5790.97ms
2025/12/13 20:20:53.901883 [20:20:49.491] 用户9732 | ✅ 秒杀成功 | 耗时: 5777.37ms
2025/12/13 20:20:53.901887 [20:20:49.491] 用户7197 | ✅ 秒杀成功 | 耗时: 5796.39ms
2025/12/13 20:20:53.901891 [20:20:49.493] 用户1286 | ✅ 秒杀成功 | 耗时: 5647.20ms
2025/12/13 20:20:53.901896 [20:20:49.493] 用户995 | ✅ 秒杀成功 | 耗时: 5806.26ms
2025/12/13 20:20:53.901908 [20:20:49.493] 用户7587 | ✅ 秒杀成功 | 耗时: 5774.30ms
2025/12/13 20:20:53.901914 [20:20:49.494] 用户2081 | ✅ 秒杀成功 | 耗时: 5819.67ms
2025/12/13 20:20:53.901918 [20:20:49.494] 用户2867 | ✅ 秒杀成功 | 耗时: 5816.72ms
2025/12/13 20:20:53.901936 [20:20:49.495] 用户3967 | ✅ 秒杀成功 | 耗时: 5727.94ms
2025/12/13 20:20:53.901943 [20:20:49.495] 用户10084 | ✅ 秒杀成功 | 耗时: 5811.17ms
2025/12/13 20:20:53.901947 [20:20:49.495] 用户2176 | ✅ 秒杀成功 | 耗时: 5730.77ms
2025/12/13 20:20:53.901952 [20:20:49.495] 用户9861 | ✅ 秒杀成功 | 耗时: 5788.04ms
2025/12/13 20:20:53.901956 [20:20:49.495] 用户8389 | ✅ 秒杀成功 | 耗时: 5799.72ms
2025/12/13 20:20:53.901960 [20:20:49.495] 用户10060 | ✅ 秒杀成功 | 耗时: 5792.36ms
2025/12/13 20:20:53.901964 [20:20:49.495] 用户10871 | ✅ 秒杀成功 | 耗时: 5799.77ms
2025/12/13 20:20:53.901968 [20:20:49.495] 用户6071 | ✅ 秒杀成功 | 耗时: 5865.94ms
2025/12/13 20:20:53.901973 [20:20:49.498] 用户9621 | ✅ 秒杀成功 | 耗时: 5802.94ms
2025/12/13 20:20:53.901977 [20:20:49.498] 用户909 | ✅ 秒杀成功 | 耗时: 5796.17ms
2025/12/13 20:20:53.901981 [20:20:49.498] 用户10795 | ✅ 秒杀成功 | 耗时: 5823.08ms
2025/12/13 20:20:53.901985 [20:20:49.498] 用户8352 | ✅ 秒杀成功 | 耗时: 5780.04ms
2025/12/13 20:20:53.901989 [20:20:49.498] 用户9721 | ✅ 秒杀成功 | 耗时: 5784.71ms
2025/12/13 20:20:53.901993 [20:20:49.499] 用户1690 | ✅ 秒杀成功 | 耗时: 5708.71ms
2025/12/13 20:20:53.901997 [20:20:49.499] 用户9034 | ✅ 秒杀成功 | 耗时: 5792.59ms
2025/12/13 20:20:53.902002 [20:20:49.500] 用户1833 | ✅ 秒杀成功 | 耗时: 5666.38ms
2025/12/13 20:20:53.902007 [20:20:49.502] 用户10878 | ✅ 秒杀成功 | 耗时: 5806.76ms
2025/12/13 20:20:53.902022 [20:20:49.502] 用户22 | ✅ 秒杀成功 | 耗时: 5807.07ms
2025/12/13 20:20:53.902027 [20:20:49.502] 用户10806 | ✅ 秒杀成功 | 耗时: 5806.31ms
2025/12/13 20:20:53.902033 [20:20:49.502] 用户9572 | ✅ 秒杀成功 | 耗时: 5827.10ms
2025/12/13 20:20:53.902037 [20:20:49.502] 用户10889 | ✅ 秒杀成功 | 耗时: 5807.05ms
2025/12/13 20:20:53.902041 [20:20:49.502] 用户7607 | ✅ 秒杀成功 | 耗时: 5810.23ms
2025/12/13 20:20:53.902049 [20:20:49.502] 用户822 | ✅ 秒杀成功 | 耗时: 5818.21ms
2025/12/13 20:20:53.902053 [20:20:49.503] 用户10862 | ✅ 秒杀成功 | 耗时: 5806.97ms
2025/12/13 20:20:53.902058 [20:20:49.503] 用户8910 | ✅ 秒杀成功 | 耗时: 5788.74ms
2025/12/13 20:20:53.902072 [20:20:49.503] 用户3286 | ✅ 秒杀成功 | 耗时: 5818.26ms
2025/12/13 20:20:53.902077 [20:20:49.503] 用户3279 | ✅ 秒杀成功 | 耗时: 5819.03ms
2025/12/13 20:20:53.902081 [20:20:49.503] 用户9184 | ✅ 秒杀成功 | 耗时: 5800.04ms
2025/12/13 20:20:53.902085 [20:20:49.503] 用户10883 | ✅ 秒杀成功 | 耗时: 5807.64ms
2025/12/13 20:20:53.902089 [20:20:49.503] 用户8240 | ✅ 秒杀成功 | 耗时: 5786.08ms
2025/12/13 20:20:53.902093 [20:20:49.503] 用户17 | ✅ 秒杀成功 | 耗时: 5810.82ms
2025/12/13 20:20:53.902097 [20:20:49.503] 用户9339 | ✅ 秒杀成功 | 耗时: 5749.17ms
2025/12/13 20:20:53.902101 [20:20:49.503] 用户2346 | ✅ 秒杀成功 | 耗时: 5819.29ms
2025/12/13 20:20:53.902105 [20:20:49.504] 用户569 | ✅ 秒杀成功 | 耗时: 5807.68ms
2025/12/13 20:20:53.902109 [20:20:49.504] 用户5222 | ✅ 秒杀成功 | 耗时: 5865.95ms
2025/12/13 20:20:53.902127 [20:20:49.504] 用户1108 | ✅ 秒杀成功 | 耗时: 5819.55ms
2025/12/13 20:20:53.902133 [20:20:49.504] 用户2135 | ✅ 秒杀成功 | 耗时: 5829.62ms
2025/12/13 20:20:53.902137 [20:20:49.504] 用户3038 | ✅ 秒杀成功 | 耗时: 5737.64ms
2025/12/13 20:20:53.902141 [20:20:49.504] 用户9694 | ✅ 秒杀成功 | 耗时: 5829.65ms
2025/12/13 20:20:53.902145 [20:20:49.504] 用户2829 | ✅ 秒杀成功 | 耗时: 5784.66ms
2025/12/13 20:20:53.902149 [20:20:49.505] 用户8693 | ✅ 秒杀成功 | 耗时: 5785.18ms
2025/12/13 20:20:53.902153 [20:20:49.506] 用户1459 | ✅ 秒杀成功 | 耗时: 5830.82ms
2025/12/13 20:20:53.902157 [20:20:49.506] 用户2776 | ✅ 秒杀成功 | 耗时: 5769.67ms
2025/12/13 20:20:53.902161 [20:20:49.506] 用户3990 | ✅ 秒杀成功 | 耗时: 5741.19ms
2025/12/13 20:20:53.902165 [20:20:49.506] 用户7410 | ✅ 秒杀成功 | 耗时: 5890.39ms
2025/12/13 20:20:53.902169 [20:20:49.507] 用户3562 | ✅ 秒杀成功 | 耗时: 5742.54ms
2025/12/13 20:20:53.902173 [20:20:49.507] 用户161 | ✅ 秒杀成功 | 耗时: 5788.15ms
2025/12/13 20:20:53.902177 [20:20:49.508] 用户8735 | ✅ 秒杀成功 | 耗时: 5794.01ms
2025/12/13 20:20:53.902181 [20:20:49.510] 用户2527 | ✅ 秒杀成功 | 耗时: 5817.30ms
2025/12/13 20:20:53.902185 [20:20:49.511] 用户8900 | ✅ 秒杀成功 | 耗时: 5796.75ms
2025/12/13 20:20:53.902189 [20:20:49.512] 用户7565 | ✅ 秒杀成功 | 耗时: 5792.81ms
2025/12/13 20:20:53.902193 [20:20:49.513] 用户6902 | ✅ 秒杀成功 | 耗时: 5882.05ms
2025/12/13 20:20:53.902200 [20:20:49.513] 用户4326 | ✅ 秒杀成功 | 耗时: 5866.26ms
2025/12/13 20:20:53.902205 [20:20:49.515] 用户446 | ✅ 秒杀成功 | 耗时: 5830.73ms
2025/12/13 20:20:53.902209 [20:20:49.515] 用户10307 | ✅ 秒杀成功 | 耗时: 5839.70ms
2025/12/13 20:20:53.902225 [20:20:49.515] 用户2351 | ✅ 秒杀成功 | 耗时: 5831.19ms
2025/12/13 20:20:53.902231 [20:20:49.515] 用户8048 | ✅ 秒杀成功 | 耗时: 5797.42ms
2025/12/13 20:20:53.902233 [20:20:49.515] 用户8617 | ✅ 秒杀成功 | 耗时: 5800.94ms
2025/12/13 20:20:53.902234 [20:20:49.515] 用户2367 | ✅ 秒杀成功 | 耗时: 5835.74ms
2025/12/13 20:20:53.902236 [20:20:49.515] 用户8876 | ✅ 秒杀成功 | 耗时: 5801.49ms
2025/12/13 20:20:53.902237 [20:20:49.515] 用户10074 | ✅ 秒杀成功 | 耗时: 5812.49ms
2025/12/13 20:20:53.902239 [20:20:49.515] 用户1109 | ✅ 秒杀成功 | 耗时: 5831.28ms
2025/12/13 20:20:53.902240 [20:20:49.515] 用户8092 | ✅ 秒杀成功 | 耗时: 5797.23ms
2025/12/13 20:20:53.902241 [20:20:49.515] 用户9996 | ✅ 秒杀成功 | 耗时: 5798.37ms
2025/12/13 20:20:53.902243 [20:20:49.519] 用户1596 | ✅ 秒杀成功 | 耗时: 5824.05ms
2025/12/13 20:20:53.902244 [20:20:49.519] 用户329 | ✅ 秒杀成功 | 耗时: 5826.05ms
2025/12/13 20:20:53.902246 [20:20:49.520] 用户2993 | ✅ 秒杀成功 | 耗时: 5825.53ms
2025/12/13 20:20:53.902247 [20:20:49.520] 用户9478 | ✅ 秒杀成功 | 耗时: 5822.49ms
2025/12/13 20:20:53.902248 [20:20:49.520] 用户4093 | ✅ 秒杀成功 | 耗时: 5872.73ms
2025/12/13 20:20:53.902250 [20:20:49.520] 用户8887 | ✅ 秒杀成功 | 耗时: 5800.85ms
2025/12/13 20:20:53.902251 [20:20:49.520] 用户10834 | ✅ 秒杀成功 | 耗时: 5824.46ms
2025/12/13 20:20:53.902253 [20:20:49.520] 用户2983 | ✅ 秒杀成功 | 耗时: 5800.75ms
2025/12/13 20:20:53.902254 [20:20:49.521] 用户7788 | ✅ 秒杀成功 | 耗时: 5802.81ms
2025/12/13 20:20:53.902256 [20:20:49.521] 用户7784 | ✅ 秒杀成功 | 耗时: 5802.79ms
2025/12/13 20:20:53.902257 [20:20:49.521] 用户1152 | ✅ 秒杀成功 | 耗时: 5801.79ms
2025/12/13 20:20:53.902258 [20:20:49.521] 用户8453 | ✅ 秒杀成功 | 耗时: 5803.39ms
2025/12/13 20:20:53.902260 [20:20:49.521] 用户8480 | ✅ 秒杀成功 | 耗时: 5803.71ms
2025/12/13 20:20:53.902261 [20:20:49.521] 用户2348 | ✅ 秒杀成功 | 耗时: 5837.37ms
2025/12/13 20:20:53.902263 [20:20:49.521] 用户8350 | ✅ 秒杀成功 | 耗时: 5803.07ms
2025/12/13 20:20:53.902264 [20:20:49.522] 用户3263 | ✅ 秒杀成功 | 耗时: 5837.47ms
2025/12/13 20:20:53.902265 [20:20:49.522] 用户9848 | ✅ 秒杀成功 | 耗时: 5838.34ms
2025/12/13 20:20:53.902266 [20:20:49.522] 用户9289 | ✅ 秒杀成功 | 耗时: 5825.25ms
2025/12/13 20:20:53.902268 [20:20:49.522] 用户1501 | ✅ 秒杀成功 | 耗时: 5842.62ms
2025/12/13 20:20:53.902269 [20:20:49.522] 用户217 | ✅ 秒杀成功 | 耗时: 5837.61ms
2025/12/13 20:20:53.902271 [20:20:49.522] 用户2347 | ✅ 秒杀成功 | 耗时: 5838.00ms
2025/12/13 20:20:53.902272 [20:20:49.523] 用户10657 | ✅ 秒杀成功 | 耗时: 5826.88ms
2025/12/13 20:20:53.902273 [20:20:49.524] 用户3370 | ✅ 秒杀成功 | 耗时: 5849.36ms
2025/12/13 20:20:53.902275 [20:20:49.525] 用户10228 | ✅ 秒杀成功 | 耗时: 5911.13ms
2025/12/13 20:20:53.902276 [20:20:49.525] 用户8420 | ✅ 秒杀成功 | 耗时: 5829.96ms
2025/12/13 20:20:53.902278 [20:20:49.527] 用户214 | ✅ 秒杀成功 | 耗时: 5842.80ms
2025/12/13 20:20:53.902279 [20:20:49.527] 用户4679 | ✅ 秒杀成功 | 耗时: 5881.80ms
2025/12/13 20:20:53.902280 [20:20:49.528] 用户2343 | ✅ 秒杀成功 | 耗时: 5843.35ms
2025/12/13 20:20:53.902282 [20:20:49.528] 用户8760 | ✅ 秒杀成功 | 耗时: 5814.14ms
2025/12/13 20:20:53.902283 [20:20:49.528] 用户8694 | ✅ 秒杀成功 | 耗时: 5809.15ms
2025/12/13 20:20:53.902284 [20:20:49.528] 用户2650 | ✅ 秒杀成功 | 耗时: 5808.49ms
2025/12/13 20:20:53.902286 [20:20:49.529] 用户9988 | ✅ 秒杀成功 | 耗时: 5821.50ms
2025/12/13 20:20:53.902287 [20:20:49.529] 用户753 | ✅ 秒杀成功 | 耗时: 5826.79ms
2025/12/13 20:20:53.902289 [20:20:49.529] 用户561 | ✅ 秒杀成功 | 耗时: 5845.59ms
2025/12/13 20:20:53.902290 [20:20:49.530] 用户9604 | ✅ 秒杀成功 | 耗时: 5822.74ms
2025/12/13 20:20:53.902291 [20:20:49.530] 用户10192 | ✅ 秒杀成功 | 耗时: 5822.83ms
2025/12/13 20:20:53.902293 [20:20:49.530] 用户8121 | ✅ 秒杀成功 | 耗时: 5813.20ms
2025/12/13 20:20:53.902294 [20:20:49.530] 用户7639 | ✅ 秒杀成功 | 耗时: 5811.99ms
2025/12/13 20:20:53.902295 [20:20:49.531] 用户9959 | ✅ 秒杀成功 | 耗时: 5823.26ms
2025/12/13 20:20:53.902297 [20:20:49.531] 用户9620 | ✅ 秒杀成功 | 耗时: 5835.65ms
2025/12/13 20:20:53.902298 [20:20:49.531] 用户7157 | ✅ 秒杀成功 | 耗时: 5812.66ms
2025/12/13 20:20:53.902299 [20:20:49.531] 用户9727 | ✅ 秒杀成功 | 耗时: 5817.30ms
2025/12/13 20:20:53.902301 [20:20:49.531] 用户3056 | ✅ 秒杀成功 | 耗时: 5765.89ms
2025/12/13 20:20:53.902302 [20:20:49.532] 用户9961 | ✅ 秒杀成功 | 耗时: 5812.08ms
2025/12/13 20:20:53.902303 [20:20:49.534] 用户2645 | ✅ 秒杀成功 | 耗时: 5813.86ms
2025/12/13 20:20:53.902305 [20:20:49.535] 用户10080 | ✅ 秒杀成功 | 耗时: 5851.63ms
2025/12/13 20:20:53.902306 [20:20:49.535] 用户3581 | ✅ 秒杀成功 | 耗时: 5771.51ms
2025/12/13 20:20:53.902308 [20:20:49.536] 用户190 | ✅ 秒杀成功 | 耗时: 5848.96ms
2025/12/13 20:20:53.902309 [20:20:49.537] 用户11 | ✅ 秒杀成功 | 耗时: 5852.46ms
2025/12/13 20:20:53.902310 [20:20:49.538] 用户2525 | ✅ 秒杀成功 | 耗时: 5844.87ms
2025/12/13 20:20:53.902312 [20:20:49.546] 用户9915 | ✅ 秒杀成功 | 耗时: 5861.93ms
2025/12/13 20:20:53.902313 [20:20:49.549] 用户8072 | ✅ 秒杀成功 | 耗时: 5830.63ms
2025/12/13 20:20:53.902314 [20:20:49.549] 用户10526 | ✅ 秒杀成功 | 耗时: 5862.11ms
2025/12/13 20:20:53.902316 [20:20:49.550] 用户2264 | ✅ 秒杀成功 | 耗时: 5736.64ms
2025/12/13 20:20:53.902317 [20:20:49.551] 用户10848 | ✅ 秒杀成功 | 耗时: 5855.29ms
2025/12/13 20:20:53.902318 [20:20:49.552] 用户8370 | ✅ 秒杀成功 | 耗时: 5834.34ms
2025/12/13 20:20:53.902320 [20:20:49.553] 用户3048 | ✅ 秒杀成功 | 耗时: 5785.99ms
2025/12/13 20:20:53.902321 [20:20:49.553] 用户9734 | ✅ 秒杀成功 | 耗时: 5877.58ms
2025/12/13 20:20:53.902322 [20:20:49.553] 用户7868 | ✅ 秒杀成功 | 耗时: 5834.59ms
2025/12/13 20:20:53.902324 [20:20:49.553] 用户1937 | ✅ 秒杀成功 | 耗时: 5878.47ms
2025/12/13 20:20:53.902325 [20:20:49.553] 用户1821 | ✅ 秒杀成功 | 耗时: 5719.13ms
2025/12/13 20:20:53.902326 [20:20:49.553] 用户573 | ✅ 秒杀成功 | 耗时: 5868.99ms
2025/12/13 20:20:53.902328 [20:20:49.553] 用户2388 | ✅ 秒杀成功 | 耗时: 5833.35ms
2025/12/13 20:20:53.902329 [20:20:49.554] 用户10087 | ✅ 秒杀成功 | 耗时: 5869.33ms
2025/12/13 20:20:53.902330 [20:20:49.554] 用户10151 | ✅ 秒杀成功 | 耗时: 5950.96ms
2025/12/13 20:20:53.902336 [20:20:49.554] 用户10155 | ✅ 秒杀成功 | 耗时: 5951.06ms
2025/12/13 20:20:53.902338 [20:20:49.554] 用户9052 | ✅ 秒杀成功 | 耗时: 5849.97ms
2025/12/13 20:20:53.902340 [20:20:49.554] 用户2745 | ✅ 秒杀成功 | 耗时: 5740.72ms
2025/12/13 20:20:53.902341 [20:20:49.554] 用户9164 | ✅ 秒杀成功 | 耗时: 5835.86ms
2025/12/13 20:20:53.902343 [20:20:49.554] 用户3296 | ✅ 秒杀成功 | 耗时: 5860.39ms
2025/12/13 20:20:53.902344 [20:20:49.555] 用户3929 | ✅ 秒杀成功 | 耗时: 5786.37ms
2025/12/13 20:20:53.902346 [20:20:49.555] 用户3930 | ✅ 秒杀成功 | 耗时: 5860.42ms
2025/12/13 20:20:53.902347 [20:20:49.556] 用户10840 | ✅ 秒杀成功 | 耗时: 5860.09ms
2025/12/13 20:20:53.902348 [20:20:49.556] 用户8391 | ✅ 秒杀成功 | 耗时: 5860.83ms
2025/12/13 20:20:53.902350 [20:20:49.556] 用户8162 | ✅ 秒杀成功 | 耗时: 5839.17ms
2025/12/13 20:20:53.902351 [20:20:49.556] 用户151 | ✅ 秒杀成功 | 耗时: 5837.14ms
2025/12/13 20:20:53.902352 [20:20:49.557] 用户1499 | ✅ 秒杀成功 | 耗时: 5877.62ms
2025/12/13 20:20:53.902354 [20:20:49.557] 用户8949 | ✅ 秒杀成功 | 耗时: 5843.16ms
2025/12/13 20:20:53.902355 [20:20:49.557] 用户1953 | ✅ 秒杀成功 | 耗时: 5877.66ms
2025/12/13 20:20:53.902357 [20:20:49.557] 用户9912 | ✅ 秒杀成功 | 耗时: 5845.62ms
2025/12/13 20:20:53.902358 [20:20:49.557] 用户9076 | ✅ 秒杀成功 | 耗时: 5862.73ms
2025/12/13 20:20:53.902359 [20:20:49.557] 用户9480 | ✅ 秒杀成功 | 耗时: 5860.40ms
2025/12/13 20:20:53.902361 [20:20:49.558] 用户4319 | ✅ 秒杀成功 | 耗时: 5910.24ms
2025/12/13 20:20:53.902362 [20:20:49.558] 用户9028 | ✅ 秒杀成功 | 耗时: 5851.65ms
2025/12/13 20:20:53.902363 [20:20:49.560] 用户9807 | ✅ 秒杀成功 | 耗时: 5851.61ms
2025/12/13 20:20:53.902365 [20:20:49.560] 用户10455 | ✅ 秒杀成功 | 耗时: 5852.04ms
2025/12/13 20:20:53.902366 [20:20:49.561] 用户479 | ✅ 秒杀成功 | 耗时: 5876.23ms
2025/12/13 20:20:53.902367 [20:20:49.561] 用户8706 | ✅ 秒杀成功 | 耗时: 5853.88ms
2025/12/13 20:20:53.902369 [20:20:49.561] 用户764 | ✅ 秒杀成功 | 耗时: 5861.26ms
2025/12/13 20:20:53.902370 [20:20:49.561] 用户3517 | ✅ 秒杀成功 | 耗时: 5685.24ms
2025/12/13 20:20:53.902371 [20:20:49.561] 用户10890 | ✅ 秒杀成功 | 耗时: 5865.93ms
2025/12/13 20:20:53.902373 [20:20:49.561] 用户10882 | ✅ 秒杀成功 | 耗时: 5866.13ms
2025/12/13 20:20:53.902374 [20:20:49.562] 用户7412 | ✅ 秒杀成功 | 耗时: 5945.95ms
2025/12/13 20:20:53.902375 [20:20:49.562] 用户680 | ✅ 秒杀成功 | 耗时: 5883.70ms
2025/12/13 20:20:53.902377 [20:20:49.562] 用户10157 | ✅ 秒杀成功 | 耗时: 5865.85ms
2025/12/13 20:20:53.902378 [20:20:49.562] 用户10648 | ✅ 秒杀成功 | 耗时: 5879.04ms
2025/12/13 20:20:53.902379 [20:20:49.562] 用户9592 | ✅ 秒杀成功 | 耗时: 5850.74ms
2025/12/13 20:20:53.902381 [20:20:49.562] 用户7182 | ✅ 秒杀成功 | 耗时: 5751.63ms
2025/12/13 20:20:53.902382 [20:20:49.562] 用户3744 | ✅ 秒杀成功 | 耗时: 5915.25ms
2025/12/13 20:20:53.902384 [20:20:49.562] 用户2125 | ✅ 秒杀成功 | 耗时: 5812.00ms
2025/12/13 20:20:53.902385 [20:20:49.562] 用户9810 | ✅ 秒杀成功 | 耗时: 5886.47ms
2025/12/13 20:20:53.902386 [20:20:49.563] 用户3577 | ✅ 秒杀成功 | 耗时: 5798.63ms
2025/12/13 20:20:53.902388 [20:20:49.563] 用户3290 | ✅ 秒杀成功 | 耗时: 5861.66ms
2025/12/13 20:20:53.902389 [20:20:49.564] 用户3021 | ✅ 秒杀成功 | 耗时: 5868.65ms
2025/12/13 20:20:53.902390 [20:20:49.564] 用户3912 | ✅ 秒杀成功 | 耗时: 5844.34ms
2025/12/13 20:20:53.902392 [20:20:49.564] 用户8756 | ✅ 秒杀成功 | 耗时: 5850.53ms
2025/12/13 20:20:53.902393 [20:20:49.564] 用户7530 | ✅ 秒杀成功 | 耗时: 5846.07ms
2025/12/13 20:20:53.902395 [20:20:49.564] 用户1281 | ✅ 秒杀成功 | 耗时: 5697.10ms
2025/12/13 20:20:53.902396 [20:20:49.565] 用户10417 | ✅ 秒杀成功 | 耗时: 5847.64ms
2025/12/13 20:20:53.902407 [20:20:49.565] 用户8157 | ✅ 秒杀成功 | 耗时: 5848.41ms
2025/12/13 20:20:53.902409 [20:20:49.580] 用户2699 | ✅ 秒杀成功 | 耗时: 5914.81ms
2025/12/13 20:20:53.902410 [20:20:49.580] 用户453 | ✅ 秒杀成功 | 耗时: 5884.78ms
2025/12/13 20:20:53.902412 [20:20:49.581] 用户9210 | ✅ 秒杀成功 | 耗时: 5878.48ms
2025/12/13 20:20:53.902413 [20:20:49.581] 用户3734 | ✅ 秒杀成功 | 耗时: 5936.56ms
2025/12/13 20:20:53.902415 [20:20:49.588] 用户572 | ✅ 秒杀成功 | 耗时: 5892.29ms
2025/12/13 20:20:53.902416 [20:20:49.603] 用户820 | ✅ 秒杀成功 | 耗时: 5919.05ms
2025/12/13 20:20:53.902449 [20:20:49.603] 用户7928 | ✅ 秒杀成功 | 耗时: 5886.24ms
2025/12/13 20:20:53.902458 [20:20:49.605] 用户9461 | ✅ 秒杀成功 | 耗时: 5893.06ms
2025/12/13 20:20:53.902461 [20:20:49.606] 用户9514 | ✅ 秒杀成功 | 耗时: 5894.72ms
2025/12/13 20:20:53.902463 [20:20:49.610] 用户8222 | ✅ 秒杀成功 | 耗时: 5893.21ms
2025/12/13 20:20:53.902466 [20:20:49.610] 用户10419 | ✅ 秒杀成功 | 耗时: 5893.45ms
2025/12/13 20:20:53.902468 [20:20:49.611] 用户8215 | ✅ 秒杀成功 | 耗时: 5893.65ms
2025/12/13 20:20:53.902469 [20:20:49.611] 用户8102 | ✅ 秒杀成功 | 耗时: 5893.71ms
2025/12/13 20:20:53.902471 [20:20:49.611] 用户2276 | ✅ 秒杀成功 | 耗时: 5861.24ms
2025/12/13 20:20:53.902473 [20:20:49.612] 用户7552 | ✅ 秒杀成功 | 耗时: 5893.83ms
2025/12/13 20:20:53.902475 [20:20:49.612] 用户7650 | ✅ 秒杀成功 | 耗时: 5894.04ms
2025/12/13 20:20:53.902476 [20:20:49.612] 用户9097 | ✅ 秒杀成功 | 耗时: 5908.18ms
2025/12/13 20:20:53.902478 [20:20:49.612] 用户8156 | ✅ 秒杀成功 | 耗时: 5895.13ms
2025/12/13 20:20:53.902480 [20:20:49.612] 用户8138 | ✅ 秒杀成功 | 耗时: 5895.15ms
2025/12/13 20:20:53.902481 [20:20:49.612] 用户9989 | ✅ 秒杀成功 | 耗时: 5893.85ms
2025/12/13 20:20:53.902482 [20:20:49.613] 用户8146 | ✅ 秒杀成功 | 耗时: 5895.82ms
2025/12/13 20:20:53.902484 [20:20:49.613] 用户726 | ✅ 秒杀成功 | 耗时: 5935.19ms
2025/12/13 20:20:53.902485 [20:20:49.614] 用户9266 | ✅ 秒杀成功 | 耗时: 5911.43ms
2025/12/13 20:20:53.902487 [20:20:49.614] 用户9871 | ✅ 秒杀成功 | 耗时: 5907.63ms
2025/12/13 20:20:53.902488 [20:20:49.619] 用户574 | ✅ 秒杀成功 | 耗时: 5934.58ms
2025/12/13 20:20:53.902490 [20:20:49.620] 用户8179 | ✅ 秒杀成功 | 耗时: 5902.95ms
2025/12/13 20:20:53.902491 [20:20:49.620] 用户1488 | ✅ 秒杀成功 | 耗时: 5945.19ms
2025/12/13 20:20:53.902493 [20:20:49.620] 用户71 | ✅ 秒杀成功 | 耗时: 5935.42ms
2025/12/13 20:20:53.902494 [20:20:49.620] 用户815 | ✅ 秒杀成功 | 耗时: 5933.49ms
2025/12/13 20:20:53.902496 [20:20:49.620] 用户1995 | ✅ 秒杀成功 | 耗时: 5945.51ms
2025/12/13 20:20:53.902497 [20:20:49.620] 用户826 | ✅ 秒杀成功 | 耗时: 5936.22ms
2025/12/13 20:20:53.902499 [20:20:49.620] 用户8739 | ✅ 秒杀成功 | 耗时: 5906.79ms
2025/12/13 20:20:53.902500 [20:20:49.621] 用户1681 | ✅ 秒杀成功 | 耗时: 5830.09ms
2025/12/13 20:20:53.902501 [20:20:49.621] 用户2772 | ✅ 秒杀成功 | 耗时: 5927.52ms
2025/12/13 20:20:53.902503 [20:20:49.621] 用户1212 | ✅ 秒杀成功 | 耗时: 5747.30ms
2025/12/13 20:20:53.902504 [20:20:49.621] 用户606 | ✅ 秒杀成功 | 耗时: 5941.71ms
2025/12/13 20:20:53.902506 [20:20:49.621] 用户9347 | ✅ 秒杀成功 | 耗时: 5927.75ms
2025/12/13 20:20:53.902507 [20:20:49.621] 用户10877 | ✅ 秒杀成功 | 耗时: 5925.48ms
2025/12/13 20:20:53.902508 [20:20:49.621] 用户555 | ✅ 秒杀成功 | 耗时: 5936.79ms
2025/12/13 20:20:53.902510 [20:20:49.621] 用户1758 | ✅ 秒杀成功 | 耗时: 5784.15ms
2025/12/13 20:20:53.902511 [20:20:49.621] 用户8583 | ✅ 秒杀成功 | 耗时: 5909.00ms
2025/12/13 20:20:53.902513 [20:20:49.621] 用户9108 | ✅ 秒杀成功 | 耗时: 5917.22ms
2025/12/13 20:20:53.902514 [20:20:49.621] 用户10705 | ✅ 秒杀成功 | 耗时: 5918.28ms
2025/12/13 20:20:53.902516 [20:20:49.621] 用户9178 | ✅ 秒杀成功 | 耗时: 5918.19ms
2025/12/13 20:20:53.902517 [20:20:49.621] 用户2194 | ✅ 秒杀成功 | 耗时: 5859.36ms
2025/12/13 20:20:53.902518 [20:20:49.621] 用户4434 | ✅ 秒杀成功 | 耗时: 5973.75ms
2025/12/13 20:20:53.902520 [20:20:49.621] 用户9823 | ✅ 秒杀成功 | 耗时: 5945.64ms
2025/12/13 20:20:53.902521 [20:20:49.621] 用户2281 | ✅ 秒杀成功 | 耗时: 5870.99ms
2025/12/13 20:20:53.902523 [20:20:49.621] 用户197 | ✅ 秒杀成功 | 耗时: 5938.11ms
2025/12/13 20:20:53.902524 [20:20:49.621] 用户8340 | ✅ 秒杀成功 | 耗时: 5903.26ms
2025/12/13 20:20:53.902525 [20:20:49.621] 用户9504 | ✅ 秒杀成功 | 耗时: 5909.62ms
2025/12/13 20:20:53.902527 [20:20:49.621] 用户9999 | ✅ 秒杀成功 | 耗时: 5904.25ms
2025/12/13 20:20:53.902528 [20:20:49.622] 用户9965 | ✅ 秒杀成功 | 耗时: 5914.24ms
2025/12/13 20:20:53.902529 [20:20:49.622] 用户9488 | ✅ 秒杀成功 | 耗时: 5925.39ms
2025/12/13 20:20:53.902532 [20:20:49.622] 用户9033 | ✅ 秒杀成功 | 耗时: 5915.82ms
2025/12/13 20:20:53.902533 [20:20:49.622] 用户1054 | ✅ 秒杀成功 | 耗时: 5937.97ms
2025/12/13 20:20:53.902535 [20:20:49.622] 用户8165 | ✅ 秒杀成功 | 耗时: 5905.38ms
2025/12/13 20:20:53.902536 [20:20:49.622] 用户8334 | ✅ 秒杀成功 | 耗时: 5904.45ms
2025/12/13 20:20:53.902538 [20:20:49.680] 用户1174 | ❌ 错误: Post "http://localhost:8080/api/seckill/buy": EOF | 耗时: 5804.58ms
2025/12/13 20:20:53.902547 [20:20:49.680] 用户3551 | ❌ 错误: Post "http://localhost:8080/api/seckill/buy": EOF | 耗时: 5804.57ms
2025/12/13 20:20:53.902551 [20:20:49.680] 用户2736 | ❌ 错误: Post "http://localhost:8080/api/seckill/buy": EOF | 耗时: 5859.90ms
2025/12/13 20:20:53.902556 [20:20:49.680] 用户1599 | ❌ 错误: Post "http://localhost:8080/api/seckill/buy": EOF | 耗时: 5860.34ms
2025/12/13 20:20:53.902562 [20:20:49.688] 用户2735 | ❌ 错误: Post "http://localhost:8080/api/seckill/buy": EOF | 耗时: 5868.10ms
2025/12/13 20:20:53.902564 [20:20:49.694] 用户1611 | ❌ 错误: Post "http://localhost:8080/api/seckill/buy": EOF | 耗时: 5874.69ms
2025/12/13 20:20:53.902566 [20:20:49.723] 用户8161 | ✅ 秒杀成功 | 耗时: 6005.51ms
2025/12/13 20:20:53.902568 [20:20:49.732] 用户9288 | ✅ 秒杀成功 | 耗时: 6029.85ms
2025/12/13 20:20:53.902569 [20:20:49.738] 用户223 | ✅ 秒杀成功 | 耗时: 6054.01ms
2025/12/13 20:20:53.902571 [20:20:49.738] 用户763 | ✅ 秒杀成功 | 耗时: 6041.91ms
2025/12/13 20:20:53.902572 [20:20:49.741] 用户4936 | ✅ 秒杀成功 | 耗时: 6096.25ms
2025/12/13 20:20:53.902574 [20:20:49.741] 用户9904 | ✅ 秒杀成功 | 耗时: 6029.36ms
2025/12/13 20:20:53.902575 [20:20:49.742] 用户9194 | ✅ 秒杀成功 | 耗时: 6038.78ms
2025/12/13 20:20:53.902577 [20:20:49.742] 用户8700 | ✅ 秒杀成功 | 耗时: 6034.32ms
2025/12/13 20:20:53.902578 [20:20:49.743] 用户9060 | ✅ 秒杀成功 | 耗时: 6039.24ms
2025/12/13 20:20:53.902579 [20:20:49.743] 用户3908 | ✅ 秒杀成功 | 耗时: 6023.52ms
2025/12/13 20:20:53.902581 [20:20:49.743] 用户8716 | ✅ 秒杀成功 | 耗时: 6035.94ms
2025/12/13 20:20:53.902582 [20:20:49.744] 用户8376 | ✅ 秒杀成功 | 耗时: 6025.91ms
2025/12/13 20:20:53.902584 [20:20:49.747] 用户10465 | ✅ 秒杀成功 | 耗时: 6044.30ms
2025/12/13 20:20:53.902585 [20:20:49.748] 用户3291 | ✅ 秒杀成功 | 耗时: 6046.78ms
2025/12/13 20:20:53.902586 [20:20:49.748] 用户3245 | ✅ 秒杀成功 | 耗时: 6060.68ms
2025/12/13 20:20:53.902588 [20:20:49.752] 用户10635 | ✅ 秒杀成功 | 耗时: 6056.54ms
2025/12/13 20:20:53.902589 [20:20:49.753] 用户3958 | ✅ 秒杀成功 | 耗时: 6033.17ms
2025/12/13 20:20:53.902590 [20:20:49.753] 用户9131 | ✅ 秒杀成功 | 耗时: 6049.17ms
2025/12/13 20:20:53.902592 [20:20:49.753] 用户9082 | ✅ 秒杀成功 | 耗时: 6049.34ms
2025/12/13 20:20:53.902593 [20:20:49.754] 用户2556 | ✅ 秒杀成功 | 耗时: 6034.38ms
2025/12/13 20:20:53.902595 [20:20:49.754] 用户9103 | ✅ 秒杀成功 | 耗时: 6050.53ms
2025/12/13 20:20:53.902596 [20:20:49.754] 用户3815 | ✅ 秒杀成功 | 耗时: 6106.11ms
2025/12/13 20:20:53.902597 [20:20:49.755] 用户9528 | ✅ 秒杀成功 | 耗时: 6056.74ms
2025/12/13 20:20:53.902599 [20:20:49.755] 用户2181 | ✅ 秒杀成功 | 耗时: 5991.17ms
2025/12/13 20:20:53.902600 [20:20:49.756] 用户3869 | ✅ 秒杀成功 | 耗时: 5988.96ms
2025/12/13 20:20:53.902602 [20:20:49.756] 用户10947 | ✅ 秒杀成功 | 耗时: 6153.28ms
2025/12/13 20:20:53.902613 [20:20:49.756] 用户2190 | ✅ 秒杀成功 | 耗时: 5992.44ms
2025/12/13 20:20:53.902637 [20:20:49.757] 用户8145 | ✅ 秒杀成功 | 耗时: 6039.76ms
2025/12/13 20:20:53.902653 [20:20:49.757] 用户10714 | ✅ 秒杀成功 | 耗时: 6054.14ms
2025/12/13 20:20:53.902667 [20:20:49.757] 用户3241 | ✅ 秒杀成功 | 耗时: 6069.86ms
2025/12/13 20:20:53.902669 [20:20:49.758] 用户8332 | ✅ 秒杀成功 | 耗时: 6039.74ms
2025/12/13 20:20:53.902671 [20:20:49.758] 用户4528 | ✅ 秒杀成功 | 耗时: 6113.59ms
2025/12/13 20:20:53.902673 [20:20:49.759] 用户9947 | ✅ 秒杀成功 | 耗时: 6040.33ms
2025/12/13 20:20:53.902675 [20:20:49.761] 用户2978 | ✅ 秒杀成功 | 耗时: 6040.95ms
2025/12/13 20:20:53.902676 [20:20:49.761] 用户2785 | ✅ 秒杀成功 | 耗时: 5996.79ms
2025/12/13 20:20:53.902678 [20:20:49.762] 用户10069 | ✅ 秒杀成功 | 耗时: 6054.61ms
2025/12/13 20:20:53.902679 [20:20:49.762] 用户9099 | ✅ 秒杀成功 | 耗时: 6058.15ms
2025/12/13 20:20:53.902681 [20:20:49.762] 用户9964 | ✅ 秒杀成功 | 耗时: 6054.90ms
2025/12/13 20:20:53.902682 [20:20:49.762] 用户8141 | ✅ 秒杀成功 | 耗时: 6045.43ms
2025/12/13 20:20:53.902684 [20:20:49.763] 用户4949 | ✅ 秒杀成功 | 耗时: 6118.64ms
2025/12/13 20:20:53.902685 [20:20:49.801] 用户2430 | ✅ 秒杀成功 | 耗时: 6034.59ms
2025/12/13 20:20:53.902687 [20:20:49.805] 用户3574 | ✅ 秒杀成功 | 耗时: 6041.17ms
2025/12/13 20:20:53.902688 [20:20:49.805] 用户8626 | ✅ 秒杀成功 | 耗时: 6092.08ms
2025/12/13 20:20:53.902690 [20:20:49.806] 用户9069 | ✅ 秒杀成功 | 耗时: 6101.91ms
2025/12/13 20:20:53.902691 [20:20:49.827] 用户10428 | ✅ 秒杀成功 | 耗时: 6151.97ms
2025/12/13 20:20:53.902693 [20:20:49.827] 用户4963 | ✅ 秒杀成功 | 耗时: 6183.64ms
2025/12/13 20:20:53.902694 [20:20:49.827] 用户9990 | ✅ 秒杀成功 | 耗时: 6107.58ms
2025/12/13 20:20:53.902696 [20:20:49.827] 用户9722 | ✅ 秒杀成功 | 耗时: 6110.09ms
2025/12/13 20:20:53.902697 [20:20:49.827] 用户900 | ✅ 秒杀成功 | 耗时: 6124.76ms
2025/12/13 20:20:53.902699 [20:20:49.839] 用户1122 | ✅ 秒杀成功 | 耗时: 6138.33ms
2025/12/13 20:20:53.902700 [20:20:49.840] 用户4930 | ✅ 秒杀成功 | 耗时: 6194.97ms
2025/12/13 20:20:53.902701 [20:20:49.840] 用户9349 | ✅ 秒杀成功 | 耗时: 6120.01ms
2025/12/13 20:20:53.902703 [20:20:49.840] 用户757 | ✅ 秒杀成功 | 耗时: 6137.64ms
2025/12/13 20:20:53.902705 [20:20:49.840] 用户7173 | ✅ 秒杀成功 | 耗时: 6119.90ms
2025/12/13 20:20:53.902706 [20:20:49.840] 用户9269 | ✅ 秒杀成功 | 耗时: 6137.51ms
2025/12/13 20:20:53.902713 [20:20:49.840] 用户10035 | ✅ 秒杀成功 | 耗时: 6132.84ms
2025/12/13 20:20:53.902715 [20:20:49.840] 用户8615 | ✅ 秒杀成功 | 耗时: 6121.06ms
2025/12/13 20:20:53.902716 [20:20:49.844] 用户9581 | ✅ 秒杀成功 | 耗时: 6125.31ms
2025/12/13 20:20:53.902718 [20:20:49.848] 用户927 | ✅ 秒杀成功 | 耗时: 6148.43ms
2025/12/13 20:20:53.902719 [20:20:49.848] 用户1941 | ✅ 秒杀成功 | 耗时: 6173.29ms
2025/12/13 20:20:53.902721 [20:20:49.849] 用户1017 | ✅ 秒杀成功 | 耗时: 6161.57ms
2025/12/13 20:20:53.902722 [20:20:49.849] 用户8765 | ✅ 秒杀成功 | 耗时: 6130.67ms
2025/12/13 20:20:53.902724 [20:20:49.849] 用户10049 | ✅ 秒杀成功 | 耗时: 6146.28ms
2025/12/13 20:20:53.902725 [20:20:49.849] 用户1697 | ✅ 秒杀成功 | 耗时: 6059.21ms
2025/12/13 20:20:53.902726 [20:20:49.849] 用户1329 | ✅ 秒杀成功 | 耗时: 6166.38ms
2025/12/13 20:20:53.902728 [20:20:49.850] 用户7208 | ✅ 秒杀成功 | 耗时: 6130.45ms
2025/12/13 20:20:53.902730 [20:20:49.850] 用户910 | ✅ 秒杀成功 | 耗时: 6148.20ms
2025/12/13 20:20:53.902732 [20:20:49.850] 用户10210 | ✅ 秒杀成功 | 耗时: 6143.23ms
2025/12/13 20:20:53.902733 [20:20:49.850] 用户9395 | ✅ 秒杀成功 | 耗时: 6164.44ms
2025/12/13 20:20:53.902735 [20:20:49.851] 用户9027 | ✅ 秒杀成功 | 耗时: 6143.94ms
2025/12/13 20:20:53.902736 [20:20:49.851] 用户9181 | ✅ 秒杀成功 | 耗时: 6148.11ms
2025/12/13 20:20:53.902737 [20:20:49.851] 用户2997 | ✅ 秒杀成功 | 耗时: 6131.47ms
2025/12/13 20:20:53.902739 [20:20:49.851] 用户1680 | ✅ 秒杀成功 | 耗时: 6168.98ms
2025/12/13 20:20:53.902740 [20:20:49.852] 用户9137 | ✅ 秒杀成功 | 耗时: 6133.46ms
2025/12/13 20:20:53.902742 [20:20:49.852] 用户9633 | ✅ 秒杀成功 | 耗时: 6177.15ms
2025/12/13 20:20:53.902743 [20:20:49.852] 用户2149 | ✅ 秒杀成功 | 耗时: 6177.47ms
2025/12/13 20:20:53.902744 [20:20:49.852] 用户7889 | ✅ 秒杀成功 | 耗时: 6165.07ms
2025/12/13 20:20:53.902746 [20:20:49.852] 用户10609 | ✅ 秒杀成功 | 耗时: 5976.13ms
2025/12/13 20:20:53.902747 [20:20:49.852] 用户10032 | ✅ 秒杀成功 | 耗时: 6145.22ms
2025/12/13 20:20:53.902749 [20:20:49.852] 用户9267 | ✅ 秒杀成功 | 耗时: 6149.90ms
2025/12/13 20:20:53.902750 [20:20:49.852] 用户9111 | ✅ 秒杀成功 | 耗时: 6157.59ms
2025/12/13 20:20:53.902752 [20:20:49.853] 用户8710 | ✅ 秒杀成功 | 耗时: 6139.13ms
2025/12/13 20:20:53.902753 [20:20:49.853] 用户3242 | ✅ 秒杀成功 | 耗时: 6165.23ms
2025/12/13 20:20:53.902754 [20:20:49.853] 用户10864 | ✅ 秒杀成功 | 耗时: 6157.17ms
2025/12/13 20:20:53.902756 [20:20:49.853] 用户10647 | ✅ 秒杀成功 | 耗时: 6166.11ms
2025/12/13 20:20:53.902757 [20:20:49.853] 用户8929 | ✅ 秒杀成功 | 耗时: 6139.12ms
2025/12/13 20:20:53.902759 [20:20:49.853] 用户8326 | ✅ 秒杀成功 | 耗时: 6134.87ms
2025/12/13 20:20:53.902760 [20:20:49.853] 用户9808 | ✅ 秒杀成功 | 耗时: 6177.10ms
2025/12/13 20:20:53.902761 [20:20:49.853] 用户8362 | ✅ 秒杀成功 | 耗时: 6165.39ms
2025/12/13 20:20:53.902763 [20:20:49.853] 用户3250 | ✅ 秒杀成功 | 耗时: 6165.93ms
2025/12/13 20:20:53.902764 [20:20:49.853] 用户8498 | ✅ 秒杀成功 | 耗时: 6135.73ms
2025/12/13 20:20:53.902766 [20:20:49.853] 用户10841 | ✅ 秒杀成功 | 耗时: 6157.44ms
2025/12/13 20:20:53.902767 [20:20:49.853] 用户1084 | ✅ 秒杀成功 | 耗时: 6165.55ms
2025/12/13 20:20:53.902769 [20:20:49.853] 用户406 | ✅ 秒杀成功 | 耗时: 6162.89ms
2025/12/13 20:20:53.902770 [20:20:49.853] 用户9624 | ✅ 秒杀成功 | 耗时: 6157.94ms
2025/12/13 20:20:53.902771 [20:20:49.853] 用户2651 | ✅ 秒杀成功 | 耗时: 6133.48ms
2025/12/13 20:20:53.902773 [20:20:49.853] 用户3997 | ✅ 秒杀成功 | 耗时: 6088.47ms
2025/12/13 20:20:53.902774 [20:20:49.853] 用户2265 | ✅ 秒杀成功 | 耗时: 6152.44ms
2025/12/13 20:20:53.902776 [20:20:49.853] 用户9623 | ✅ 秒杀成功 | 耗时: 6158.08ms
2025/12/13 20:20:53.902777 [20:20:49.853] 用户956 | ✅ 秒杀成功 | 耗时: 6152.82ms
2025/12/13 20:20:53.902779 [20:20:49.853] 用户10447 | ✅ 秒杀成功 | 耗时: 6140.61ms
2025/12/13 20:20:53.902780 [20:20:49.853] 用户512 | ✅ 秒杀成功 | 耗时: 6168.94ms
2025/12/13 20:20:53.902781 [20:20:49.853] 用户3712 | ✅ 秒杀成功 | 耗时: 6204.55ms
2025/12/13 20:20:53.902783 [20:20:49.853] 用户3001 | ✅ 秒杀成功 | 耗时: 6133.65ms
2025/12/13 20:20:53.902784 [20:20:49.853] 用户2813 | ✅ 秒杀成功 | 耗时: 6133.48ms
2025/12/13 20:20:53.902786 [20:20:49.853] 用户9061 | ✅ 秒杀成功 | 耗时: 6149.65ms
2025/12/13 20:20:53.902787 [20:20:49.853] 用户922 | ✅ 秒杀成功 | 耗时: 6151.15ms
2025/12/13 20:20:53.902789 [20:20:49.853] 用户2249 | ✅ 秒杀成功 | 耗时: 6152.53ms
2025/12/13 20:20:53.902790 [20:20:49.853] 用户9275 | ✅ 秒杀成功 | 耗时: 6151.24ms
2025/12/13 20:20:53.902791 [20:20:49.853] 用户7174 | ✅ 秒杀成功 | 耗时: 6041.42ms
2025/12/13 20:20:53.902793 [20:20:49.854] 用户1485 | ✅ 秒杀成功 | 耗时: 6178.71ms
2025/12/13 20:20:53.902794 [20:20:49.854] 用户7170 | ✅ 秒杀成功 | 耗时: 6041.73ms
2025/12/13 20:20:53.902795 [20:20:49.854] 用户8182 | ✅ 秒杀成功 | 耗时: 6136.79ms
2025/12/13 20:20:53.902797 [20:20:49.854] 用户1626 | ✅ 秒杀成功 | 耗时: 6039.99ms
2025/12/13 20:20:53.902798 [20:20:49.854] 用户9114 | ✅ 秒杀成功 | 耗时: 6149.84ms
2025/12/13 20:20:53.902799 [20:20:49.854] 用户741 | ✅ 秒杀成功 | 耗时: 6151.50ms
2025/12/13 20:20:53.902801 [20:20:49.854] 用户9117 | ✅ 秒杀成功 | 耗时: 6149.93ms
2025/12/13 20:20:53.902802 [20:20:49.854] 用户8202 | ✅ 秒杀成功 | 耗时: 6136.53ms
2025/12/13 20:20:53.902804 [20:20:49.854] 用户758 | ✅ 秒杀成功 | 耗时: 6151.47ms
2025/12/13 20:20:53.902805 [20:20:49.854] 用户756 | ✅ 秒杀成功 | 耗时: 6151.56ms
2025/12/13 20:20:53.902806 [20:20:49.854] 用户914 | ✅ 秒杀成功 | 耗时: 6151.45ms
2025/12/13 20:20:53.902808 [20:20:49.854] 用户7163 | ✅ 秒杀成功 | 耗时: 6040.10ms
2025/12/13 20:20:53.902809 [20:20:49.854] 用户9564 | ✅ 秒杀成功 | 耗时: 6141.29ms
2025/12/13 20:20:53.902811 [20:20:49.854] 用户8536 | ✅ 秒杀成功 | 耗时: 6141.00ms
2025/12/13 20:20:53.902812 [20:20:49.854] 用户7168 | ✅ 秒杀成功 | 耗时: 6042.67ms
2025/12/13 20:20:53.902814 [20:20:49.854] 用户2747 | ✅ 秒杀成功 | 耗时: 6133.95ms
2025/12/13 20:20:53.902815 [20:20:49.854] 用户8745 | ✅ 秒杀成功 | 耗时: 6159.20ms
2025/12/13 20:20:53.902817 [20:20:49.854] 用户324 | ✅ 秒杀成功 | 耗时: 6154.12ms
2025/12/13 20:20:53.902818 [20:20:49.854] 用户9909 | ✅ 秒杀成功 | 耗时: 6142.28ms
2025/12/13 20:20:53.902819 [20:20:49.854] 用户780 | ✅ 秒杀成功 | 耗时: 6151.71ms
2025/12/13 20:20:53.902821 [20:20:49.854] 用户10167 | ✅ 秒杀成功 | 耗时: 6141.93ms
2025/12/13 20:20:53.902822 [20:20:49.854] 用户2395 | ✅ 秒杀成功 | 耗时: 6133.87ms
2025/12/13 20:20:53.902824 [20:20:49.854] 用户9208 | ✅ 秒杀成功 | 耗时: 6163.63ms
2025/12/13 20:20:53.902825 [20:20:49.854] 用户9048 | ✅ 秒杀成功 | 耗时: 6150.83ms
2025/12/13 20:20:53.902826 [20:20:49.854] 用户3558 | ✅ 秒杀成功 | 耗时: 6089.11ms
2025/12/13 20:20:53.902828 [20:20:49.854] 用户10676 | ✅ 秒杀成功 | 耗时: 6146.80ms
2025/12/13 20:20:53.902829 [20:20:49.854] 用户10437 | ✅ 秒杀成功 | 耗时: 6141.24ms
2025/12/13 20:20:53.902830 [20:20:49.854] 用户8127 | ✅ 秒杀成功 | 耗时: 6136.79ms
2025/12/13 20:20:53.902832 [20:20:49.854] 用户9942 | ✅ 秒杀成功 | 耗时: 6146.51ms
2025/12/13 20:20:53.902834 [20:20:49.854] 用户1473 | ✅ 秒杀成功 | 耗时: 6179.10ms
2025/12/13 20:20:53.902835 [20:20:49.854] 用户9946 | ✅ 秒杀成功 | 耗时: 6146.54ms
2025/12/13 20:20:53.902837 [20:20:49.854] 用户1633 | ✅ 秒杀成功 | 耗时: 6040.50ms
2025/12/13 20:20:53.902839 [20:20:49.854] 用户7214 | ✅ 秒杀成功 | 耗时: 6134.23ms
2025/12/13 20:20:53.902841 [20:20:49.854] 用户9231 | ✅ 秒杀成功 | 耗时: 6151.44ms
2025/12/13 20:20:53.902842 [20:20:49.854] 用户902 | ✅ 秒杀成功 | 耗时: 6151.94ms
2025/12/13 20:20:53.902844 [20:20:49.854] 用户2006 | ✅ 秒杀成功 | 耗时: 6154.13ms
2025/12/13 20:20:53.902846 [20:20:49.854] 用户8864 | ✅ 秒杀成功 | 耗时: 6139.61ms
2025/12/13 20:20:53.902847 [20:20:49.854] 用户1095 | ✅ 秒杀成功 | 耗时: 6167.07ms
2025/12/13 20:20:53.902849 [20:20:49.854] 用户10802 | ✅ 秒杀成功 | 耗时: 6150.32ms
2025/12/13 20:20:53.902851 [20:20:49.854] 用户921 | ✅ 秒杀成功 | 耗时: 6151.99ms
2025/12/13 20:20:53.902852 [20:20:49.854] 用户9752 | ✅ 秒杀成功 | 耗时: 6177.88ms
2025/12/13 20:20:53.902854 [20:20:49.854] 用户9130 | ✅ 秒杀成功 | 耗时: 6150.76ms
2025/12/13 20:20:53.902855 [20:20:49.854] 用户2654 | ✅ 秒杀成功 | 耗时: 6134.73ms
2025/12/13 20:20:53.902857 [20:20:49.854] 用户972 | ✅ 秒杀成功 | 耗时: 6154.48ms
2025/12/13 20:20:53.902859 [20:20:49.855] 用户1465 | ✅ 秒杀成功 | 耗时: 6179.62ms
2025/12/13 20:20:53.902860 [20:20:49.855] 用户8582 | ✅ 秒杀成功 | 耗时: 6146.57ms
2025/12/13 20:20:53.902862 [20:20:49.855] 用户9682 | ✅ 秒杀成功 | 耗时: 6151.84ms
2025/12/13 20:20:53.902864 [20:20:49.855] 用户153 | ✅ 秒杀成功 | 耗时: 6135.41ms
2025/12/13 20:20:53.902865 [20:20:49.855] 用户4206 | ✅ 秒杀成功 | 耗时: 6210.22ms
2025/12/13 20:20:53.902867 [20:20:49.855] 用户9042 | ✅ 秒杀成功 | 耗时: 6150.62ms
2025/12/13 20:20:53.902869 [20:20:49.855] 用户95 | ✅ 秒杀成功 | 耗时: 6170.19ms
2025/12/13 20:20:53.902870 [20:20:49.855] 用户8991 | ✅ 秒杀成功 | 耗时: 6147.72ms
2025/12/13 20:20:53.902871 [20:20:49.855] 用户9105 | ✅ 秒杀成功 | 耗时: 6150.96ms
2025/12/13 20:20:53.902873 [20:20:49.855] 用户8203 | ✅ 秒杀成功 | 耗时: 6137.61ms
2025/12/13 20:20:53.902874 [20:20:49.855] 用户4182 | ✅ 秒杀成功 | 耗时: 6210.80ms
2025/12/13 20:20:53.902876 [20:20:49.855] 用户9955 | ✅ 秒杀成功 | 耗时: 6147.41ms
2025/12/13 20:20:53.902877 [20:20:49.855] 用户9285 | ✅ 秒杀成功 | 耗时: 6152.62ms
2025/12/13 20:20:53.902878 [20:20:49.855] 用户4500 | ✅ 秒杀成功 | 耗时: 6212.62ms
2025/12/13 20:20:53.902880 [20:20:49.855] 用户7920 | ✅ 秒杀成功 | 耗时: 6137.41ms
2025/12/13 20:20:53.902881 [20:20:49.855] 用户9891 | ✅ 秒杀成功 | 耗时: 6150.92ms
2025/12/13 20:20:53.902882 [20:20:49.855] 用户8705 | ✅ 秒杀成功 | 耗时: 6147.62ms
2025/12/13 20:20:53.902884 [20:20:49.855] 用户2238 | ✅ 秒杀成功 | 耗时: 6100.82ms
2025/12/13 20:20:53.902885 [20:20:49.855] 用户1302 | ✅ 秒杀成功 | 耗时: 6172.23ms
2025/12/13 20:20:53.902886 [20:20:49.855] 用户4950 | ✅ 秒杀成功 | 耗时: 6210.83ms
2025/12/13 20:20:53.902890 [20:20:49.855] 用户2243 | ✅ 秒杀成功 | 耗时: 6090.51ms
2025/12/13 20:20:53.902891 [20:20:49.855] 用户413 | ✅ 秒杀成功 | 耗时: 6167.56ms
2025/12/13 20:20:53.902892 [20:20:49.855] 用户7625 | ✅ 秒杀成功 | 耗时: 6136.65ms
2025/12/13 20:20:53.902894 [20:20:49.855] 用户732 | ✅ 秒杀成功 | 耗时: 6152.97ms
2025/12/13 20:20:53.902895 [20:20:49.855] 用户3913 | ✅ 秒杀成功 | 耗时: 6135.74ms
2025/12/13 20:20:53.902897 [20:20:49.855] 用户8242 | ✅ 秒杀成功 | 耗时: 6138.51ms
2025/12/13 20:20:53.902898 [20:20:49.855] 用户9071 | ✅ 秒杀成功 | 耗时: 6151.51ms
2025/12/13 20:20:53.902899 [20:20:49.855] 用户1618 | ✅ 秒杀成功 | 耗时: 6040.95ms
2025/12/13 20:20:53.902901 [20:20:49.856] 用户1579 | ✅ 秒杀成功 | 耗时: 6180.01ms
2025/12/13 20:20:53.902902 [20:20:49.856] 用户10193 | ✅ 秒杀成功 | 耗时: 6167.92ms
2025/12/13 20:20:53.902903 [20:20:49.856] 用户9585 | ✅ 秒杀成功 | 耗时: 6171.72ms
2025/12/13 20:20:53.902905 [20:20:49.856] 用户8970 | ✅ 秒杀成功 | 耗时: 6149.76ms
2025/12/13 20:20:53.902906 [20:20:49.856] 用户1624 | ✅ 秒杀成功 | 耗时: 6041.89ms
2025/12/13 20:20:53.902907 [20:20:49.856] 用户8053 | ✅ 秒杀成功 | 耗时: 6138.64ms
2025/12/13 20:20:53.902909 [20:20:49.856] 用户8565 | ✅ 秒杀成功 | 耗时: 6142.97ms
2025/12/13 20:20:53.902910 [20:20:49.856] 用户8154 | ✅ 秒杀成功 | 耗时: 6138.57ms
2025/12/13 20:20:53.902912 [20:20:49.856] 用户9079 | ✅ 秒杀成功 | 耗时: 6136.57ms
2025/12/13 20:20:53.902913 [20:20:49.856] 用户1068 | ✅ 秒杀成功 | 耗时: 6172.60ms
2025/12/13 20:20:53.902914 [20:20:49.856] 用户2296 | ✅ 秒杀成功 | 耗时: 6123.74ms
2025/12/13 20:20:53.902916 [20:20:49.856] 用户1617 | ✅ 秒杀成功 | 耗时: 6041.61ms
2025/12/13 20:20:53.902917 [20:20:49.856] 用户10458 | ✅ 秒杀成功 | 耗时: 6152.68ms
2025/12/13 20:20:53.902918 [20:20:49.856] 用户10857 | ✅ 秒杀成功 | 耗时: 6160.08ms
2025/12/13 20:20:53.902920 [20:20:49.856] 用户195 | ✅ 秒杀成功 | 耗时: 6172.58ms
2025/12/13 20:20:53.902921 [20:20:49.856] 用户8094 | ✅ 秒杀成功 | 耗时: 6137.64ms
2025/12/13 20:20:53.902923 [20:20:49.856] 用户1632 | ✅ 秒杀成功 | 耗时: 6042.23ms
2025/12/13 20:20:53.902924 [20:20:49.856] 用户434 | ✅ 秒杀成功 | 耗时: 6159.77ms
2025/12/13 20:20:53.902925 [20:20:49.856] 用户1609 | ✅ 秒杀成功 | 耗时: 6037.44ms
2025/12/13 20:20:53.902927 [20:20:49.856] 用户1631 | ✅ 秒杀成功 | 耗时: 6042.18ms
2025/12/13 20:20:53.902928 [20:20:49.856] 用户2394 | ✅ 秒杀成功 | 耗时: 6135.80ms
2025/12/13 20:20:53.902929 [20:20:49.856] 用户8331 | ✅ 秒杀成功 | 耗时: 6137.82ms
2025/12/13 20:20:53.902931 [20:20:49.856] 用户9155 | ✅ 秒杀成功 | 耗时: 6152.23ms
2025/12/13 20:20:53.902932 [20:20:49.856] 用户7588 | ✅ 秒杀成功 | 耗时: 6136.70ms
2025/12/13 20:20:53.902933 [20:20:49.856] 用户8754 | ✅ 秒杀成功 | 耗时: 6161.30ms
2025/12/13 20:20:53.902935 [20:20:49.856] 用户10660 | ✅ 秒杀成功 | 耗时: 6153.06ms
2025/12/13 20:20:53.902936 [20:20:49.856] 用户2744 | ✅ 秒杀成功 | 耗时: 6042.23ms
2025/12/13 20:20:53.902937 [20:20:49.856] 用户2875 | ✅ 秒杀成功 | 耗时: 6105.68ms
2025/12/13 20:20:53.902939 [20:20:49.856] 用户1614 | ✅ 秒杀成功 | 耗时: 6041.39ms
2025/12/13 20:20:53.902940 [20:20:49.856] 用户4444 | ✅ 秒杀成功 | 耗时: 6211.68ms
2025/12/13 20:20:53.902942 [20:20:49.856] 用户10280 | ✅ 秒杀成功 | 耗时: 6253.45ms
2025/12/13 20:20:53.902943 [20:20:49.856] 用户8709 | ✅ 秒杀成功 | 耗时: 6148.67ms
2025/12/13 20:20:53.902944 [20:20:49.856] 用户8862 | ✅ 秒杀成功 | 耗时: 6136.81ms
2025/12/13 20:20:53.902946 [20:20:49.856] 用户7885 | ✅ 秒杀成功 | 耗时: 6138.23ms
2025/12/13 20:20:53.902947 [20:20:49.856] 用户4454 | ✅ 秒杀成功 | 耗时: 6212.47ms
2025/12/13 20:20:53.902948 [20:20:49.856] 用户7255 | ✅ 秒杀成功 | 耗时: 6168.57ms
2025/12/13 20:20:53.902950 [20:20:49.856] 用户9779 | ✅ 秒杀成功 | 耗时: 6143.52ms
2025/12/13 20:20:53.902951 [20:20:49.856] 用户8296 | ✅ 秒杀成功 | 耗时: 6142.10ms
2025/12/13 20:20:53.902953 [20:20:49.856] 用户9511 | ✅ 秒杀成功 | 耗时: 6144.60ms
2025/12/13 20:20:53.902955 [20:20:49.856] 用户918 | ✅ 秒杀成功 | 耗时: 6153.93ms
2025/12/13 20:20:53.902956 [20:20:49.856] 用户8477 | ✅ 秒杀成功 | 耗时: 6138.66ms
2025/12/13 20:20:53.902958 [20:20:49.856] 用户10047 | ✅ 秒杀成功 | 耗时: 6152.42ms
2025/12/13 20:20:53.902960 [20:20:49.856] 用户7166 | ✅ 秒杀成功 | 耗时: 6045.11ms
2025/12/13 20:20:53.902961 [20:20:49.856] 用户4 | ✅ 秒杀成功 | 耗时: 6240.94ms
2025/12/13 20:20:53.902963 [20:20:49.856] 用户683 | ✅ 秒杀成功 | 耗时: 6154.00ms
2025/12/13 20:20:53.902965 [20:20:49.856] 用户2086 | ✅ 秒杀成功 | 耗时: 6026.92ms
2025/12/13 20:20:53.902966 [20:20:49.856] 用户8977 | ✅ 秒杀成功 | 耗时: 6149.36ms
2025/12/13 20:20:53.902968 [20:20:49.856] 用户9939 | ✅ 秒杀成功 | 耗时: 6137.32ms
2025/12/13 20:20:53.902970 [20:20:49.856] 用户2292 | ✅ 秒杀成功 | 耗时: 6121.36ms
2025/12/13 20:20:53.902971 [20:20:49.856] 用户9497 | ✅ 秒杀成功 | 耗时: 6144.19ms
2025/12/13 20:20:53.902973 [20:20:49.856] 用户9781 | ✅ 秒杀成功 | 耗时: 6143.79ms
2025/12/13 20:20:53.902974 [20:20:49.856] 用户10441 | ✅ 秒杀成功 | 耗时: 6143.69ms
2025/12/13 20:20:53.902975 [20:20:49.856] 用户8893 | ✅ 秒杀成功 | 耗时: 6142.42ms
2025/12/13 20:20:53.902977 [20:20:49.856] 用户7209 | ✅ 秒杀成功 | 耗时: 6137.40ms
2025/12/13 20:20:53.902978 [20:20:49.856] 用户8375 | ✅ 秒杀成功 | 耗时: 6138.57ms
2025/12/13 20:20:53.902979 [20:20:49.856] 用户8890 | ✅ 秒杀成功 | 耗时: 6142.45ms
2025/12/13 20:20:53.902981 [20:20:49.857] 用户8243 | ✅ 秒杀成功 | 耗时: 6137.18ms
2025/12/13 20:20:53.902982 [20:20:49.857] 用户492 | ✅ 秒杀成功 | 耗时: 6172.76ms
2025/12/13 20:20:53.902983 [20:20:49.857] 用户2171 | ✅ 秒杀成功 | 耗时: 6023.43ms
2025/12/13 20:20:53.902985 [20:20:49.857] 用户3540 | ✅ 秒杀成功 | 耗时: 5981.21ms
2025/12/13 20:20:53.902986 [20:20:49.857] 用户8954 | ✅ 秒杀成功 | 耗时: 6143.00ms
2025/12/13 20:20:53.902988 [20:20:49.857] 用户9944 | ✅ 秒杀成功 | 耗时: 6137.96ms
2025/12/13 20:20:53.902990 [20:20:49.857] 用户9444 | ✅ 秒杀成功 | 耗时: 6138.05ms
2025/12/13 20:20:53.902991 [20:20:49.857] 用户9832 | ✅ 秒杀成功 | 耗时: 6181.45ms
2025/12/13 20:20:53.902993 [20:20:49.857] 用户3857 | ✅ 秒杀成功 | 耗时: 5977.49ms
2025/12/13 20:20:53.902994 [20:20:49.857] 用户1556 | ✅ 秒杀成功 | 耗时: 6180.09ms
2025/12/13 20:20:53.902995 [20:20:49.857] 用户2500 | ✅ 秒杀成功 | 耗时: 6173.73ms
2025/12/13 20:20:53.902997 [20:20:49.857] 用户737 | ✅ 秒杀成功 | 耗时: 6154.42ms
2025/12/13 20:20:53.902998 [20:20:49.857] 用户9983 | ✅ 秒杀成功 | 耗时: 6137.27ms
2025/12/13 20:20:53.903000 [20:20:49.857] 用户7755 | ✅ 秒杀成功 | 耗时: 6138.35ms
2025/12/13 20:20:53.903001 [20:20:49.857] 用户1660 | ✅ 秒杀成功 | 耗时: 6059.74ms
2025/12/13 20:20:53.903002 [20:20:49.857] 用户8752 | ✅ 秒杀成功 | 耗时: 6138.25ms
2025/12/13 20:20:53.903004 [20:20:49.857] 用户8372 | ✅ 秒杀成功 | 耗时: 6138.86ms
2025/12/13 20:20:53.903005 [20:20:49.857] 用户3534 | ✅ 秒杀成功 | 耗时: 5981.36ms
2025/12/13 20:20:53.903006 [20:20:49.857] 用户7535 | ✅ 秒杀成功 | 耗时: 6138.59ms
2025/12/13 20:20:53.903008 [20:20:49.857] 用户8751 | ✅ 秒杀成功 | 耗时: 6143.21ms
2025/12/13 20:20:53.903009 [20:20:49.857] 用户3538 | ✅ 秒杀成功 | 耗时: 5981.43ms
2025/12/13 20:20:53.903010 [20:20:49.857] 用户411 | ✅ 秒杀成功 | 耗时: 6169.17ms
2025/12/13 20:20:53.903012 [20:20:49.857] 用户2410 | ✅ 秒杀成功 | 耗时: 6090.59ms
2025/12/13 20:20:53.903014 [20:20:49.857] 用户177 | ✅ 秒杀成功 | 耗时: 6138.32ms
2025/12/13 20:20:53.903015 [20:20:49.857] 用户7210 | ✅ 秒杀成功 | 耗时: 6137.79ms
2025/12/13 20:20:53.903017 [20:20:49.857] 用户7180 | ✅ 秒杀成功 | 耗时: 6046.23ms
2025/12/13 20:20:53.903019 [20:20:49.857] 用户3974 | ✅ 秒杀成功 | 耗时: 6090.72ms
2025/12/13 20:20:53.903020 [20:20:49.857] 用户9198 | ✅ 秒杀成功 | 耗时: 6154.55ms
2025/12/13 20:20:53.903022 [20:20:49.857] 用户9258 | ✅ 秒杀成功 | 耗时: 6154.24ms
2025/12/13 20:20:53.903024 [20:20:49.857] 用户1639 | ✅ 秒杀成功 | 耗时: 6161.88ms
2025/12/13 20:20:53.903025 [20:20:49.857] 用户1105 | ✅ 秒杀成功 | 耗时: 6172.59ms
2025/12/13 20:20:53.903027 [20:20:49.857] 用户7765 | ✅ 秒杀成功 | 耗时: 6138.66ms
2025/12/13 20:20:53.903029 [20:20:49.857] 用户8065 | ✅ 秒杀成功 | 耗时: 6138.74ms
2025/12/13 20:20:53.903030 [20:20:49.857] 用户3533 | ✅ 秒杀成功 | 耗时: 5981.56ms
2025/12/13 20:20:53.903032 [20:20:49.857] 用户9577 | ✅ 秒杀成功 | 耗时: 6145.35ms
2025/12/13 20:20:53.903033 [20:20:49.857] 用户13 | ✅ 秒杀成功 | 耗时: 6241.84ms
2025/12/13 20:20:53.903035 [20:20:49.857] 用户10839 | ✅ 秒杀成功 | 耗时: 6161.32ms
2025/12/13 20:20:53.903036 [20:20:49.857] 用户8962 | ✅ 秒杀成功 | 耗时: 6144.06ms
2025/12/13 20:20:53.903037 [20:20:49.857] 用户7888 | ✅ 秒杀成功 | 耗时: 6139.16ms
2025/12/13 20:20:53.903039 [20:20:49.857] 用户890 | ✅ 秒杀成功 | 耗时: 6160.64ms
2025/12/13 20:20:53.903040 [20:20:49.857] 用户8791 | ✅ 秒杀成功 | 耗时: 6143.65ms
2025/12/13 20:20:53.903041 [20:20:49.857] 用户9902 | ✅ 秒杀成功 | 耗时: 6145.44ms
2025/12/13 20:20:53.903043 [20:20:49.857] 用户8894 | ✅ 秒杀成功 | 耗时: 6143.03ms
2025/12/13 20:20:53.903044 [20:20:49.857] 用户408 | ✅ 秒杀成功 | 耗时: 6166.84ms
2025/12/13 20:20:53.903045 [20:20:49.857] 用户1243 | ✅ 秒杀成功 | 耗时: 5988.23ms
2025/12/13 20:20:53.903047 [20:20:49.857] 用户9987 | ✅ 秒杀成功 | 耗时: 6149.91ms
2025/12/13 20:20:53.903048 [20:20:49.857] 用户1719 | ✅ 秒杀成功 | 耗时: 6174.88ms
2025/12/13 20:20:53.903049 [20:20:49.857] 用户8036 | ✅ 秒杀成功 | 耗时: 6139.51ms
2025/12/13 20:20:53.903051 [20:20:49.857] 用户1967 | ✅ 秒杀成功 | 耗时: 6157.47ms
2025/12/13 20:20:53.903053 [20:20:49.857] 用户8038 | ✅ 秒杀成功 | 耗时: 6139.52ms
2025/12/13 20:20:53.903054 [20:20:49.857] 用户8947 | ✅ 秒杀成功 | 耗时: 6143.48ms
2025/12/13 20:20:53.903056 [20:20:49.857] 用户955 | ✅ 秒杀成功 | 耗时: 6156.69ms
2025/12/13 20:20:53.903058 [20:20:49.857] 用户8410 | ✅ 秒杀成功 | 耗时: 6139.56ms
2025/12/13 20:20:53.903060 [20:20:49.857] 用户2886 | ✅ 秒杀成功 | 耗时: 6137.82ms
2025/12/13 20:20:53.903061 [20:20:49.857] 用户7798 | ✅ 秒杀成功 | 耗时: 6139.70ms
2025/12/13 20:20:53.903063 [20:20:49.857] 用户1580 | ✅ 秒杀成功 | 耗时: 6181.71ms
2025/12/13 20:20:53.903064 [20:20:49.857] 用户2400 | ✅ 秒杀成功 | 耗时: 6090.60ms
2025/12/13 20:20:53.903066 [20:20:49.857] 用户9513 | ✅ 秒杀成功 | 耗时: 6145.60ms
2025/12/13 20:20:53.903067 [20:20:49.857] 用户9053 | ✅ 秒杀成功 | 耗时: 6150.49ms
2025/12/13 20:20:53.903068 [20:20:49.857] 用户7585 | ✅ 秒杀成功 | 耗时: 6138.05ms
2025/12/13 20:20:53.903070 [20:20:49.857] 用户8364 | ✅ 秒杀成功 | 耗时: 6139.39ms
2025/12/13 20:20:53.903071 [20:20:49.857] 用户7242 | ✅ 秒杀成功 | 耗时: 6138.89ms
2025/12/13 20:20:53.903072 [20:20:49.857] 用户8378 | ✅ 秒杀成功 | 耗时: 6139.41ms
2025/12/13 20:20:53.903074 [20:20:49.857] 用户7633 | ✅ 秒杀成功 | 耗时: 6139.05ms
2025/12/13 20:20:53.903075 [20:20:49.857] 用户1533 | ✅ 秒杀成功 | 耗时: 6138.30ms
2025/12/13 20:20:53.903077 [20:20:49.857] 用户7228 | ✅ 秒杀成功 | 耗时: 6138.26ms
2025/12/13 20:20:53.903078 [20:20:49.857] 用户7249 | ✅ 秒杀成功 | 耗时: 6139.02ms
2025/12/13 20:20:53.903080 [20:20:49.857] 用户1563 | ✅ 秒杀成功 | 耗时: 6181.60ms
2025/12/13 20:20:53.903082 [20:20:49.857] 用户10643 | ✅ 秒杀成功 | 耗时: 5981.88ms
2025/12/13 20:20:53.903085 [20:20:49.857] 用户9975 | ✅ 秒杀成功 | 耗时: 6150.15ms
2025/12/13 20:20:53.903086 [20:20:49.857] 用户9507 | ✅ 秒杀成功 | 耗时: 6145.81ms
2025/12/13 20:20:53.903088 [20:20:49.857] 用户3585 | ✅ 秒杀成功 | 耗时: 6093.51ms
2025/12/13 20:20:53.903089 [20:20:49.857] 用户8409 | ✅ 秒杀成功 | 耗时: 6139.89ms
2025/12/13 20:20:53.903090 [20:20:49.857] 用户2537 | ✅ 秒杀成功 | 耗时: 5971.34ms
2025/12/13 20:20:53.903092 [20:20:49.858] 用户8753 | ✅ 秒杀成功 | 耗时: 6144.09ms
2025/12/13 20:20:53.903094 [20:20:49.858] 用户7215 | ✅ 秒杀成功 | 耗时: 6138.59ms
2025/12/13 20:20:53.903095 [20:20:49.858] 用户2279 | ✅ 秒杀成功 | 耗时: 6107.45ms
2025/12/13 20:20:53.903096 [20:20:49.858] 用户9377 | ✅ 秒杀成功 | 耗时: 6145.54ms
2025/12/13 20:20:53.903098 [20:20:49.858] 用户3973 | ✅ 秒杀成功 | 耗时: 6091.51ms
2025/12/13 20:20:53.903099 [20:20:49.858] 用户343 | ✅ 秒杀成功 | 耗时: 6176.07ms
2025/12/13 20:20:53.903101 [20:20:49.858] 用户8349 | ✅ 秒杀成功 | 耗时: 6139.96ms
2025/12/13 20:20:53.903102 [20:20:49.861] 用户1755 | ✅ 秒杀成功 | 耗时: 6024.02ms
2025/12/13 20:20:53.903103 [20:20:49.861] 用户1608 | ✅ 秒杀成功 | 耗时: 6042.59ms
2025/12/13 20:20:53.903105 [20:20:49.861] 用户10623 | ✅ 秒杀成功 | 耗时: 5984.90ms
2025/12/13 20:20:53.903106 [20:20:49.861] 用户10480 | ✅ 秒杀成功 | 耗时: 6158.01ms
2025/12/13 20:20:53.903107 [20:20:49.861] 用户575 | ✅ 秒杀成功 | 耗时: 6177.27ms
2025/12/13 20:20:53.903109 [20:20:49.861] 用户1028 | ✅ 秒杀成功 | 耗时: 6178.21ms
2025/12/13 20:20:53.903110 [20:20:49.861] 用户9881 | ✅ 秒杀成功 | 耗时: 6155.50ms
2025/12/13 20:20:53.903111 [20:20:49.861] 用户8374 | ✅ 秒杀成功 | 耗时: 6143.44ms
2025/12/13 20:20:53.903113 [20:20:49.861] 用户9038 | ✅ 秒杀成功 | 耗时: 6142.03ms
2025/12/13 20:20:53.903114 [20:20:49.861] 用户10472 | ✅ 秒杀成功 | 耗时: 6186.29ms
2025/12/13 20:20:53.903116 [20:20:49.861] 用户8270 | ✅ 秒杀成功 | 耗时: 6146.77ms
2025/12/13 20:20:53.903117 [20:20:49.861] 用户8080 | ✅ 秒杀成功 | 耗时: 6143.21ms
2025/12/13 20:20:53.903119 [20:20:49.861] 用户2639 | ✅ 秒杀成功 | 耗时: 6141.63ms
2025/12/13 20:20:53.903120 [20:20:49.861] 用户1862 | ✅ 秒杀成功 | 耗时: 6186.23ms
2025/12/13 20:20:53.903121 [20:20:49.861] 用户1691 | ✅ 秒杀成功 | 耗时: 6071.22ms
2025/12/13 20:20:53.903123 [20:20:49.861] 用户9496 | ✅ 秒杀成功 | 耗时: 6149.03ms
2025/12/13 20:20:53.903124 [20:20:49.861] 用户1259 | ✅ 秒杀成功 | 耗时: 5992.91ms
2025/12/13 20:20:53.903125 [20:20:49.861] 用户7586 | ✅ 秒杀成功 | 耗时: 6142.29ms
2025/12/13 20:20:53.903127 [20:20:49.861] 用户2118 | ✅ 秒杀成功 | 耗时: 5985.50ms
2025/12/13 20:20:53.903128 [20:20:49.862] 用户9550 | ✅ 秒杀成功 | 耗时: 6159.33ms
2025/12/13 20:20:53.903130 [20:20:49.862] 用户178 | ✅ 秒杀成功 | 耗时: 6143.19ms
2025/12/13 20:20:53.903131 [20:20:49.862] 用户3924 | ✅ 秒杀成功 | 耗时: 6071.26ms
2025/12/13 20:20:53.903132 [20:20:49.862] 用户1239 | ✅ 秒杀成功 | 耗时: 5992.58ms
2025/12/13 20:20:53.903134 [20:20:49.862] 用户1240 | ✅ 秒杀成功 | 耗时: 5992.67ms
2025/12/13 20:20:53.903135 [20:20:49.862] 用户9174 | ✅ 秒杀成功 | 耗时: 6158.67ms
2025/12/13 20:20:53.903136 [20:20:49.862] 用户1695 | ✅ 秒杀成功 | 耗时: 6049.70ms
2025/12/13 20:20:53.903138 [20:20:49.862] 用户3488 | ✅ 秒杀成功 | 耗时: 6212.81ms
2025/12/13 20:20:53.903139 [20:20:49.862] 用户9080 | ✅ 秒杀成功 | 耗时: 6142.47ms
2025/12/13 20:20:53.903141 [20:20:49.862] 用户10842 | ✅ 秒杀成功 | 耗时: 6166.02ms
2025/12/13 20:20:53.903142 [20:20:49.862] 用户618 | ✅ 秒杀成功 | 耗时: 6182.79ms
2025/12/13 20:20:53.903143 [20:20:49.862] 用户9743 | ✅ 秒杀成功 | 耗时: 6149.75ms
2025/12/13 20:20:53.903145 [20:20:49.862] 用户9271 | ✅ 秒杀成功 | 耗时: 6159.46ms
2025/12/13 20:20:53.903147 [20:20:49.862] 用户568 | ✅ 秒杀成功 | 耗时: 6178.66ms
2025/12/13 20:20:53.903148 [20:20:49.862] 用户7234 | ✅ 秒杀成功 | 耗时: 6142.68ms
2025/12/13 20:20:53.903149 [20:20:49.862] 用户10036 | ✅ 秒杀成功 | 耗时: 6154.78ms
2025/12/13 20:20:53.903151 [20:20:49.862] 用户10689 | ✅ 秒杀成功 | 耗时: 6142.42ms
2025/12/13 20:20:53.903152 [20:20:49.862] 用户1674 | ✅ 秒杀成功 | 耗时: 6071.58ms
2025/12/13 20:20:53.903153 [20:20:49.862] 用户1233 | ✅ 秒杀成功 | 耗时: 5992.86ms
2025/12/13 20:20:53.903155 [20:20:49.862] 用户7103 | ✅ 秒杀成功 | 耗时: 6142.89ms
2025/12/13 20:20:53.903156 [20:20:49.862] 用户1830 | ✅ 秒杀成功 | 耗时: 6186.79ms
2025/12/13 20:20:53.903157 [20:20:49.862] 用户7175 | ✅ 秒杀成功 | 耗时: 6051.23ms
2025/12/13 20:20:53.903159 [20:20:49.862] 用户9458 | ✅ 秒杀成功 | 耗时: 6149.55ms
2025/12/13 20:20:53.903160 [20:20:49.862] 用户1622 | ✅ 秒杀成功 | 耗时: 6042.59ms
2025/12/13 20:20:53.903162 [20:20:49.862] 用户157 | ✅ 秒杀成功 | 耗时: 6142.86ms
2025/12/13 20:20:53.903163 [20:20:49.862] 用户9849 | ✅ 秒杀成功 | 耗时: 6186.89ms
2025/12/13 20:20:53.903164 [20:20:49.862] 用户7921 | ✅ 秒杀成功 | 耗时: 6144.67ms
2025/12/13 20:20:53.903166 [20:20:49.862] 用户1275 | ✅ 秒杀成功 | 耗时: 5994.53ms
2025/12/13 20:20:53.903167 [20:20:49.862] 用户10975 | ✅ 秒杀成功 | 耗时: 6143.02ms
2025/12/13 20:20:53.903168 [20:20:49.862] 用户1071 | ✅ 秒杀成功 | 耗时: 6179.35ms
2025/12/13 20:20:53.903170 [20:20:49.862] 用户3816 | ✅ 秒杀成功 | 耗时: 6214.30ms
2025/12/13 20:20:53.903171 [20:20:49.863] 用户2637 | ✅ 秒杀成功 | 耗时: 6142.89ms
2025/12/13 20:20:53.903176 [20:20:49.863] 用户9502 | ✅ 秒杀成功 | 耗时: 5986.60ms
2025/12/13 20:20:53.903178 [20:20:49.863] 用户1242 | ✅ 秒杀成功 | 耗时: 5993.85ms
2025/12/13 20:20:53.903179 [20:20:49.863] 用户1273 | ✅ 秒杀成功 | 耗时: 5995.43ms
2025/12/13 20:20:53.903181 [20:20:49.864] 用户1262 | ✅ 秒杀成功 | 耗时: 5995.76ms
2025/12/13 20:20:53.903182 [20:20:49.868] 用户1861 | ✅ 秒杀成功 | 耗时: 6192.67ms
2025/12/13 20:20:53.903183 [20:20:49.868] 用户7577 | ✅ 秒杀成功 | 耗时: 6148.87ms
2025/12/13 20:20:53.903185 [20:20:49.871] 用户8936 | ✅ 秒杀成功 | 耗时: 6157.72ms
2025/12/13 20:20:53.903186 [20:20:49.871] 用户9601 | ✅ 秒杀成功 | 耗时: 6163.38ms
2025/12/13 20:20:53.903188 [20:20:49.872] 用户4581 | ✅ 秒杀成功 | 耗时: 6227.45ms
2025/12/13 20:20:53.903189 [20:20:49.872] 用户9594 | ✅ 秒杀成功 | 耗时: 6106.99ms
2025/12/13 20:20:53.903190 [20:20:49.872] 用户1616 | ✅ 秒杀成功 | 耗时: 6057.34ms
2025/12/13 20:20:53.903192 [20:20:49.872] 用户9463 | ✅ 秒杀成功 | 耗时: 6159.78ms
2025/12/13 20:20:53.903193 [20:20:49.872] 用户4176 | ✅ 秒杀成功 | 耗时: 6227.62ms
2025/12/13 20:20:53.903194 [20:20:49.872] 用户3976 | ✅ 秒杀成功 | 耗时: 6105.74ms
2025/12/13 20:20:53.903196 [20:20:49.872] 用户4329 | ✅ 秒杀成功 | 耗时: 6227.07ms
2025/12/13 20:20:53.903197 [20:20:49.872] 用户9043 | ✅ 秒杀成功 | 耗时: 6168.11ms
2025/12/13 20:20:53.903199 [20:20:49.872] 用户10033 | ✅ 秒杀成功 | 耗时: 6165.16ms
2025/12/13 20:20:53.903200 [20:20:49.872] 用户1298 | ✅ 秒杀成功 | 耗时: 6189.21ms
2025/12/13 20:20:53.903201 [20:20:49.875] 用户3736 | ✅ 秒杀成功 | 耗时: 6230.84ms
2025/12/13 20:20:53.903203 [20:20:49.876] 用户9916 | ✅ 秒杀成功 | 耗时: 6164.31ms
2025/12/13 20:20:53.903204 [20:20:49.876] 用户8988 | ✅ 秒杀成功 | 耗时: 6168.93ms
2025/12/13 20:20:53.903205 [20:20:49.876] 用户4371 | ✅ 秒杀成功 | 耗时: 6232.32ms
2025/12/13 20:20:53.903207 [20:20:49.876] 用户4105 | ✅ 秒杀成功 | 耗时: 6231.86ms
2025/12/13 20:20:53.903208 [20:20:49.877] 用户235 | ✅ 秒杀成功 | 耗时: 6193.96ms
2025/12/13 20:20:53.903209 [20:20:49.877] 用户9908 | ✅ 秒杀成功 | 耗时: 6165.57ms
2025/12/13 20:20:53.903211 [20:20:49.877] 用户9619 | ✅ 秒杀成功 | 耗时: 6193.99ms
2025/12/13 20:20:53.903212 [20:20:49.877] 用户4179 | ✅ 秒杀成功 | 耗时: 6233.01ms
2025/12/13 20:20:53.903213 [20:20:49.877] 用户4190 | ✅ 秒杀成功 | 耗时: 6233.07ms
2025/12/13 20:20:53.903215 [20:20:49.877] 用户5292 | ✅ 秒杀成功 | 耗时: 6233.61ms
2025/12/13 20:20:53.903216 [20:20:49.877] 用户752 | ✅ 秒杀成功 | 耗时: 6175.20ms
2025/12/13 20:20:53.903217 [20:20:49.877] 用户4162 | ✅ 秒杀成功 | 耗时: 6233.12ms
2025/12/13 20:20:53.903219 [20:20:49.877] 用户4953 | ✅ 秒杀成功 | 耗时: 6233.20ms
2025/12/13 20:20:53.903220 [20:20:49.877] 用户4455 | ✅ 秒杀成功 | 耗时: 6233.89ms
2025/12/13 20:20:53.903221 [20:20:49.878] 用户10075 | ✅ 秒杀成功 | 耗时: 6174.56ms
2025/12/13 20:20:53.903223 [20:20:49.878] 用户4951 | ✅ 秒杀成功 | 耗时: 6233.53ms
2025/12/13 20:20:53.903224 [20:20:49.878] 用户4440 | ✅ 秒杀成功 | 耗时: 6233.44ms
2025/12/13 20:20:53.903226 [20:20:49.878] 用户9065 | ✅ 秒杀成功 | 耗时: 6173.95ms
2025/12/13 20:20:53.903227 [20:20:49.878] 用户10426 | ✅ 秒杀成功 | 耗时: 6160.74ms
2025/12/13 20:20:53.903228 [20:20:49.878] 用户8689 | ✅ 秒杀成功 | 耗时: 6169.64ms
2025/12/13 20:20:53.903230 [20:20:49.878] 用户9597 | ✅ 秒杀成功 | 耗时: 6170.66ms
2025/12/13 20:20:53.903231 [20:20:49.878] 用户3764 | ✅ 秒杀成功 | 耗时: 6233.76ms
2025/12/13 20:20:53.903232 [20:20:49.878] 用户4178 | ✅ 秒杀成功 | 耗时: 6233.98ms
2025/12/13 20:20:53.903234 [20:20:49.881] 用户9880 | ✅ 秒杀成功 | 耗时: 6175.61ms
2025/12/13 20:20:53.903235 [20:20:49.885] 用户1662 | ✅ 秒杀成功 | 耗时: 6087.64ms
2025/12/13 20:20:53.903236 [20:20:49.885] 用户9235 | ✅ 秒杀成功 | 耗时: 6130.89ms
2025/12/13 20:20:53.903238 [20:20:49.885] 用户8023 | ✅ 秒杀成功 | 耗时: 6166.73ms
2025/12/13 20:20:53.903239 [20:20:49.891] 用户7171 | ❌ 错误: Post "http://localhost:8080/api/seckill/buy": EOF | 耗时: 6080.61ms
2025/12/13 20:20:53.903254 [20:20:49.892] 用户1645 | ❌ 错误: Post "http://localhost:8080/api/seckill/buy": EOF | 耗时: 6101.06ms
2025/12/13 20:20:53.903256 [20:20:49.894] 用户4456 | ✅ 秒杀成功 | 耗时: 6250.39ms
2025/12/13 20:20:53.903257 [20:20:49.894] 用户1677 | ❌ 错误: Post "http://localhost:8080/api/seckill/buy": EOF | 耗时: 6103.83ms
2025/12/13 20:20:53.903264 [20:20:49.895] 用户2632 | ❌ 错误: Post "http://localhost:8080/api/seckill/buy": EOF | 耗时: 6174.75ms
2025/12/13 20:20:53.903267 [20:20:49.895] 用户10303 | ✅ 秒杀成功 | 耗时: 6187.34ms
2025/12/13 20:20:53.903268 [20:20:49.895] 用户7172 | ❌ 错误: Post "http://localhost:8080/api/seckill/buy": EOF | 耗时: 6083.49ms
2025/12/13 20:20:53.903273 [20:20:49.895] 用户1642 | ❌ 错误: Post "http://localhost:8080/api/seckill/buy": EOF | 耗时: 6104.23ms
2025/12/13 20:20:53.903278 [20:20:49.900] 用户3947 | ❌ 错误: Post "http://localhost:8080/api/seckill/buy": EOF | 耗时: 6088.61ms
2025/12/13 20:20:53.903280 [20:20:49.901] 用户1689 | ❌ 错误: Post "http://localhost:8080/api/seckill/buy": EOF | 耗时: 6110.30ms
2025/12/13 20:20:53.903282 [20:20:49.901] 用户7526 | ❌ 错误: Post "http://localhost:8080/api/seckill/buy": EOF | 耗时: 6182.55ms
2025/12/13 20:20:53.903284 [20:20:49.901] 用户1644 | ❌ 错误: Post "http://localhost:8080/api/seckill/buy": EOF | 耗时: 6110.76ms
2025/12/13 20:20:53.903289 [20:20:49.901] 用户1688 | ❌ 错误: Post "http://localhost:8080/api/seckill/buy": EOF | 耗时: 6111.05ms
2025/12/13 20:20:53.903295 [20:20:49.901] 用户1670 | ❌ 错误: Post "http://localhost:8080/api/seckill/buy": EOF | 耗时: 6110.57ms
2025/12/13 20:20:53.903297 [20:20:49.904] 用户845 | ✅ 秒杀成功 | 耗时: 6221.67ms
2025/12/13 20:20:53.903298 [20:20:49.904] 用户7761 | ✅ 秒杀成功 | 耗时: 6185.81ms
2025/12/13 20:20:53.903300 [20:20:49.905] 用户1075 | ✅ 秒杀成功 | 耗时: 6214.17ms
2025/12/13 20:20:53.903301 [20:20:49.905] 用户8028 | ✅ 秒杀成功 | 耗时: 6186.61ms
2025/12/13 20:20:53.903303 [20:20:49.905] 用户3050 | ✅ 秒杀成功 | 耗时: 6138.86ms
2025/12/13 20:20:53.903304 [20:20:49.905] 用户395 | ✅ 秒杀成功 | 耗时: 6214.51ms
2025/12/13 20:20:53.903305 [20:20:49.905] 用户2559 | ✅ 秒杀成功 | 耗时: 6185.68ms
2025/12/13 20:20:53.903307 [20:20:49.905] 用户10046 | ✅ 秒杀成功 | 耗时: 6214.44ms
2025/12/13 20:20:53.903308 [20:20:49.905] 用户3980 | ✅ 秒杀成功 | 耗时: 6139.31ms
2025/12/13 20:20:53.903310 [20:20:49.905] 用户1445 | ✅ 秒杀成功 | 耗时: 6226.89ms
2025/12/13 20:20:53.903311 [20:20:49.906] 用户3255 | ✅ 秒杀成功 | 耗时: 6218.54ms
2025/12/13 20:20:53.903312 [20:20:49.906] 用户44 | ✅ 秒杀成功 | 耗时: 6230.65ms
2025/12/13 20:20:53.903314 [20:20:49.906] 用户873 | ✅ 秒杀成功 | 耗时: 6214.98ms
2025/12/13 20:20:53.903315 [20:20:49.906] 用户8614 | ❌ 错误: Post "http://localhost:8080/api/seckill/buy": EOF | 耗时: 6191.82ms
2025/12/13 20:20:53.903318 [20:20:49.907] 用户1403 | ✅ 秒杀成功 | 耗时: 6216.53ms
2025/12/13 20:20:53.903319 [20:20:49.907] 用户10414 | ✅ 秒杀成功 | 耗时: 6232.02ms
2025/12/13 20:20:53.903321 [20:20:49.908] 用户2114 | ✅ 秒杀成功 | 耗时: 6229.01ms
2025/12/13 20:20:53.903322 [20:20:49.908] 用户10050 | ✅ 秒杀成功 | 耗时: 6217.02ms
2025/12/13 20:20:53.903324 [20:20:49.908] 用户391 | ✅ 秒杀成功 | 耗时: 6217.11ms
2025/12/13 20:20:53.903325 [20:20:49.912] 用户369 | ✅ 秒杀成功 | 耗时: 6233.02ms
2025/12/13 20:20:53.903327 [20:20:49.912] 用户1539 | ✅ 秒杀成功 | 耗时: 6236.39ms
2025/12/13 20:20:53.903329 [20:20:49.916] 用户1077 | ✅ 秒杀成功 | 耗时: 6225.34ms
2025/12/13 20:20:53.903330 [20:20:49.920] 用户2415 | ✅ 秒杀成功 | 耗时: 6186.40ms
2025/12/13 20:20:53.903332 [20:20:49.924] 用户244 | ✅ 秒杀成功 | 耗时: 6245.86ms
2025/12/13 20:20:53.903334 [20:20:49.935] 用户8732 | ✅ 秒杀成功 | 耗时: 6221.18ms
2025/12/13 20:20:53.903335 [20:20:49.946] 用户2863 | ✅ 秒杀成功 | 耗时: 6268.02ms
2025/12/13 20:20:53.903337 [20:20:49.946] 用户8115 | ✅ 秒杀成功 | 耗时: 6226.86ms
2025/12/13 20:20:53.903338 [20:20:49.947] 用户632 | ✅ 秒杀成功 | 耗时: 6268.55ms
2025/12/13 20:20:53.903339 [20:20:49.947] 用户7627 | ✅ 秒杀成功 | 耗时: 6228.72ms
2025/12/13 20:20:53.903341 [20:20:49.948] 用户1908 | ✅ 秒杀成功 | 耗时: 6269.97ms
2025/12/13 20:20:53.903342 [20:20:49.949] 用户629 | ✅ 秒杀成功 | 耗时: 6270.31ms
2025/12/13 20:20:53.903344 [20:20:49.949] 用户10545 | ✅ 秒杀成功 | 耗时: 6270.95ms
2025/12/13 20:20:53.903345 [20:20:49.949] 用户8125 | ✅ 秒杀成功 | 耗时: 6231.88ms
2025/12/13 20:20:53.903346 [20:20:49.949] 用户2124 | ✅ 秒杀成功 | 耗时: 6270.95ms
2025/12/13 20:20:53.903348 [20:20:49.949] 用户310 | ✅ 秒杀成功 | 耗时: 6270.12ms
2025/12/13 20:20:53.903349 [20:20:49.949] 用户1906 | ✅ 秒杀成功 | 耗时: 6270.86ms
2025/12/13 20:20:53.903351 [20:20:49.950] 用户2116 | ✅ 秒杀成功 | 耗时: 6271.10ms
2025/12/13 20:20:53.903352 [20:20:49.950] 用户2251 | ✅ 秒杀成功 | 耗时: 6127.67ms
2025/12/13 20:20:53.903353 [20:20:49.951] 用户169 | ✅ 秒杀成功 | 耗时: 6231.99ms
2025/12/13 20:20:53.903355 [20:20:49.972] 用户8238 | ❌ 错误: Post "http://localhost:8080/api/seckill/buy": EOF | 耗时: 6281.14ms
2025/12/13 20:20:53.903358 [20:20:49.975] 用户2826 | ✅ 秒杀成功 | 耗时: 6254.81ms
2025/12/13 20:20:53.903359 [20:20:49.975] 用户8832 | ✅ 秒杀成功 | 耗时: 6267.63ms
2025/12/13 20:20:53.903361 [20:20:49.975] 用户3983 | ✅ 秒杀成功 | 耗时: 6209.72ms
2025/12/13 20:20:53.903363 [20:20:49.975] 用户7781 | ✅ 秒杀成功 | 耗时: 6256.70ms
2025/12/13 20:20:53.903364 [20:20:49.975] 用户10587 | ✅ 秒杀成功 | 耗时: 6297.28ms
2025/12/13 20:20:53.903366 [20:20:49.976] 用户10591 | ✅ 秒杀成功 | 耗时: 6298.72ms
2025/12/13 20:20:53.903368 [20:20:49.977] 用户8140 | ✅ 秒杀成功 | 耗时: 6257.24ms
2025/12/13 20:20:53.903369 [20:20:49.977] 用户7413 | ✅ 秒杀成功 | 耗时: 6258.25ms
2025/12/13 20:20:53.903371 [20:20:49.977] 用户10300 | ✅ 秒杀成功 | 耗时: 6289.69ms
2025/12/13 20:20:53.903372 [20:20:49.977] 用户792 | ✅ 秒杀成功 | 耗时: 6298.55ms
2025/12/13 20:20:53.903373 [20:20:49.977] 用户9432 | ✅ 秒杀成功 | 耗时: 6298.18ms
2025/12/13 20:20:53.903375 [20:20:49.977] 用户10582 | ✅ 秒杀成功 | 耗时: 6298.95ms
2025/12/13 20:20:53.903376 [20:20:49.977] 用户712 | ✅ 秒杀成功 | 耗时: 6298.48ms
2025/12/13 20:20:53.903377 [20:20:49.977] 用户2861 | ✅ 秒杀成功 | 耗时: 6298.46ms
2025/12/13 20:20:53.903379 [20:20:49.977] 用户10612 | ✅ 秒杀成功 | 耗时: 6298.72ms
2025/12/13 20:20:53.903380 [20:20:49.977] 用户2621 | ✅ 秒杀成功 | 耗时: 6297.75ms
2025/12/13 20:20:53.903382 [20:20:49.977] 用户9655 | ✅ 秒杀成功 | 耗时: 6298.62ms
2025/12/13 20:20:53.903383 [20:20:49.977] 用户9746 | ✅ 秒杀成功 | 耗时: 6263.54ms
2025/12/13 20:20:53.903384 [20:20:49.977] 用户3052 | ✅ 秒杀成功 | 耗时: 6210.95ms
2025/12/13 20:20:53.903386 [20:20:49.977] 用户1840 | ✅ 秒杀成功 | 耗时: 6299.11ms
2025/12/13 20:20:53.903387 [20:20:49.977] 用户2459 | ✅ 秒杀成功 | 耗时: 6257.30ms
2025/12/13 20:20:53.903388 [20:20:49.977] 用户8228 | ✅ 秒杀成功 | 耗时: 6260.11ms
2025/12/13 20:20:53.903390 [20:20:49.977] 用户10579 | ✅ 秒杀成功 | 耗时: 6299.15ms
2025/12/13 20:20:53.903391 [20:20:49.977] 用户3002 | ✅ 秒杀成功 | 耗时: 6257.47ms
2025/12/13 20:20:53.903392 [20:20:49.977] 用户713 | ✅ 秒杀成功 | 耗时: 6298.79ms
2025/12/13 20:20:53.903394 [20:20:49.977] 用户7852 | ✅ 秒杀成功 | 耗时: 6259.02ms
2025/12/13 20:20:53.903395 [20:20:49.977] 用户9262 | ✅ 秒杀成功 | 耗时: 6274.47ms
2025/12/13 20:20:53.903397 [20:20:49.977] 用户10479 | ✅ 秒杀成功 | 耗时: 6302.20ms
2025/12/13 20:20:53.903398 [20:20:49.978] 用户886 | ✅ 秒杀成功 | 耗时: 6299.86ms
2025/12/13 20:20:53.903399 [20:20:49.978] 用户587 | ✅ 秒杀成功 | 耗时: 6300.11ms
2025/12/13 20:20:53.903401 [20:20:49.979] 用户8932 | ✅ 秒杀成功 | 耗时: 6260.29ms
2025/12/13 20:20:53.903402 [20:20:49.979] 用户9836 | ✅ 秒杀成功 | 耗时: 6303.65ms
2025/12/13 20:20:53.903403 [20:20:49.979] 用户2063 | ✅ 秒杀成功 | 耗时: 6149.41ms
2025/12/13 20:20:53.903405 [20:20:49.979] 用户1869 | ✅ 秒杀成功 | 耗时: 6300.84ms
2025/12/13 20:20:53.903406 [20:20:49.979] 用户2407 | ✅ 秒杀成功 | 耗时: 6212.31ms
2025/12/13 20:20:53.903407 [20:20:49.979] 用户3051 | ✅ 秒杀成功 | 耗时: 6212.67ms
2025/12/13 20:20:53.903409 [20:20:49.979] 用户3870 | ✅ 秒杀成功 | 耗时: 6212.13ms
2025/12/13 20:20:53.903410 [20:20:49.979] 用户2424 | ✅ 秒杀成功 | 耗时: 6258.88ms
2025/12/13 20:20:53.903411 [20:20:49.979] 用户7759 | ✅ 秒杀成功 | 耗时: 6260.68ms
2025/12/13 20:20:53.903413 [20:20:49.979] 用户10072 | ✅ 秒杀成功 | 耗时: 6260.43ms
2025/12/13 20:20:53.903414 [20:20:49.979] 用户800 | ✅ 秒杀成功 | 耗时: 6300.90ms
2025/12/13 20:20:53.903415 [20:20:49.979] 用户2489 | ✅ 秒杀成功 | 耗时: 6297.27ms
2025/12/13 20:20:53.903417 [20:20:49.979] 用户2859 | ✅ 秒杀成功 | 耗时: 6300.65ms
2025/12/13 20:20:53.903418 [20:20:49.979] 用户171 | ✅ 秒杀成功 | 耗时: 6260.12ms
2025/12/13 20:20:53.903420 [20:20:49.979] 用户10572 | ✅ 秒杀成功 | 耗时: 6300.89ms
2025/12/13 20:20:53.903421 [20:20:49.979] 用户727 | ✅ 秒杀成功 | 耗时: 6301.19ms
2025/12/13 20:20:53.903422 [20:20:49.984] 用户709 | ✅ 秒杀成功 | 耗时: 6305.40ms
2025/12/13 20:20:53.903424 [20:20:50.006] 用户9355 | ❌ 错误: Post "http://localhost:8080/api/seckill/buy": EOF | 耗时: 6314.51ms
2025/12/13 20:20:53.903429 [20:20:50.006] 用户10697 | ❌ 错误: Post "http://localhost:8080/api/seckill/buy": EOF | 耗时: 6315.13ms
2025/12/13 20:20:53.903431 [20:20:50.009] 用户368 | ❌ 错误: Post "http://localhost:8080/api/seckill/buy": EOF | 耗时: 6318.28ms
2025/12/13 20:20:53.903438 [20:20:50.010] 用户9995 | ✅ 秒杀成功 | 耗时: 6292.05ms
2025/12/13 20:20:53.903440 [20:20:50.010] 用户2022 | ✅ 秒杀成功 | 耗时: 6331.11ms
2025/12/13 20:20:53.903442 [20:20:50.010] 用户200 | ❌ 错误: Post "http://localhost:8080/api/seckill/buy": EOF | 耗时: 6318.80ms
2025/12/13 20:20:53.903447 [20:20:50.010] 用户1866 | ✅ 秒杀成功 | 耗时: 6334.53ms
2025/12/13 20:20:53.903448 [20:20:50.010] 用户1336 | ✅ 秒杀成功 | 耗时: 6327.77ms
2025/12/13 20:20:53.903450 [20:20:50.010] 用户1753 | ✅ 秒杀成功 | 耗时: 6328.01ms
2025/12/13 20:20:53.903452 [20:20:50.010] 用户1448 | ✅ 秒杀成功 | 耗时: 6332.09ms
2025/12/13 20:20:53.903454 [20:20:50.011] 用户1386 | ✅ 秒杀成功 | 耗时: 6331.83ms
2025/12/13 20:20:53.903455 [20:20:50.011] 用户9639 | ✅ 秒杀成功 | 耗时: 6330.89ms
2025/12/13 20:20:53.903457 [20:20:50.011] 用户1837 | ✅ 秒杀成功 | 耗时: 6332.35ms
2025/12/13 20:20:53.903458 [20:20:50.011] 用户2147 | ✅ 秒杀成功 | 耗时: 6331.68ms
2025/12/13 20:20:53.903459 [20:20:50.011] 用户2029 | ✅ 秒杀成功 | 耗时: 6332.14ms
2025/12/13 20:20:53.903461 [20:20:50.011] 用户10544 | ✅ 秒杀成功 | 耗时: 6332.51ms
2025/12/13 20:20:53.903462 [20:20:50.011] 用户1752 | ✅ 秒杀成功 | 耗时: 6328.74ms
2025/12/13 20:20:53.903463 [20:20:50.011] 用户3969 | ✅ 秒杀成功 | 耗时: 6244.30ms
2025/12/13 20:20:53.903465 [20:20:50.011] 用户2381 | ✅ 秒杀成功 | 耗时: 6328.54ms
2025/12/13 20:20:53.903466 [20:20:50.011] 用户1587 | ✅ 秒杀成功 | 耗时: 6335.23ms
2025/12/13 20:20:53.903468 [20:20:50.011] 用户7070 | ✅ 秒杀成功 | 耗时: 6291.62ms
2025/12/13 20:20:53.903469 [20:20:50.011] 用户10600 | ✅ 秒杀成功 | 耗时: 6332.61ms
2025/12/13 20:20:53.903470 [20:20:50.011] 用户10070 | ✅ 秒杀成功 | 耗时: 6292.06ms
2025/12/13 20:20:53.903472 [20:20:50.011] 用户723 | ✅ 秒杀成功 | 耗时: 6332.53ms
2025/12/13 20:20:53.903473 [20:20:50.011] 用户3266 | ✅ 秒杀成功 | 耗时: 6326.76ms
2025/12/13 20:20:53.903474 [20:20:50.011] 用户720 | ✅ 秒杀成功 | 耗时: 6332.57ms
2025/12/13 20:20:53.903476 [20:20:50.011] 用户3500 | ✅ 秒杀成功 | 耗时: 6332.09ms
2025/12/13 20:20:53.903477 [20:20:50.011] 用户2405 | ✅ 秒杀成功 | 耗时: 6244.23ms
2025/12/13 20:20:53.903479 [20:20:50.011] 用户1750 | ✅ 秒杀成功 | 耗时: 6328.95ms
2025/12/13 20:20:53.903480 [20:20:50.011] 用户1537 | ✅ 秒杀成功 | 耗时: 6335.43ms
2025/12/13 20:20:53.903481 [20:20:50.011] 用户793 | ✅ 秒杀成功 | 耗时: 6332.53ms
2025/12/13 20:20:53.903483 [20:20:50.011] 用户2285 | ✅ 秒杀成功 | 耗时: 6260.65ms
2025/12/13 20:20:53.903484 [20:20:50.011] 用户3053 | ✅ 秒杀成功 | 耗时: 6244.76ms
2025/12/13 20:20:53.903485 [20:20:50.011] 用户2870 | ✅ 秒杀成功 | 耗时: 6332.64ms
2025/12/13 20:20:53.903487 [20:20:50.011] 用户8494 | ✅ 秒杀成功 | 耗时: 6293.42ms
2025/12/13 20:20:53.903488 [20:20:50.011] 用户1962 | ✅ 秒杀成功 | 耗时: 6331.59ms
2025/12/13 20:20:53.903489 [20:20:50.011] 用户2417 | ✅ 秒杀成功 | 耗时: 6277.98ms
2025/12/13 20:20:53.903491 [20:20:50.011] 用户10583 | ✅ 秒杀成功 | 耗时: 6332.92ms
2025/12/13 20:20:53.903493 [20:20:50.011] 用户619 | ✅ 秒杀成功 | 耗时: 6332.03ms
2025/12/13 20:20:53.903494 [20:20:50.011] 用户3505 | ✅ 秒杀成功 | 耗时: 6332.30ms
2025/12/13 20:20:53.903495 [20:20:50.011] 用户2984 | ✅ 秒杀成功 | 耗时: 6291.16ms
2025/12/13 20:20:53.903497 [20:20:50.011] 用户7421 | ✅ 秒杀成功 | 耗时: 6292.86ms
2025/12/13 20:20:53.903498 [20:20:50.011] 用户1352 | ✅ 秒杀成功 | 耗时: 6331.64ms
2025/12/13 20:20:53.903500 [20:20:50.011] 用户733 | ✅ 秒杀成功 | 耗时: 6332.90ms
2025/12/13 20:20:53.903501 [20:20:50.011] 用户1311 | ✅ 秒杀成功 | 耗时: 6328.42ms
2025/12/13 20:20:53.903502 [20:20:50.011] 用户7768 | ✅ 秒杀成功 | 耗时: 6292.65ms
2025/12/13 20:20:53.903504 [20:20:50.011] 用户3968 | ✅ 秒杀成功 | 耗时: 6244.36ms
2025/12/13 20:20:53.903505 [20:20:50.011] 用户3991 | ✅ 秒杀成功 | 耗时: 6245.94ms
2025/12/13 20:20:53.903506 [20:20:50.011] 用户693 | ✅ 秒杀成功 | 耗时: 6332.08ms
2025/12/13 20:20:53.903508 [20:20:50.011] 用户8569 | ✅ 秒杀成功 | 耗时: 6298.17ms
2025/12/13 20:20:53.903509 [20:20:50.011] 用户1378 | ✅ 秒杀成功 | 耗时: 6328.04ms
2025/12/13 20:20:53.903512 [20:20:50.011] 用户2065 | ✅ 秒杀成功 | 耗时: 6181.53ms
2025/12/13 20:20:53.903514 [20:20:50.011] 用户3575 | ✅ 秒杀成功 | 耗时: 6246.96ms
2025/12/13 20:20:53.903515 [20:20:50.011] 用户786 | ✅ 秒杀成功 | 耗时: 6332.63ms
2025/12/13 20:20:53.903517 [20:20:50.011] 用户1055 | ✅ 秒杀成功 | 耗时: 6326.57ms
2025/12/13 20:20:53.903519 [20:20:50.011] 用户1364 | ✅ 秒杀成功 | 耗时: 6332.33ms
2025/12/13 20:20:53.903520 [20:20:50.011] 用户9635 | ✅ 秒杀成功 | 耗时: 6335.91ms
2025/12/13 20:20:53.903521 [20:20:50.011] 用户620 | ✅ 秒杀成功 | 耗时: 6332.17ms
2025/12/13 20:20:53.903523 [20:20:50.011] 用户3497 | ✅ 秒杀成功 | 耗时: 6332.29ms
2025/12/13 20:20:53.903524 [20:20:50.011] 用户781 | ✅ 秒杀成功 | 耗时: 6332.66ms
2025/12/13 20:20:53.903525 [20:20:50.011] 用户872 | ✅ 秒杀成功 | 耗时: 6332.29ms
2025/12/13 20:20:53.903527 [20:20:50.011] 用户887 | ✅ 秒杀成功 | 耗时: 6332.84ms
2025/12/13 20:20:53.903528 [20:20:50.011] 用户2608 | ✅ 秒杀成功 | 耗时: 6331.42ms
2025/12/13 20:20:53.903529 [20:20:50.011] 用户2108 | ✅ 秒杀成功 | 耗时: 6332.31ms
2025/12/13 20:20:53.903531 [20:20:50.011] 用户362 | ✅ 秒杀成功 | 耗时: 6332.34ms
2025/12/13 20:20:53.903532 [20:20:50.011] 用户716 | ✅ 秒杀成功 | 耗时: 6332.80ms
2025/12/13 20:20:53.903534 [20:20:50.011] 用户1983 | ✅ 秒杀成功 | 耗时: 6329.23ms
2025/12/13 20:20:53.903535 [20:20:50.011] 用户9431 | ✅ 秒杀成功 | 耗时: 6332.41ms
2025/12/13 20:20:53.903536 [20:20:50.011] 用户3591 | ✅ 秒杀成功 | 耗时: 6247.28ms
2025/12/13 20:20:53.903538 [20:20:50.011] 用户7771 | ✅ 秒杀成功 | 耗时: 6292.91ms
2025/12/13 20:20:53.903539 [20:20:50.011] 用户553 | ✅ 秒杀成功 | 耗时: 6331.97ms
2025/12/13 20:20:53.903540 [20:20:50.011] 用户2032 | ✅ 秒杀成功 | 耗时: 6332.82ms
2025/12/13 20:20:53.903542 [20:20:50.011] 用户583 | ✅ 秒杀成功 | 耗时: 6327.83ms
2025/12/13 20:20:53.903543 [20:20:50.011] 用户2860 | ✅ 秒杀成功 | 耗时: 6332.58ms
2025/12/13 20:20:53.903544 [20:20:50.011] 用户3972 | ✅ 秒杀成功 | 耗时: 6245.04ms
2025/12/13 20:20:53.903546 [20:20:50.011] 用户9441 | ✅ 秒杀成功 | 耗时: 6291.61ms
2025/12/13 20:20:53.903548 [20:20:50.011] 用户1570 | ✅ 秒杀成功 | 耗时: 6335.79ms
2025/12/13 20:20:53.903549 [20:20:50.011] 用户2869 | ✅ 秒杀成功 | 耗时: 6333.10ms
2025/12/13 20:20:53.903551 [20:20:50.011] 用户1511 | ✅ 秒杀成功 | 耗时: 6332.68ms
2025/12/13 20:20:53.903552 [20:20:50.011] 用户883 | ✅ 秒杀成功 | 耗时: 6332.88ms
2025/12/13 20:20:53.903553 [20:20:50.011] 用户7609 | ✅ 秒杀成功 | 耗时: 6292.85ms
2025/12/13 20:20:53.903555 [20:20:50.011] 用户1521 | ✅ 秒杀成功 | 耗时: 6335.53ms
2025/12/13 20:20:53.903556 [20:20:50.011] 用户3593 | ✅ 秒杀成功 | 耗时: 6247.50ms
2025/12/13 20:20:53.903557 [20:20:50.011] 用户1889 | ✅ 秒杀成功 | 耗时: 6336.23ms
2025/12/13 20:20:53.903559 [20:20:50.011] 用户8101 | ✅ 秒杀成功 | 耗时: 6293.31ms
2025/12/13 20:20:53.903561 [20:20:50.011] 用户10094 | ✅ 秒杀成功 | 耗时: 6332.69ms
2025/12/13 20:20:53.903562 [20:20:50.011] 用户2025 | ✅ 秒杀成功 | 耗时: 6332.92ms
2025/12/13 20:20:53.903564 [20:20:50.011] 用户2062 | ✅ 秒杀成功 | 耗时: 6181.93ms
2025/12/13 20:20:53.903566 [20:20:50.011] 用户866 | ✅ 秒杀成功 | 耗时: 6331.49ms
2025/12/13 20:20:53.903567 [20:20:50.011] 用户7762 | ✅ 秒杀成功 | 耗时: 6293.08ms
2025/12/13 20:20:53.903569 [20:20:50.011] 用户2406 | ✅ 秒杀成功 | 耗时: 6244.82ms
2025/12/13 20:20:53.903571 [20:20:50.011] 用户1510 | ✅ 秒杀成功 | 耗时: 6332.71ms
2025/12/13 20:20:53.903572 [20:20:50.011] 用户2327 | ✅ 秒杀成功 | 耗时: 6291.60ms
2025/12/13 20:20:53.903573 [20:20:50.011] 用户623 | ✅ 秒杀成功 | 耗时: 6332.64ms
2025/12/13 20:20:53.903575 [20:20:50.011] 用户2117 | ✅ 秒杀成功 | 耗时: 6333.24ms
2025/12/13 20:20:53.903576 [20:20:50.011] 用户3008 | ✅ 秒杀成功 | 耗时: 6221.21ms
2025/12/13 20:20:53.903577 [20:20:50.012] 用户1751 | ✅ 秒杀成功 | 耗时: 6329.79ms
2025/12/13 20:20:53.903579 [20:20:50.012] 用户794 | ✅ 秒杀成功 | 耗时: 6333.41ms
2025/12/13 20:20:53.903580 [20:20:50.012] 用户2 | ✅ 秒杀成功 | 耗时: 6396.29ms
2025/12/13 20:20:53.903582 [20:20:50.012] 用户9424 | ✅ 秒杀成功 | 耗时: 6332.85ms
2025/12/13 20:20:53.903583 [20:20:50.012] 用户10476 | ✅ 秒杀成功 | 耗时: 6336.63ms
2025/12/13 20:20:53.903584 [20:20:50.012] 用户1516 | ✅ 秒杀成功 | 耗时: 6333.15ms
2025/12/13 20:20:53.903586 [20:20:50.012] 用户10577 | ✅ 秒杀成功 | 耗时: 6333.68ms
2025/12/13 20:20:53.903587 [20:20:50.012] 用户2822 | ✅ 秒杀成功 | 耗时: 6291.89ms
2025/12/13 20:20:53.903588 [20:20:50.012] 用户7861 | ✅ 秒杀成功 | 耗时: 6293.37ms
2025/12/13 20:20:53.903590 [20:20:50.012] 用户7245 | ✅ 秒杀成功 | 耗时: 6293.34ms
2025/12/13 20:20:53.903592 [20:20:50.012] 用户892 | ✅ 秒杀成功 | 耗时: 6320.41ms
2025/12/13 20:20:53.903593 [20:20:50.012] 用户2267 | ✅ 秒杀成功 | 耗时: 6332.16ms
2025/12/13 20:20:53.903595 [20:20:50.012] 用户10574 | ✅ 秒杀成功 | 耗时: 6333.55ms
2025/12/13 20:20:53.903597 [20:20:50.012] 用户690 | ✅ 秒杀成功 | 耗时: 6333.06ms
2025/12/13 20:20:53.903598 [20:20:50.012] 用户2009 | ✅ 秒杀成功 | 耗时: 6333.25ms
2025/12/13 20:20:53.903600 [20:20:50.012] 用户10562 | ✅ 秒杀成功 | 耗时: 6333.38ms
2025/12/13 20:20:53.903602 [20:20:50.012] 用户9412 | ✅ 秒杀成功 | 耗时: 6329.41ms
2025/12/13 20:20:53.903603 [20:20:50.012] 用户9330 | ✅ 秒杀成功 | 耗时: 6329.14ms
2025/12/13 20:20:53.903604 [20:20:50.012] 用户2495 | ✅ 秒杀成功 | 耗时: 6333.18ms
2025/12/13 20:20:53.903606 [20:20:50.012] 用户9738 | ✅ 秒杀成功 | 耗时: 6336.89ms
2025/12/13 20:20:53.903607 [20:20:50.012] 用户3921 | ✅ 秒杀成功 | 耗时: 6221.80ms
2025/12/13 20:20:53.903609 [20:20:50.012] 用户2509 | ✅ 秒杀成功 | 耗时: 6333.42ms
2025/12/13 20:20:53.903610 [20:20:50.012] 用户10578 | ✅ 秒杀成功 | 耗时: 6334.03ms
2025/12/13 20:20:53.903616 [20:20:50.012] 用户8166 | ✅ 秒杀成功 | 耗时: 6294.93ms
2025/12/13 20:20:53.903618 [20:20:50.012] 用户2854 | ✅ 秒杀成功 | 耗时: 6333.31ms
2025/12/13 20:20:53.903619 [20:20:50.012] 用户309 | ✅ 秒杀成功 | 耗时: 6332.79ms
2025/12/13 20:20:53.903620 [20:20:50.012] 用户10332 | ✅ 秒杀成功 | 耗时: 6396.91ms
2025/12/13 20:20:53.903622 [20:20:50.012] 用户1790 | ✅ 秒杀成功 | 耗时: 6178.58ms
2025/12/13 20:20:53.903623 [20:20:50.012] 用户3922 | ✅ 秒杀成功 | 耗时: 6222.00ms
2025/12/13 20:20:53.903624 [20:20:50.012] 用户1724 | ✅ 秒杀成功 | 耗时: 6332.53ms
2025/12/13 20:20:53.903626 [20:20:50.012] 用户588 | ✅ 秒杀成功 | 耗时: 6333.93ms
2025/12/13 20:20:53.903627 [20:20:50.012] 用户1567 | ✅ 秒杀成功 | 耗时: 6336.49ms
2025/12/13 20:20:53.903629 [20:20:50.012] 用户1444 | ✅ 秒杀成功 | 耗时: 6333.76ms
2025/12/13 20:20:53.903630 [20:20:50.012] 用户3047 | ✅ 秒杀成功 | 耗时: 6246.06ms
2025/12/13 20:20:53.903631 [20:20:50.012] 用户3915 | ✅ 秒杀成功 | 耗时: 6292.58ms
2025/12/13 20:20:53.903633 [20:20:50.012] 用户691 | ✅ 秒杀成功 | 耗时: 6333.50ms
2025/12/13 20:20:53.903634 [20:20:50.012] 用户782 | ✅ 秒杀成功 | 耗时: 6334.03ms
2025/12/13 20:20:53.903635 [20:20:50.012] 用户1839 | ✅ 秒杀成功 | 耗时: 6334.41ms
2025/12/13 20:20:53.903637 [20:20:50.012] 用户2719 | ✅ 秒杀成功 | 耗时: 6334.67ms
2025/12/13 20:20:53.903638 [20:20:50.012] 用户2359 | ✅ 秒杀成功 | 耗时: 6329.42ms
2025/12/13 20:20:53.903639 [20:20:50.012] 用户3507 | ✅ 秒杀成功 | 耗时: 6334.26ms
2025/12/13 20:20:53.903641 [20:20:50.012] 用户3494 | ✅ 秒杀成功 | 耗时: 6333.69ms
2025/12/13 20:20:53.903642 [20:20:50.012] 用户729 | ✅ 秒杀成功 | 耗时: 6334.40ms
2025/12/13 20:20:53.903644 [20:20:50.012] 用户1491 | ✅ 秒杀成功 | 耗时: 6293.48ms
2025/12/13 20:20:53.903645 [20:20:50.012] 用户7520 | ✅ 秒杀成功 | 耗时: 6294.25ms
2025/12/13 20:20:53.903646 [20:20:50.012] 用户10090 | ✅ 秒杀成功 | 耗时: 6333.80ms
2025/12/13 20:20:53.903648 [20:20:50.013] 用户9411 | ✅ 秒杀成功 | 耗时: 6329.72ms
2025/12/13 20:20:53.903649 [20:20:50.013] 用户3576 | ✅ 秒杀成功 | 耗时: 6248.54ms
2025/12/13 20:20:53.903650 [20:20:50.013] 用户8822 | ✅ 秒杀成功 | 耗时: 6305.51ms
2025/12/13 20:20:53.903652 [20:20:50.013] 用户3971 | ✅ 秒杀成功 | 耗时: 6246.44ms
2025/12/13 20:20:53.903653 [20:20:50.013] 用户9683 | ✅ 秒杀成功 | 耗时: 6336.75ms
2025/12/13 20:20:53.903654 [20:20:50.013] 用户9668 | ✅ 秒杀成功 | 耗时: 6293.01ms
2025/12/13 20:20:53.903656 [20:20:50.013] 用户692 | ✅ 秒杀成功 | 耗时: 6333.91ms
2025/12/13 20:20:53.903657 [20:20:50.013] 用户791 | ✅ 秒杀成功 | 耗时: 6334.39ms
2025/12/13 20:20:53.903658 [20:20:50.013] 用户7736 | ✅ 秒杀成功 | 耗时: 6294.18ms
2025/12/13 20:20:53.903660 [20:20:50.013] 用户776 | ✅ 秒杀成功 | 耗时: 6334.25ms
2025/12/13 20:20:53.903661 [20:20:50.013] 用户10566 | ✅ 秒杀成功 | 耗时: 6334.26ms
2025/12/13 20:20:53.903663 [20:20:50.013] 用户9240 | ✅ 秒杀成功 | 耗时: 6293.02ms
2025/12/13 20:20:53.903664 [20:20:50.013] 用户2163 | ✅ 秒杀成功 | 耗时: 6183.29ms
2025/12/13 20:20:53.903665 [20:20:50.013] 用户1864 | ✅ 秒杀成功 | 耗时: 6337.67ms
2025/12/13 20:20:53.903667 [20:20:50.013] 用户2071 | ✅ 秒杀成功 | 耗时: 6328.37ms
2025/12/13 20:20:53.903668 [20:20:50.013] 用户1610 | ✅ 秒杀成功 | 耗时: 6294.22ms
2025/12/13 20:20:53.903669 [20:20:50.013] 用户10216 | ✅ 秒杀成功 | 耗时: 6294.39ms
2025/12/13 20:20:53.903671 [20:20:50.013] 用户1836 | ✅ 秒杀成功 | 耗时: 6334.78ms
2025/12/13 20:20:53.903672 [20:20:50.013] 用户795 | ✅ 秒杀成功 | 耗时: 6334.73ms
2025/12/13 20:20:53.903673 [20:20:50.013] 用户2576 | ✅ 秒杀成功 | 耗时: 6333.11ms
2025/12/13 20:20:53.903675 [20:20:50.013] 用户2856 | ✅ 秒杀成功 | 耗时: 6334.32ms
2025/12/13 20:20:53.903676 [20:20:50.013] 用户7758 | ✅ 秒杀成功 | 耗时: 6294.49ms
2025/12/13 20:20:53.903677 [20:20:50.013] 用户8833 | ✅ 秒杀成功 | 耗时: 6305.96ms
2025/12/13 20:20:53.903679 [20:20:50.013] 用户9646 | ✅ 秒杀成功 | 耗时: 6334.32ms
2025/12/13 20:20:53.903681 [20:20:50.019] 用户2563 | ✅ 秒杀成功 | 耗时: 6340.50ms
2025/12/13 20:20:53.903682 [20:20:50.019] 用户9653 | ✅ 秒杀成功 | 耗时: 6299.67ms
2025/12/13 20:20:53.903684 [20:20:50.019] 用户2420 | ✅ 秒杀成功 | 耗时: 6326.15ms
2025/12/13 20:20:53.903686 [20:20:50.019] 用户2016 | ✅ 秒杀成功 | 耗时: 6340.73ms
2025/12/13 20:20:53.903687 [20:20:50.019] 用户2780 | ✅ 秒杀成功 | 耗时: 6326.30ms
2025/12/13 20:20:53.903689 [20:20:50.019] 用户1030 | ✅ 秒杀成功 | 耗时: 6332.87ms
2025/12/13 20:20:53.903691 [20:20:50.019] 用户622 | ✅ 秒杀成功 | 耗时: 6340.76ms
2025/12/13 20:20:53.903692 [20:20:50.020] 用户1250 | ✅ 秒杀成功 | 耗时: 6150.93ms
2025/12/13 20:20:53.903694 [20:20:50.020] 用户2257 | ✅ 秒杀成功 | 耗时: 6201.16ms
2025/12/13 20:20:53.903695 [20:20:50.020] 用户2728 | ✅ 秒杀成功 | 耗时: 6197.16ms
2025/12/13 20:20:53.903697 [20:20:50.022] 用户7667 | ✅ 秒杀成功 | 耗时: 6304.40ms
2025/12/13 20:20:53.903699 [20:20:50.023] 用户2109 | ✅ 秒杀成功 | 耗时: 6343.91ms
2025/12/13 20:20:53.903700 [20:20:50.023] 用户2441 | ✅ 秒杀成功 | 耗时: 6329.65ms
2025/12/13 20:20:53.903701 [20:20:50.023] 用户1849 | ✅ 秒杀成功 | 耗时: 6196.10ms
2025/12/13 20:20:53.903703 [20:20:50.023] 用户8632 | ✅ 秒杀成功 | 耗时: 6304.40ms
2025/12/13 20:20:53.903704 [20:20:50.023] 用户879 | ✅ 秒杀成功 | 耗时: 6342.85ms
2025/12/13 20:20:53.903706 [20:20:50.023] 用户1850 | ✅ 秒杀成功 | 耗时: 6196.23ms
2025/12/13 20:20:53.903707 [20:20:50.023] 用户1452 | ✅ 秒杀成功 | 耗时: 6344.04ms
2025/12/13 20:20:53.903708 [20:20:50.023] 用户1430 | ✅ 秒杀成功 | 耗时: 6342.91ms
2025/12/13 20:20:53.903710 [20:20:50.023] 用户9428 | ✅ 秒杀成功 | 耗时: 6344.03ms
2025/12/13 20:20:53.903712 [20:20:50.023] 用户544 | ✅ 秒杀成功 | 耗时: 6343.78ms
2025/12/13 20:20:53.903713 [20:20:50.023] 用户9346 | ✅ 秒杀成功 | 耗时: 6329.74ms
2025/12/13 20:20:53.903715 [20:20:50.023] 用户769 | ✅ 秒杀成功 | 耗时: 6344.02ms
2025/12/13 20:20:53.903717 [20:20:50.023] 用户9425 | ✅ 秒杀成功 | 耗时: 6344.05ms
2025/12/13 20:20:53.903718 [20:20:50.023] 用户174 | ✅ 秒杀成功 | 耗时: 6303.79ms
2025/12/13 20:20:53.903720 [20:20:50.023] 用户666 | ✅ 秒杀成功 | 耗时: 6343.83ms
2025/12/13 20:20:53.903722 [20:20:50.023] 用户3508 | ✅ 秒杀成功 | 耗时: 6344.18ms
2025/12/13 20:20:53.903723 [20:20:50.023] 用户2107 | ✅ 秒杀成功 | 耗时: 6344.15ms
2025/12/13 20:20:53.903725 [20:20:50.023] 用户2102 | ✅ 秒杀成功 | 耗时: 6343.98ms
2025/12/13 20:20:53.903726 [20:20:50.023] 用户2018 | ✅ 秒杀成功 | 耗时: 6344.59ms
2025/12/13 20:20:53.903728 [20:20:50.024] 用户688 | ✅ 秒杀成功 | 耗时: 6345.20ms
2025/12/13 20:20:53.903729 [20:20:50.024] 用户2442 | ✅ 秒杀成功 | 耗时: 6330.97ms
2025/12/13 20:20:53.903731 [20:20:50.024] 用户2855 | ✅ 秒杀成功 | 耗时: 6345.34ms
2025/12/13 20:20:53.903732 [20:20:50.024] 用户1435 | ✅ 秒杀成功 | 耗时: 6345.29ms
2025/12/13 20:20:53.903733 [20:20:50.024] 用户871 | ✅ 秒杀成功 | 耗时: 6345.33ms
2025/12/13 20:20:53.903735 [20:20:50.024] 用户10968 | ✅ 秒杀成功 | 耗时: 6344.19ms
2025/12/13 20:20:53.903736 [20:20:50.024] 用户678 | ✅ 秒杀成功 | 耗时: 6345.24ms
2025/12/13 20:20:53.903737 [20:20:50.024] 用户7237 | ✅ 秒杀成功 | 耗时: 6305.52ms
2025/12/13 20:20:53.903739 [20:20:50.024] 用户8336 | ✅ 秒杀成功 | 耗时: 6305.77ms
2025/12/13 20:20:53.903740 [20:20:50.024] 用户617 | ✅ 秒杀成功 | 耗时: 6345.29ms
2025/12/13 20:20:53.903743 [20:20:50.024] 用户625 | ✅ 秒杀成功 | 耗时: 6345.43ms
2025/12/13 20:20:53.903744 [20:20:50.024] 用户9427 | ✅ 秒杀成功 | 耗时: 6345.36ms
2025/12/13 20:20:53.903746 [20:20:50.024] 用户10296 | ✅ 秒杀成功 | 耗时: 6348.97ms
2025/12/13 20:20:53.903747 [20:20:50.024] 用户1405 | ✅ 秒杀成功 | 耗时: 6341.54ms
2025/12/13 20:20:53.903748 [20:20:50.024] 用户698 | ✅ 秒杀成功 | 耗时: 6345.60ms
2025/12/13 20:20:53.903750 [20:20:50.024] 用户7603 | ✅ 秒杀成功 | 耗时: 6345.44ms
2025/12/13 20:20:53.903751 [20:20:50.024] 用户2110 | ✅ 秒杀成功 | 耗时: 6345.69ms
2025/12/13 20:20:53.903752 [20:20:50.024] 用户1446 | ✅ 秒杀成功 | 耗时: 6345.83ms
2025/12/13 20:20:53.903754 [20:20:50.024] 用户8029 | ✅ 秒杀成功 | 耗时: 6306.38ms
2025/12/13 20:20:53.903755 [20:20:50.024] 用户349 | ✅ 秒杀成功 | 耗时: 6345.64ms
2025/12/13 20:20:53.903757 [20:20:50.024] 用户667 | ✅ 秒杀成功 | 耗时: 6345.26ms
2025/12/13 20:20:53.903758 [20:20:50.024] 用户318 | ✅ 秒杀成功 | 耗时: 6345.36ms
2025/12/13 20:20:53.903759 [20:20:50.024] 用户9583 | ✅ 秒杀成功 | 耗时: 6312.86ms
2025/12/13 20:20:53.903761 [20:20:50.024] 用户7540 | ✅ 秒杀成功 | 耗时: 6306.06ms
2025/12/13 20:20:53.903762 [20:20:50.024] 用户1426 | ✅ 秒杀成功 | 耗时: 6345.69ms
2025/12/13 20:20:53.903763 [20:20:50.024] 用户772 | ✅ 秒杀成功 | 耗时: 6345.69ms
2025/12/13 20:20:53.903765 [20:20:50.024] 用户1957 | ✅ 秒杀成功 | 耗时: 6345.38ms
2025/12/13 20:20:53.903766 [20:20:50.024] 用户1305 | ✅ 秒杀成功 | 耗时: 6341.67ms
2025/12/13 20:20:53.903767 [20:20:50.024] 用户9329 | ✅ 秒杀成功 | 耗时: 6341.68ms
2025/12/13 20:20:53.903769 [20:20:50.024] 用户869 | ✅ 秒杀成功 | 耗时: 6345.66ms
2025/12/13 20:20:53.903770 [20:20:50.024] 用户10089 | ✅ 秒杀成功 | 耗时: 6345.78ms
2025/12/13 20:20:53.903772 [20:20:50.024] 用户3920 | ✅ 秒杀成功 | 耗时: 6304.87ms
2025/12/13 20:20:53.903773 [20:20:50.024] 用户478 | ✅ 秒杀成功 | 耗时: 6345.62ms
2025/12/13 20:20:53.903774 [20:20:50.025] 用户2298 | ✅ 秒杀成功 | 耗时: 6331.40ms
2025/12/13 20:20:53.903776 [20:20:50.025] 用户686 | ✅ 秒杀成功 | 耗时: 6345.62ms
2025/12/13 20:20:53.903777 [20:20:50.025] 用户2511 | ✅ 秒杀成功 | 耗时: 6346.05ms
2025/12/13 20:20:53.903779 [20:20:50.025] 用户7232 | ✅ 秒杀成功 | 耗时: 6304.89ms
2025/12/13 20:20:53.903780 [20:20:50.025] 用户299 | ✅ 秒杀成功 | 耗时: 6344.63ms
2025/12/13 20:20:53.903781 [20:20:50.025] 用户2143 | ✅ 秒杀成功 | 耗时: 6345.52ms
2025/12/13 20:20:53.903783 [20:20:50.025] 用户2392 | ✅ 秒杀成功 | 耗时: 6345.31ms
2025/12/13 20:20:53.903784 [20:20:50.025] 用户365 | ✅ 秒杀成功 | 耗时: 6345.88ms
2025/12/13 20:20:53.903785 [20:20:50.025] 用户2099 | ✅ 秒杀成功 | 耗时: 6345.46ms
2025/12/13 20:20:53.903787 [20:20:50.025] 用户274 | ✅ 秒杀成功 | 耗时: 6341.81ms
2025/12/13 20:20:53.903788 [20:20:50.025] 用户1350 | ✅ 秒杀成功 | 耗时: 6344.98ms
2025/12/13 20:20:53.903789 [20:20:50.025] 用户1764 | ✅ 秒杀成功 | 耗时: 6344.95ms
2025/12/13 20:20:53.903791 [20:20:50.025] 用户2000 | ✅ 秒杀成功 | 耗时: 6350.03ms
2025/12/13 20:20:53.903792 [20:20:50.025] 用户1188 | ✅ 秒杀成功 | 耗时: 6346.95ms
2025/12/13 20:20:53.903794 [20:20:50.025] 用户675 | ✅ 秒杀成功 | 耗时: 6345.71ms
2025/12/13 20:20:53.903795 [20:20:50.025] 用户1427 | ✅ 秒杀成功 | 耗时: 6345.76ms
2025/12/13 20:20:53.903796 [20:20:50.025] 用户867 | ✅ 秒杀成功 | 耗时: 6345.75ms
2025/12/13 20:20:53.903798 [20:20:50.025] 用户1734 | ✅ 秒杀成功 | 耗时: 6346.08ms
2025/12/13 20:20:53.903799 [20:20:50.025] 用户2468 | ✅ 秒杀成功 | 耗时: 6324.76ms
2025/12/13 20:20:53.903801 [20:20:50.025] 用户9670 | ✅ 秒杀成功 | 耗时: 6305.03ms
2025/12/13 20:20:53.903802 [20:20:50.025] 用户9253 | ✅ 秒杀成功 | 耗时: 6270.58ms
2025/12/13 20:20:53.903803 [20:20:50.025] 用户10100 | ✅ 秒杀成功 | 耗时: 6346.14ms
2025/12/13 20:20:53.903805 [20:20:50.025] 用户9239 | ✅ 秒杀成功 | 耗时: 6341.98ms
2025/12/13 20:20:53.903806 [20:20:50.025] 用户1228 | ✅ 秒杀成功 | 耗时: 6155.79ms
2025/12/13 20:20:53.903808 [20:20:50.025] 用户677 | ✅ 秒杀成功 | 耗时: 6345.90ms
2025/12/13 20:20:53.903809 [20:20:50.025] 用户1536 | ✅ 秒杀成功 | 耗时: 6349.43ms
2025/12/13 20:20:53.903811 [20:20:50.025] 用户320 | ✅ 秒杀成功 | 耗时: 6346.05ms
2025/12/13 20:20:53.903812 [20:20:50.025] 用户1504 | ✅ 秒杀成功 | 耗时: 6346.02ms
2025/12/13 20:20:53.903814 [20:20:50.025] 用户722 | ✅ 秒杀成功 | 耗时: 6346.68ms
2025/12/13 20:20:53.903815 [20:20:50.025] 用户9410 | ✅ 秒杀成功 | 耗时: 6342.09ms
2025/12/13 20:20:53.903816 [20:20:50.025] 用户237 | ✅ 秒杀成功 | 耗时: 6342.13ms
2025/12/13 20:20:53.903818 [20:20:50.025] 用户1963 | ✅ 秒杀成功 | 耗时: 6345.85ms
2025/12/13 20:20:53.903819 [20:20:50.025] 用户2106 | ✅ 秒杀成功 | 耗时: 6346.13ms
2025/12/13 20:20:53.903820 [20:20:50.025] 用户2505 | ✅ 秒杀成功 | 耗时: 6346.24ms
2025/12/13 20:20:53.903822 [20:20:50.025] 用户1853 | ✅ 秒杀成功 | 耗时: 6198.46ms
2025/12/13 20:20:53.903823 [20:20:50.025] 用户7599 | ✅ 秒杀成功 | 耗时: 6346.13ms
2025/12/13 20:20:53.903824 [20:20:50.025] 用户2575 | ✅ 秒杀成功 | 耗时: 6345.16ms
2025/12/13 20:20:53.903826 [20:20:50.027] 用户796 | ✅ 秒杀成功 | 耗时: 6348.98ms
2025/12/13 20:20:53.903827 [20:20:50.027] 用户768 | ✅ 秒杀成功 | 耗时: 6348.42ms
2025/12/13 20:20:53.903829 [20:20:50.027] 用户2564 | ✅ 秒杀成功 | 耗时: 6348.59ms
2025/12/13 20:20:53.903830 [20:20:50.027] 用户1451 | ✅ 秒杀成功 | 耗时: 6348.49ms
2025/12/13 20:20:53.903831 [20:20:50.027] 用户316 | ✅ 秒杀成功 | 耗时: 6348.43ms
2025/12/13 20:20:53.903833 [20:20:50.027] 用户1436 | ✅ 秒杀成功 | 耗时: 6348.68ms
2025/12/13 20:20:53.903834 [20:20:50.028] 用户1868 | ✅ 秒杀成功 | 耗时: 6349.53ms
2025/12/13 20:20:53.903835 [20:20:50.028] 用户3502 | ✅ 秒杀成功 | 耗时: 6348.88ms
2025/12/13 20:20:53.903837 [20:20:50.028] 用户1845 | ✅ 秒杀成功 | 耗时: 6151.54ms
2025/12/13 20:20:53.903838 [20:20:50.028] 用户874 | ✅ 秒杀成功 | 耗时: 6348.89ms
2025/12/13 20:20:53.903840 [20:20:50.028] 用户370 | ✅ 秒杀成功 | 耗时: 6349.06ms
2025/12/13 20:20:53.903841 [20:20:50.028] 用户3560 | ✅ 秒杀成功 | 耗时: 6152.49ms
2025/12/13 20:20:53.903842 [20:20:50.028] 用户3495 | ✅ 秒杀成功 | 耗时: 6348.86ms
2025/12/13 20:20:53.903844 [20:20:50.028] 用户1438 | ✅ 秒杀成功 | 耗时: 6349.15ms
2025/12/13 20:20:53.903845 [20:20:50.028] 用户2782 | ✅ 秒杀成功 | 耗时: 6335.03ms
2025/12/13 20:20:53.903846 [20:20:50.029] 用户2429 | ✅ 秒杀成功 | 耗时: 6336.20ms
2025/12/13 20:20:53.903848 [20:20:50.032] 用户474 | ✅ 秒杀成功 | 耗时: 6352.91ms
2025/12/13 20:20:53.903849 [20:20:50.033] 用户2390 | ✅ 秒杀成功 | 耗时: 6353.34ms
2025/12/13 20:20:53.903850 [20:20:50.033] 用户687 | ✅ 秒杀成功 | 耗时: 6354.14ms
2025/12/13 20:20:53.903852 [20:20:50.034] 用户3268 | ✅ 秒杀成功 | 耗时: 6350.11ms
2025/12/13 20:20:53.903853 [20:20:50.034] 用户611 | ✅ 秒杀成功 | 耗时: 6355.03ms
2025/12/13 20:20:53.903854 [20:20:50.036] 用户1359 | ✅ 秒杀成功 | 耗时: 6357.07ms
2025/12/13 20:20:53.903856 [20:20:50.036] 用户9282 | ✅ 秒杀成功 | 耗时: 6343.07ms
2025/12/13 20:20:53.903857 [20:20:50.036] 用户2620 | ✅ 秒杀成功 | 耗时: 6356.69ms
2025/12/13 20:20:53.903858 [20:20:50.036] 用户9344 | ✅ 秒杀成功 | 耗时: 6343.07ms
2025/12/13 20:20:53.903860 [20:20:50.036] 用户1500 | ✅ 秒杀成功 | 耗时: 6357.07ms
2025/12/13 20:20:53.903861 [20:20:50.036] 用户436 | ✅ 秒杀成功 | 耗时: 6353.38ms
2025/12/13 20:20:53.903862 [20:20:50.036] 用户10371 | ✅ 秒杀成功 | 耗时: 6422.12ms
2025/12/13 20:20:53.903864 [20:20:50.036] 用户2616 | ✅ 秒杀成功 | 耗时: 6356.87ms
2025/12/13 20:20:53.903865 [20:20:50.036] 用户1229 | ✅ 秒杀成功 | 耗时: 6150.18ms
2025/12/13 20:20:53.903866 [20:20:50.037] 用户1949 | ✅ 秒杀成功 | 耗时: 6356.83ms
2025/12/13 20:20:53.903868 [20:20:50.037] 用户647 | ✅ 秒杀成功 | 耗时: 6353.25ms
2025/12/13 20:20:53.903869 [20:20:50.037] 用户644 | ✅ 秒杀成功 | 耗时: 6353.46ms
2025/12/13 20:20:53.903870 [20:20:50.037] 用户222 | ✅ 秒杀成功 | 耗时: 6353.39ms
2025/12/13 20:20:53.903872 [20:20:50.037] 用户2137 | ✅ 秒杀成功 | 耗时: 6362.69ms
2025/12/13 20:20:53.903873 [20:20:50.037] 用户515 | ✅ 秒杀成功 | 耗时: 6353.26ms
2025/12/13 20:20:53.903875 [20:20:50.038] 用户1300 | ✅ 秒杀成功 | 耗时: 6355.17ms
2025/12/13 20:20:53.903876 [20:20:50.038] 用户470 | ✅ 秒杀成功 | 耗时: 6354.03ms
2025/12/13 20:20:53.903877 [20:20:50.038] 用户1394 | ✅ 秒杀成功 | 耗时: 6355.07ms
2025/12/13 20:20:53.903879 [20:20:50.038] 用户9416 | ✅ 秒杀成功 | 耗时: 6355.64ms
2025/12/13 20:20:53.903880 [20:20:50.038] 用户517 | ✅ 秒杀成功 | 耗时: 6354.27ms
2025/12/13 20:20:53.903881 [20:20:50.038] 用户2482 | ✅ 秒杀成功 | 耗时: 6355.77ms
2025/12/13 20:20:53.903883 [20:20:50.038] 用户486 | ✅ 秒杀成功 | 耗时: 6354.78ms
2025/12/13 20:20:53.903884 [20:20:50.038] 用户1316 | ✅ 秒杀成功 | 耗时: 6356.02ms
2025/12/13 20:20:53.903885 [20:20:50.039] 用户1976 | ✅ 秒杀成功 | 耗时: 6355.95ms
2025/12/13 20:20:53.903894 [20:20:50.039] 用户9960 | ✅ 秒杀成功 | 耗时: 6319.10ms
2025/12/13 20:20:53.903895 [20:20:50.039] 用户2652 | ✅ 秒杀成功 | 耗时: 6318.84ms
2025/12/13 20:20:53.903897 [20:20:50.039] 用户7760 | ✅ 秒杀成功 | 耗时: 6320.29ms
2025/12/13 20:20:53.903898 [20:20:50.039] 用户225 | ✅ 秒杀成功 | 耗时: 6354.97ms
2025/12/13 20:20:53.903899 [20:20:50.039] 用户1113 | ✅ 秒杀成功 | 耗时: 6354.79ms
2025/12/13 20:20:53.903901 [20:20:50.039] 用户8201 | ✅ 秒杀成功 | 耗时: 6319.13ms
2025/12/13 20:20:53.903902 [20:20:50.039] 用户8173 | ✅ 秒杀成功 | 耗时: 6321.61ms
2025/12/13 20:20:53.903904 [20:20:50.039] 用户1560 | ✅ 秒杀成功 | 耗时: 6362.88ms
2025/12/13 20:20:53.903905 [20:20:50.039] 用户246 | ✅ 秒杀成功 | 耗时: 6355.02ms
2025/12/13 20:20:53.903906 [20:20:50.039] 用户12 | ✅ 秒杀成功 | 耗时: 6355.00ms
2025/12/13 20:20:53.903908 [20:20:50.039] 用户2423 | ✅ 秒杀成功 | 耗时: 6288.47ms
2025/12/13 20:20:53.903909 [20:20:50.039] 用户303 | ✅ 秒杀成功 | 耗时: 6356.32ms
2025/12/13 20:20:53.903910 [20:20:50.039] 用户579 | ✅ 秒杀成功 | 耗时: 6355.17ms
2025/12/13 20:20:53.903912 [20:20:50.039] 用户2484 | ✅ 秒杀成功 | 耗时: 6356.32ms
2025/12/13 20:20:53.903913 [20:20:50.039] 用户8538 | ✅ 秒杀成功 | 耗时: 6326.02ms
2025/12/13 20:20:53.903915 [20:20:50.039] 用户1531 | ✅ 秒杀成功 | 耗时: 6363.34ms
2025/12/13 20:20:53.903916 [20:20:50.039] 用户9405 | ✅ 秒杀成功 | 耗时: 6356.08ms
2025/12/13 20:20:53.903917 [20:20:50.039] 用户8485 | ✅ 秒杀成功 | 耗时: 6321.58ms
2025/12/13 20:20:53.903919 [20:20:50.054] 用户1042 | ❌ 错误: Post "http://localhost:8080/api/seckill/buy": EOF | 耗时: 6179.03ms
2025/12/13 20:20:53.903924 [20:20:50.070] 用户1249 | ❌ 错误: Post "http://localhost:8080/api/seckill/buy": EOF | 耗时: 6201.36ms
2025/12/13 20:20:53.903927 [20:20:50.070] 用户1787 | ❌ 错误: Post "http://localhost:8080/api/seckill/buy": EOF | 耗时: 6233.27ms
2025/12/13 20:20:53.903929 [20:20:50.113] 用户3550 | ❌ 错误: Post "http://localhost:8080/api/seckill/buy": EOF | 耗时: 6237.86ms
2025/12/13 20:20:53.903934 [20:20:50.113] 用户1612 | ❌ 错误: Post "http://localhost:8080/api/seckill/buy": EOF | 耗时: 6293.38ms
2025/12/13 20:20:53.903936 [20:20:50.113] 用户1178 | ❌ 错误: Post "http://localhost:8080/api/seckill/buy": EOF | 耗时: 6238.41ms
2025/12/13 20:20:53.903938 [20:20:50.114] 用户1244 | ❌ 错误: Post "http://localhost:8080/api/seckill/buy": EOF | 耗时: 6244.74ms
2025/12/13 20:20:53.903940 [20:20:50.114] 用户1231 | ❌ 错误: Post "http://localhost:8080/api/seckill/buy": EOF | 耗时: 6244.59ms
2025/12/13 20:20:53.903941 [20:20:50.114] 用户2255 | ❌ 错误: Post "http://localhost:8080/api/seckill/buy": EOF | 耗时: 6293.86ms
2025/12/13 20:20:53.903946 [20:20:50.116] 用户9447 | ✅ 秒杀成功 | 耗时: 6396.80ms
2025/12/13 20:20:53.903947 [20:20:50.116] 用户8206 | ✅ 秒杀成功 | 耗时: 6396.94ms
2025/12/13 20:20:53.903948 [20:20:50.117] 用户8964 | ✅ 秒杀成功 | 耗时: 6403.79ms
2025/12/13 20:20:53.903950 [20:20:50.117] 用户7567 | ✅ 秒杀成功 | 耗时: 6397.26ms
2025/12/13 20:20:53.903951 [20:20:50.118] 用户8923 | ✅ 秒杀成功 | 耗时: 6404.27ms
2025/12/13 20:20:53.903953 [20:20:50.118] 用户8641 | ✅ 秒杀成功 | 耗时: 6405.11ms
2025/12/13 20:20:53.903954 [20:20:50.118] 用户8050 | ✅ 秒杀成功 | 耗时: 6401.21ms
2025/12/13 20:20:53.903955 [20:20:50.121] 用户3049 | ❌ 错误: Post "http://localhost:8080/api/seckill/buy": EOF | 耗时: 6354.71ms
2025/12/13 20:20:53.903957 [20:20:50.121] 用户10345 | ✅ 秒杀成功 | 耗时: 6437.67ms
2025/12/13 20:20:53.903959 [20:20:50.123] 用户231 | ✅ 秒杀成功 | 耗时: 6439.97ms
2025/12/13 20:20:53.903960 [20:20:50.136] 用户100 | ✅ 秒杀成功 | 耗时: 6452.55ms
2025/12/13 20:20:53.903962 [20:20:50.136] 用户1282 | ❌ 错误: Post "http://localhost:8080/api/seckill/buy": EOF | 耗时: 6268.54ms
2025/12/13 20:20:53.903963 [20:20:50.136] 用户1274 | ❌ 错误: Post "http://localhost:8080/api/seckill/buy": EOF | 耗时: 6269.07ms
2025/12/13 20:20:53.903965 [20:20:50.137] 用户3273 | ✅ 秒杀成功 | 耗时: 6453.00ms
2025/12/13 20:20:53.903966 [20:20:50.137] 用户2350 | ✅ 秒杀成功 | 耗时: 6452.96ms
2025/12/13 20:20:53.903968 [20:20:50.137] 用户578 | ✅ 秒杀成功 | 耗时: 6453.12ms
2025/12/13 20:20:53.903973 [20:20:50.137] 用户9408 | ✅ 秒杀成功 | 耗时: 6453.99ms
2025/12/13 20:20:53.903975 [20:20:50.137] 用户649 | ✅ 秒杀成功 | 耗时: 6453.16ms
2025/12/13 20:20:53.903976 [20:20:50.137] 用户520 | ✅ 秒杀成功 | 耗时: 6453.00ms
2025/12/13 20:20:53.903978 [20:20:50.137] 用户1395 | ✅ 秒杀成功 | 耗时: 6454.13ms
2025/12/13 20:20:53.903979 [20:20:50.137] 用户2375 | ✅ 秒杀成功 | 耗时: 6454.13ms
2025/12/13 20:20:53.903980 [20:20:50.137] 用户236 | ✅ 秒杀成功 | 耗时: 6454.13ms
2025/12/13 20:20:53.903982 [20:20:50.137] 用户559 | ✅ 秒杀成功 | 耗时: 6453.32ms
2025/12/13 20:20:53.903983 [20:20:50.137] 用户901 | ✅ 秒杀成功 | 耗时: 6453.12ms
2025/12/13 20:20:53.903985 [20:20:50.137] 用户2765 | ✅ 秒杀成功 | 耗时: 6399.47ms
2025/12/13 20:20:53.903986 [20:20:50.137] 用户394 | ✅ 秒杀成功 | 耗时: 6453.28ms
2025/12/13 20:20:53.903987 [20:20:50.137] 用户10972 | ✅ 秒杀成功 | 耗时: 6454.16ms
2025/12/13 20:20:53.903989 [20:20:50.137] 用户2361 | ✅ 秒杀成功 | 耗时: 6454.15ms
2025/12/13 20:20:53.903990 [20:20:50.137] 用户3267 | ✅ 秒杀成功 | 耗时: 6453.28ms
2025/12/13 20:20:53.903992 [20:20:50.137] 用户9415 | ✅ 秒杀成功 | 耗时: 6454.56ms
2025/12/13 20:20:53.903993 [20:20:50.137] 用户3278 | ✅ 秒杀成功 | 耗时: 6453.50ms
2025/12/13 20:20:53.903994 [20:20:50.137] 用户9404 | ✅ 秒杀成功 | 耗时: 6454.34ms
2025/12/13 20:20:53.903996 [20:20:50.137] 用户1115 | ✅ 秒杀成功 | 耗时: 6453.67ms
2025/12/13 20:20:53.903997 [20:20:50.137] 用户521 | ✅ 秒杀成功 | 耗时: 6453.52ms
2025/12/13 20:20:53.903998 [20:20:50.137] 用户1737 | ✅ 秒杀成功 | 耗时: 6454.90ms
2025/12/13 20:20:53.904000 [20:20:50.137] 用户1585 | ✅ 秒杀成功 | 耗时: 6462.00ms
2025/12/13 20:20:53.904001 [20:20:50.137] 用户3910 | ✅ 秒杀成功 | 耗时: 6417.77ms
2025/12/13 20:20:53.904002 [20:20:50.137] 用户648 | ✅ 秒杀成功 | 耗时: 6453.78ms
2025/12/13 20:20:53.904004 [20:20:50.138] 用户2905 | ✅ 秒杀成功 | 耗时: 6402.39ms
2025/12/13 20:20:53.904005 [20:20:50.138] 用户9406 | ✅ 秒杀成功 | 耗时: 6454.67ms
2025/12/13 20:20:53.904007 [20:20:50.138] 用户1679 | ✅ 秒杀成功 | 耗时: 6347.25ms
2025/12/13 20:20:53.904008 [20:20:50.138] 用户9403 | ✅ 秒杀成功 | 耗时: 6454.67ms
2025/12/13 20:20:53.904010 [20:20:50.138] 用户10195 | ✅ 秒杀成功 | 耗时: 6430.31ms
2025/12/13 20:20:53.904011 [20:20:50.138] 用户3927 | ✅ 秒杀成功 | 耗时: 6347.54ms
2025/12/13 20:20:53.904012 [20:20:50.138] 用户9663 | ✅ 秒杀成功 | 耗时: 6418.01ms
2025/12/13 20:20:53.904014 [20:20:50.138] 用户8218 | ✅ 秒杀成功 | 耗时: 6420.63ms
2025/12/13 20:20:53.904015 [20:20:50.138] 用户2319 | ✅ 秒杀成功 | 耗时: 6417.89ms
2025/12/13 20:20:53.904016 [20:20:50.138] 用户1700 | ✅ 秒杀成功 | 耗时: 6347.71ms
2025/12/13 20:20:53.904018 [20:20:50.138] 用户2573 | ✅ 秒杀成功 | 耗时: 6457.78ms
2025/12/13 20:20:53.904019 [20:20:50.138] 用户9815 | ✅ 秒杀成功 | 耗时: 6461.82ms
2025/12/13 20:20:53.904020 [20:20:50.138] 用户1775 | ✅ 秒杀成功 | 耗时: 6458.03ms
2025/12/13 20:20:53.904022 [20:20:50.138] 用户208 | ✅ 秒杀成功 | 耗时: 6454.21ms
2025/12/13 20:20:53.904023 [20:20:50.138] 用户2648 | ✅ 秒杀成功 | 耗时: 6418.21ms
2025/12/13 20:20:53.904025 [20:20:50.138] 用户2553 | ✅ 秒杀成功 | 耗时: 6418.41ms
2025/12/13 20:20:53.904026 [20:20:50.138] 用户2273 | ✅ 秒杀成功 | 耗时: 6387.83ms
2025/12/13 20:20:53.904027 [20:20:50.138] 用户9662 | ✅ 秒杀成功 | 耗时: 6418.49ms
2025/12/13 20:20:53.904028 [20:20:50.138] 用户9812 | ✅ 秒杀成功 | 耗时: 6462.25ms
2025/12/13 20:20:53.904030 [20:20:50.138] 用户2193 | ✅ 秒杀成功 | 耗时: 6376.38ms
2025/12/13 20:20:53.904031 [20:20:50.138] 用户3864 | ✅ 秒杀成功 | 耗时: 6418.55ms
2025/12/13 20:20:53.904033 [20:20:50.138] 用户3036 | ✅ 秒杀成功 | 耗时: 6371.56ms
2025/12/13 20:20:53.904034 [20:20:50.138] 用户2551 | ✅ 秒杀成功 | 耗时: 6418.71ms
2025/12/13 20:20:53.904035 [20:20:50.138] 用户2808 | ✅ 秒杀成功 | 耗时: 6418.56ms
2025/12/13 20:20:53.904037 [20:20:50.138] 用户2403 | ✅ 秒杀成功 | 耗时: 6371.90ms
2025/12/13 20:20:53.904038 [20:20:50.139] 用户1318 | ✅ 秒杀成功 | 耗时: 6456.23ms
2025/12/13 20:20:53.904039 [20:20:50.139] 用户3568 | ✅ 秒杀成功 | 耗时: 6374.60ms
2025/12/13 20:20:53.904041 [20:20:50.139] 用户265 | ✅ 秒杀成功 | 耗时: 6455.00ms
2025/12/13 20:20:53.904042 [20:20:50.139] 用户1706 | ✅ 秒杀成功 | 耗时: 6352.08ms
2025/12/13 20:20:53.904043 [20:20:50.139] 用户9332 | ✅ 秒杀成功 | 耗时: 6419.22ms
2025/12/13 20:20:53.904045 [20:20:50.139] 用户832 | ✅ 秒杀成功 | 耗时: 6455.14ms
2025/12/13 20:20:53.904046 [20:20:50.139] 用户257 | ✅ 秒杀成功 | 耗时: 6456.61ms
2025/12/13 20:20:53.904048 [20:20:50.139] 用户7185 | ✅ 秒杀成功 | 耗时: 6334.07ms
2025/12/13 20:20:53.904049 [20:20:50.141] 用户530 | ✅ 秒杀成功 | 耗时: 6457.00ms
2025/12/13 20:20:53.904050 [20:20:50.141] 用户1388 | ✅ 秒杀成功 | 耗时: 6457.37ms
2025/12/13 20:20:53.904052 [20:20:50.141] 用户567 | ✅ 秒杀成功 | 耗时: 6457.40ms
2025/12/13 20:20:53.904053 [20:20:50.141] 用户557 | ✅ 秒杀成功 | 耗时: 6456.90ms
2025/12/13 20:20:53.904055 [20:20:50.141] 用户90 | ✅ 秒杀成功 | 耗时: 6457.43ms
2025/12/13 20:20:53.904056 [20:20:50.141] 用户1930 | ✅ 秒杀成功 | 耗时: 6465.81ms
2025/12/13 20:20:53.904057 [20:20:50.141] 用户2356 | ✅ 秒杀成功 | 耗时: 6457.14ms
2025/12/13 20:20:53.904059 [20:20:50.141] 用户254 | ✅ 秒杀成功 | 耗时: 6457.31ms
2025/12/13 20:20:53.904060 [20:20:50.141] 用户1209 | ✅ 秒杀成功 | 耗时: 6461.02ms
2025/12/13 20:20:53.904062 [20:20:50.141] 用户1061 | ✅ 秒杀成功 | 耗时: 6457.51ms
2025/12/13 20:20:53.904063 [20:20:50.141] 用户532 | ✅ 秒杀成功 | 耗时: 6457.56ms
2025/12/13 20:20:53.904064 [20:20:50.141] 用户233 | ✅ 秒杀成功 | 耗时: 6458.01ms
2025/12/13 20:20:53.904066 [20:20:50.141] 用户3007 | ✅ 秒杀成功 | 耗时: 6350.88ms
2025/12/13 20:20:53.904067 [20:20:50.141] 用户2435 | ✅ 秒杀成功 | 耗时: 6421.07ms
2025/12/13 20:20:53.904068 [20:20:50.141] 用户563 | ✅ 秒杀成功 | 耗时: 6457.80ms
2025/12/13 20:20:53.904070 [20:20:50.141] 用户1063 | ✅ 秒杀成功 | 耗时: 6457.85ms
2025/12/13 20:20:53.904071 [20:20:50.141] 用户437 | ✅ 秒杀成功 | 耗时: 6457.76ms
2025/12/13 20:20:53.904073 [20:20:50.141] 用户487 | ✅ 秒杀成功 | 耗时: 6457.43ms
2025/12/13 20:20:53.904075 [20:20:50.141] 用户9340 | ✅ 秒杀成功 | 耗时: 6444.69ms
2025/12/13 20:20:53.904076 [20:20:50.141] 用户506 | ✅ 秒杀成功 | 耗时: 6456.59ms
2025/12/13 20:20:53.904078 [20:20:50.141] 用户146 | ✅ 秒杀成功 | 耗时: 6458.31ms
2025/12/13 20:20:53.904079 [20:20:50.141] 用户828 | ✅ 秒杀成功 | 耗时: 6457.22ms
2025/12/13 20:20:53.904080 [20:20:50.141] 用户3582 | ✅ 秒杀成功 | 耗时: 6377.16ms
2025/12/13 20:20:53.904082 [20:20:50.141] 用户1112 | ✅ 秒杀成功 | 耗时: 6457.39ms
2025/12/13 20:20:53.904083 [20:20:50.141] 用户333 | ✅ 秒杀成功 | 耗时: 6458.73ms
2025/12/13 20:20:53.904085 [20:20:50.141] 用户2453 | ✅ 秒杀成功 | 耗时: 6421.81ms
2025/12/13 20:20:53.904086 [20:20:50.142] 用户651 | ✅ 秒杀成功 | 耗时: 6457.98ms
2025/12/13 20:20:53.904088 [20:20:50.142] 用户483 | ✅ 秒杀成功 | 耗时: 6457.92ms
2025/12/13 20:20:53.904089 [20:20:50.142] 用户1733 | ✅ 秒杀成功 | 耗时: 6458.81ms
2025/12/13 20:20:53.904090 [20:20:50.142] 用户2445 | ✅ 秒杀成功 | 耗时: 6448.79ms
2025/12/13 20:20:53.904092 [20:20:50.143] 用户2378 | ✅ 秒杀成功 | 耗时: 6460.38ms
2025/12/13 20:20:53.904093 [20:20:50.143] 用户2362 | ✅ 秒杀成功 | 耗时: 6460.52ms
2025/12/13 20:20:53.904094 [20:20:50.143] 用户485 | ✅ 秒杀成功 | 耗时: 6459.27ms
2025/12/13 20:20:53.904096 [20:20:50.143] 用户224 | ✅ 秒杀成功 | 耗时: 6459.27ms
2025/12/13 20:20:53.904097 [20:20:50.143] 用户2302 | ✅ 秒杀成功 | 耗时: 6449.88ms
2025/12/13 20:20:53.904098 [20:20:50.143] 用户352 | ✅ 秒杀成功 | 耗时: 6460.12ms
2025/12/13 20:20:53.904100 [20:20:50.143] 用户654 | ✅ 秒杀成功 | 耗时: 6461.21ms
2025/12/13 20:20:53.904101 [20:20:50.143] 用户445 | ✅ 秒杀成功 | 耗时: 6459.38ms
2025/12/13 20:20:53.904103 [20:20:50.143] 用户2050 | ✅ 秒杀成功 | 耗时: 6468.51ms
2025/12/13 20:20:53.904104 [20:20:50.143] 用户493 | ✅ 秒杀成功 | 耗时: 6459.34ms
2025/12/13 20:20:53.904105 [20:20:50.143] 用户1118 | ✅ 秒杀成功 | 耗时: 6459.47ms
2025/12/13 20:20:53.904107 [20:20:50.143] 用户97 | ✅ 秒杀成功 | 耗时: 6459.42ms
2025/12/13 20:20:53.904108 [20:20:50.143] 用户3271 | ✅ 秒杀成功 | 耗时: 6459.46ms
2025/12/13 20:20:53.904109 [20:20:50.143] 用户571 | ✅ 秒杀成功 | 耗时: 6459.94ms
2025/12/13 20:20:53.904111 [20:20:50.143] 用户1179 | ✅ 秒杀成功 | 耗时: 6268.36ms
2025/12/13 20:20:53.904112 [20:20:50.143] 用户565 | ✅ 秒杀成功 | 耗时: 6460.18ms
2025/12/13 20:20:53.904113 [20:20:50.143] 用户4331 | ✅ 秒杀成功 | 耗时: 6498.62ms
2025/12/13 20:20:53.904115 [20:20:50.143] 用户7266 | ✅ 秒杀成功 | 耗时: 6448.82ms
2025/12/13 20:20:53.904116 [20:20:50.143] 用户9799 | ✅ 秒杀成功 | 耗时: 6467.47ms
2025/12/13 20:20:53.904117 [20:20:50.147] 用户277 | ✅ 秒杀成功 | 耗时: 6464.29ms
2025/12/13 20:20:53.904119 [20:20:50.148] 用户245 | ✅ 秒杀成功 | 耗时: 6463.81ms
2025/12/13 20:20:53.904120 [20:20:50.148] 用户1855 | ✅ 秒杀成功 | 耗时: 6325.22ms
2025/12/13 20:20:53.904121 [20:20:50.148] 用户25 | ✅ 秒杀成功 | 耗时: 6454.94ms
2025/12/13 20:20:53.904123 [20:20:50.148] 用户1978 | ✅ 秒杀成功 | 耗时: 6465.26ms
2025/12/13 20:20:53.904124 [20:20:50.148] 用户3265 | ✅ 秒杀成功 | 耗时: 6463.75ms
2025/12/13 20:20:53.904125 [20:20:50.148] 用户9417 | ✅ 秒杀成功 | 耗时: 6465.17ms
2025/12/13 20:20:53.904127 [20:20:50.148] 用户10081 | ✅ 秒杀成功 | 耗时: 6464.03ms
2025/12/13 20:20:53.904128 [20:20:50.148] 用户8406 | ✅ 秒杀成功 | 耗时: 6429.92ms
2025/12/13 20:20:53.904129 [20:20:50.148] 用户3607 | ✅ 秒杀成功 | 耗时: 6452.80ms
2025/12/13 20:20:53.904131 [20:20:50.148] 用户1472 | ✅ 秒杀成功 | 耗时: 6472.94ms
2025/12/13 20:20:53.904132 [20:20:50.148] 用户8282 | ✅ 秒杀成功 | 耗时: 6454.13ms
2025/12/13 20:20:53.904134 [20:20:50.148] 用户1043 | ✅ 秒杀成功 | 耗时: 6461.35ms
2025/12/13 20:20:53.904135 [20:20:50.149] 用户8395 | ✅ 秒杀成功 | 耗时: 6455.49ms
2025/12/13 20:20:53.904136 [20:20:50.149] 用户1062 | ✅ 秒杀成功 | 耗时: 6454.51ms
2025/12/13 20:20:53.904138 [20:20:50.149] 用户808 | ✅ 秒杀成功 | 耗时: 6461.84ms
2025/12/13 20:20:53.904139 [20:20:50.149] 用户1477 | ✅ 秒杀成功 | 耗时: 6473.76ms
2025/12/13 20:20:53.904140 [20:20:50.149] 用户785 | ✅ 秒杀成功 | 耗时: 6464.18ms
2025/12/13 20:20:53.904142 [20:20:50.149] 用户3011 | ✅ 秒杀成功 | 耗时: 6453.91ms
2025/12/13 20:20:53.904143 [20:20:50.149] 用户425 | ✅ 秒杀成功 | 耗时: 6461.55ms
2025/12/13 20:20:53.904144 [20:20:50.149] 用户993 | ✅ 秒杀成功 | 耗时: 6462.09ms
2025/12/13 20:20:53.904146 [20:20:50.149] 用户484 | ✅ 秒杀成功 | 耗时: 6465.43ms
2025/12/13 20:20:53.904147 [20:20:50.149] 用户1208 | ✅ 秒杀成功 | 耗时: 6474.41ms
2025/12/13 20:20:53.904148 [20:20:50.149] 用户1279 | ✅ 秒杀成功 | 耗时: 6290.31ms
2025/12/13 20:20:53.904150 [20:20:50.149] 用户1492 | ✅ 秒杀成功 | 耗时: 6474.42ms
2025/12/13 20:20:53.904151 [20:20:50.149] 用户2755 | ✅ 秒杀成功 | 耗时: 6455.50ms
2025/12/13 20:20:53.904152 [20:20:50.149] 用户1997 | ✅ 秒杀成功 | 耗时: 6474.77ms
2025/12/13 20:20:53.904153 [20:20:50.153] 用户10096 | ✅ 秒杀成功 | 耗时: 6469.19ms
2025/12/13 20:20:53.904155 [20:20:50.153] 用户9265 | ✅ 秒杀成功 | 耗时: 6450.53ms
2025/12/13 20:20:53.904156 [20:20:50.153] 用户1379 | ✅ 秒杀成功 | 耗时: 6470.47ms
2025/12/13 20:20:53.904157 [20:20:50.153] 用户994 | ✅ 秒杀成功 | 耗时: 6465.96ms
2025/12/13 20:20:53.904159 [20:20:50.153] 用户9917 | ✅ 秒杀成功 | 耗时: 6466.10ms
2025/12/13 20:20:53.904160 [20:20:50.153] 用户10980 | ✅ 秒杀成功 | 耗时: 6459.29ms
2025/12/13 20:20:53.904162 [20:20:50.153] 用户1026 | ✅ 秒杀成功 | 耗时: 6459.01ms
2025/12/13 20:20:53.904165 [20:20:50.153] 用户1086 | ✅ 秒杀成功 | 耗时: 6465.65ms
2025/12/13 20:20:53.904167 [20:20:50.153] 用户919 | ✅ 秒杀成功 | 耗时: 6450.87ms
2025/12/13 20:20:53.904168 [20:20:50.153] 用户742 | ✅ 秒杀成功 | 耗时: 6450.85ms
2025/12/13 20:20:53.904170 [20:20:50.153] 用户8868 | ✅ 秒杀成功 | 耗时: 6459.34ms
2025/12/13 20:20:53.904171 [20:20:50.153] 用户803 | ✅ 秒杀成功 | 耗时: 6466.35ms
2025/12/13 20:20:53.904172 [20:20:50.153] 用户9576 | ✅ 秒杀成功 | 耗时: 6466.32ms
2025/12/13 20:20:53.904174 [20:20:50.153] 用户10185 | ✅ 秒杀成功 | 耗时: 6466.32ms
2025/12/13 20:20:53.904175 [20:20:50.153] 用户104 | ✅ 秒杀成功 | 耗时: 6466.51ms
2025/12/13 20:20:53.904177 [20:20:50.153] 用户1524 | ✅ 秒杀成功 | 耗时: 6477.89ms
2025/12/13 20:20:53.904178 [20:20:50.153] 用户529 | ✅ 秒杀成功 | 耗时: 6469.75ms
2025/12/13 20:20:53.904179 [20:20:50.153] 用户189 | ✅ 秒杀成功 | 耗时: 6466.37ms
2025/12/13 20:20:53.904181 [20:20:50.153] 用户981 | ✅ 秒杀成功 | 耗时: 6466.33ms
2025/12/13 20:20:53.904182 [20:20:50.153] 用户1210 | ✅ 秒杀成功 | 耗时: 6280.28ms
2025/12/13 20:20:53.904183 [20:20:50.153] 用户9679 | ✅ 秒杀成功 | 耗时: 6466.15ms
2025/12/13 20:20:53.904185 [20:20:50.153] 用户3544 | ✅ 秒杀成功 | 耗时: 6278.05ms
2025/12/13 20:20:53.904186 [20:20:50.153] 用户1205 | ✅ 秒杀成功 | 耗时: 6279.86ms
2025/12/13 20:20:53.904187 [20:20:50.153] 用户965 | ✅ 秒杀成功 | 耗时: 6453.14ms
2025/12/13 20:20:53.904189 [20:20:50.153] 用户833 | ✅ 秒杀成功 | 耗时: 6467.73ms
2025/12/13 20:20:53.904190 [20:20:50.153] 用户7597 | ✅ 秒杀成功 | 耗时: 6434.32ms
2025/12/13 20:20:53.904191 [20:20:50.153] 用户9879 | ✅ 秒杀成功 | 耗时: 6478.05ms
2025/12/13 20:20:53.904193 [20:20:50.153] 用户1134 | ✅ 秒杀成功 | 耗时: 6459.36ms
2025/12/13 20:20:53.904194 [20:20:50.153] 用户1127 | ✅ 秒杀成功 | 耗时: 6453.00ms
2025/12/13 20:20:53.904195 [20:20:50.153] 用户8039 | ✅ 秒杀成功 | 耗时: 6466.47ms
2025/12/13 20:20:53.904197 [20:20:50.153] 用户10525 | ✅ 秒杀成功 | 耗时: 6466.46ms
2025/12/13 20:20:53.904198 [20:20:50.153] 用户4003 | ✅ 秒杀成功 | 耗时: 6478.56ms
2025/12/13 20:20:53.904199 [20:20:50.153] 用户9523 | ✅ 秒杀成功 | 耗时: 6455.06ms
2025/12/13 20:20:53.904201 [20:20:50.153] 用户192 | ✅ 秒杀成功 | 耗时: 6466.65ms
2025/12/13 20:20:53.904202 [20:20:50.154] 用户1373 | ✅ 秒杀成功 | 耗时: 6467.24ms
2025/12/13 20:20:53.904203 [20:20:50.154] 用户1051 | ✅ 秒杀成功 | 耗时: 6469.27ms
2025/12/13 20:20:53.904205 [20:20:50.154] 用户814 | ✅ 秒杀成功 | 耗时: 6467.35ms
2025/12/13 20:20:53.904206 [20:20:50.154] 用户2053 | ✅ 秒杀成功 | 耗时: 6479.52ms
2025/12/13 20:20:53.904208 [20:20:50.154] 用户8057 | ✅ 秒杀成功 | 耗时: 6437.08ms
2025/12/13 20:20:53.904209 [20:20:50.154] 用户2070 | ✅ 秒杀成功 | 耗时: 6469.49ms
2025/12/13 20:20:53.904210 [20:20:50.154] 用户426 | ✅ 秒杀成功 | 耗时: 6466.81ms
2025/12/13 20:20:53.904212 [20:20:50.154] 用户9991 | ✅ 秒杀成功 | 耗时: 6467.09ms
2025/12/13 20:20:53.904213 [20:20:50.154] 用户1571 | ✅ 秒杀成功 | 耗时: 6478.56ms
2025/12/13 20:20:53.904214 [20:20:50.154] 用户536 | ✅ 秒杀成功 | 耗时: 6470.68ms
2025/12/13 20:20:53.904216 [20:20:50.154] 用户1046 | ✅ 秒杀成功 | 耗时: 6467.41ms
2025/12/13 20:20:53.904217 [20:20:50.154] 用户3528 | ✅ 秒杀成功 | 耗时: 6278.60ms
2025/12/13 20:20:53.904219 [20:20:50.154] 用户7236 | ✅ 秒杀成功 | 耗时: 6459.42ms
2025/12/13 20:20:53.904220 [20:20:50.154] 用户2340 | ✅ 秒杀成功 | 耗时: 6469.77ms
2025/12/13 20:20:53.904221 [20:20:50.154] 用户422 | ✅ 秒杀成功 | 耗时: 6466.71ms
2025/12/13 20:20:53.904223 [20:20:50.154] 用户10978 | ✅ 秒杀成功 | 耗时: 6460.38ms
2025/12/13 20:20:53.904224 [20:20:50.154] 用户825 | ✅ 秒杀成功 | 耗时: 6470.00ms
2025/12/13 20:20:53.904225 [20:20:50.154] 用户8607 | ✅ 秒杀成功 | 耗时: 6460.37ms
2025/12/13 20:20:53.904227 [20:20:50.154] 用户7929 | ✅ 秒杀成功 | 耗时: 6436.82ms
2025/12/13 20:20:53.904228 [20:20:50.154] 用户267 | ✅ 秒杀成功 | 耗时: 6470.86ms
2025/12/13 20:20:53.904230 [20:20:50.154] 用户191 | ✅ 秒杀成功 | 耗时: 6467.28ms
2025/12/13 20:20:53.904231 [20:20:50.154] 用户1045 | ✅ 秒杀成功 | 耗时: 6467.47ms
2025/12/13 20:20:53.904232 [20:20:50.154] 用户1164 | ✅ 秒杀成功 | 耗时: 6278.81ms
2025/12/13 20:20:53.904234 [20:20:50.154] 用户1707 | ✅ 秒杀成功 | 耗时: 6368.60ms
2025/12/13 20:20:53.904235 [20:20:50.154] 用户8634 | ✅ 秒杀成功 | 耗时: 6441.16ms
2025/12/13 20:20:53.904236 [20:20:50.158] 用户9534 | ✅ 秒杀成功 | 耗时: 6459.30ms
2025/12/13 20:20:53.904238 [20:20:50.158] 用户992 | ✅ 秒杀成功 | 耗时: 6470.97ms
2025/12/13 20:20:53.904239 [20:20:50.158] 用户10326 | ✅ 秒杀成功 | 耗时: 6483.15ms
2025/12/13 20:20:53.904240 [20:20:50.158] 用户421 | ✅ 秒杀成功 | 耗时: 6470.54ms
2025/12/13 20:20:53.904242 [20:20:50.158] 用户2402 | ✅ 秒杀成功 | 耗时: 6464.27ms
2025/12/13 20:20:53.904243 [20:20:50.158] 用户8605 | ✅ 秒杀成功 | 耗时: 6464.68ms
2025/12/13 20:20:53.904244 [20:20:50.159] 用户2766 | ✅ 秒杀成功 | 耗时: 6421.72ms
2025/12/13 20:20:53.904246 [20:20:50.159] 用户10201 | ✅ 秒杀成功 | 耗时: 6451.62ms
2025/12/13 20:20:53.904247 [20:20:50.159] 用户8859 | ✅ 秒杀成功 | 耗时: 6444.28ms
2025/12/13 20:20:53.904248 [20:20:50.160] 用户1126 | ✅ 秒杀成功 | 耗时: 6459.98ms
2025/12/13 20:20:53.904250 [20:20:50.160] 用户7216 | ✅ 秒杀成功 | 耗时: 6441.29ms
2025/12/13 20:20:53.904251 [20:20:50.160] 用户9884 | ✅ 秒杀成功 | 耗时: 6454.62ms
2025/12/13 20:20:53.904252 [20:20:50.160] 用户966 | ✅ 秒杀成功 | 耗时: 6460.16ms
2025/12/13 20:20:53.904254 [20:20:50.160] 用户1162 | ✅ 秒杀成功 | 耗时: 6285.20ms
2025/12/13 20:20:53.904255 [20:20:50.160] 用户2770 | ✅ 秒杀成功 | 耗时: 6422.87ms
2025/12/13 20:20:53.904256 [20:20:50.160] 用户1794 | ✅ 秒杀成功 | 耗时: 6314.86ms
2025/12/13 20:20:53.904258 [20:20:50.161] 用户2287 | ✅ 秒杀成功 | 耗时: 6419.71ms
2025/12/13 20:20:53.904259 [20:20:50.161] 用户10294 | ✅ 秒杀成功 | 耗时: 6469.90ms
2025/12/13 20:20:53.904260 [20:20:50.161] 用户940 | ✅ 秒杀成功 | 耗时: 6460.10ms
2025/12/13 20:20:53.904262 [20:20:50.161] 用户8456 | ✅ 秒杀成功 | 耗时: 6467.63ms
2025/12/13 20:20:53.904263 [20:20:50.161] 用户1365 | ✅ 秒杀成功 | 耗时: 6460.64ms
2025/12/13 20:20:53.904264 [20:20:50.161] 用户9542 | ✅ 秒杀成功 | 耗时: 6462.52ms
2025/12/13 20:20:53.904266 [20:20:50.161] 用户10175 | ✅ 秒杀成功 | 耗时: 6449.15ms
2025/12/13 20:20:53.904267 [20:20:50.161] 用户8596 | ✅ 秒杀成功 | 耗时: 6446.14ms
2025/12/13 20:20:53.904268 [20:20:50.161] 用户937 | ✅ 秒杀成功 | 耗时: 6460.19ms
2025/12/13 20:20:53.904270 [20:20:50.161] 用户8257 | ✅ 秒杀成功 | 耗时: 6444.08ms
2025/12/13 20:20:53.904271 [20:20:50.161] 用户1277 | ✅ 秒杀成功 | 耗时: 6293.69ms
2025/12/13 20:20:53.904273 [20:20:50.161] 用户7184 | ✅ 秒杀成功 | 耗时: 6355.73ms
2025/12/13 20:20:53.904274 [20:20:50.161] 用户2161 | ✅ 秒杀成功 | 耗时: 6331.53ms
2025/12/13 20:20:53.904275 [20:20:50.161] 用户3304 | ✅ 秒杀成功 | 耗时: 6466.98ms
2025/12/13 20:20:53.904277 [20:20:50.161] 用户2471 | ✅ 秒杀成功 | 耗时: 6461.31ms
2025/12/13 20:20:53.904278 [20:20:50.161] 用户9539 | ✅ 秒杀成功 | 耗时: 6462.79ms
2025/12/13 20:20:53.904279 [20:20:50.161] 用户1220 | ✅ 秒杀成功 | 耗时: 6287.77ms
2025/12/13 20:20:53.904281 [20:20:50.161] 用户323 | ✅ 秒杀成功 | 耗时: 6461.02ms
2025/12/13 20:20:53.904282 [20:20:50.161] 用户9532 | ✅ 秒杀成功 | 耗时: 6462.84ms
2025/12/13 20:20:53.904283 [20:20:50.161] 用户1968 | ✅ 秒杀成功 | 耗时: 6460.72ms
2025/12/13 20:20:53.904285 [20:20:50.161] 用户941 | ✅ 秒杀成功 | 耗时: 6460.71ms
2025/12/13 20:20:53.904286 [20:20:50.161] 用户8484 | ✅ 秒杀成功 | 耗时: 6443.75ms
2025/12/13 20:20:53.904287 [20:20:50.161] 用户94 | ✅ 秒杀成功 | 耗时: 6476.59ms
2025/12/13 20:20:53.904289 [20:20:50.161] 用户10088 | ✅ 秒杀成功 | 耗时: 6547.55ms
2025/12/13 20:20:53.904290 [20:20:50.161] 用户9246 | ✅ 秒杀成功 | 耗时: 6407.05ms
2025/12/13 20:20:53.904291 [20:20:50.161] 用户2779 | ✅ 秒杀成功 | 耗时: 6460.73ms
2025/12/13 20:20:53.904293 [20:20:50.161] 用户908 | ✅ 秒杀成功 | 耗时: 6459.33ms
2025/12/13 20:20:53.904294 [20:20:50.161] 用户9914 | ✅ 秒杀成功 | 耗时: 6449.92ms
2025/12/13 20:20:53.904295 [20:20:50.161] 用户8599 | ✅ 秒杀成功 | 耗时: 6442.22ms
2025/12/13 20:20:53.904297 [20:20:50.161] 用户9582 | ✅ 秒杀成功 | 耗时: 6449.93ms
2025/12/13 20:20:53.904298 [20:20:50.161] 用户7164 | ✅ 秒杀成功 | 耗时: 6347.58ms
2025/12/13 20:20:53.904299 [20:20:50.161] 用户9985 | ✅ 秒杀成功 | 耗时: 6454.27ms
2025/12/13 20:20:53.904301 [20:20:50.161] 用户9464 | ✅ 秒杀成功 | 耗时: 6449.40ms
2025/12/13 20:20:53.904302 [20:20:50.162] 用户10682 | ✅ 秒杀成功 | 耗时: 6442.14ms
2025/12/13 20:20:53.904303 [20:20:50.162] 用户8123 | ✅ 秒杀成功 | 耗时: 6444.41ms
2025/12/13 20:20:53.904305 [20:20:50.165] 用户7551 | ✅ 秒杀成功 | 耗时: 6471.55ms
2025/12/13 20:20:53.904306 [20:20:50.165] 用户10846 | ✅ 秒杀成功 | 耗时: 6469.36ms
2025/12/13 20:20:53.904308 [20:20:50.165] 用户9376 | ✅ 秒杀成功 | 耗时: 6452.89ms
2025/12/13 20:20:53.904309 [20:20:50.165] 用户10415 | ✅ 秒杀成功 | 耗时: 6489.87ms
2025/12/13 20:20:53.904310 [20:20:50.165] 用户1186 | ✅ 秒杀成功 | 耗时: 6298.09ms
2025/12/13 20:20:53.904312 [20:20:50.165] 用户7578 | ✅ 秒杀成功 | 耗时: 6445.84ms
2025/12/13 20:20:53.904313 [20:20:50.165] 用户9023 | ✅ 秒杀成功 | 耗时: 6458.62ms
2025/12/13 20:20:53.904314 [20:20:50.165] 用户3555 | ✅ 秒杀成功 | 耗时: 6291.20ms
2025/12/13 20:20:53.904316 [20:20:50.165] 用户2439 | ✅ 秒杀成功 | 耗时: 6445.48ms
2025/12/13 20:20:53.904317 [20:20:50.165] 用户1530 | ✅ 秒杀成功 | 耗时: 6490.04ms
2025/12/13 20:20:53.904319 [20:20:50.166] 用户1238 | ✅ 秒杀成功 | 耗时: 6296.83ms
2025/12/13 20:20:53.904321 [20:20:50.166] 用户9951 | ✅ 秒杀成功 | 耗时: 6458.27ms
2025/12/13 20:20:53.904322 [20:20:50.166] 用户1225 | ✅ 秒杀成功 | 耗时: 6296.65ms
2025/12/13 20:20:53.904323 [20:20:50.166] 用户9121 | ✅ 秒杀成功 | 耗时: 6462.05ms
2025/12/13 20:20:53.904325 [20:20:50.166] 用户7198 | ✅ 秒杀成功 | 耗时: 6355.15ms
2025/12/13 20:20:53.904326 [20:20:50.166] 用户8278 | ✅ 秒杀成功 | 耗时: 6471.89ms
2025/12/13 20:20:53.904327 [20:20:50.166] 用户3860 | ✅ 秒杀成功 | 耗时: 6469.42ms
2025/12/13 20:20:53.904329 [20:20:50.166] 用户7560 | ✅ 秒杀成功 | 耗时: 6446.39ms
2025/12/13 20:20:53.904330 [20:20:50.166] 用户9678 | ✅ 秒杀成功 | 耗时: 6458.71ms
2025/12/13 20:20:53.904332 [20:20:50.166] 用户10034 | ✅ 秒杀成功 | 耗时: 6458.96ms
2025/12/13 20:20:53.904333 [20:20:50.166] 用户8800 | ✅ 秒杀成功 | 耗时: 6458.92ms
2025/12/13 20:20:53.904334 [20:20:50.166] 用户9922 | ✅ 秒杀成功 | 耗时: 6454.52ms
2025/12/13 20:20:53.904336 [20:20:50.166] 用户1561 | ✅ 秒杀成功 | 耗时: 6490.23ms
2025/12/13 20:20:53.904337 [20:20:50.166] 用户9112 | ✅ 秒杀成功 | 耗时: 6462.35ms
2025/12/13 20:20:53.904338 [20:20:50.166] 用户10206 | ✅ 秒杀成功 | 耗时: 6458.84ms
2025/12/13 20:20:53.904340 [20:20:50.166] 用户9139 | ✅ 秒杀成功 | 耗时: 6462.48ms
2025/12/13 20:20:53.904341 [20:20:50.166] 用户10057 | ✅ 秒杀成功 | 耗时: 6463.32ms
2025/12/13 20:20:53.904343 [20:20:50.166] 用户9281 | ✅ 秒杀成功 | 耗时: 6463.87ms
2025/12/13 20:20:53.904344 [20:20:50.166] 用户9378 | ✅ 秒杀成功 | 耗时: 6454.01ms
2025/12/13 20:20:53.904345 [20:20:50.166] 用户8054 | ✅ 秒杀成功 | 耗时: 6446.89ms
2025/12/13 20:20:53.904347 [20:20:50.166] 用户9954 | ✅ 秒杀成功 | 耗时: 6458.81ms
2025/12/13 20:20:53.904348 [20:20:50.166] 用户912 | ✅ 秒杀成功 | 耗时: 6464.08ms
2025/12/13 20:20:53.904349 [20:20:50.166] 用户8114 | ✅ 秒杀成功 | 耗时: 6446.73ms
2025/12/13 20:20:53.904351 [20:20:50.166] 用户8690 | ✅ 秒杀成功 | 耗时: 6458.18ms
2025/12/13 20:20:53.904352 [20:20:50.166] 用户8418 | ✅ 秒杀成功 | 耗时: 6448.77ms
2025/12/13 20:20:53.904353 [20:20:50.166] 用户9892 | ✅ 秒杀成功 | 耗时: 6462.37ms
2025/12/13 20:20:53.904355 [20:20:50.166] 用户2761 | ✅ 秒杀成功 | 耗时: 6416.25ms
2025/12/13 20:20:53.904356 [20:20:50.166] 用户2890 | ✅ 秒杀成功 | 耗时: 6447.03ms
2025/12/13 20:20:53.904357 [20:20:50.166] 用户2801 | ✅ 秒杀成功 | 耗时: 6465.95ms
2025/12/13 20:20:53.904359 [20:20:50.166] 用户9372 | ✅ 秒杀成功 | 耗时: 6454.23ms
2025/12/13 20:20:53.904360 [20:20:50.166] 用户951 | ✅ 秒杀成功 | 耗时: 6479.49ms
2025/12/13 20:20:53.904361 [20:20:50.166] 用户8980 | ✅ 秒杀成功 | 耗时: 6462.82ms
2025/12/13 20:20:53.904363 [20:20:50.166] 用户9543 | ✅ 秒杀成功 | 耗时: 6468.30ms
2025/12/13 20:20:53.904364 [20:20:50.167] 用户7169 | ✅ 秒杀成功 | 耗时: 6355.85ms
2025/12/13 20:20:53.904365 [20:20:50.167] 用户2064 | ✅ 秒杀成功 | 耗时: 6337.02ms
2025/12/13 20:20:53.904367 [20:20:50.167] 用户10196 | ✅ 秒杀成功 | 耗时: 6459.23ms
2025/12/13 20:20:53.904368 [20:20:50.167] 用户9680 | ✅ 秒杀成功 | 耗时: 6459.32ms
2025/12/13 20:20:53.904369 [20:20:50.167] 用户7179 | ✅ 秒杀成功 | 耗时: 6355.89ms
2025/12/13 20:20:53.904371 [20:20:50.167] 用户1227 | ✅ 秒杀成功 | 耗时: 6297.51ms
2025/12/13 20:20:53.904372 [20:20:50.167] 用户8620 | ✅ 秒杀成功 | 耗时: 6455.01ms
2025/12/13 20:20:53.904373 [20:20:50.167] 用户9254 | ✅ 秒杀成功 | 耗时: 6463.86ms
2025/12/13 20:20:53.904375 [20:20:50.167] 用户1223 | ✅ 秒杀成功 | 耗时: 6293.49ms
2025/12/13 20:20:53.904376 [20:20:50.167] 用户9153 | ✅ 秒杀成功 | 耗时: 6463.02ms
2025/12/13 20:20:53.904377 [20:20:50.167] 用户8445 | ✅ 秒杀成功 | 耗时: 6454.03ms
2025/12/13 20:20:53.904379 [20:20:50.167] 用户10683 | ✅ 秒杀成功 | 耗时: 6459.71ms
2025/12/13 20:20:53.904380 [20:20:50.167] 用户9501 | ✅ 秒杀成功 | 耗时: 6454.66ms
2025/12/13 20:20:53.904381 [20:20:50.167] 用户10297 | ✅ 秒杀成功 | 耗时: 6479.20ms
2025/12/13 20:20:53.904383 [20:20:50.167] 用户3295 | ✅ 秒杀成功 | 耗时: 6472.83ms
2025/12/13 20:20:53.904384 [20:20:50.167] 用户10984 | ✅ 秒杀成功 | 耗时: 6473.30ms
2025/12/13 20:20:53.904385 [20:20:50.167] 用户3543 | ✅ 秒杀成功 | 耗时: 6291.83ms
2025/12/13 20:20:53.904387 [20:20:50.167] 用户7564 | ✅ 秒杀成功 | 耗时: 6447.67ms
2025/12/13 20:20:53.904388 [20:20:50.167] 用户7766 | ✅ 秒杀成功 | 耗时: 6472.58ms
2025/12/13 20:20:53.904390 [20:20:50.167] 用户970 | ✅ 秒杀成功 | 耗时: 6467.02ms
2025/12/13 20:20:53.904391 [20:20:50.167] 用户8659 | ✅ 秒杀成功 | 耗时: 6459.17ms
2025/12/13 20:20:53.904392 [20:20:50.167] 用户897 | ✅ 秒杀成功 | 耗时: 6464.96ms
2025/12/13 20:20:53.904394 [20:20:50.167] 用户8219 | ✅ 秒杀成功 | 耗时: 6447.93ms
2025/12/13 20:20:53.904395 [20:20:50.167] 用户7663 | ✅ 秒杀成功 | 耗时: 6449.31ms
2025/12/13 20:20:53.904397 [20:20:50.167] 用户9817 | ✅ 秒杀成功 | 耗时: 6491.35ms
2025/12/13 20:20:53.904399 [20:20:50.167] 用户2893 | ✅ 秒杀成功 | 耗时: 6447.95ms
2025/12/13 20:20:53.904400 [20:20:50.167] 用户9780 | ✅ 秒杀成功 | 耗时: 6454.63ms
2025/12/13 20:20:53.904402 [20:20:50.167] 用户1176 | ✅ 秒杀成功 | 耗时: 6292.20ms
2025/12/13 20:20:53.904404 [20:20:50.167] 用户1603 | ✅ 秒杀成功 | 耗时: 6348.91ms
2025/12/13 20:20:53.904405 [20:20:50.167] 用户294 | ✅ 秒杀成功 | 耗时: 6485.34ms
2025/12/13 20:20:53.904407 [20:20:50.168] 用户1177 | ✅ 秒杀成功 | 耗时: 6292.56ms
2025/12/13 20:20:53.904408 [20:20:50.168] 用户10187 | ✅ 秒杀成功 | 耗时: 6460.23ms
2025/12/13 20:20:53.904410 [20:20:50.168] 用户8560 | ✅ 秒杀成功 | 耗时: 6454.85ms
2025/12/13 20:20:53.904412 [20:20:50.168] 用户10066 | ✅ 秒杀成功 | 耗时: 6464.80ms
2025/12/13 20:20:53.904413 [20:20:50.168] 用户1818 | ✅ 秒杀成功 | 耗时: 6330.64ms
2025/12/13 20:20:53.904415 [20:20:50.168] 用户9088 | ✅ 秒杀成功 | 耗时: 6463.75ms
2025/12/13 20:20:53.904416 [20:20:50.168] 用户7796 | ✅ 秒杀成功 | 耗时: 6450.05ms
2025/12/13 20:20:53.904417 [20:20:50.168] 用户9911 | ✅ 秒杀成功 | 耗时: 6456.02ms
2025/12/13 20:20:53.904419 [20:20:50.168] 用户9096 | ✅ 秒杀成功 | 耗时: 6463.80ms
2025/12/13 20:20:53.904420 [20:20:50.168] 用户7584 | ✅ 秒杀成功 | 耗时: 6448.12ms
2025/12/13 20:20:53.904422 [20:20:50.168] 用户8137 | ✅ 秒杀成功 | 耗时: 6450.56ms
2025/12/13 20:20:53.904423 [20:20:50.168] 用户760 | ✅ 秒杀成功 | 耗时: 6465.33ms
2025/12/13 20:20:53.904424 [20:20:50.168] 用户9459 | ✅ 秒杀成功 | 耗时: 6455.24ms
2025/12/13 20:20:53.904426 [20:20:50.168] 用户957 | ✅ 秒杀成功 | 耗时: 6467.26ms
2025/12/13 20:20:53.904427 [20:20:50.168] 用户7568 | ✅ 秒杀成功 | 耗时: 6448.14ms
2025/12/13 20:20:53.904428 [20:20:50.168] 用户9870 | ✅ 秒杀成功 | 耗时: 6492.32ms
2025/12/13 20:20:53.904430 [20:20:50.168] 用户1935 | ✅ 秒杀成功 | 耗时: 6492.67ms
2025/12/13 20:20:53.904431 [20:20:50.168] 用户924 | ✅ 秒杀成功 | 耗时: 6465.52ms
2025/12/13 20:20:53.904432 [20:20:50.168] 用户9530 | ✅ 秒杀成功 | 耗时: 6469.38ms
2025/12/13 20:20:53.904434 [20:20:50.168] 用户8383 | ✅ 秒杀成功 | 耗时: 6471.81ms
2025/12/13 20:20:53.904435 [20:20:50.168] 用户9860 | ✅ 秒杀成功 | 耗时: 6460.62ms
2025/12/13 20:20:53.904436 [20:20:50.168] 用户2802 | ✅ 秒杀成功 | 耗时: 6447.99ms
2025/12/13 20:20:53.904438 [20:20:50.168] 用户2771 | ✅ 秒杀成功 | 耗时: 6430.39ms
2025/12/13 20:20:53.904439 [20:20:50.168] 用户10202 | ✅ 秒杀成功 | 耗时: 6460.67ms
2025/12/13 20:20:53.904440 [20:20:50.168] 用户9544 | ✅ 秒杀成功 | 耗时: 6469.77ms
2025/12/13 20:20:53.904442 [20:20:50.168] 用户10305 | ✅ 秒杀成功 | 耗时: 6480.39ms
2025/12/13 20:20:53.904443 [20:20:50.168] 用户8673 | ✅ 秒杀成功 | 耗时: 6457.61ms
2025/12/13 20:20:53.904444 [20:20:50.168] 用户8982 | ✅ 秒杀成功 | 耗时: 6460.99ms
2025/12/13 20:20:53.904446 [20:20:50.168] 用户9958 | ✅ 秒杀成功 | 耗时: 6455.81ms
2025/12/13 20:20:53.904447 [20:20:50.168] 用户9125 | ✅ 秒杀成功 | 耗时: 6464.21ms
2025/12/13 20:20:53.904448 [20:20:50.168] 用户9470 | ✅ 秒杀成功 | 耗时: 6469.84ms
2025/12/13 20:20:53.904452 [20:20:50.168] 用户16 | ✅ 秒杀成功 | 耗时: 6465.27ms
2025/12/13 20:20:53.904454 [20:20:50.168] 用户9531 | ✅ 秒杀成功 | 耗时: 6469.73ms
2025/12/13 20:20:53.904456 [20:20:50.168] 用户10801 | ✅ 秒杀成功 | 耗时: 6464.12ms
2025/12/13 20:20:53.904458 [20:20:50.168] 用户9039 | ✅ 秒杀成功 | 耗时: 6464.07ms
2025/12/13 20:20:53.904459 [20:20:50.171] 用户9492 | ✅ 秒杀成功 | 耗时: 6472.39ms
2025/12/13 20:20:53.904461 [20:20:50.171] 用户8058 | ✅ 秒杀成功 | 耗时: 6453.66ms
2025/12/13 20:20:53.904463 [20:20:50.171] 用户2289 | ✅ 秒杀成功 | 耗时: 6432.43ms
2025/12/13 20:20:53.904464 [20:20:50.171] 用户9278 | ✅ 秒杀成功 | 耗时: 6468.40ms
2025/12/13 20:20:53.904466 [20:20:50.171] 用户3730 | ✅ 秒杀成功 | 耗时: 6525.85ms
2025/12/13 20:20:53.904468 [20:20:50.171] 用户9468 | ✅ 秒杀成功 | 耗时: 6459.20ms
2025/12/13 20:20:53.904469 [20:20:50.171] 用户9379 | ✅ 秒杀成功 | 耗时: 6459.03ms
2025/12/13 20:20:53.904471 [20:20:50.171] 用户2438 | ✅ 秒杀成功 | 耗时: 6451.20ms
2025/12/13 20:20:53.904472 [20:20:50.171] 用户8212 | ✅ 秒杀成功 | 耗时: 6454.14ms
2025/12/13 20:20:53.904474 [20:20:50.171] 用户9533 | ✅ 秒杀成功 | 耗时: 6472.93ms
2025/12/13 20:20:53.904475 [20:20:50.171] 用户9529 | ✅ 秒杀成功 | 耗时: 6472.91ms
2025/12/13 20:20:53.904476 [20:20:50.171] 用户9719 | ✅ 秒杀成功 | 耗时: 6457.50ms
2025/12/13 20:20:53.904478 [20:20:50.171] 用户331 | ✅ 秒杀成功 | 耗时: 6488.52ms
2025/12/13 20:20:53.904479 [20:20:50.172] 用户9100 | ✅ 秒杀成功 | 耗时: 6467.78ms
2025/12/13 20:20:53.904480 [20:20:50.172] 用户2084 | ✅ 秒杀成功 | 耗时: 6342.25ms
2025/12/13 20:20:53.904482 [20:20:50.172] 用户9797 | ✅ 秒杀成功 | 耗时: 6459.14ms
2025/12/13 20:20:53.904483 [20:20:50.172] 用户9863 | ✅ 秒杀成功 | 耗时: 6465.01ms
2025/12/13 20:20:53.904484 [20:20:50.172] 用户9154 | ✅ 秒杀成功 | 耗时: 6468.21ms
2025/12/13 20:20:53.904486 [20:20:50.172] 用户9866 | ✅ 秒杀成功 | 耗时: 6465.24ms
2025/12/13 20:20:53.904487 [20:20:50.172] 用户10207 | ✅ 秒杀成功 | 耗时: 6464.74ms
2025/12/13 20:20:53.904489 [20:20:50.172] 用户9150 | ✅ 秒杀成功 | 耗时: 6468.38ms
2025/12/13 20:20:53.904490 [20:20:50.172] 用户2561 | ✅ 秒杀成功 | 耗时: 6452.41ms
2025/12/13 20:20:53.904491 [20:20:50.172] 用户8942 | ✅ 秒杀成功 | 耗时: 6458.29ms
2025/12/13 20:20:53.904493 [20:20:50.172] 用户9084 | ✅ 秒杀成功 | 耗时: 6468.16ms
2025/12/13 20:20:53.904494 [20:20:50.172] 用户8701 | ✅ 秒杀成功 | 耗时: 6464.01ms
2025/12/13 20:20:53.904495 [20:20:50.172] 用户898 | ✅ 秒杀成功 | 耗时: 6469.73ms
2025/12/13 20:20:53.904497 [20:20:50.172] 用户10798 | ✅ 秒杀成功 | 耗时: 6468.14ms
2025/12/13 20:20:53.904498 [20:20:50.172] 用户9146 | ✅ 秒杀成功 | 耗时: 6468.43ms
2025/12/13 20:20:53.904499 [20:20:50.172] 用户7191 | ✅ 秒杀成功 | 耗时: 6361.40ms
2025/12/13 20:20:53.904501 [20:20:50.172] 用户9118 | ✅ 秒杀成功 | 耗时: 6468.36ms
2025/12/13 20:20:53.904502 [20:20:50.172] 用户9455 | ✅ 秒杀成功 | 耗时: 6459.66ms
2025/12/13 20:20:53.904504 [20:20:50.172] 用户3531 | ✅ 秒杀成功 | 耗时: 6296.65ms
2025/12/13 20:20:53.904505 [20:20:50.172] 用户8845 | ✅ 秒杀成功 | 耗时: 6465.39ms
2025/12/13 20:20:53.904506 [20:20:50.172] 用户8537 | ✅ 秒杀成功 | 耗时: 6459.39ms
2025/12/13 20:20:53.904508 [20:20:50.172] 用户9471 | ✅ 秒杀成功 | 耗时: 6473.96ms
2025/12/13 20:20:53.904509 [20:20:50.172] 用户9371 | ✅ 秒杀成功 | 耗时: 6459.95ms
2025/12/13 20:20:53.904510 [20:20:50.172] 用户971 | ✅ 秒杀成功 | 耗时: 6472.03ms
2025/12/13 20:20:53.904512 [20:20:50.172] 用户9019 | ✅ 秒杀成功 | 耗时: 6465.46ms
2025/12/13 20:20:53.904513 [20:20:50.172] 用户2095 | ✅ 秒杀成功 | 耗时: 6410.44ms
2025/12/13 20:20:53.904514 [20:20:50.172] 用户1756 | ✅ 秒杀成功 | 耗时: 6303.50ms
2025/12/13 20:20:53.904516 [20:20:50.179] 用户10672 | ✅ 秒杀成功 | 耗时: 6471.94ms
2025/12/13 20:20:53.904517 [20:20:50.179] 用户8492 | ✅ 秒杀成功 | 耗时: 6461.85ms
2025/12/13 20:20:53.904518 [20:20:50.179] 用户9095 | ✅ 秒杀成功 | 耗时: 6475.49ms
2025/12/13 20:20:53.904520 [20:20:50.179] 用户9041 | ✅ 秒杀成功 | 耗时: 6475.42ms
2025/12/13 20:20:53.904521 [20:20:50.179] 用户2474 | ✅ 秒杀成功 | 耗时: 6479.70ms
2025/12/13 20:20:53.904522 [20:20:50.179] 用户2898 | ✅ 秒杀成功 | 耗时: 6460.13ms
2025/12/13 20:20:53.904524 [20:20:50.180] 用户9465 | ✅ 秒杀成功 | 耗时: 6467.46ms
2025/12/13 20:20:53.904525 [20:20:50.180] 用户9046 | ✅ 秒杀成功 | 耗时: 6476.05ms
2025/12/13 20:20:53.904527 [20:20:50.180] 用户10038 | ✅ 秒杀成功 | 耗时: 6473.19ms
2025/12/13 20:20:53.904528 [20:20:50.180] 用户8667 | ✅ 秒杀成功 | 耗时: 6469.68ms
2025/12/13 20:20:53.904529 [20:20:50.180] 用户9047 | ✅ 秒杀成功 | 耗时: 6476.30ms
2025/12/13 20:20:53.904531 [20:20:50.180] 用户9086 | ✅ 秒杀成功 | 耗时: 6476.24ms
2025/12/13 20:20:53.904532 [20:20:50.180] 用户9540 | ✅ 秒杀成功 | 耗时: 6481.94ms
2025/12/13 20:20:53.904533 [20:20:50.180] 用户744 | ✅ 秒杀成功 | 耗时: 6477.91ms
2025/12/13 20:20:53.904535 [20:20:50.180] 用户8035 | ✅ 秒杀成功 | 耗时: 6462.49ms
2025/12/13 20:20:53.904536 [20:20:50.180] 用户9971 | ✅ 秒杀成功 | 耗时: 6460.74ms
2025/12/13 20:20:53.904537 [20:20:50.180] 用户9499 | ✅ 秒杀成功 | 耗时: 6468.01ms
2025/12/13 20:20:53.904539 [20:20:50.180] 用户9977 | ✅ 秒杀成功 | 耗时: 6472.96ms
2025/12/13 20:20:53.904540 [20:20:50.180] 用户9364 | ✅ 秒杀成功 | 耗时: 6467.78ms
2025/12/13 20:20:53.904541 [20:20:50.180] 用户1218 | ✅ 秒杀成功 | 耗时: 6306.94ms
2025/12/13 20:20:53.904543 [20:20:50.180] 用户9123 | ✅ 秒杀成功 | 耗时: 6476.45ms
2025/12/13 20:20:53.904544 [20:20:50.180] 用户7555 | ✅ 秒杀成功 | 耗时: 6460.72ms
2025/12/13 20:20:53.904545 [20:20:50.180] 用户10832 | ✅ 秒杀成功 | 耗时: 6482.37ms
2025/12/13 20:20:53.904547 [20:20:50.180] 用户9555 | ✅ 秒杀成功 | 耗时: 6473.36ms
2025/12/13 20:20:53.904548 [20:20:50.180] 用户8303 | ✅ 秒杀成功 | 耗时: 6466.33ms
2025/12/13 20:20:53.904550 [20:20:50.180] 用户7573 | ✅ 秒杀成功 | 耗时: 6460.91ms
2025/12/13 20:20:53.904551 [20:20:50.180] 用户9081 | ✅ 秒杀成功 | 耗时: 6476.52ms
2025/12/13 20:20:53.904552 [20:20:50.181] 用户10830 | ✅ 秒杀成功 | 耗时: 6482.74ms
2025/12/13 20:20:53.904554 [20:20:50.181] 用户8723 | ✅ 秒杀成功 | 耗时: 6473.29ms
2025/12/13 20:20:53.904555 [20:20:50.181] 用户761 | ✅ 秒杀成功 | 耗时: 6479.11ms
2025/12/13 20:20:53.904556 [20:20:50.181] 用户8249 | ✅ 秒杀成功 | 耗时: 6464.54ms
2025/12/13 20:20:53.904558 [20:20:50.181] 用户8841 | ✅ 秒杀成功 | 耗时: 6474.46ms
2025/12/13 20:20:53.904559 [20:20:50.182] 用户2790 | ✅ 秒杀成功 | 耗时: 6461.55ms
2025/12/13 20:20:53.904560 [20:20:50.182] 用户7563 | ✅ 秒杀成功 | 耗时: 6462.05ms
2025/12/13 20:20:53.904562 [20:20:50.183] 用户9968 | ✅ 秒杀成功 | 耗时: 6463.44ms
2025/12/13 20:20:53.904563 [20:20:50.183] 用户9804 | ✅ 秒杀成功 | 耗时: 6472.63ms
2025/12/13 20:20:53.904564 [20:20:50.187] 用户8998 | ✅ 秒杀成功 | 耗时: 6479.59ms
2025/12/13 20:20:53.904566 [20:20:50.187] 用户748 | ✅ 秒杀成功 | 耗时: 6484.78ms
2025/12/13 20:20:53.904567 [20:20:50.191] 用户2903 | ✅ 秒杀成功 | 耗时: 6453.20ms
2025/12/13 20:20:53.904568 [20:20:50.193] 用户3552 | ✅ 秒杀成功 | 耗时: 6318.36ms
2025/12/13 20:20:53.904570 [20:20:50.194] 用户1811 | ✅ 秒杀成功 | 耗时: 6371.37ms
2025/12/13 20:20:53.904572 [20:20:50.194] 用户8119 | ✅ 秒杀成功 | 耗时: 6476.33ms
2025/12/13 20:20:53.904573 [20:20:50.194] 用户9268 | ✅ 秒杀成功 | 耗时: 6491.23ms
2025/12/13 20:20:53.904574 [20:20:50.194] 用户9144 | ✅ 秒杀成功 | 耗时: 6490.01ms
2025/12/13 20:20:53.904576 [20:20:50.194] 用户2446 | ✅ 秒杀成功 | 耗时: 6473.69ms
2025/12/13 20:20:53.904577 [20:20:50.194] 用户9017 | ✅ 秒杀成功 | 耗时: 6486.80ms
2025/12/13 20:20:53.904579 [20:20:50.194] 用户1219 | ✅ 秒杀成功 | 耗时: 6320.44ms
2025/12/13 20:20:53.904580 [20:20:50.194] 用户9151 | ✅ 秒杀成功 | 耗时: 6490.15ms
2025/12/13 20:20:53.904581 [20:20:50.194] 用户8580 | ✅ 秒杀成功 | 耗时: 6486.21ms
2025/12/13 20:20:53.904583 [20:20:50.226] 用户9997 | ❌ 错误: Post "http://localhost:8080/api/seckill/buy": EOF | 耗时: 6508.78ms
2025/12/13 20:20:53.904589 [20:20:50.237] 用户1234 | ✅ 秒杀成功 | 耗时: 6368.31ms
2025/12/13 20:20:53.904590 [20:20:50.237] 用户1857 | ✅ 秒杀成功 | 耗时: 6416.58ms
2025/12/13 20:20:53.904592 [20:20:50.237] 用户471 | ✅ 秒杀成功 | 耗时: 6368.10ms
2025/12/13 20:20:53.904593 [20:20:50.237] 用户9609 | ✅ 秒杀成功 | 耗时: 6541.33ms
2025/12/13 20:20:53.904594 [20:20:50.237] 用户7545 | ✅ 秒杀成功 | 耗时: 6519.54ms
2025/12/13 20:20:53.904596 [20:20:50.237] 用户907 | ✅ 秒杀成功 | 耗时: 6535.31ms
2025/12/13 20:20:53.904597 [20:20:50.238] 用户2788 | ✅ 秒杀成功 | 耗时: 6517.60ms
2025/12/13 20:20:53.904598 [20:20:50.238] 用户7194 | ✅ 秒杀成功 | 耗时: 6517.89ms
2025/12/13 20:20:53.904600 [20:20:50.238] 用户1237 | ✅ 秒杀成功 | 耗时: 6368.91ms
2025/12/13 20:20:53.904601 [20:20:50.238] 用户3549 | ✅ 秒杀成功 | 耗时: 6362.53ms
2025/12/13 20:20:53.904602 [20:20:50.238] 用户8032 | ✅ 秒杀成功 | 耗时: 6520.69ms
2025/12/13 20:20:53.904604 [20:20:50.239] 用户3542 | ✅ 秒杀成功 | 耗时: 6363.62ms
2025/12/13 20:20:53.904605 [20:20:50.239] 用户8064 | ✅ 秒杀成功 | 耗时: 6520.93ms
2025/12/13 20:20:53.904606 [20:20:50.239] 用户1241 | ✅ 秒杀成功 | 耗时: 6366.05ms
2025/12/13 20:20:53.904608 [20:20:50.239] 用户3545 | ✅ 秒杀成功 | 耗时: 6364.03ms
2025/12/13 20:20:53.904609 [20:20:50.240] 用户2732 | ✅ 秒杀成功 | 耗时: 6419.18ms
2025/12/13 20:20:53.904610 [20:20:50.240] 用户1936 | ✅ 秒杀成功 | 耗时: 6410.06ms
2025/12/13 20:20:53.904612 [20:20:50.240] 用户9156 | ✅ 秒杀成功 | 耗时: 6536.03ms
2025/12/13 20:20:53.904613 [20:20:50.240] 用户9887 | ✅ 秒杀成功 | 耗时: 6535.39ms
2025/12/13 20:20:53.904614 [20:20:50.240] 用户7528 | ✅ 秒杀成功 | 耗时: 6521.45ms
2025/12/13 20:20:53.904616 [20:20:50.240] 用户8866 | ✅ 秒杀成功 | 耗时: 6520.45ms
2025/12/13 20:20:53.904617 [20:20:50.240] 用户9075 | ✅ 秒杀成功 | 耗时: 6536.20ms
2025/12/13 20:20:53.904619 [20:20:50.245] 用户3547 | ✅ 秒杀成功 | 耗时: 6370.00ms
2025/12/13 20:20:53.904620 [20:20:50.246] 用户9974 | ✅ 秒杀成功 | 耗时: 6538.37ms
2025/12/13 20:20:53.904621 [20:20:50.246] 用户9981 | ✅ 秒杀成功 | 耗时: 6538.60ms
2025/12/13 20:20:53.904623 [20:20:50.246] 用户9567 | ✅ 秒杀成功 | 耗时: 6533.79ms
2025/12/13 20:20:53.904624 [20:20:50.246] 用户9068 | ✅ 秒杀成功 | 耗时: 6542.59ms
2025/12/13 20:20:53.904625 [20:20:50.246] 用户9829 | ✅ 秒杀成功 | 耗时: 6538.23ms
2025/12/13 20:20:53.904627 [20:20:50.246] 用户8033 | ✅ 秒杀成功 | 耗时: 6528.67ms
2025/12/13 20:20:53.904628 [20:20:50.246] 用户7557 | ✅ 秒杀成功 | 耗时: 6526.86ms
2025/12/13 20:20:53.904629 [20:20:50.247] 用户9087 | ✅ 秒杀成功 | 耗时: 6542.73ms
2025/12/13 20:20:53.904631 [20:20:50.247] 用户10468 | ✅ 秒杀成功 | 耗时: 6543.77ms
2025/12/13 20:20:53.904632 [20:20:50.247] 用户2759 | ✅ 秒杀成功 | 耗时: 6505.94ms
2025/12/13 20:20:53.904634 [20:20:50.247] 用户325 | ✅ 秒杀成功 | 耗时: 6547.14ms
2025/12/13 20:20:53.904638 [20:20:50.247] 用户9457 | ✅ 秒杀成功 | 耗时: 6534.62ms
2025/12/13 20:20:53.904644 [20:20:50.247] 用户8363 | ✅ 秒杀成功 | 耗时: 6529.55ms
2025/12/13 20:20:53.904646 [20:20:50.249] 用户2288 | ✅ 秒杀成功 | 耗时: 6508.41ms
2025/12/13 20:20:53.904648 [20:20:50.249] 用户9962 | ✅ 秒杀成功 | 耗时: 6541.76ms
2025/12/13 20:20:53.904649 [20:20:50.257] 用户9980 | ✅ 秒杀成功 | 耗时: 6549.32ms
2025/12/13 20:20:53.904651 [20:20:50.258] 用户7572 | ✅ 秒杀成功 | 耗时: 6538.92ms
2025/12/13 20:20:53.904653 [20:20:50.259] 用户913 | ✅ 秒杀成功 | 耗时: 6556.34ms
2025/12/13 20:20:53.904654 [20:20:50.259] 用户2126 | ✅ 秒杀成功 | 耗时: 6508.32ms
2025/12/13 20:20:53.904656 [20:20:50.259] 用户8495 | ✅ 秒杀成功 | 耗时: 6541.20ms
2025/12/13 20:20:53.904658 [20:20:50.259] 用户920 | ✅ 秒杀成功 | 耗时: 6556.29ms
2025/12/13 20:20:53.904659 [20:20:50.259] 用户8126 | ✅ 秒杀成功 | 耗时: 6541.10ms
2025/12/13 20:20:53.904661 [20:20:50.259] 用户2057 | ✅ 秒杀成功 | 耗时: 6579.54ms
2025/12/13 20:20:53.904663 [20:20:50.259] 用户2440 | ✅ 秒杀成功 | 耗时: 6538.66ms
2025/12/13 20:20:53.904664 [20:20:50.263] 用户7576 | ✅ 秒杀成功 | 耗时: 6543.37ms
2025/12/13 20:20:53.904666 [20:20:50.263] 用户9341 | ✅ 秒杀成功 | 耗时: 6550.85ms
2025/12/13 20:20:53.904667 [20:20:50.263] 用户9074 | ✅ 秒杀成功 | 耗时: 6559.13ms
2025/12/13 20:20:53.904669 [20:20:50.263] 用户2282 | ✅ 秒杀成功 | 耗时: 6512.83ms
2025/12/13 20:20:53.904670 [20:20:50.263] 用户2391 | ✅ 秒杀成功 | 耗时: 6583.63ms
2025/12/13 20:20:53.904671 [20:20:50.263] 用户8763 | ✅ 秒杀成功 | 耗时: 6549.58ms
2025/12/13 20:20:53.904673 [20:20:50.263] 用户9535 | ✅ 秒杀成功 | 耗时: 6564.99ms
2025/12/13 20:20:53.904674 [20:20:50.263] 用户9273 | ✅ 秒杀成功 | 耗时: 6561.00ms
2025/12/13 20:20:53.904675 [20:20:50.264] 用户9979 | ✅ 秒杀成功 | 耗时: 6556.55ms
2025/12/13 20:20:53.904677 [20:20:50.264] 用户2786 | ✅ 秒杀成功 | 耗时: 6543.85ms
2025/12/13 20:20:53.904678 [20:20:50.264] 用户8968 | ✅ 秒杀成功 | 耗时: 6557.05ms
2025/12/13 20:20:53.904680 [20:20:50.264] 用户2624 | ✅ 秒杀成功 | 耗时: 6584.70ms
2025/12/13 20:20:53.904682 [20:20:50.264] 用户595 | ✅ 秒杀成功 | 耗时: 6584.73ms
2025/12/13 20:20:53.904683 [20:20:50.264] 用户2622 | ✅ 秒杀成功 | 耗时: 6584.92ms
2025/12/13 20:20:53.904685 [20:20:50.264] 用户7561 | ✅ 秒杀成功 | 耗时: 6544.73ms
2025/12/13 20:20:53.904687 [20:20:50.264] 用户8738 | ✅ 秒杀成功 | 耗时: 6550.67ms
2025/12/13 20:20:53.904688 [20:20:50.264] 用户1658 | ✅ 秒杀成功 | 耗时: 6467.29ms
2025/12/13 20:20:53.904690 [20:20:50.266] 用户2615 | ✅ 秒杀成功 | 耗时: 6586.54ms
2025/12/13 20:20:53.904692 [20:20:50.266] 用户2758 | ✅ 秒杀成功 | 耗时: 6515.90ms
2025/12/13 20:20:53.904693 [20:20:50.266] 用户2483 | ✅ 秒杀成功 | 耗时: 6583.59ms
2025/12/13 20:20:53.904695 [20:20:50.266] 用户2266 | ✅ 秒杀成功 | 耗时: 6586.95ms
2025/12/13 20:20:53.904696 [20:20:50.266] 用户9460 | ✅ 秒杀成功 | 耗时: 6553.93ms
2025/12/13 20:20:53.904698 [20:20:50.266] 用户1951 | ✅ 秒杀成功 | 耗时: 6587.09ms
2025/12/13 20:20:53.904699 [20:20:50.266] 用户9920 | ✅ 秒杀成功 | 耗时: 6554.99ms
2025/12/13 20:20:53.904700 [20:20:50.267] 用户1254 | ✅ 秒杀成功 | 耗时: 6397.80ms
2025/12/13 20:20:53.904702 [20:20:50.267] 用户2628 | ✅ 秒杀成功 | 耗时: 6587.35ms
2025/12/13 20:20:53.904703 [20:20:50.267] 用户10331 | ✅ 秒杀成功 | 耗时: 6563.03ms
2025/12/13 20:20:53.904704 [20:20:50.268] 用户10197 | ✅ 秒杀成功 | 耗时: 6560.85ms
2025/12/13 20:20:53.904706 [20:20:50.268] 用户1314 | ✅ 秒杀成功 | 耗时: 6588.89ms
2025/12/13 20:20:53.904707 [20:20:50.268] 用户359 | ✅ 秒杀成功 | 耗时: 6588.80ms
2025/12/13 20:20:53.904708 [20:20:50.269] 用户286 | ✅ 秒杀成功 | 耗时: 6589.31ms
2025/12/13 20:20:53.904710 [20:20:50.269] 用户974 | ✅ 秒杀成功 | 耗时: 6568.98ms
2025/12/13 20:20:53.904712 [20:20:50.269] 用户2456 | ✅ 秒杀成功 | 耗时: 6589.78ms
2025/12/13 20:20:53.904713 [20:20:50.269] 用户597 | ✅ 秒杀成功 | 耗时: 6590.12ms
2025/12/13 20:20:53.904715 [20:20:50.270] 用户1423 | ✅ 秒杀成功 | 耗时: 6590.18ms
2025/12/13 20:20:53.904717 [20:20:50.281] 用户4426 | ❌ 错误: Post "http://localhost:8080/api/seckill/buy": EOF | 耗时: 6633.34ms
2025/12/13 20:20:53.904723 [20:20:50.281] 用户3612 | ❌ 错误: Post "http://localhost:8080/api/seckill/buy": EOF | 耗时: 6636.19ms
2025/12/13 20:20:53.904725 [20:20:50.282] 用户3759 | ❌ 错误: Post "http://localhost:8080/api/seckill/buy": EOF | 耗时: 6633.18ms
2025/12/13 20:20:53.904731 [20:20:50.287] 用户3822 | ❌ 错误: Post "http://localhost:8080/api/seckill/buy": EOF | 耗时: 6639.65ms
2025/12/13 20:20:53.904733 [20:20:50.288] 用户1078 | ❌ 错误: Post "http://localhost:8080/api/seckill/buy": EOF | 耗时: 6604.43ms
2025/12/13 20:20:53.904734 [20:20:50.288] 用户10974 | ❌ 错误: Post "http://localhost:8080/api/seckill/buy": EOF | 耗时: 6594.14ms
2025/12/13 20:20:53.904736 [20:20:50.306] 用户7611 | ✅ 秒杀成功 | 耗时: 6611.97ms
2025/12/13 20:20:53.904737 [20:20:50.306] 用户8521 | ✅ 秒杀成功 | 耗时: 6592.74ms
2025/12/13 20:20:53.904739 [20:20:50.306] 用户3799 | ✅ 秒杀成功 | 耗时: 6656.69ms
2025/12/13 20:20:53.904740 [20:20:50.306] 用户9512 | ✅ 秒杀成功 | 耗时: 6594.12ms
2025/12/13 20:20:53.904742 [20:20:50.306] 用户10311 | ✅ 秒杀成功 | 耗时: 6630.78ms
2025/12/13 20:20:53.904743 [20:20:50.306] 用户4161 | ✅ 秒杀成功 | 耗时: 6658.93ms
2025/12/13 20:20:53.904744 [20:20:50.306] 用户10986 | ✅ 秒杀成功 | 耗时: 6612.12ms
2025/12/13 20:20:53.904746 [20:20:50.306] 用户3916 | ✅ 秒杀成功 | 耗时: 6586.08ms
2025/12/13 20:20:53.904747 [20:20:50.306] 用户4395 | ✅ 秒杀成功 | 耗时: 6666.24ms
2025/12/13 20:20:53.904748 [20:20:50.306] 用户9362 | ✅ 秒杀成功 | 耗时: 6593.36ms
2025/12/13 20:20:53.904750 [20:20:50.306] 用户3830 | ✅ 秒杀成功 | 耗时: 6660.08ms
2025/12/13 20:20:53.904751 [20:20:50.306] 用户4168 | ✅ 秒杀成功 | 耗时: 6659.25ms
2025/12/13 20:20:53.904752 [20:20:50.306] 用户3243 | ✅ 秒杀成功 | 耗时: 6618.27ms
2025/12/13 20:20:53.904754 [20:20:50.306] 用户1557 | ✅ 秒杀成功 | 耗时: 6630.53ms
2025/12/13 20:20:53.904757 [20:20:50.306] 用户3824 | ✅ 秒杀成功 | 耗时: 6658.23ms
2025/12/13 20:20:53.904759 [20:20:50.306] 用户3490 | ✅ 秒杀成功 | 耗时: 6658.44ms
2025/12/13 20:20:53.904760 [20:20:50.354] 用户3826 | ✅ 秒杀成功 | 耗时: 6707.15ms
2025/12/13 20:20:53.904761 [20:20:50.354] 用户2341 | ✅ 秒杀成功 | 耗时: 6669.99ms
2025/12/13 20:20:53.904763 [20:20:50.354] 用户4431 | ✅ 秒杀成功 | 耗时: 6706.51ms
2025/12/13 20:20:53.904764 [20:20:50.354] 用户4351 | ✅ 秒杀成功 | 耗时: 6709.54ms
2025/12/13 20:20:53.904765 [20:20:50.354] 用户8513 | ✅ 秒杀成功 | 耗时: 6641.34ms
2025/12/13 20:20:53.904767 [20:20:50.354] 用户305 | ✅ 秒杀成功 | 耗时: 6674.74ms
2025/12/13 20:20:53.904768 [20:20:50.354] 用户4157 | ✅ 秒杀成功 | 耗时: 6706.99ms
2025/12/13 20:20:53.904769 [20:20:50.354] 用户8961 | ✅ 秒杀成功 | 耗时: 6641.44ms
2025/12/13 20:20:53.904771 [20:20:50.354] 用户3726 | ✅ 秒杀成功 | 耗时: 6706.02ms
2025/12/13 20:20:53.904772 [20:20:50.354] 用户3693 | ✅ 秒杀成功 | 耗时: 6706.07ms
2025/12/13 20:20:53.904773 [20:20:50.354] 用户10985 | ✅ 秒杀成功 | 耗时: 6660.82ms
2025/12/13 20:20:53.904775 [20:20:50.354] 用户4094 | ✅ 秒杀成功 | 耗时: 6706.93ms
2025/12/13 20:20:53.904776 [20:20:50.355] 用户3720 | ✅ 秒杀成功 | 耗时: 6705.97ms
2025/12/13 20:20:53.904778 [20:20:50.355] 用户830 | ✅ 秒杀成功 | 耗时: 6670.76ms
2025/12/13 20:20:53.904779 [20:20:50.355] 用户10154 | ✅ 秒杀成功 | 耗时: 6751.97ms
2025/12/13 20:20:53.904780 [20:20:50.355] 用户7656 | ✅ 秒杀成功 | 耗时: 6663.69ms
2025/12/13 20:20:53.904782 [20:20:50.355] 用户2742 | ✅ 秒杀成功 | 耗时: 6540.69ms
2025/12/13 20:20:53.904783 [20:20:50.355] 用户3623 | ✅ 秒杀成功 | 耗时: 6709.49ms
2025/12/13 20:20:53.904784 [20:20:50.355] 用户3489 | ✅ 秒杀成功 | 耗时: 6705.96ms
2025/12/13 20:20:53.904786 [20:20:50.355] 用户4293 | ✅ 秒杀成功 | 耗时: 6709.13ms
2025/12/13 20:20:53.904787 [20:20:50.355] 用户8291 | ✅ 秒杀成功 | 耗时: 6660.92ms
2025/12/13 20:20:53.904788 [20:20:50.355] 用户1628 | ✅ 秒杀成功 | 耗时: 6540.66ms
2025/12/13 20:20:53.904790 [20:20:50.355] 用户4089 | ✅ 秒杀成功 | 耗时: 6706.85ms
2025/12/13 20:20:53.904791 [20:20:50.355] 用户8520 | ✅ 秒杀成功 | 耗时: 6641.82ms
2025/12/13 20:20:53.904792 [20:20:50.362] 用户3718 | ✅ 秒杀成功 | 耗时: 6713.30ms
2025/12/13 20:20:53.904794 [20:20:50.362] 用户3848 | ✅ 秒杀成功 | 耗时: 6716.51ms
2025/12/13 20:20:53.904795 [20:20:50.362] 用户8524 | ✅ 秒杀成功 | 耗时: 6649.33ms
2025/12/13 20:20:53.904796 [20:20:50.362] 用户8510 | ✅ 秒杀成功 | 耗时: 6649.30ms
2025/12/13 20:20:53.904798 [20:20:50.362] 用户835 | ✅ 秒杀成功 | 耗时: 6678.08ms
2025/12/13 20:20:53.904799 [20:20:50.362] 用户1774 | ✅ 秒杀成功 | 耗时: 6682.45ms
2025/12/13 20:20:53.904800 [20:20:50.362] 用户8956 | ✅ 秒杀成功 | 耗时: 6649.47ms
2025/12/13 20:20:53.904802 [20:20:50.363] 用户4430 | ✅ 秒杀成功 | 耗时: 6714.60ms
2025/12/13 20:20:53.904803 [20:20:50.363] 用户9296 | ✅ 秒杀成功 | 耗时: 6671.33ms
2025/12/13 20:20:53.904804 [20:20:50.363] 用户9407 | ✅ 秒杀成功 | 耗时: 6679.94ms
2025/12/13 20:20:53.904806 [20:20:50.363] 用户10988 | ✅ 秒杀成功 | 耗时: 6669.10ms
2025/12/13 20:20:53.904807 [20:20:50.363] 用户4317 | ✅ 秒杀成功 | 耗时: 6714.80ms
2025/12/13 20:20:53.904809 [20:20:50.363] 用户4170 | ✅ 秒杀成功 | 耗时: 6716.81ms
2025/12/13 20:20:53.904810 [20:20:50.363] 用户3851 | ✅ 秒杀成功 | 耗时: 6717.49ms
2025/12/13 20:20:53.904811 [20:20:50.363] 用户3709 | ✅ 秒杀成功 | 耗时: 6714.05ms
2025/12/13 20:20:53.904813 [20:20:50.366] 用户4013 | ✅ 秒杀成功 | 耗时: 6721.59ms
2025/12/13 20:20:53.904814 [20:20:50.366] 用户207 | ✅ 秒杀成功 | 耗时: 6682.22ms
2025/12/13 20:20:53.904816 [20:20:50.367] 用户10079 | ✅ 秒杀成功 | 耗时: 6682.60ms
2025/12/13 20:20:53.904817 [20:20:50.367] 用户4433 | ✅ 秒杀成功 | 耗时: 6719.25ms
2025/12/13 20:20:53.904819 [20:20:50.367] 用户3825 | ✅ 秒杀成功 | 耗时: 6719.69ms
2025/12/13 20:20:53.904821 [20:20:50.367] 用户9382 | ✅ 秒杀成功 | 耗时: 6655.17ms
2025/12/13 20:20:53.904822 [20:20:50.367] 用户3821 | ✅ 秒杀成功 | 耗时: 6718.89ms
2025/12/13 20:20:53.904824 [20:20:50.367] 用户4096 | ✅ 秒杀成功 | 耗时: 6719.69ms
2025/12/13 20:20:53.904826 [20:20:50.377] 用户8295 | ✅ 秒杀成功 | 耗时: 6682.80ms
2025/12/13 20:20:53.904827 [20:20:50.377] 用户3837 | ✅ 秒杀成功 | 耗时: 6730.89ms
2025/12/13 20:20:53.904828 [20:20:50.377] 用户3775 | ✅ 秒杀成功 | 耗时: 6731.85ms
2025/12/13 20:20:53.904830 [20:20:50.377] 用户7893 | ✅ 秒杀成功 | 耗时: 6685.39ms
2025/12/13 20:20:53.904831 [20:20:50.377] 用户4676 | ✅ 秒杀成功 | 耗时: 6731.12ms
2025/12/13 20:20:53.904832 [20:20:50.377] 用户4316 | ✅ 秒杀成功 | 耗时: 6728.61ms
2025/12/13 20:20:53.904834 [20:20:50.377] 用户8267 | ✅ 秒杀成功 | 耗时: 6657.44ms
2025/12/13 20:20:53.904835 [20:20:50.379] 用户10183 | ✅ 秒杀成功 | 耗时: 6667.32ms
2025/12/13 20:20:53.904837 [20:20:50.379] 用户3852 | ✅ 秒杀成功 | 耗时: 6733.66ms
2025/12/13 20:20:53.904838 [20:20:50.382] 用户3727 | ✅ 秒杀成功 | 耗时: 6733.60ms
2025/12/13 20:20:53.904839 [20:20:50.382] 用户4321 | ✅ 秒杀成功 | 耗时: 6735.13ms
2025/12/13 20:20:53.904840 [20:20:50.382] 用户9263 | ✅ 秒杀成功 | 耗时: 6680.19ms
2025/12/13 20:20:53.904842 [20:20:50.382] 用户4518 | ✅ 秒杀成功 | 耗时: 6742.81ms
2025/12/13 20:20:53.904844 [20:20:50.382] 用户4427 | ✅ 秒杀成功 | 耗时: 6734.47ms
2025/12/13 20:20:53.904845 [20:20:50.383] 用户3835 | ✅ 秒杀成功 | 耗时: 6736.81ms
2025/12/13 20:20:53.904847 [20:20:50.390] 用户3724 | ✅ 秒杀成功 | 耗时: 6741.79ms
2025/12/13 20:20:53.904848 [20:20:50.390] 用户3801 | ✅ 秒杀成功 | 耗时: 6741.40ms
2025/12/13 20:20:53.904849 [20:20:50.390] 用户4436 | ✅ 秒杀成功 | 耗时: 6745.87ms
2025/12/13 20:20:53.904851 [20:20:50.390] 用户3742 | ✅ 秒杀成功 | 耗时: 6742.38ms
2025/12/13 20:20:53.904852 [20:20:50.390] 用户1393 | ✅ 秒杀成功 | 耗时: 6707.58ms
2025/12/13 20:20:53.904854 [20:20:50.391] 用户1431 | ✅ 秒杀成功 | 耗时: 6711.68ms
2025/12/13 20:20:53.904855 [20:20:50.391] 用户3807 | ✅ 秒杀成功 | 耗时: 6741.96ms
2025/12/13 20:20:53.904856 [20:20:50.391] 用户1392 | ✅ 秒杀成功 | 耗时: 6707.66ms
2025/12/13 20:20:53.904857 [20:20:50.391] 用户7193 | ✅ 秒杀成功 | 耗时: 6585.70ms
2025/12/13 20:20:53.904859 [20:20:50.391] 用户4425 | ✅ 秒杀成功 | 耗时: 6742.95ms
2025/12/13 20:20:53.904861 [20:20:50.396] 用户396 | ✅ 秒杀成功 | 耗时: 6705.09ms
2025/12/13 20:20:53.904862 [20:20:50.397] 用户10634 | ✅ 秒杀成功 | 耗时: 6521.49ms
2025/12/13 20:20:53.904864 [20:20:50.397] 用户7181 | ✅ 秒杀成功 | 耗时: 6586.84ms
2025/12/13 20:20:53.904866 [20:20:50.398] 用户766 | ✅ 秒杀成功 | 耗时: 6716.18ms
2025/12/13 20:20:53.904867 [20:20:50.399] 用户91 | ✅ 秒杀成功 | 耗时: 6716.02ms
2025/12/13 20:20:53.904869 [20:20:50.400] 用户4429 | ✅ 秒杀成功 | 耗时: 6751.80ms
2025/12/13 20:20:53.904871 [20:20:50.440] 用户3519 | ✅ 秒杀成功 | 耗时: 6563.71ms
2025/12/13 20:20:53.904872 [20:20:50.440] 用户10638 | ✅ 秒杀成功 | 耗时: 6564.80ms
2025/12/13 20:20:53.904874 [20:20:50.440] 用户635 | ✅ 秒杀成功 | 耗时: 6761.90ms
2025/12/13 20:20:53.904876 [20:20:50.445] 用户3532 | ✅ 秒杀成功 | 耗时: 6569.65ms
2025/12/13 20:20:53.904877 [20:20:50.445] 用户7183 | ✅ 秒杀成功 | 耗时: 6639.94ms
2025/12/13 20:20:53.904879 [20:20:50.445] 用户2871 | ✅ 秒杀成功 | 耗时: 6569.48ms
2025/12/13 20:20:53.904880 [20:20:50.445] 用户2879 | ✅ 秒杀成功 | 耗时: 6725.79ms
2025/12/13 20:20:53.904882 [20:20:50.445] 用户1414 | ✅ 秒杀成功 | 耗时: 6726.19ms
2025/12/13 20:20:53.904883 [20:20:50.445] 用户164 | ✅ 秒杀成功 | 耗时: 6726.13ms
2025/12/13 20:20:53.904884 [20:20:50.445] 用户1598 | ✅ 秒杀成功 | 耗时: 6648.39ms
2025/12/13 20:20:53.904886 [20:20:50.446] 用户2301 | ✅ 秒杀成功 | 耗时: 6725.59ms
2025/12/13 20:20:53.904887 [20:20:50.446] 用户7541 | ✅ 秒杀成功 | 耗时: 6727.36ms
2025/12/13 20:20:53.904888 [20:20:50.446] 用户1661 | ✅ 秒杀成功 | 耗时: 6648.74ms
2025/12/13 20:20:53.904890 [20:20:50.446] 用户3817 | ✅ 秒杀成功 | 耗时: 6797.88ms
2025/12/13 20:20:53.904891 [20:20:50.446] 用户3808 | ✅ 秒杀成功 | 耗时: 6797.46ms
2025/12/13 20:20:53.904892 [20:20:50.446] 用户1266 | ✅ 秒杀成功 | 耗时: 6578.59ms
2025/12/13 20:20:53.904894 [20:20:50.446] 用户3802 | ✅ 秒杀成功 | 耗时: 6797.59ms
2025/12/13 20:20:53.904895 [20:20:50.446] 用户4201 | ✅ 秒杀成功 | 耗时: 6803.66ms
2025/12/13 20:20:53.904896 [20:20:50.447] 用户7233 | ✅ 秒杀成功 | 耗时: 6727.57ms
2025/12/13 20:20:53.904898 [20:20:50.447] 用户5792 | ✅ 秒杀成功 | 耗时: 6817.28ms
2025/12/13 20:20:53.904899 [20:20:50.447] 用户7250 | ✅ 秒杀成功 | 耗时: 6755.75ms
2025/12/13 20:20:53.904900 [20:20:50.447] 用户3846 | ✅ 秒杀成功 | 耗时: 6801.07ms
2025/12/13 20:20:53.904902 [20:20:50.447] 用户9842 | ✅ 秒杀成功 | 耗时: 6771.79ms
2025/12/13 20:20:53.904903 [20:20:50.447] 用户2881 | ✅ 秒杀成功 | 耗时: 6727.68ms
2025/12/13 20:20:53.904905 [20:20:50.447] 用户3530 | ✅ 秒杀成功 | 耗时: 6571.69ms
2025/12/13 20:20:53.904906 [20:20:50.447] 用户10289 | ✅ 秒杀成功 | 耗时: 6755.97ms
2025/12/13 20:20:53.904907 [20:20:50.447] 用户1269 | ✅ 秒杀成功 | 耗时: 6579.83ms
2025/12/13 20:20:53.904909 [20:20:50.448] 用户9630 | ✅ 秒杀成功 | 耗时: 6755.77ms
2025/12/13 20:20:53.904910 [20:20:50.448] 用户3853 | ✅ 秒杀成功 | 耗时: 6802.39ms
2025/12/13 20:20:53.904911 [20:20:50.448] 用户3541 | ✅ 秒杀成功 | 耗时: 6572.55ms
2025/12/13 20:20:53.904913 [20:20:50.448] 用户7178 | ✅ 秒杀成功 | 耗时: 6637.12ms
2025/12/13 20:20:53.904914 [20:20:50.448] 用户3529 | ✅ 秒杀成功 | 耗时: 6572.46ms
2025/12/13 20:20:53.904915 [20:20:50.448] 用户1467 | ✅ 秒杀成功 | 耗时: 6773.34ms
2025/12/13 20:20:53.904917 [20:20:50.453] 用户7 | ✅ 秒杀成功 | 耗时: 6770.00ms
2025/12/13 20:20:53.904918 [20:20:50.456] 用户3535 | ✅ 秒杀成功 | 耗时: 6580.40ms
2025/12/13 20:20:53.904920 [20:20:50.460] 用户1938 | ✅ 秒杀成功 | 耗时: 6630.44ms
2025/12/13 20:20:53.904921 [20:20:50.460] 用户1828 | ✅ 秒杀成功 | 耗时: 6630.42ms
2025/12/13 20:20:53.904922 [20:20:50.460] 用户2278 | ✅ 秒杀成功 | 耗时: 6579.96ms
2025/12/13 20:20:53.904924 [20:20:50.460] 用户148 | ✅ 秒杀成功 | 耗时: 6740.83ms
2025/12/13 20:20:53.904925 [20:20:50.460] 用户3537 | ✅ 秒杀成功 | 耗时: 6584.60ms
2025/12/13 20:20:53.904926 [20:20:50.465] 用户2167 | ✅ 秒杀成功 | 耗时: 6635.74ms
2025/12/13 20:20:53.904928 [20:20:50.469] 用户10637 | ✅ 秒杀成功 | 耗时: 6593.13ms
2025/12/13 20:20:53.904929 [20:20:50.473] 用户156 | ✅ 秒杀成功 | 耗时: 6754.07ms
2025/12/13 20:20:53.904930 [20:20:50.489] 用户9291 | ✅ 秒杀成功 | 耗时: 6792.49ms
2025/12/13 20:20:53.904932 [20:20:50.489] 用户9216 | ✅ 秒杀成功 | 耗时: 6786.30ms
2025/12/13 20:20:53.904933 [20:20:50.498] 用户2148 | ✅ 秒杀成功 | 耗时: 6806.68ms
2025/12/13 20:20:53.904934 [20:20:50.499] 用户337 | ✅ 秒杀成功 | 耗时: 6816.78ms
2025/12/13 20:20:53.904936 [20:20:50.499] 用户9385 | ✅ 秒杀成功 | 耗时: 6796.64ms
2025/12/13 20:20:53.904937 [20:20:50.499] 用户6059 | ✅ 秒杀成功 | 耗时: 6869.70ms
2025/12/13 20:20:53.904938 [20:20:50.499] 用户10 | ✅ 秒杀成功 | 耗时: 6816.03ms
2025/12/13 20:20:53.904940 [20:20:50.499] 用户2472 | ✅ 秒杀成功 | 耗时: 6799.49ms
2025/12/13 20:20:53.904941 [20:20:50.500] 用户3468 | ✅ 秒杀成功 | 耗时: 6849.13ms
2025/12/13 20:20:53.904942 [20:20:50.504] 用户6073 | ✅ 秒杀成功 | 耗时: 6874.58ms
2025/12/13 20:20:53.904944 [20:20:50.504] 用户1663 | ✅ 秒杀成功 | 耗时: 6713.06ms
2025/12/13 20:20:53.904945 [20:20:50.504] 用户1183 | ✅ 秒杀成功 | 耗时: 6629.77ms
2025/12/13 20:20:53.904946 [20:20:50.504] 用户4048 | ✅ 秒杀成功 | 耗时: 6852.35ms
2025/12/13 20:20:53.904948 [20:20:50.504] 用户7907 | ✅ 秒杀成功 | 耗时: 6808.24ms
2025/12/13 20:20:53.904949 [20:20:50.504] 用户9211 | ✅ 秒杀成功 | 耗时: 6801.60ms
2025/12/13 20:20:53.904950 [20:20:50.504] 用户1860 | ✅ 秒杀成功 | 耗时: 6681.92ms
2025/12/13 20:20:53.904952 [20:20:50.504] 用户9213 | ✅ 秒杀成功 | 耗时: 6801.62ms
2025/12/13 20:20:53.904953 [20:20:50.505] 用户8642 | ✅ 秒杀成功 | 耗时: 6791.50ms
2025/12/13 20:20:53.904954 [20:20:50.505] 用户72 | ✅ 秒杀成功 | 耗时: 6810.70ms
2025/12/13 20:20:53.904956 [20:20:50.505] 用户1168 | ✅ 秒杀成功 | 耗时: 6629.55ms
2025/12/13 20:20:53.904957 [20:20:50.505] 用户2175 | ✅ 秒杀成功 | 耗时: 6677.43ms
2025/12/13 20:20:53.904958 [20:20:50.505] 用户1199 | ✅ 秒杀成功 | 耗时: 6631.11ms
2025/12/13 20:20:53.904960 [20:20:50.505] 用户3680 | ✅ 秒杀成功 | 耗时: 6854.41ms
2025/12/13 20:20:53.904961 [20:20:50.506] 用户9591 | ✅ 秒杀成功 | 耗时: 6632.96ms
2025/12/13 20:20:53.904962 [20:20:50.507] 用户10843 | ✅ 秒杀成功 | 耗时: 6811.18ms
2025/12/13 20:20:53.904964 [20:20:50.508] 用户1203 | ✅ 秒杀成功 | 耗时: 6634.24ms
2025/12/13 20:20:53.904965 [20:20:50.511] 用户9558 | ✅ 秒杀成功 | 耗时: 6821.08ms
2025/12/13 20:20:53.904967 [20:20:50.511] 用户1847 | ✅ 秒杀成功 | 耗时: 6684.51ms
2025/12/13 20:20:53.904968 [20:20:50.511] 用户1859 | ✅ 秒杀成功 | 耗时: 6697.61ms
2025/12/13 20:20:53.904969 [20:20:50.512] 用户3791 | ✅ 秒杀成功 | 耗时: 6861.06ms
2025/12/13 20:20:53.904971 [20:20:50.515] 用户10041 | ❌ 错误: Post "http://localhost:8080/api/seckill/buy": EOF | 耗时: 6795.18ms
2025/12/13 20:20:53.904974 [20:20:50.520] 用户1079 | ✅ 秒杀成功 | 耗时: 6829.57ms
2025/12/13 20:20:53.904975 [20:20:50.520] 用户10708 | ✅ 秒杀成功 | 耗时: 6830.02ms
2025/12/13 20:20:53.904977 [20:20:50.520] 用户1226 | ✅ 秒杀成功 | 耗时: 6647.28ms
2025/12/13 20:20:53.904978 [20:20:50.522] 用户1213 | ✅ 秒杀成功 | 耗时: 6648.71ms
2025/12/13 20:20:53.904981 [20:20:50.523] 用户8387 | ✅ 秒杀成功 | 耗时: 6809.61ms
2025/12/13 20:20:53.904983 [20:20:50.523] 用户1591 | ✅ 秒杀成功 | 耗时: 6827.68ms
2025/12/13 20:20:53.904984 [20:20:50.526] 用户3357 | ✅ 秒杀成功 | 耗时: 6874.68ms
2025/12/13 20:20:53.904985 [20:20:50.526] 用户1339 | ✅ 秒杀成功 | 耗时: 6844.23ms
2025/12/13 20:20:53.904987 [20:20:50.526] 用户3828 | ✅ 秒杀成功 | 耗时: 6880.58ms
2025/12/13 20:20:53.904988 [20:20:50.526] 用户2579 | ✅ 秒杀成功 | 耗时: 6846.46ms
2025/12/13 20:20:53.904989 [20:20:50.526] 用户10700 | ✅ 秒杀成功 | 耗时: 6835.66ms
2025/12/13 20:20:53.904991 [20:20:50.526] 用户1619 | ✅ 秒杀成功 | 耗时: 6711.95ms
2025/12/13 20:20:53.904992 [20:20:50.526] 用户3831 | ✅ 秒杀成功 | 耗时: 6880.65ms
2025/12/13 20:20:53.904994 [20:20:50.526] 用户3239 | ✅ 秒杀成功 | 耗时: 6835.70ms
2025/12/13 20:20:53.904995 [20:20:50.526] 用户1814 | ✅ 秒杀成功 | 耗时: 6713.30ms
2025/12/13 20:20:53.904996 [20:20:50.526] 用户1207 | ✅ 秒杀成功 | 耗时: 6653.04ms
2025/12/13 20:20:53.904998 [20:20:50.528] 用户8909 | ✅ 秒杀成功 | 耗时: 6833.90ms
2025/12/13 20:20:53.904999 [20:20:50.528] 用户10594 | ✅ 秒杀成功 | 耗时: 6825.72ms
2025/12/13 20:20:53.905000 [20:20:50.528] 用户4166 | ✅ 秒杀成功 | 耗时: 6881.29ms
2025/12/13 20:20:53.905002 [20:20:50.529] 用户3754 | ✅ 秒杀成功 | 耗时: 6880.62ms
2025/12/13 20:20:53.905003 [20:20:50.529] 用户1216 | ✅ 秒杀成功 | 耗时: 6656.06ms
2025/12/13 20:20:53.905004 [20:20:50.529] 用户9610 | ✅ 秒杀成功 | 耗时: 6833.40ms
2025/12/13 20:20:53.905006 [20:20:50.530] 用户5352 | ✅ 秒杀成功 | 耗时: 6886.87ms
2025/12/13 20:20:53.905007 [20:20:50.541] 用户10218 | ✅ 秒杀成功 | 耗时: 6849.60ms
2025/12/13 20:20:53.905008 [20:20:50.544] 用户4164 | ✅ 秒杀成功 | 耗时: 6897.68ms
2025/12/13 20:20:53.905010 [20:20:50.545] 用户637 | ✅ 秒杀成功 | 耗时: 6860.69ms
2025/12/13 20:20:53.905011 [20:20:50.545] 用户8721 | ✅ 秒杀成功 | 耗时: 6850.37ms
2025/12/13 20:20:53.905013 [20:20:50.545] 用户2258 | ✅ 秒杀成功 | 耗时: 6726.76ms
2025/12/13 20:20:53.905014 [20:20:50.545] 用户1204 | ✅ 秒杀成功 | 耗时: 6671.65ms
2025/12/13 20:20:53.905015 [20:20:50.545] 用户7566 | ✅ 秒杀成功 | 耗时: 6852.41ms
2025/12/13 20:20:53.905017 [20:20:50.545] 用户10707 | ✅ 秒杀成功 | 耗时: 6854.70ms
2025/12/13 20:20:53.905018 [20:20:50.545] 用户1933 | ✅ 秒杀成功 | 耗时: 6870.37ms
2025/12/13 20:20:53.905019 [20:20:50.545] 用户6085 | ✅ 秒杀成功 | 耗时: 6915.96ms
2025/12/13 20:20:53.905021 [20:20:50.545] 用户3269 | ✅ 秒杀成功 | 耗时: 6861.10ms
2025/12/13 20:20:53.905022 [20:20:50.545] 用户1848 | ✅ 秒杀成功 | 耗时: 6718.33ms
2025/12/13 20:20:53.905023 [20:20:50.545] 用户2004 | ✅ 秒杀成功 | 耗时: 6870.72ms
2025/12/13 20:20:53.905025 [20:20:50.545] 用户2002 | ✅ 秒杀成功 | 耗时: 6870.80ms
2025/12/13 20:20:53.905026 [20:20:50.545] 用户3236 | ✅ 秒杀成功 | 耗时: 6893.72ms
2025/12/13 20:20:53.905028 [20:20:50.545] 用户1263 | ✅ 秒杀成功 | 耗时: 6676.82ms
2025/12/13 20:20:53.905029 [20:20:50.545] 用户8432 | ✅ 秒杀成功 | 耗时: 6850.81ms
2025/12/13 20:20:53.905031 [20:20:50.545] 用户10322 | ✅ 秒杀成功 | 耗时: 6870.61ms
2025/12/13 20:20:53.905032 [20:20:50.545] 用户9795 | ✅ 秒杀成功 | 耗时: 6832.86ms
2025/12/13 20:20:53.905033 [20:20:50.545] 用户4156 | ✅ 秒杀成功 | 耗时: 6898.02ms
2025/12/13 20:20:53.905035 [20:20:50.546] 用户9316 | ✅ 秒杀成功 | 耗时: 6855.03ms
2025/12/13 20:20:53.905036 [20:20:50.549] 用户4323 | ✅ 秒杀成功 | 耗时: 6901.73ms
2025/12/13 20:20:53.905037 [20:20:50.553] 用户7143 | ✅ 秒杀成功 | 耗时: 6741.92ms
2025/12/13 20:20:53.905039 [20:20:50.553] 用户7069 | ✅ 秒杀成功 | 耗时: 6756.04ms
2025/12/13 20:20:53.905040 [20:20:50.553] 用户2195 | ✅ 秒杀成功 | 耗时: 6855.31ms
2025/12/13 20:20:53.905041 [20:20:50.553] 用户2173 | ✅ 秒杀成功 | 耗时: 6724.27ms
2025/12/13 20:20:53.905043 [20:20:50.553] 用户3348 | ✅ 秒杀成功 | 耗时: 6901.69ms
2025/12/13 20:20:53.905044 [20:20:50.553] 用户1651 | ✅ 秒杀成功 | 耗时: 6748.45ms
2025/12/13 20:20:53.905045 [20:20:50.553] 用户9883 | ❌ 错误: Post "http://localhost:8080/api/seckill/buy": EOF | 耗时: 6840.38ms
2025/12/13 20:20:53.905051 [20:20:50.554] 用户10152 | ✅ 秒杀成功 | 耗时: 6951.84ms
2025/12/13 20:20:53.905052 [20:20:50.555] 用户2333 | ✅ 秒杀成功 | 耗时: 6859.47ms
2025/12/13 20:20:53.905054 [20:20:50.556] 用户1481 | ❌ 错误: Post "http://localhost:8080/api/seckill/buy": EOF | 耗时: 6881.33ms
2025/12/13 20:20:53.905055 [20:20:50.559] 用户3578 | ❌ 错误: Post "http://localhost:8080/api/seckill/buy": EOF | 耗时: 6864.14ms
2025/12/13 20:20:53.905057 [20:20:50.562] 用户2048 | ❌ 错误: Post "http://localhost:8080/api/seckill/buy": EOF | 耗时: 6887.29ms
2025/12/13 20:20:53.905059 [20:20:50.562] 用户10990 | ✅ 秒杀成功 | 耗时: 6868.84ms
2025/12/13 20:20:53.905060 [20:20:50.562] 用户2174 | ✅ 秒杀成功 | 耗时: 6733.61ms
2025/12/13 20:20:53.905062 [20:20:50.562] 用户9397 | ✅ 秒杀成功 | 耗时: 6876.46ms
2025/12/13 20:20:53.905063 [20:20:50.563] 用户3844 | ✅ 秒杀成功 | 耗时: 6916.94ms
2025/12/13 20:20:53.905064 [20:20:50.563] 用户9319 | ✅ 秒杀成功 | 耗时: 6872.03ms
2025/12/13 20:20:53.905066 [20:20:50.563] 用户1832 | ✅ 秒杀成功 | 耗时: 6729.09ms
2025/12/13 20:20:53.905067 [20:20:50.563] 用户3819 | ✅ 秒杀成功 | 耗时: 6914.07ms
2025/12/13 20:20:53.905068 [20:20:50.563] 用户4004 | ✅ 秒杀成功 | 耗时: 6888.98ms
2025/12/13 20:20:53.905070 [20:20:50.563] 用户984 | ✅ 秒杀成功 | 耗时: 6875.31ms
2025/12/13 20:20:53.905071 [20:20:50.563] 用户985 | ✅ 秒杀成功 | 耗时: 6875.78ms
2025/12/13 20:20:53.905072 [20:20:50.563] 用户1035 | ✅ 秒杀成功 | 耗时: 6871.58ms
2025/12/13 20:20:53.905074 [20:20:50.563] 用户2068 | ✅ 秒杀成功 | 耗时: 6877.09ms
2025/12/13 20:20:53.905075 [20:20:50.563] 用户9398 | ✅ 秒杀成功 | 耗时: 6878.62ms
2025/12/13 20:20:53.905076 [20:20:50.563] 用户1487 | ✅ 秒杀成功 | 耗时: 6888.54ms
2025/12/13 20:20:53.905078 [20:20:50.564] 用户10299 | ❌ 错误: Post "http://localhost:8080/api/seckill/buy": EOF | 耗时: 6876.89ms
2025/12/13 20:20:53.905083 [20:20:50.564] 用户9064 | ❌ 错误: Post "http://localhost:8080/api/seckill/buy": EOF | 耗时: 6860.72ms
2025/12/13 20:20:53.905085 [20:20:50.566] 用户9703 | ✅ 秒杀成功 | 耗时: 6853.02ms
2025/12/13 20:20:53.905086 [20:20:50.566] 用户9317 | ✅ 秒杀成功 | 耗时: 6875.65ms
2025/12/13 20:20:53.905088 [20:20:50.566] 用户5 | ✅ 秒杀成功 | 耗时: 6891.39ms
2025/12/13 20:20:53.905089 [20:20:50.566] 用户2582 | ✅ 秒杀成功 | 耗时: 6886.40ms
2025/12/13 20:20:53.905091 [20:20:50.566] 用户1496 | ✅ 秒杀成功 | 耗时: 6891.42ms
2025/12/13 20:20:53.905092 [20:20:50.566] 用户9708 | ✅ 秒杀成功 | 耗时: 6853.14ms
2025/12/13 20:20:53.905093 [20:20:50.566] 用户9055 | ✅ 秒杀成功 | 耗时: 6871.66ms
2025/12/13 20:20:53.905095 [20:20:50.566] 用户10989 | ✅ 秒杀成功 | 耗时: 6872.60ms
2025/12/13 20:20:53.905096 [20:20:50.566] 用户3465 | ⚠️ 其他错误 | 响应码: 1001 | 消息:  | 耗时: 6914.61ms
2025/12/13 20:20:53.905098 [20:20:50.566] 用户10304 | ✅ 秒杀成功 | 耗时: 6952.38ms
2025/12/13 20:20:53.905100 [20:20:50.567] 用户9187 | ❌ 错误: Post "http://localhost:8080/api/seckill/buy": EOF | 耗时: 6863.83ms
2025/12/13 20:20:53.905103 [20:20:50.568] 用户1396 | ⚠️ 其他错误 | 响应码: 1001 | 消息:  | 耗时: 6874.22ms
2025/12/13 20:20:53.905105 [20:20:50.568] 用户7217 | ❌ 错误: Post "http://localhost:8080/api/seckill/buy": EOF | 耗时: 6848.89ms
2025/12/13 20:20:53.905110 [20:20:50.571] 用户3257 | ⚠️ 其他错误 | 响应码: 1001 | 消息:  | 耗时: 6884.89ms
2025/12/13 20:20:53.905112 [20:20:50.571] 用户9026 | ❌ 错误: Post "http://localhost:8080/api/seckill/buy": EOF | 耗时: 6864.40ms
2025/12/13 20:20:53.905114 [20:20:50.572] 用户1562 | ⚠️ 其他错误 | 响应码: 1001 | 消息:  | 耗时: 6895.76ms
2025/12/13 20:20:53.905115 [20:20:50.572] 用户9394 | ⚠️ 其他错误 | 响应码: 1001 | 消息:  | 耗时: 6885.39ms
2025/12/13 20:20:53.905117 [20:20:50.572] 用户9396 | ⚠️ 其他错误 | 响应码: 1001 | 消息:  | 耗时: 6885.57ms
2025/12/13 20:20:53.905118 [20:20:50.572] 用户61 | ⚠️ 其他错误 | 响应码: 1001 | 消息:  | 耗时: 6884.68ms
2025/12/13 20:20:53.905119 [20:20:50.572] 用户1253 | ❌ 错误: Post "http://localhost:8080/api/seckill/buy": EOF | 耗时: 6703.91ms
2025/12/13 20:20:53.905121 [20:20:50.572] 用户979 | ❌ 错误: Post "http://localhost:8080/api/seckill/buy": EOF | 耗时: 6885.23ms
2025/12/13 20:20:53.905126 [20:20:50.572] 用户8734 | ❌ 错误: Post "http://localhost:8080/api/seckill/buy": EOF | 耗时: 6854.21ms
2025/12/13 20:20:53.905129 [20:20:50.573] 用户3040 | ❌ 错误: Post "http://localhost:8080/api/seckill/buy": EOF | 耗时: 6805.87ms
2025/12/13 20:20:53.905130 [20:20:50.573] 用户1489 | ❌ 错误: Post "http://localhost:8080/api/seckill/buy": EOF | 耗时: 6897.80ms
2025/12/13 20:20:53.905132 [20:20:50.574] 用户1107 | ⚠️ 其他错误 | 响应码: 1001 | 消息:  | 耗时: 6889.41ms
2025/12/13 20:20:53.905134 [20:20:50.574] 用户824 | ⚠️ 其他错误 | 响应码: 1001 | 消息:  | 耗时: 6889.40ms
2025/12/13 20:20:53.905135 [20:20:50.574] 用户896 | ⚠️ 其他错误 | 响应码: 1001 | 消息:  | 耗时: 6871.23ms
2025/12/13 20:20:53.905137 [20:20:50.574] 用户9320 | ⚠️ 其他错误 | 响应码: 1001 | 消息:  | 耗时: 6883.09ms
2025/12/13 20:20:53.905138 [20:20:50.574] 用户7823 | ⚠️ 其他错误 | 响应码: 1001 | 消息:  | 耗时: 6956.61ms
2025/12/13 20:20:53.905139 [20:20:50.574] 用户1148 | ⚠️ 其他错误 | 响应码: 1001 | 消息:  | 耗时: 6886.64ms
2025/12/13 20:20:53.905141 [20:20:50.574] 用户8547 | ❌ 错误: Post "http://localhost:8080/api/seckill/buy": EOF | 耗时: 6861.29ms
2025/12/13 20:20:53.905143 [20:20:50.575] 用户8505 | ❌ 错误: Post "http://localhost:8080/api/seckill/buy": EOF | 耗时: 6861.97ms
2025/12/13 20:20:53.905144 [20:20:50.576] 用户2413 | ❌ 错误: Post "http://localhost:8080/api/seckill/buy": EOF | 耗时: 6841.35ms
2025/12/13 20:20:53.905146 [20:20:50.579] 用户2570 | ⚠️ 其他错误 | 响应码: 1001 | 消息:  | 耗时: 6898.80ms
2025/12/13 20:20:53.905148 [20:20:50.580] 用户3956 | ⚠️ 其他错误 | 响应码: 1001 | 消息:  | 耗时: 6884.95ms
2025/12/13 20:20:53.905149 [20:20:50.580] 用户9437 | ❌ 错误: Post "http://localhost:8080/api/seckill/buy": EOF | 耗时: 6901.25ms
2025/12/13 20:20:53.905151 [20:20:50.580] 用户8727 | ⚠️ 其他错误 | 响应码: 1001 | 消息:  | 耗时: 6885.66ms
2025/12/13 20:20:53.905152 [20:20:50.580] 用户8287 | ⚠️ 其他错误 | 响应码: 1001 | 消息:  | 耗时: 6865.66ms
2025/12/13 20:20:53.905154 [20:20:50.580] 用户9685 | ⚠️ 其他错误 | 响应码: 1001 | 消息:  | 耗时: 6905.22ms
2025/12/13 20:20:53.905155 [20:20:50.580] 用户3965 | ⚠️ 其他错误 | 响应码: 1001 | 消息:  | 耗时: 6813.57ms
2025/12/13 20:20:53.905157 [20:20:50.580] 用户8644 | ⚠️ 其他错误 | 响应码: 1001 | 消息:  | 耗时: 6866.73ms
2025/12/13 20:20:53.905158 [20:20:50.580] 用户8606 | ❌ 错误: Post "http://localhost:8080/api/seckill/buy": EOF | 耗时: 6865.74ms
2025/12/13 20:20:53.905160 [20:20:50.580] 用户8193 | ⚠️ 其他错误 | 响应码: 1001 | 消息:  | 耗时: 6863.10ms
2025/12/13 20:20:53.905161 [20:20:50.580] 用户1202 | ❌ 错误: Post "http://localhost:8080/api/seckill/buy": EOF | 耗时: 6706.77ms
2025/12/13 20:20:53.905163 [20:20:50.582] 用户1439 | ❌ 错误: Post "http://localhost:8080/api/seckill/buy": EOF | 耗时: 6903.17ms
2025/12/13 20:20:53.905165 [20:20:50.582] 用户948 | ❌ 错误: Post "http://localhost:8080/api/seckill/buy": EOF | 耗时: 6894.89ms
2025/12/13 20:20:53.905166 [20:20:50.584] 用户7923 | ❌ 错误: Post "http://localhost:8080/api/seckill/buy": EOF | 耗时: 6891.33ms
2025/12/13 20:20:53.905168 [20:20:50.585] 用户1497 | ❌ 错误: Post "http://localhost:8080/api/seckill/buy": EOF | 耗时: 6910.53ms
2025/12/13 20:20:53.905170 [20:20:50.626] 用户1200 | ⚠️ 其他错误 | 响应码: 1001 | 消息:  | 耗时: 6752.12ms
2025/12/13 20:20:53.905171 [20:20:50.626] 用户1458 | ⚠️ 其他错误 | 响应码: 1001 | 消息:  | 耗时: 6950.85ms
2025/12/13 20:20:53.905173 [20:20:50.626] 用户8504 | ⚠️ 其他错误 | 响应码: 1001 | 消息:  | 耗时: 6912.60ms
2025/12/13 20:20:53.905174 [20:20:50.626] 用户1099 | ⚠️ 其他错误 | 响应码: 1001 | 消息:  | 耗时: 6940.73ms
2025/12/13 20:20:53.905176 [20:20:50.626] 用户626 | ⚠️ 其他错误 | 响应码: 1001 | 消息:  | 耗时: 6947.27ms
2025/12/13 20:20:53.905177 [20:20:50.626] 用户7618 | ⚠️ 其他错误 | 响应码: 1001 | 消息:  | 耗时: 6907.81ms
2025/12/13 20:20:53.905178 [20:20:50.626] 用户83 | ⚠️ 其他错误 | 响应码: 1001 | 消息:  | 耗时: 6947.08ms
2025/12/13 20:20:53.905180 [20:20:50.626] 用户10203 | ⚠️ 其他错误 | 响应码: 1001 | 消息:  | 耗时: 6918.54ms
2025/12/13 20:20:53.905181 [20:20:50.626] 用户7905 | ⚠️ 其他错误 | 响应码: 1001 | 消息:  | 耗时: 6907.99ms
2025/12/13 20:20:53.905183 [20:20:50.626] 用户2731 | ⚠️ 其他错误 | 响应码: 1001 | 消息:  | 耗时: 6792.46ms
2025/12/13 20:20:53.905184 [20:20:50.626] 用户1629 | ⚠️ 其他错误 | 响应码: 1001 | 消息:  | 耗时: 6807.49ms
2025/12/13 20:20:53.905186 [20:20:50.626] 用户1659 | ⚠️ 其他错误 | 响应码: 1001 | 消息:  | 耗时: 6827.70ms
2025/12/13 20:20:53.905187 [20:20:50.626] 用户638 | ⚠️ 其他错误 | 响应码: 1001 | 消息:  | 耗时: 6941.75ms
2025/12/13 20:20:53.905188 [20:20:50.626] 用户1215 | ⚠️ 其他错误 | 响应码: 1001 | 消息:  | 耗时: 6752.51ms
2025/12/13 20:20:53.905190 [20:20:50.626] 用户1558 | ⚠️ 其他错误 | 响应码: 1001 | 消息:  | 耗时: 6950.68ms
2025/12/13 20:20:53.905191 [20:20:50.626] 用户1657 | ⚠️ 其他错误 | 响应码: 1001 | 消息:  | 耗时: 6827.80ms
2025/12/13 20:20:53.905193 [20:20:50.626] 用户3165 | ⚠️ 其他错误 | 响应码: 1001 | 消息:  | 耗时: 6961.77ms
2025/12/13 20:20:53.905194 [20:20:50.626] 用户3189 | ⚠️ 其他错误 | 响应码: 1001 | 消息:  | 耗时: 6967.43ms
2025/12/13 20:20:53.905195 [20:20:50.626] 用户7167 | ⚠️ 其他错误 | 响应码: 1001 | 消息:  | 耗时: 6814.67ms
2025/12/13 20:20:53.905197 [20:20:50.626] 用户9932 | ⚠️ 其他错误 | 响应码: 1001 | 消息:  | 耗时: 6752.43ms
2025/12/13 20:20:53.905198 [20:20:50.626] 用户1082 | ⚠️ 其他错误 | 响应码: 1001 | 消息:  | 耗时: 6935.31ms
2025/12/13 20:20:53.905200 [20:20:50.626] 用户8790 | ⚠️ 其他错误 | 响应码: 1001 | 消息:  | 耗时: 6912.60ms
2025/12/13 20:20:53.905201 [20:20:50.626] 用户9318 | ⚠️ 其他错误 | 响应码: 1001 | 消息:  | 耗时: 6935.46ms
2025/12/13 20:20:53.905202 [20:20:50.626] 用户7915 | ⚠️ 其他错误 | 响应码: 1001 | 消息:  | 耗时: 6908.21ms
2025/12/13 20:20:53.905204 [20:20:50.626] 用户1258 | ❌ 错误: Post "http://localhost:8080/api/seckill/buy": EOF | 耗时: 6757.22ms
2025/12/13 20:20:53.905206 [20:20:50.626] 用户10452 | ⚠️ 其他错误 | 响应码: 1001 | 消息:  | 耗时: 6950.92ms
2025/12/13 20:20:53.905207 [20:20:50.626] 用户2233 | ⚠️ 其他错误 | 响应码: 1001 | 消息:  | 耗时: 6932.03ms
2025/12/13 20:20:53.905208 [20:20:50.626] 用户7177 | ⚠️ 其他错误 | 响应码: 1001 | 消息:  | 耗时: 6821.15ms
2025/12/13 20:20:53.905210 [20:20:50.626] 用户2082 | ⚠️ 其他错误 | 响应码: 1001 | 消息:  | 耗时: 6864.63ms
2025/12/13 20:20:53.905211 [20:20:50.626] 用户3235 | ⚠️ 其他错误 | 响应码: 1001 | 消息:  | 耗时: 6974.39ms
2025/12/13 20:20:53.905212 [20:20:50.626] 用户8608 | ⚠️ 其他错误 | 响应码: 1001 | 消息:  | 耗时: 6911.56ms
2025/12/13 20:20:53.905214 [20:20:50.626] 用户8551 | ⚠️ 其他错误 | 响应码: 1001 | 消息:  | 耗时: 6913.28ms
2025/12/13 20:20:53.905215 [20:20:50.626] 用户10998 | ⚠️ 其他错误 | 响应码: 1001 | 消息:  | 耗时: 6906.91ms
2025/12/13 20:20:53.905217 [20:20:50.626] 用户67 | ⚠️ 其他错误 | 响应码: 1001 | 消息:  | 耗时: 6939.10ms
2025/12/13 20:20:53.905218 [20:20:50.626] 用户2815 | ⚠️ 其他错误 | 响应码: 1001 | 消息:  | 耗时: 6906.41ms
2025/12/13 20:20:53.905219 [20:20:50.626] 用户7783 | ⚠️ 其他错误 | 响应码: 1001 | 消息:  | 耗时: 6908.12ms
2025/12/13 20:20:53.905221 [20:20:50.626] 用户1293 | ⚠️ 其他错误 | 响应码: 1001 | 消息:  | 耗时: 6933.91ms
2025/12/13 20:20:53.905222 [20:20:50.626] 用户5609 | ⚠️ 其他错误 | 响应码: 1001 | 消息:  | 耗时: 6994.61ms
2025/12/13 20:20:53.905224 [20:20:50.626] 用户3738 | ⚠️ 其他错误 | 响应码: 1001 | 消息:  | 耗时: 6977.79ms
2025/12/13 20:20:53.905225 [20:20:50.626] 用户9893 | ⚠️ 其他错误 | 响应码: 1001 | 消息:  | 耗时: 6950.86ms
2025/12/13 20:20:53.905226 [20:20:50.626] 用户4047 | ⚠️ 其他错误 | 响应码: 1001 | 消息:  | 耗时: 6974.48ms
2025/12/13 20:20:53.905228 [20:20:50.626] 用户10222 | ⚠️ 其他错误 | 响应码: 1001 | 消息:  | 耗时: 6935.62ms
2025/12/13 20:20:53.905229 [20:20:50.626] 用户1656 | ⚠️ 其他错误 | 响应码: 1001 | 消息:  | 耗时: 6828.07ms
2025/12/13 20:20:53.905230 [20:20:50.626] 用户1867 | ⚠️ 其他错误 | 响应码: 1001 | 消息:  | 耗时: 6792.69ms
2025/12/13 20:20:53.905232 [20:20:50.626] 用户8648 | ⚠️ 其他错误 | 响应码: 1001 | 消息:  | 耗时: 6912.21ms
2025/12/13 20:20:53.905233 [20:20:50.626] 用户10308 | ⚠️ 其他错误 | 响应码: 1001 | 消息:  | 耗时: 6951.18ms
2025/12/13 20:20:53.905234 [20:20:50.626] 用户1486 | ⚠️ 其他错误 | 响应码: 1001 | 消息:  | 耗时: 6951.36ms
2025/12/13 20:20:53.905236 [20:20:50.626] 用户8025 | ⚠️ 其他错误 | 响应码: 1001 | 消息:  | 耗时: 6908.19ms
2025/12/13 20:20:53.905237 [20:20:50.626] 用户8068 | ⚠️ 其他错误 | 响应码: 1001 | 消息:  | 耗时: 6931.68ms
2025/12/13 20:20:53.905239 [20:20:50.626] 用户2199 | ⚠️ 其他错误 | 响应码: 1001 | 消息:  | 耗时: 6864.73ms
2025/12/13 20:20:53.905240 [20:20:50.626] 用户10858 | ⚠️ 其他错误 | 响应码: 1001 | 消息:  | 耗时: 6930.55ms
2025/12/13 20:20:53.905241 [20:20:50.626] 用户1462 | ⚠️ 其他错误 | 响应码: 1001 | 消息:  | 耗时: 6951.43ms
2025/12/13 20:20:53.905245 [20:20:50.627] 用户9314 | ⚠️ 其他错误 | 响应码: 1001 | 消息:  | 耗时: 6936.88ms
2025/12/13 20:20:53.905246 [20:20:50.629] 用户3539 | ⚠️ 其他错误 | 响应码: 1001 | 消息:  | 耗时: 6753.73ms
2025/12/13 20:20:53.905248 [20:20:50.631] 用户3244 | ❌ 错误: Post "http://localhost:8080/api/seckill/buy": EOF | 耗时: 6943.12ms
2025/12/13 20:20:53.905253 [20:20:50.631] 用户8073 | ❌ 错误: Post "http://localhost:8080/api/seckill/buy": EOF | 耗时: 6912.78ms
2025/12/13 20:20:53.905256 [20:20:50.631] 用户3631 | ❌ 错误: Post "http://localhost:8080/api/seckill/buy": EOF | 耗时: 6966.88ms
2025/12/13 20:20:53.905260 [20:20:50.631] 用户10189 | ❌ 错误: Post "http://localhost:8080/api/seckill/buy": EOF | 耗时: 6923.78ms
2025/12/13 20:20:53.905262 [20:20:50.631] 用户3166 | ❌ 错误: Post "http://localhost:8080/api/seckill/buy": EOF | 耗时: 6967.10ms
2025/12/13 20:20:53.905264 [20:20:50.631] 用户1104 | ❌ 错误: Post "http://localhost:8080/api/seckill/buy": EOF | 耗时: 6947.07ms
2025/12/13 20:20:53.905265 [20:20:50.631] 用户9438 | ❌ 错误: Post "http://localhost:8080/api/seckill/buy": EOF | 耗时: 6952.85ms
2025/12/13 20:20:53.905267 [20:20:50.632] 用户9957 | ❌ 错误: Post "http://localhost:8080/api/seckill/buy": EOF | 耗时: 6924.52ms
2025/12/13 20:20:53.905269 [20:20:50.632] 用户9224 | ❌ 错误: Post "http://localhost:8080/api/seckill/buy": EOF | 耗时: 6929.16ms
2025/12/13 20:20:53.905270 [20:20:50.632] 用户754 | ❌ 错误: Post "http://localhost:8080/api/seckill/buy": EOF | 耗时: 6930.01ms
2025/12/13 20:20:53.905272 [20:20:50.632] 用户3584 | ❌ 错误: Post "http://localhost:8080/api/seckill/buy": EOF | 耗时: 6868.31ms
2025/12/13 20:20:53.905277 [20:20:50.632] 用户10339 | ❌ 错误: Post "http://localhost:8080/api/seckill/buy": EOF | 耗时: 6945.56ms
2025/12/13 20:20:53.905279 [20:20:50.632] 用户8885 | ❌ 错误: Post "http://localhost:8080/api/seckill/buy": EOF | 耗时: 6917.84ms
2025/12/13 20:20:53.905281 [20:20:50.633] 用户774 | ❌ 错误: Post "http://localhost:8080/api/seckill/buy": EOF | 耗时: 6954.13ms
2025/12/13 20:20:53.905283 [20:20:50.646] 用户86 | ⚠️ 其他错误 | 响应码: 1001 | 消息:  | 耗时: 6959.40ms
2025/12/13 20:20:53.905284 [20:20:50.646] 用户1605 | ⚠️ 其他错误 | 响应码: 1001 | 消息:  | 耗时: 6831.58ms
2025/12/13 20:20:53.905286 [20:20:50.646] 用户3632 | ⚠️ 其他错误 | 响应码: 1001 | 消息:  | 耗时: 6982.10ms
2025/12/13 20:20:53.905287 [20:20:50.646] 用户2943 | ⚠️ 其他错误 | 响应码: 1001 | 消息:  | 耗时: 6985.90ms
2025/12/13 20:20:53.905288 [20:20:50.646] 用户10341 | ⚠️ 其他错误 | 响应码: 1001 | 消息:  | 耗时: 6959.56ms
2025/12/13 20:20:53.905290 [20:20:50.646] 用户3251 | ⚠️ 其他错误 | 响应码: 1001 | 消息:  | 耗时: 6959.24ms
2025/12/13 20:20:53.905291 [20:20:50.646] 用户7516 | ⚠️ 其他错误 | 响应码: 1001 | 消息:  | 耗时: 7030.37ms
2025/12/13 20:20:53.905293 [20:20:50.647] 用户7887 | ⚠️ 其他错误 | 响应码: 1001 | 消息:  | 耗时: 6959.40ms
2025/12/13 20:20:53.905294 [20:20:50.647] 用户3190 | ⚠️ 其他错误 | 响应码: 1001 | 消息:  | 耗时: 6988.08ms
2025/12/13 20:20:53.905296 [20:20:50.647] 用户401 | ⚠️ 其他错误 | 响应码: 1001 | 消息:  | 耗时: 6956.30ms
2025/12/13 20:20:53.905297 [20:20:50.647] 用户700 | ⚠️ 其他错误 | 响应码: 1001 | 消息:  | 耗时: 6968.22ms
2025/12/13 20:20:53.905298 [20:20:50.647] 用户7753 | ⚠️ 其他错误 | 响应码: 1001 | 消息:  | 耗时: 6928.81ms
2025/12/13 20:20:53.905300 [20:20:50.647] 用户657 | ⚠️ 其他错误 | 响应码: 1001 | 消息:  | 耗时: 6944.68ms
2025/12/13 20:20:53.905301 [20:20:50.647] 用户9793 | ⚠️ 其他错误 | 响应码: 1001 | 消息:  | 耗时: 6934.37ms
2025/12/13 20:20:53.905303 [20:20:50.648] 用户2753 | ⚠️ 其他错误 | 响应码: 1001 | 消息:  | 耗时: 6886.25ms
2025/12/13 20:20:53.905304 [20:20:50.648] 用户3167 | ⚠️ 其他错误 | 响应码: 1001 | 消息:  | 耗时: 6983.62ms
2025/12/13 20:20:53.905305 [20:20:50.648] 用户1052 | ⚠️ 其他错误 | 响应码: 1001 | 消息:  | 耗时: 6962.75ms
2025/12/13 20:20:53.905307 [20:20:50.648] 用户1584 | ⚠️ 其他错误 | 响应码: 1001 | 消息:  | 耗时: 6856.99ms
2025/12/13 20:20:53.905308 [20:20:50.648] 用户1211 | ⚠️ 其他错误 | 响应码: 1001 | 消息:  | 耗时: 6774.52ms
2025/12/13 20:20:53.905309 [20:20:50.648] 用户1636 | ⚠️ 其他错误 | 响应码: 1001 | 消息:  | 耗时: 6834.71ms
2025/12/13 20:20:53.905311 [20:20:50.648] 用户3527 | ⚠️ 其他错误 | 响应码: 1001 | 消息:  | 耗时: 6772.39ms
2025/12/13 20:20:53.905312 [20:20:50.649] 用户3192 | ⚠️ 其他错误 | 响应码: 1001 | 消息:  | 耗时: 6990.39ms
2025/12/13 20:20:53.905313 [20:20:50.649] 用户949 | ⚠️ 其他错误 | 响应码: 1001 | 消息:  | 耗时: 6961.56ms
2025/12/13 20:20:53.905316 [20:20:50.649] 用户8603 | ⚠️ 其他错误 | 响应码: 1001 | 消息:  | 耗时: 6934.28ms
2025/12/13 20:20:53.905317 [20:20:50.649] 用户3380 | ⚠️ 其他错误 | 响应码: 1001 | 消息:  | 耗时: 6973.96ms
2025/12/13 20:20:53.905318 [20:20:50.649] 用户2260 | ⚠️ 其他错误 | 响应码: 1001 | 消息:  | 耗时: 6834.70ms
2025/12/13 20:20:53.905320 [20:20:50.649] 用户3598 | ⚠️ 其他错误 | 响应码: 1001 | 消息:  | 耗时: 6955.03ms
2025/12/13 20:20:53.905321 [20:20:50.670] 用户1130 | ⚠️ 其他错误 | 响应码: 1001 | 消息:  | 耗时: 6975.75ms
2025/12/13 20:20:53.905323 [20:20:50.670] 用户3943 | ⚠️ 其他错误 | 响应码: 1001 | 消息:  | 耗时: 6974.87ms
2025/12/13 20:20:53.905324 [20:20:50.670] 用户3300 | ⚠️ 其他错误 | 响应码: 1001 | 消息:  | 耗时: 6977.91ms
2025/12/13 20:20:53.905325 [20:20:50.670] 用户9280 | ⚠️ 其他错误 | 响应码: 1001 | 消息:  | 耗时: 6973.81ms
2025/12/13 20:20:53.905327 [20:20:50.670] 用户6201 | ⚠️ 其他错误 | 响应码: 1001 | 消息:  | 耗时: 7039.71ms
2025/12/13 20:20:53.905328 [20:20:50.670] 用户7918 | ⚠️ 其他错误 | 响应码: 1001 | 消息:  | 耗时: 6952.66ms
2025/12/13 20:20:53.905330 [20:20:50.671] 用户5185 | ⚠️ 其他错误 | 响应码: 1001 | 消息:  | 耗时: 7038.01ms
2025/12/13 20:20:53.905331 [20:20:50.671] 用户2244 | ⚠️ 其他错误 | 响应码: 1001 | 消息:  | 耗时: 6976.88ms
2025/12/13 20:20:53.905332 [20:20:50.679] 用户2522 | ⚠️ 其他错误 | 响应码: 1001 | 消息:  | 耗时: 6986.00ms
2025/12/13 20:20:53.905334 [20:20:50.679] 用户10000 | ⚠️ 其他错误 | 响应码: 1001 | 消息:  | 耗时: 6961.83ms
2025/12/13 20:20:53.905335 [20:20:50.679] 用户1110 | ❌ 错误: Post "http://localhost:8080/api/seckill/buy": EOF | 耗时: 6995.44ms
2025/12/13 20:20:53.905337 [20:20:50.689] 用户10420 | ⚠️ 其他错误 | 响应码: 1001 | 消息:  | 耗时: 6971.75ms
2025/12/13 20:20:53.905338 [20:20:50.695] 用户10522 | ⚠️ 其他错误 | 响应码: 1001 | 消息:  | 耗时: 7007.92ms
2025/12/13 20:20:53.905340 [20:20:50.695] 用户4458 | ⚠️ 其他错误 | 响应码: 1001 | 消息:  | 耗时: 7051.65ms
2025/12/13 20:20:53.905341 [20:20:50.696] 用户9204 | ⚠️ 其他错误 | 响应码: 1001 | 消息:  | 耗时: 6992.74ms
2025/12/13 20:20:53.905342 [20:20:50.751] 用户9956 | ❌ 错误: Post "http://localhost:8080/api/seckill/buy": EOF | 耗时: 7031.14ms
2025/12/13 20:20:53.905344 [20:20:50.754] 用户8895 | ⚠️ 其他错误 | 响应码: 1001 | 消息:  | 耗时: 7039.38ms
2025/12/13 20:20:53.905346 [20:20:50.754] 用户2216 | ❌ 错误: Post "http://localhost:8080/api/seckill/buy": EOF | 耗时: 6992.79ms
2025/12/13 20:20:53.905347 [20:20:50.757] 用户9491 | ⚠️ 其他错误 | 响应码: 1001 | 消息:  | 耗时: 7060.74ms
2025/12/13 20:20:53.905349 [20:20:50.759] 用户9333 | ⚠️ 其他错误 | 响应码: 1001 | 消息:  | 耗时: 7062.81ms
2025/12/13 20:20:53.905350 [20:20:50.760] 用户8286 | ⚠️ 其他错误 | 响应码: 1001 | 消息:  | 耗时: 7040.36ms
2025/12/13 20:20:53.905351 [20:20:50.769] 用户8935 | ❌ 错误: Post "http://localhost:8080/api/seckill/buy": EOF | 耗时: 7050.27ms
2025/12/13 20:20:53.905353 [20:20:50.775] 用户9195 | ❌ 错误: Post "http://localhost:8080/api/seckill/buy": EOF | 耗时: 7072.22ms
2025/12/13 20:20:53.905357 [20:20:50.775] 用户3496 | ❌ 错误: Post "http://localhost:8080/api/seckill/buy": EOF | 耗时: 7096.50ms
2025/12/13 20:20:53.905359 [20:20:50.776] 用户8111 | ❌ 错误: Post "http://localhost:8080/api/seckill/buy": EOF | 耗时: 7057.82ms
2025/12/13 20:20:53.905361 [20:20:50.777] 用户9236 | ❌ 错误: Post "http://localhost:8080/api/seckill/buy": EOF | 耗时: 7074.65ms
2025/12/13 20:20:53.905362 [20:20:50.779] 用户9228 | ⚠️ 其他错误 | 响应码: 1001 | 消息:  | 耗时: 7075.99ms
2025/12/13 20:20:53.905364 [20:20:50.780] 用户9440 | ⚠️ 其他错误 | 响应码: 1001 | 消息:  | 耗时: 7076.86ms
2025/12/13 20:20:53.905365 [20:20:50.785] 用户2217 | ❌ 错误: Post "http://localhost:8080/api/seckill/buy": EOF | 耗时: 7023.46ms
2025/12/13 20:20:53.905367 [20:20:50.788] 用户4001 | ❌ 错误: Post "http://localhost:8080/api/seckill/buy": EOF | 耗时: 6958.25ms
2025/12/13 20:20:53.905368 [20:20:50.793] 用户9232 | ⚠️ 其他错误 | 响应码: 1001 | 消息:  | 耗时: 7090.74ms
2025/12/13 20:20:53.905370 [20:20:50.793] 用户2593 | ⚠️ 其他错误 | 响应码: 1001 | 消息:  | 耗时: 7122.37ms
2025/12/13 20:20:53.905371 [20:20:50.794] 用户10169 | ⚠️ 其他错误 | 响应码: 1001 | 消息:  | 耗时: 7106.52ms
2025/12/13 20:20:53.905373 [20:20:50.794] 用户7632 | ⚠️ 其他错误 | 响应码: 1001 | 消息:  | 耗时: 7075.35ms
2025/12/13 20:20:53.905374 [20:20:50.794] 用户3317 | ⚠️ 其他错误 | 响应码: 1001 | 消息:  | 耗时: 7134.95ms
2025/12/13 20:20:53.905376 [20:20:50.795] 用户1873 | ⚠️ 其他错误 | 响应码: 1001 | 消息:  | 耗时: 7117.28ms
2025/12/13 20:20:53.905377 [20:20:50.797] 用户8051 | ⚠️ 其他错误 | 响应码: 1001 | 消息:  | 耗时: 7079.89ms
2025/12/13 20:20:53.905378 [20:20:50.799] 用户3390 | ⚠️ 其他错误 | 响应码: 1001 | 消息:  | 耗时: 7130.63ms
2025/12/13 20:20:53.905380 [20:20:50.800] 用户9875 | ⚠️ 其他错误 | 响应码: 1001 | 消息:  | 耗时: 7092.98ms
2025/12/13 20:20:53.905381 [20:20:50.800] 用户762 | ⚠️ 其他错误 | 响应码: 1001 | 消息:  | 耗时: 7097.40ms
2025/12/13 20:20:53.905383 [20:20:50.800] 用户9220 | ⚠️ 其他错误 | 响应码: 1001 | 消息:  | 耗时: 7097.42ms
2025/12/13 20:20:53.905384 [20:20:50.800] 用户3104 | ⚠️ 其他错误 | 响应码: 1001 | 消息:  | 耗时: 7129.77ms
2025/12/13 20:20:53.905385 [20:20:50.800] 用户2123 | ⚠️ 其他错误 | 响应码: 1001 | 消息:  | 耗时: 7121.99ms
2025/12/13 20:20:53.905387 [20:20:50.800] 用户10875 | ⚠️ 其他错误 | 响应码: 1001 | 消息:  | 耗时: 7104.82ms
2025/12/13 20:20:53.905388 [20:20:50.800] 用户1760 | ⚠️ 其他错误 | 响应码: 1001 | 消息:  | 耗时: 7122.74ms
2025/12/13 20:20:53.905390 [20:20:50.801] 用户10817 | ⚠️ 其他错误 | 响应码: 1001 | 消息:  | 耗时: 7105.16ms
2025/12/13 20:20:53.905391 [20:20:50.801] 用户3381 | ⚠️ 其他错误 | 响应码: 1001 | 消息:  | 耗时: 7130.93ms
2025/12/13 20:20:53.905393 [20:20:50.801] 用户2671 | ⚠️ 其他错误 | 响应码: 1001 | 消息:  | 耗时: 7130.75ms
2025/12/13 20:20:53.905394 [20:20:50.801] 用户2036 | ⚠️ 其他错误 | 响应码: 1001 | 消息:  | 耗时: 7123.01ms
2025/12/13 20:20:53.905395 [20:20:50.801] 用户6255 | ⚠️ 其他错误 | 响应码: 1001 | 消息:  | 耗时: 7170.69ms
2025/12/13 20:20:53.905397 [20:20:50.802] 用户9856 | ⚠️ 其他错误 | 响应码: 1001 | 消息:  | 耗时: 7094.55ms
2025/12/13 20:20:53.905398 [20:20:50.803] 用户409 | ⚠️ 其他错误 | 响应码: 1001 | 消息:  | 耗时: 7114.95ms
2025/12/13 20:20:53.905400 [20:20:50.803] 用户8974 | ⚠️ 其他错误 | 响应码: 1001 | 消息:  | 耗时: 7098.37ms
2025/12/13 20:20:53.905401 [20:20:50.803] 用户806 | ⚠️ 其他错误 | 响应码: 1001 | 消息:  | 耗时: 7124.57ms
2025/12/13 20:20:53.905402 [20:20:50.803] 用户10563 | ⚠️ 其他错误 | 响应码: 1001 | 消息:  | 耗时: 7124.37ms
2025/12/13 20:20:53.905404 [20:20:50.803] 用户3305 | ⚠️ 其他错误 | 响应码: 1001 | 消息:  | 耗时: 7111.22ms
2025/12/13 20:20:53.905405 [20:20:50.803] 用户10485 | ⚠️ 其他错误 | 响应码: 1001 | 消息:  | 耗时: 7099.99ms
2025/12/13 20:20:53.905406 [20:20:50.810] 用户2080 | ⚠️ 其他错误 | 响应码: 1001 | 消息:  | 耗时: 7135.76ms
2025/12/13 20:20:53.905408 [20:20:50.810] 用户3315 | ⚠️ 其他错误 | 响应码: 1001 | 消息:  | 耗时: 7140.01ms
2025/12/13 20:20:53.905409 [20:20:50.810] 用户9215 | ⚠️ 其他错误 | 响应码: 1001 | 消息:  | 耗时: 7107.58ms
2025/12/13 20:20:53.905411 [20:20:50.810] 用户2724 | ⚠️ 其他错误 | 响应码: 1001 | 消息:  | 耗时: 7132.71ms
2025/12/13 20:20:53.905412 [20:20:50.810] 用户711 | ⚠️ 其他错误 | 响应码: 1001 | 消息:  | 耗时: 7131.97ms
2025/12/13 20:20:53.905413 [20:20:50.810] 用户767 | ⚠️ 其他错误 | 响应码: 1001 | 消息:  | 耗时: 7122.72ms
2025/12/13 20:20:53.905415 [20:20:50.810] 用户1083 | ⚠️ 其他错误 | 响应码: 1001 | 消息:  | 耗时: 7122.78ms
2025/12/13 20:20:53.905416 [20:20:50.810] 用户9843 | ⚠️ 其他错误 | 响应码: 1001 | 消息:  | 耗时: 7102.39ms
2025/12/13 20:20:53.905418 [20:20:50.810] 用户627 | ⚠️ 其他错误 | 响应码: 1001 | 消息:  | 耗时: 7131.85ms
2025/12/13 20:20:53.905419 [20:20:50.810] 用户9191 | ⚠️ 其他错误 | 响应码: 1001 | 消息:  | 耗时: 7107.50ms
2025/12/13 20:20:53.905420 [20:20:50.810] 用户10323 | ⚠️ 其他错误 | 响应码: 1001 | 消息:  | 耗时: 7135.67ms
2025/12/13 20:20:53.905422 [20:20:50.811] 用户3118 | ⚠️ 其他错误 | 响应码: 1001 | 消息:  | 耗时: 7140.94ms
2025/12/13 20:20:53.905423 [20:20:50.811] 用户10223 | ⚠️ 其他错误 | 响应码: 1001 | 消息:  | 耗时: 7122.97ms
2025/12/13 20:20:53.905425 [20:20:50.811] 用户10068 | ⚠️ 其他错误 | 响应码: 1001 | 消息:  | 耗时: 7107.87ms
2025/12/13 20:20:53.905426 [20:20:50.811] 用户9894 | ⚠️ 其他错误 | 响应码: 1001 | 消息:  | 耗时: 7104.87ms
2025/12/13 20:20:53.905427 [20:20:50.811] 用户10845 | ⚠️ 其他错误 | 响应码: 1001 | 消息:  | 耗时: 7114.96ms
2025/12/13 20:20:53.905429 [20:20:50.811] 用户1947 | ⚠️ 其他错误 | 响应码: 1001 | 消息:  | 耗时: 7126.19ms
2025/12/13 20:20:53.905430 [20:20:50.811] 用户3261 | ⚠️ 其他错误 | 响应码: 1001 | 消息:  | 耗时: 7132.32ms
2025/12/13 20:20:53.905432 [20:20:50.811] 用户2597 | ⚠️ 其他错误 | 响应码: 1001 | 消息:  | 耗时: 7140.26ms
2025/12/13 20:20:53.905433 [20:20:50.811] 用户7252 | ⚠️ 其他错误 | 响应码: 1001 | 消息:  | 耗时: 7123.09ms
2025/12/13 20:20:53.905434 [20:20:50.811] 用户958 | ⚠️ 其他错误 | 响应码: 1001 | 消息:  | 耗时: 7110.33ms
2025/12/13 20:20:53.905440 [20:20:50.811] 用户10876 | ⚠️ 其他错误 | 响应码: 1001 | 消息:  | 耗时: 7115.36ms
2025/12/13 20:20:53.905442 [20:20:50.811] 用户10482 | ⚠️ 其他错误 | 响应码: 1001 | 消息:  | 耗时: 7107.82ms
2025/12/13 20:20:53.905443 [20:20:50.811] 用户6920 | ⚠️ 其他错误 | 响应码: 1001 | 消息:  | 耗时: 7181.31ms
2025/12/13 20:20:53.905445 [20:20:50.811] 用户10719 | ⚠️ 其他错误 | 响应码: 1001 | 消息:  | 耗时: 7197.38ms
2025/12/13 20:20:53.905446 [20:20:50.811] 用户9885 | ⚠️ 其他错误 | 响应码: 1001 | 消息:  | 耗时: 7105.04ms
2025/12/13 20:20:53.905448 [20:20:50.811] 用户2533 | ⚠️ 其他错误 | 响应码: 1001 | 消息:  | 耗时: 7118.31ms
2025/12/13 20:20:53.905449 [20:20:50.811] 用户9189 | ⚠️ 其他错误 | 响应码: 1001 | 消息:  | 耗时: 7107.88ms
2025/12/13 20:20:53.905451 [20:20:50.811] 用户542 | ⚠️ 其他错误 | 响应码: 1001 | 消息:  | 耗时: 7132.48ms
2025/12/13 20:20:53.905452 [20:20:50.811] 用户3292 | ⚠️ 其他错误 | 响应码: 1001 | 消息:  | 耗时: 7109.87ms
2025/12/13 20:20:53.905453 [20:20:50.825] 用户2857 | ⚠️ 其他错误 | 响应码: 1001 | 消息:  | 耗时: 7145.81ms
2025/12/13 20:20:53.905455 [20:20:50.825] 用户3984 | ⚠️ 其他错误 | 响应码: 1001 | 消息:  | 耗时: 7059.39ms
2025/12/13 20:20:53.905456 [20:20:50.825] 用户8416 | ⚠️ 其他错误 | 响应码: 1001 | 消息:  | 耗时: 7107.40ms
2025/12/13 20:20:53.905457 [20:20:50.825] 用户1363 | ⚠️ 其他错误 | 响应码: 1001 | 消息:  | 耗时: 7146.24ms
2025/12/13 20:20:53.905459 [20:20:50.826] 用户8755 | ⚠️ 其他错误 | 响应码: 1001 | 消息:  | 耗时: 7112.66ms
2025/12/13 20:20:53.905460 [20:20:50.827] 用户2146 | ⚠️ 其他错误 | 响应码: 1001 | 消息:  | 耗时: 7147.65ms
2025/12/13 20:20:53.905462 [20:20:50.827] 用户685 | ⚠️ 其他错误 | 响应码: 1001 | 消息:  | 耗时: 7147.73ms
2025/12/13 20:20:53.905463 [20:20:50.827] 用户8601 | ❌ 错误: Post "http://localhost:8080/api/seckill/buy": EOF | 耗时: 7107.51ms
2025/12/13 20:20:53.905468 [20:20:50.830] 用户3806 | ⚠️ 其他错误 | 响应码: 1001 | 消息:  | 耗时: 7181.37ms
2025/12/13 20:20:53.905470 [20:20:50.958] 用户2828 | ⚠️ 其他错误 | 响应码: 1001 | 消息:  | 耗时: 7286.20ms
2025/12/13 20:20:53.905471 [20:20:50.965] 用户1493 | ⚠️ 其他错误 | 响应码: 1001 | 消息:  | 耗时: 7290.66ms
2025/12/13 20:20:53.905473 [20:20:50.967] 用户251 | ⚠️ 其他错误 | 响应码: 1001 | 消息:  | 耗时: 7283.42ms
2025/12/13 20:20:53.905474 [20:20:50.968] 用户10078 | ⚠️ 其他错误 | 响应码: 1001 | 消息:  | 耗时: 7283.51ms
2025/12/13 20:20:53.905475 [20:20:50.968] 用户468 | ⚠️ 其他错误 | 响应码: 1001 | 消息:  | 耗时: 7284.26ms
2025/12/13 20:20:53.905477 [20:20:50.968] 用户528 | ⚠️ 其他错误 | 响应码: 1001 | 消息:  | 耗时: 7284.52ms
2025/12/13 20:20:53.905478 [20:20:50.968] 用户1687 | ⚠️ 其他错误 | 响应码: 1001 | 消息:  | 耗时: 7177.80ms
2025/12/13 20:20:53.905480 [20:20:50.968] 用户1111 | ⚠️ 其他错误 | 响应码: 1001 | 消息:  | 耗时: 7284.12ms
2025/12/13 20:20:53.905481 [20:20:50.968] 用户556 | ⚠️ 其他错误 | 响应码: 1001 | 消息:  | 耗时: 7284.51ms
2025/12/13 20:20:53.905482 [20:20:50.968] 用户1686 | ⚠️ 其他错误 | 响应码: 1001 | 消息:  | 耗时: 7177.86ms
2025/12/13 20:20:53.905484 [20:20:50.968] 用户2005 | ⚠️ 其他错误 | 响应码: 1001 | 消息:  | 耗时: 7293.63ms
2025/12/13 20:20:53.905485 [20:20:50.969] 用户2354 | ⚠️ 其他错误 | 响应码: 1001 | 消息:  | 耗时: 7284.92ms
2025/12/13 20:20:53.905487 [20:20:50.969] 用户1649 | ⚠️ 其他错误 | 响应码: 1001 | 消息:  | 耗时: 7178.43ms
2025/12/13 20:20:53.905488 [20:20:50.993] 用户6903 | ⚠️ 其他错误 | 响应码: 1001 | 消息:  | 耗时: 7361.88ms
2025/12/13 20:20:53.905489 [20:20:51.019] 用户708 | ⚠️ 其他错误 | 响应码: 1001 | 消息:  | 耗时: 7340.70ms
2025/12/13 20:20:53.905491 [20:20:51.133] 用户2329 | ⚠️ 其他错误 | 响应码: 1001 | 消息:  | 耗时: 7413.26ms
2025/12/13 20:20:53.905492 [20:20:51.151] 用户7924 | ⚠️ 其他错误 | 响应码: 1001 | 消息:  | 耗时: 7433.40ms
2025/12/13 20:20:53.905494 [20:20:51.204] 用户8898 | ⚠️ 其他错误 | 响应码: 1001 | 消息:  | 耗时: 7490.13ms
2025/12/13 20:20:53.905495 [20:20:51.285] 用户8345 | ⚠️ 其他错误 | 响应码: 1001 | 消息:  | 耗时: 7566.97ms
2025/12/13 20:20:53.905496 [20:20:51.303] 用户9973 | ⚠️ 其他错误 | 响应码: 1001 | 消息:  | 耗时: 7595.33ms
2025/12/13 20:20:53.905498 [20:20:51.326] 用户8066 | ⚠️ 其他错误 | 响应码: 1001 | 消息:  | 耗时: 7607.55ms
2025/12/13 20:20:53.905499 [20:20:51.332] 用户8758 | ⚠️ 其他错误 | 响应码: 1001 | 消息:  | 耗时: 7618.33ms
2025/12/13 20:20:53.905501 [20:20:51.335] 用户9107 | ⚠️ 其他错误 | 响应码: 1001 | 消息:  | 耗时: 7631.30ms
2025/12/13 20:20:53.905502 [20:20:51.382] 用户8074 | ⚠️ 其他错误 | 响应码: 1001 | 消息:  | 耗时: 7664.27ms
2025/12/13 20:20:53.905503 [20:20:51.437] 用户2344 | ❌ 错误: Post "http://localhost:8080/api/seckill/buy": EOF | 耗时: 7753.14ms
2025/12/13 20:20:53.905505 [20:20:51.438] 用户3252 | ❌ 错误: Post "http://localhost:8080/api/seckill/buy": EOF | 耗时: 7750.87ms
2025/12/13 20:20:53.905507 [20:20:51.452] 用户3319 | ❌ 错误: Post "http://localhost:8080/api/seckill/buy": EOF | 耗时: 7794.61ms
2025/12/13 20:20:53.905510 [20:20:51.486] 用户2210 | ⚠️ 其他错误 | 响应码: 1001 | 消息:  | 耗时: 7722.56ms
2025/12/13 20:20:53.905511 [20:20:51.487] 用户1538 | ⚠️ 其他错误 | 响应码: 1001 | 消息:  | 耗时: 7812.11ms
2025/12/13 20:20:53.905513 [20:20:51.496] 用户7848 | ⚠️ 其他错误 | 响应码: 1001 | 消息:  | 耗时: 7880.68ms
2025/12/13 20:20:53.905515 [20:20:51.521] 用户9070 | ⚠️ 其他错误 | 响应码: 1001 | 消息:  | 耗时: 7816.80ms
2025/12/13 20:20:53.905516 [20:20:51.524] 用户3589 | ⚠️ 其他错误 | 响应码: 1001 | 消息:  | 耗时: 7760.45ms
2025/12/13 20:20:53.905518 [20:20:51.619] 用户8708 | ⚠️ 其他错误 | 响应码: 1001 | 消息:  | 耗时: 7899.15ms
2025/12/13 20:20:53.905519 [20:20:51.633] 用户9294 | ⚠️ 其他错误 | 响应码: 1001 | 消息:  | 耗时: 7882.97ms
2025/12/13 20:20:53.905521 [20:20:51.638] 用户3383 | ⚠️ 其他错误 | 响应码: 1001 | 消息:  | 耗时: 7967.76ms
2025/12/13 20:20:53.905522 [20:20:51.639] 用户3952 | ⚠️ 其他错误 | 响应码: 1001 | 消息:  | 耗时: 7870.31ms
2025/12/13 20:20:53.905523 [20:20:51.644] 用户216 | ❌ 错误: Post "http://localhost:8080/api/seckill/buy": EOF | 耗时: 7964.78ms
2025/12/13 20:20:53.905526 [20:20:51.651] 用户1140 | ⚠️ 其他错误 | 响应码: 1001 | 消息:  | 耗时: 7931.90ms
2025/12/13 20:20:53.905528 [20:20:51.651] 用户7902 | ⚠️ 其他错误 | 响应码: 1001 | 消息:  | 耗时: 7934.58ms
2025/12/13 20:20:53.905529 [20:20:51.655] 用户2034 | ⚠️ 其他错误 | 响应码: 1001 | 消息:  | 耗时: 7977.07ms
2025/12/13 20:20:53.905530 [20:20:51.656] 用户10573 | ⚠️ 其他错误 | 响应码: 1001 | 消息:  | 耗时: 7977.22ms
2025/12/13 20:20:53.905532 [20:20:51.656] 用户584 | ⚠️ 其他错误 | 响应码: 1001 | 消息:  | 耗时: 7977.42ms
2025/12/13 20:20:53.905533 [20:20:51.659] 用户9147 | ⚠️ 其他错误 | 响应码: 1001 | 消息:  | 耗时: 7955.65ms
2025/12/13 20:20:53.905534 [20:20:51.664] 用户10461 | ⚠️ 其他错误 | 响应码: 1001 | 消息:  | 耗时: 7988.56ms
2025/12/13 20:20:53.905536 [20:20:51.664] 用户1171 | ⚠️ 其他错误 | 响应码: 1001 | 消息:  | 耗时: 7986.27ms
2025/12/13 20:20:53.905537 [20:20:51.677] 用户715 | ❌ 错误: Post "http://localhost:8080/api/seckill/buy": EOF | 耗时: 7998.75ms
2025/12/13 20:20:53.905539 [20:20:51.678] 用户3277 | ❌ 错误: Post "http://localhost:8080/api/seckill/buy": EOF | 耗时: 7993.06ms
2025/12/13 20:20:53.905541 [20:20:51.679] 用户9661 | ❌ 错误: Post "http://localhost:8080/api/seckill/buy": EOF | 耗时: 7987.99ms
2025/12/13 20:20:53.905542 [20:20:51.709] 用户7653 | ⚠️ 其他错误 | 响应码: 1001 | 消息:  | 耗时: 7990.49ms
2025/12/13 20:20:53.905544 [20:20:51.967] 用户9122 | ❌ 错误: Post "http://localhost:8080/api/seckill/buy": EOF | 耗时: 8263.11ms
2025/12/13 20:20:53.905545 [20:20:51.970] 用户7786 | ❌ 错误: Post "http://localhost:8080/api/seckill/buy": EOF | 耗时: 8252.10ms
2025/12/13 20:20:53.905553 [20:20:51.972] 用户8190 | ❌ 错误: Post "http://localhost:8080/api/seckill/buy": EOF | 耗时: 8254.36ms
2025/12/13 20:20:53.905555 [20:20:51.972] 用户7547 | ❌ 错误: Post "http://localhost:8080/api/seckill/buy": EOF | 耗时: 8253.64ms
2025/12/13 20:20:53.905558 [20:20:51.973] 用户3950 | ⚠️ 其他错误 | 响应码: 1001 | 消息:  | 耗时: 8187.67ms
2025/12/13 20:20:53.905559 [20:20:52.016] 用户1384 | ❌ 错误: Post "http://localhost:8080/api/seckill/buy": EOF | 耗时: 8337.89ms
2025/12/13 20:20:53.905561 [20:20:52.037] 用户9230 | ❌ 错误: Post "http://localhost:8080/api/seckill/buy": EOF | 耗时: 8334.11ms
2025/12/13 20:20:53.905562 [20:20:52.059] 用户837 | ⚠️ 其他错误 | 响应码: 1001 | 消息:  | 耗时: 8374.63ms
2025/12/13 20:20:53.905564 [20:20:52.060] 用户9400 | ⚠️ 其他错误 | 响应码: 1001 | 消息:  | 耗时: 8375.89ms
2025/12/13 20:20:53.905565 [20:20:52.086] 用户1506 | ⚠️ 其他错误 | 响应码: 1001 | 消息:  | 耗时: 8409.05ms
2025/12/13 20:20:53.905567 [20:20:52.086] 用户10629 | ⚠️ 其他错误 | 响应码: 1001 | 消息:  | 耗时: 8209.80ms
2025/12/13 20:20:53.905568 [20:20:52.091] 用户7912 | ⚠️ 其他错误 | 响应码: 1001 | 消息:  | 耗时: 8395.48ms
2025/12/13 20:20:53.905570 [20:20:52.091] 用户9549 | ⚠️ 其他错误 | 响应码: 1001 | 消息:  | 耗时: 8400.25ms
2025/12/13 20:20:53.905574 [20:20:52.095] 用户1098 | ⚠️ 其他错误 | 响应码: 1001 | 消息:  | 耗时: 8410.88ms
2025/12/13 20:20:53.905575 [20:20:52.096] 用户991 | ⚠️ 其他错误 | 响应码: 1001 | 消息:  | 耗时: 8411.98ms
2025/12/13 20:20:53.905577 [20:20:52.097] 用户248 | ⚠️ 其他错误 | 响应码: 1001 | 消息:  | 耗时: 8413.09ms
2025/12/13 20:20:53.905578 [20:20:52.100] 用户102 | ⚠️ 其他错误 | 响应码: 1001 | 消息:  | 耗时: 8416.82ms
2025/12/13 20:20:53.905579 [20:20:52.103] 用户9664 | ❌ 错误: Post "http://localhost:8080/api/seckill/buy": EOF | 耗时: 8383.31ms
2025/12/13 20:20:53.905581 [20:20:52.106] 用户9402 | ⚠️ 其他错误 | 响应码: 1001 | 消息:  | 耗时: 8422.88ms
2025/12/13 20:20:53.905583 [20:20:52.106] 用户566 | ⚠️ 其他错误 | 响应码: 1001 | 消息:  | 耗时: 8422.92ms
2025/12/13 20:20:53.905584 [20:20:52.119] 用户1097 | ⚠️ 其他错误 | 响应码: 1001 | 消息:  | 耗时: 8434.35ms
2025/12/13 20:20:53.905585 [20:20:52.119] 用户2490 | ⚠️ 其他错误 | 响应码: 1001 | 消息:  | 耗时: 8437.22ms
2025/12/13 20:20:53.905587 [20:20:52.121] 用户341 | ⚠️ 其他错误 | 响应码: 1001 | 消息:  | 耗时: 8439.38ms
2025/12/13 20:20:53.905588 [20:20:52.123] 用户1018 | ⚠️ 其他错误 | 响应码: 1001 | 消息:  | 耗时: 8441.00ms
2025/12/13 20:20:53.905590 [20:20:52.123] 用户1313 | ⚠️ 其他错误 | 响应码: 1001 | 消息:  | 耗时: 8441.11ms
2025/12/13 20:20:53.905591 [20:20:52.123] 用户1340 | ⚠️ 其他错误 | 响应码: 1001 | 消息:  | 耗时: 8441.40ms
2025/12/13 20:20:53.905592 [20:20:52.123] 用户658 | ⚠️ 其他错误 | 响应码: 1001 | 消息:  | 耗时: 8441.52ms
2025/12/13 20:20:53.905594 [20:20:52.123] 用户296 | ⚠️ 其他错误 | 响应码: 1001 | 消息:  | 耗时: 8441.64ms
2025/12/13 20:20:53.905595 [20:20:52.123] 用户1770 | ⚠️ 其他错误 | 响应码: 1001 | 消息:  | 耗时: 8441.81ms
2025/12/13 20:20:53.905597 [20:20:52.124] 用户1768 | ⚠️ 其他错误 | 响应码: 1001 | 消息:  | 耗时: 8441.75ms
2025/12/13 20:20:53.905598 [20:20:52.124] 用户8122 | ❌ 错误: Post "http://localhost:8080/api/seckill/buy": EOF | 耗时: 8406.77ms
2025/12/13 20:20:53.905600 [20:20:52.126] 用户3274 | ❌ 错误: Post "http://localhost:8080/api/seckill/buy": EOF | 耗时: 8442.60ms
2025/12/13 20:20:53.905601 [20:20:52.127] 用户1654 | ⚠️ 其他错误 | 响应码: 1001 | 消息:  | 耗时: 8328.57ms
2025/12/13 20:20:53.905603 [20:20:52.130] 用户1769 | ⚠️ 其他错误 | 响应码: 1001 | 消息:  | 耗时: 8448.08ms
2025/12/13 20:20:53.905604 [20:20:52.132] 用户3289 | ⚠️ 其他错误 | 响应码: 1001 | 消息:  | 耗时: 8450.33ms
2025/12/13 20:20:53.905606 [20:20:52.135] 用户2130 | ⚠️ 其他错误 | 响应码: 1001 | 消息:  | 耗时: 8460.49ms
2025/12/13 20:20:53.905607 [20:20:52.138] 用户500 | ⚠️ 其他错误 | 响应码: 1001 | 消息:  | 耗时: 8454.58ms
2025/12/13 20:20:53.905608 [20:20:52.138] 用户1740 | ⚠️ 其他错误 | 响应码: 1001 | 消息:  | 耗时: 8455.84ms
2025/12/13 20:20:53.905610 [20:20:52.140] 用户276 | ⚠️ 其他错误 | 响应码: 1001 | 消息:  | 耗时: 8457.85ms
2025/12/13 20:20:53.905611 [20:20:52.142] 用户441 | ⚠️ 其他错误 | 响应码: 1001 | 消息:  | 耗时: 8458.01ms
2025/12/13 20:20:53.905613 [20:20:52.142] 用户469 | ⚠️ 其他错误 | 响应码: 1001 | 消息:  | 耗时: 8458.67ms
2025/12/13 20:20:53.905614 [20:20:52.145] 用户2377 | ⚠️ 其他错误 | 响应码: 1001 | 消息:  | 耗时: 8462.08ms
2025/12/13 20:20:53.905615 [20:20:52.145] 用户1005 | ⚠️ 其他错误 | 响应码: 1001 | 消息:  | 耗时: 8460.35ms
2025/12/13 20:20:53.905617 [20:20:52.151] 用户1307 | ⚠️ 其他错误 | 响应码: 1001 | 消息:  | 耗时: 8468.77ms
2025/12/13 20:20:53.905618 [20:20:52.153] 用户1360 | ⚠️ 其他错误 | 响应码: 1001 | 消息:  | 耗时: 8470.43ms
2025/12/13 20:20:53.905620 [20:20:52.154] 用户477 | ⚠️ 其他错误 | 响应码: 1001 | 消息:  | 耗时: 8471.44ms
2025/12/13 20:20:53.905621 [20:20:52.154] 用户643 | ⚠️ 其他错误 | 响应码: 1001 | 消息:  | 耗时: 8470.64ms
2025/12/13 20:20:53.905622 [20:20:52.159] 用户268 | ⚠️ 其他错误 | 响应码: 1001 | 消息:  | 耗时: 8476.09ms
2025/12/13 20:20:53.905624 [20:20:52.171] 用户275 | ⚠️ 其他错误 | 响应码: 1001 | 消息:  | 耗时: 8488.76ms
2025/12/13 20:20:53.905625 [20:20:52.174] 用户1476 | ⚠️ 其他错误 | 响应码: 1001 | 消息:  | 耗时: 8499.26ms
2025/12/13 20:20:53.905627 [20:20:52.174] 用户9399 | ⚠️ 其他错误 | 响应码: 1001 | 消息:  | 耗时: 8489.55ms
2025/12/13 20:20:53.905628 [20:20:52.176] 用户3945 | ⚠️ 其他错误 | 响应码: 1001 | 消息:  | 耗时: 8408.21ms
2025/12/13 20:20:53.905629 [20:20:52.177] 用户213 | ⚠️ 其他错误 | 响应码: 1001 | 消息:  | 耗时: 8492.85ms
2025/12/13 20:20:53.905631 [20:20:52.177] 用户2746 | ⚠️ 其他错误 | 响应码: 1001 | 消息:  | 耗时: 8416.05ms
2025/12/13 20:20:53.905632 [20:20:52.180] 用户1019 | ⚠️ 其他错误 | 响应码: 1001 | 消息:  | 耗时: 8493.45ms
2025/12/13 20:20:53.905633 [20:20:52.183] 用户1303 | ⚠️ 其他错误 | 响应码: 1001 | 消息:  | 耗时: 8499.99ms
2025/12/13 20:20:53.905635 [20:20:52.184] 用户2051 | ⚠️ 其他错误 | 响应码: 1001 | 消息:  | 耗时: 8509.21ms
2025/12/13 20:20:53.905636 [20:20:52.184] 用户537 | ⚠️ 其他错误 | 响应码: 1001 | 消息:  | 耗时: 8500.42ms
2025/12/13 20:20:53.905638 [20:20:52.184] 用户5251 | ⚠️ 其他错误 | 响应码: 1001 | 消息:  | 耗时: 8547.43ms
2025/12/13 20:20:53.905639 [20:20:52.186] 用户1856 | ⚠️ 其他错误 | 响应码: 1001 | 消息:  | 耗时: 8364.04ms
2025/12/13 20:20:53.905640 [20:20:52.187] 用户8655 | ⚠️ 其他错误 | 响应码: 1001 | 消息:  | 耗时: 8503.58ms
2025/12/13 20:20:53.905642 [20:20:52.193] 用户1100 | ⚠️ 其他错误 | 响应码: 1001 | 消息:  | 耗时: 8508.15ms
2025/12/13 20:20:53.905643 [20:20:52.193] 用户351 | ⚠️ 其他错误 | 响应码: 1001 | 消息:  | 耗时: 8509.68ms
2025/12/13 20:20:53.905645 [20:20:52.193] 用户10425 | ⚠️ 其他错误 | 响应码: 1001 | 消息:  | 耗时: 8517.94ms
2025/12/13 20:20:53.905646 [20:20:52.193] 用户354 | ⚠️ 其他错误 | 响应码: 1001 | 消息:  | 耗时: 8510.22ms
2025/12/13 20:20:53.905647 [20:20:52.194] 用户360 | ⚠️ 其他错误 | 响应码: 1001 | 消息:  | 耗时: 8511.74ms
2025/12/13 20:20:53.905649 [20:20:52.195] 用户3566 | ⚠️ 其他错误 | 响应码: 1001 | 消息:  | 耗时: 8430.44ms
2025/12/13 20:20:53.905650 [20:20:52.195] 用户1330 | ⚠️ 其他错误 | 响应码: 1001 | 消息:  | 耗时: 8512.22ms
2025/12/13 20:20:53.905651 [20:20:52.195] 用户1120 | ⚠️ 其他错误 | 响应码: 1001 | 消息:  | 耗时: 8512.12ms
2025/12/13 20:20:53.905653 [20:20:52.195] 用户1317 | ⚠️ 其他错误 | 响应码: 1001 | 消息:  | 耗时: 8513.08ms
2025/12/13 20:20:53.905654 [20:20:52.196] 用户3288 | ⚠️ 其他错误 | 响应码: 1001 | 消息:  | 耗时: 8512.60ms
2025/12/13 20:20:53.905656 [20:20:52.196] 用户541 | ⚠️ 其他错误 | 响应码: 1001 | 消息:  | 耗时: 8512.56ms
2025/12/13 20:20:53.905657 [20:20:52.196] 用户2097 | ⚠️ 其他错误 | 响应码: 1001 | 消息:  | 耗时: 8512.42ms
2025/12/13 20:20:53.905658 [20:20:52.197] 用户540 | ⚠️ 其他错误 | 响应码: 1001 | 消息:  | 耗时: 8514.15ms
2025/12/13 20:20:53.905660 [20:20:52.198] 用户10475 | ⚠️ 其他错误 | 响应码: 1001 | 消息:  | 耗时: 8522.45ms
2025/12/13 20:20:53.905661 [20:20:52.198] 用户3287 | ⚠️ 其他错误 | 响应码: 1001 | 消息:  | 耗时: 8514.66ms
2025/12/13 20:20:53.905663 [20:20:52.199] 用户232 | ⚠️ 其他错误 | 响应码: 1001 | 消息:  | 耗时: 8516.01ms
2025/12/13 20:20:53.905664 [20:20:52.199] 用户10811 | ⚠️ 其他错误 | 响应码: 1001 | 消息:  | 耗时: 8503.39ms
2025/12/13 20:20:53.905665 [20:20:52.199] 用户8322 | ⚠️ 其他错误 | 响应码: 1001 | 消息:  | 耗时: 8583.61ms
2025/12/13 20:20:53.905667 [20:20:52.199] 用户273 | ⚠️ 其他错误 | 响应码: 1001 | 消息:  | 耗时: 8516.89ms
2025/12/13 20:20:53.905668 [20:20:52.203] 用户2623 | ⚠️ 其他错误 | 响应码: 1001 | 消息:  | 耗时: 8523.41ms
2025/12/13 20:20:53.905670 [20:20:52.204] 用户998 | ⚠️ 其他错误 | 响应码: 1001 | 消息:  | 耗时: 8516.89ms
2025/12/13 20:20:53.905671 [20:20:52.204] 用户1478 | ⚠️ 其他错误 | 响应码: 1001 | 消息:  | 耗时: 8529.42ms
2025/12/13 20:20:53.905672 [20:20:52.205] 用户1165 | ⚠️ 其他错误 | 响应码: 1001 | 消息:  | 耗时: 8509.06ms
2025/12/13 20:20:53.905674 [20:20:52.205] 用户669 | ⚠️ 其他错误 | 响应码: 1001 | 消息:  | 耗时: 8525.61ms
2025/12/13 20:20:53.905675 [20:20:52.205] 用户494 | ⚠️ 其他错误 | 响应码: 1001 | 消息:  | 耗时: 8521.22ms
2025/12/13 20:20:53.905677 [20:20:52.205] 用户229 | ⚠️ 其他错误 | 响应码: 1001 | 消息:  | 耗时: 8521.85ms
2025/12/13 20:20:53.905678 [20:20:52.207] 用户10825 | ⚠️ 其他错误 | 响应码: 1001 | 消息:  | 耗时: 8511.07ms
2025/12/13 20:20:53.905679 [20:20:52.207] 用户3272 | ⚠️ 其他错误 | 响应码: 1001 | 消息:  | 耗时: 8523.32ms
2025/12/13 20:20:53.905681 [20:20:52.211] 用户2494 | ⚠️ 其他错误 | 响应码: 1001 | 消息:  | 耗时: 8531.81ms
2025/12/13 20:20:53.905682 [20:20:52.211] 用户585 | ⚠️ 其他错误 | 响应码: 1001 | 消息:  | 耗时: 8527.46ms
2025/12/13 20:20:53.905684 [20:20:52.213] 用户2098 | ⚠️ 其他错误 | 响应码: 1001 | 消息:  | 耗时: 8533.38ms
2025/12/13 20:20:53.905685 [20:20:52.216] 用户1858 | ⚠️ 其他错误 | 响应码: 1001 | 消息:  | 耗时: 8532.26ms
2025/12/13 20:20:53.905686 [20:20:52.216] 用户1518 | ⚠️ 其他错误 | 响应码: 1001 | 消息:  | 耗时: 8539.39ms
2025/12/13 20:20:53.905688 [20:20:52.216] 用户2371 | ⚠️ 其他错误 | 响应码: 1001 | 消息:  | 耗时: 8532.99ms
2025/12/13 20:20:53.905689 [20:20:52.216] 用户10966 | ⚠️ 其他错误 | 响应码: 1001 | 消息:  | 耗时: 8533.06ms
2025/12/13 20:20:53.905690 [20:20:52.216] 用户509 | ⚠️ 其他错误 | 响应码: 1001 | 消息:  | 耗时: 8531.59ms
2025/12/13 20:20:53.905692 [20:20:52.216] 用户849 | ⚠️ 其他错误 | 响应码: 1001 | 消息:  | 耗时: 8531.43ms
2025/12/13 20:20:53.905693 [20:20:52.216] 用户834 | ⚠️ 其他错误 | 响应码: 1001 | 消息:  | 耗时: 8531.34ms
2025/12/13 20:20:53.905695 [20:20:52.216] 用户1306 | ⚠️ 其他错误 | 响应码: 1001 | 消息:  | 耗时: 8533.14ms
2025/12/13 20:20:53.905696 [20:20:52.216] 用户10870 | ⚠️ 其他错误 | 响应码: 1001 | 消息:  | 耗时: 8520.68ms
2025/12/13 20:20:53.905698 [20:20:52.217] 用户198 | ⚠️ 其他错误 | 响应码: 1001 | 消息:  | 耗时: 8533.59ms
2025/12/13 20:20:53.905699 [20:20:52.219] 用户10632 | ⚠️ 其他错误 | 响应码: 1001 | 消息:  | 耗时: 8342.94ms
2025/12/13 20:20:53.905700 [20:20:52.219] 用户10077 | ⚠️ 其他错误 | 响应码: 1001 | 消息:  | 耗时: 8536.28ms
2025/12/13 20:20:53.905702 [20:20:52.221] 用户234 | ⚠️ 其他错误 | 响应码: 1001 | 消息:  | 耗时: 8538.09ms
2025/12/13 20:20:53.905703 [20:20:52.222] 用户1996 | ⚠️ 其他错误 | 响应码: 1001 | 消息:  | 耗时: 8538.52ms
2025/12/13 20:20:53.905705 [20:20:52.223] 用户545 | ⚠️ 其他错误 | 响应码: 1001 | 消息:  | 耗时: 8540.55ms
2025/12/13 20:20:53.905709 [20:20:52.223] 用户1402 | ⚠️ 其他错误 | 响应码: 1001 | 消息:  | 耗时: 8540.63ms
2025/12/13 20:20:53.905711 [20:20:52.225] 用户2044 | ⚠️ 其他错误 | 响应码: 1001 | 消息:  | 耗时: 8550.57ms
2025/12/13 20:20:53.905713 [20:20:52.226] 用户2357 | ⚠️ 其他错误 | 响应码: 1001 | 消息:  | 耗时: 8542.16ms
2025/12/13 20:20:53.905714 [20:20:52.226] 用户1096 | ⚠️ 其他错误 | 响应码: 1001 | 消息:  | 耗时: 8541.18ms
2025/12/13 20:20:53.905716 [20:20:52.228] 用户2060 | ⚠️ 其他错误 | 响应码: 1001 | 消息:  | 耗时: 8553.53ms
2025/12/13 20:20:53.905718 [20:20:52.230] 用户538 | ⚠️ 其他错误 | 响应码: 1001 | 消息:  | 耗时: 8546.62ms
2025/12/13 20:20:53.905719 [20:20:52.231] 用户1387 | ⚠️ 其他错误 | 响应码: 1001 | 消息:  | 耗时: 8547.74ms
2025/12/13 20:20:53.905721 [20:20:52.232] 用户252 | ⚠️ 其他错误 | 响应码: 1001 | 消息:  | 耗时: 8541.44ms
2025/12/13 20:20:53.905722 [20:20:52.238] 用户809 | ⚠️ 其他错误 | 响应码: 1001 | 消息:  | 耗时: 8551.56ms
2025/12/13 20:20:53.905723 [20:20:52.245] 用户10838 | ⚠️ 其他错误 | 响应码: 1001 | 消息:  | 耗时: 8549.00ms
2025/12/13 20:20:53.905725 [20:20:52.245] 用户1411 | ⚠️ 其他错误 | 响应码: 1001 | 消息:  | 耗时: 8562.85ms
2025/12/13 20:20:53.905726 [20:20:52.249] 用户581 | ⚠️ 其他错误 | 响应码: 1001 | 消息:  | 耗时: 8565.12ms
2025/12/13 20:20:53.905728 [20:20:52.249] 用户653 | ⚠️ 其他错误 | 响应码: 1001 | 消息:  | 耗时: 8564.92ms
2025/12/13 20:20:53.905729 [20:20:52.250] 用户10353 | ❌ 错误: Post "http://localhost:8080/api/seckill/buy": EOF | 耗时: 8566.75ms
2025/12/13 20:20:53.905731 [20:20:52.253] 用户1432 | ⚠️ 其他错误 | 响应码: 1001 | 消息:  | 耗时: 8574.12ms
2025/12/13 20:20:53.905732 [20:20:52.256] 用户2141 | ⚠️ 其他错误 | 响应码: 1001 | 消息:  | 耗时: 8576.91ms
2025/12/13 20:20:53.905734 [20:20:52.260] 用户670 | ⚠️ 其他错误 | 响应码: 1001 | 消息:  | 耗时: 8580.55ms
2025/12/13 20:20:53.905735 [20:20:52.260] 用户522 | ⚠️ 其他错误 | 响应码: 1001 | 消息:  | 耗时: 8576.58ms
2025/12/13 20:20:53.905736 [20:20:52.260] 用户10291 | ⚠️ 其他错误 | 响应码: 1001 | 消息:  | 耗时: 8577.40ms
2025/12/13 20:20:53.905738 [20:20:52.261] 用户284 | ⚠️ 其他错误 | 响应码: 1001 | 消息:  | 耗时: 8581.50ms
2025/12/13 20:20:53.905739 [20:20:52.261] 用户535 | ⚠️ 其他错误 | 响应码: 1001 | 消息:  | 耗时: 8577.36ms
2025/12/13 20:20:53.905741 [20:20:52.261] 用户610 | ⚠️ 其他错误 | 响应码: 1001 | 消息:  | 耗时: 8582.06ms
2025/12/13 20:20:53.905742 [20:20:52.261] 用户602 | ⚠️ 其他错误 | 响应码: 1001 | 消息:  | 耗时: 8581.91ms
2025/12/13 20:20:53.905743 [20:20:52.261] 用户502 | ⚠️ 其他错误 | 响应码: 1001 | 消息:  | 耗时: 8577.60ms
2025/12/13 20:20:53.905745 [20:20:52.261] 用户2574 | ⚠️ 其他错误 | 响应码: 1001 | 消息:  | 耗时: 8581.23ms
2025/12/13 20:20:53.905746 [20:20:52.268] 用户1429 | ⚠️ 其他错误 | 响应码: 1001 | 消息:  | 耗时: 8588.89ms
2025/12/13 20:20:53.905748 [20:20:52.269] 用户1425 | ⚠️ 其他错误 | 响应码: 1001 | 消息:  | 耗时: 8589.62ms
2025/12/13 20:20:53.905749 [20:20:52.269] 用户2368 | ⚠️ 其他错误 | 响应码: 1001 | 消息:  | 耗时: 8589.72ms
2025/12/13 20:20:53.905750 [20:20:52.269] 用户285 | ⚠️ 其他错误 | 响应码: 1001 | 消息:  | 耗时: 8589.74ms
2025/12/13 20:20:53.905752 [20:20:52.270] 用户250 | ⚠️ 其他错误 | 响应码: 1001 | 消息:  | 耗时: 8586.10ms
2025/12/13 20:20:53.905753 [20:20:52.270] 用户547 | ⚠️ 其他错误 | 响应码: 1001 | 消息:  | 耗时: 8590.45ms
2025/12/13 20:20:53.905755 [20:20:52.270] 用户288 | ⚠️ 其他错误 | 响应码: 1001 | 消息:  | 耗时: 8587.03ms
2025/12/13 20:20:53.905756 [20:20:52.270] 用户1355 | ⚠️ 其他错误 | 响应码: 1001 | 消息:  | 耗时: 8591.24ms
2025/12/13 20:20:53.905757 [20:20:52.275] 用户92 | ⚠️ 其他错误 | 响应码: 1001 | 消息:  | 耗时: 8591.64ms
2025/12/13 20:20:53.905759 [20:20:52.276] 用户2373 | ⚠️ 其他错误 | 响应码: 1001 | 消息:  | 耗时: 8593.46ms
2025/12/13 20:20:53.905760 [20:20:52.285] 用户534 | ⚠️ 其他错误 | 响应码: 1001 | 消息:  | 耗时: 8601.47ms
2025/12/13 20:20:53.905762 [20:20:52.314] 用户2166 | ⚠️ 其他错误 | 响应码: 1001 | 消息:  | 耗时: 8631.07ms
2025/12/13 20:20:53.905763 [20:20:52.314] 用户2075 | ⚠️ 其他错误 | 响应码: 1001 | 消息:  | 耗时: 8631.05ms
2025/12/13 20:20:53.905764 [20:20:52.320] 用户1232 | ⚠️ 其他错误 | 响应码: 1001 | 消息:  | 耗时: 8451.34ms
2025/12/13 20:20:53.905766 [20:20:52.321] 用户480 | ❌ 错误: Post "http://localhost:8080/api/seckill/buy": EOF | 耗时: 8641.31ms
2025/12/13 20:20:53.905768 [20:20:52.321] 用户1344 | ⚠️ 其他错误 | 响应码: 1001 | 消息:  | 耗时: 8641.61ms
2025/12/13 20:20:53.905769 [20:20:52.324] 用户848 | ⚠️ 其他错误 | 响应码: 1001 | 消息:  | 耗时: 8641.96ms
2025/12/13 20:20:53.905770 [20:20:52.327] 用户2455 | ⚠️ 其他错误 | 响应码: 1001 | 消息:  | 耗时: 8647.80ms
2025/12/13 20:20:53.905772 [20:20:52.327] 用户1780 | ⚠️ 其他错误 | 响应码: 1001 | 消息:  | 耗时: 8647.39ms
2025/12/13 20:20:53.905773 [20:20:52.331] 用户2013 | ❌ 错误: Post "http://localhost:8080/api/seckill/buy": EOF | 耗时: 8651.90ms
2025/12/13 20:20:53.905775 [20:20:52.343] 用户205 | ⚠️ 其他错误 | 响应码: 1001 | 消息:  | 耗时: 8663.47ms
2025/12/13 20:20:53.905776 [20:20:52.344] 用户1433 | ⚠️ 其他错误 | 响应码: 1001 | 消息:  | 耗时: 8664.42ms
2025/12/13 20:20:53.905778 [20:20:52.344] 用户1236 | ⚠️ 其他错误 | 响应码: 1001 | 消息:  | 耗时: 8475.03ms
2025/12/13 20:20:53.905779 [20:20:52.347] 用户1762 | ⚠️ 其他错误 | 响应码: 1001 | 消息:  | 耗时: 8667.72ms
2025/12/13 20:20:53.905781 [20:20:52.348] 用户443 | ⚠️ 其他错误 | 响应码: 1001 | 消息:  | 耗时: 8668.47ms
2025/12/13 20:20:53.905782 [20:20:52.349] 用户614 | ❌ 错误: Post "http://localhost:8080/api/seckill/buy": EOF | 耗时: 8669.67ms
2025/12/13 20:20:53.905784 [20:20:52.353] 用户475 | ⚠️ 其他错误 | 响应码: 1001 | 消息:  | 耗时: 8673.23ms
2025/12/13 20:20:53.905785 [20:20:52.355] 用户2617 | ⚠️ 其他错误 | 响应码: 1001 | 消息:  | 耗时: 8675.84ms
2025/12/13 20:20:53.905787 [20:20:52.357] 用户1415 | ⚠️ 其他错误 | 响应码: 1001 | 消息:  | 耗时: 8677.31ms
2025/12/13 20:20:53.905788 [20:20:52.357] 用户1412 | ⚠️ 其他错误 | 响应码: 1001 | 消息:  | 耗时: 8677.43ms
2025/12/13 20:20:53.905789 [20:20:52.362] 用户307 | ⚠️ 其他错误 | 响应码: 1001 | 消息:  | 耗时: 8682.11ms
2025/12/13 20:20:53.905791 [20:20:52.363] 用户2614 | ⚠️ 其他错误 | 响应码: 1001 | 消息:  | 耗时: 8683.25ms
2025/12/13 20:20:53.905792 [20:20:52.368] 用户280 | ⚠️ 其他错误 | 响应码: 1001 | 消息:  | 耗时: 8688.86ms
2025/12/13 20:20:53.905794 [20:20:52.371] 用户552 | ❌ 错误: Post "http://localhost:8080/api/seckill/buy": EOF | 耗时: 8691.62ms
2025/12/13 20:20:53.905795 [20:20:52.374] 用户592 | ❌ 错误: Post "http://localhost:8080/api/seckill/buy": EOF | 耗时: 8694.67ms
2025/12/13 20:20:53.905809 [20:20:52.374] 用户2142 | ❌ 错误: Post "http://localhost:8080/api/seckill/buy": EOF | 耗时: 8694.99ms
2025/12/13 20:20:53.905820 [20:20:52.375] 用户1349 | ⚠️ 其他错误 | 响应码: 1001 | 消息:  | 耗时: 8695.05ms
2025/12/13 20:20:53.905823 [20:20:52.378] 用户2059 | ❌ 错误: Post "http://localhost:8080/api/seckill/buy": EOF | 耗时: 8698.58ms
2025/12/13 20:20:53.905827 [20:20:52.381] 用户8275 | ❌ 错误: Post "http://localhost:8080/api/seckill/buy": EOF | 耗时: 8666.60ms
2025/12/13 20:20:53.905829 [20:20:52.381] 用户2428 | ⚠️ 其他错误 | 响应码: 1001 | 消息:  | 耗时: 8688.42ms
2025/12/13 20:20:53.905831 [20:20:52.382] 用户2463 | ❌ 错误: Post "http://localhost:8080/api/seckill/buy": EOF | 耗时: 8703.35ms
2025/12/13 20:20:53.905834 [20:20:52.383] 用户315 | ❌ 错误: Post "http://localhost:8080/api/seckill/buy": EOF | 耗时: 8703.72ms
2025/12/13 20:20:53.905836 [20:20:52.383] 用户1960 | ❌ 错误: Post "http://localhost:8080/api/seckill/buy": EOF | 耗时: 8703.97ms
2025/12/13 20:20:53.905838 [20:20:52.384] 用户2504 | ⚠️ 其他错误 | 响应码: 1001 | 消息:  | 耗时: 8705.51ms
2025/12/13 20:20:53.905840 [20:20:52.386] 用户9618 | ❌ 错误: Post "http://localhost:8080/api/seckill/buy": EOF | 耗时: 8689.87ms
2025/12/13 20:20:53.905842 [20:20:52.390] 用户1291 | ❌ 错误: Post "http://localhost:8080/api/seckill/buy": EOF | 耗时: 8695.51ms
2025/12/13 20:20:53.905844 [20:20:52.391] 用户1434 | ❌ 错误: Post "http://localhost:8080/api/seckill/buy": EOF | 耗时: 8711.71ms
2025/12/13 20:20:53.905846 [20:20:52.391] 用户2727 | ❌ 错误: Post "http://localhost:8080/api/seckill/buy": EOF | 耗时: 8515.36ms
2025/12/13 20:20:53.905848 [20:20:52.394] 用户249 | ❌ 错误: Post "http://localhost:8080/api/seckill/buy": EOF | 耗时: 8715.29ms
2025/12/13 20:20:53.905851 [20:20:52.396] 用户423 | ❌ 错误: Post "http://localhost:8080/api/seckill/buy": EOF | 耗时: 8708.95ms
2025/12/13 20:20:53.905854 [20:20:52.397] 用户2523 | ⚠️ 其他错误 | 响应码: 1001 | 消息:  | 耗时: 8704.75ms
2025/12/13 20:20:53.905856 [20:20:52.401] 用户10625 | ❌ 错误: Post "http://localhost:8080/api/seckill/buy": EOF | 耗时: 8525.79ms
2025/12/13 20:20:53.905858 [20:20:52.403] 用户2517 | ⚠️ 其他错误 | 响应码: 1001 | 消息:  | 耗时: 8710.60ms
2025/12/13 20:20:53.905861 [20:20:52.405] 用户2055 | ⚠️ 其他错误 | 响应码: 1001 | 消息:  | 耗时: 8726.12ms
2025/12/13 20:20:53.905862 [20:20:52.405] 用户1170 | ⚠️ 其他错误 | 响应码: 1001 | 消息:  | 耗时: 8530.82ms
2025/12/13 20:20:53.905864 [20:20:52.408] 用户2629 | ❌ 错误: Post "http://localhost:8080/api/seckill/buy": EOF | 耗时: 8729.15ms
2025/12/13 20:20:53.905866 [20:20:52.411] 用户1181 | ⚠️ 其他错误 | 响应码: 1001 | 消息:  | 耗时: 8536.45ms
2025/12/13 20:20:53.905867 [20:20:52.421] 用户551 | ❌ 错误: Post "http://localhost:8080/api/seckill/buy": EOF | 耗时: 8741.63ms
2025/12/13 20:20:53.905869 [20:20:52.426] 用户2519 | ⚠️ 其他错误 | 响应码: 1001 | 消息:  | 耗时: 8733.03ms
2025/12/13 20:20:53.905871 [20:20:52.427] 用户1955 | ❌ 错误: Post "http://localhost:8080/api/seckill/buy": EOF | 耗时: 8747.84ms
2025/12/13 20:20:53.905873 [20:20:52.429] 用户2101 | ❌ 错误: Post "http://localhost:8080/api/seckill/buy": EOF | 耗时: 8749.80ms
2025/12/13 20:20:53.905875 [20:20:52.437] 用户2462 | ❌ 错误: Post "http://localhost:8080/api/seckill/buy": EOF | 耗时: 8758.11ms
2025/12/13 20:20:53.905876 [20:20:52.445] 用户2750 | ❌ 错误: Post "http://localhost:8080/api/seckill/buy": EOF | 耗时: 8683.59ms
2025/12/13 20:20:53.905878 [20:20:52.448] 用户1261 | ❌ 错误: Post "http://localhost:8080/api/seckill/buy": EOF | 耗时: 8579.55ms
2025/12/13 20:20:53.905880 [20:20:52.480] 用户2297 | ❌ 错误: Post "http://localhost:8080/api/seckill/buy": EOF | 耗时: 8759.91ms
2025/12/13 20:20:53.905882 [20:20:52.481] 用户1835 | ❌ 错误: Post "http://localhost:8080/api/seckill/buy": EOF | 耗时: 8803.06ms
2025/12/13 20:20:53.905884 [20:20:52.498] 用户10631 | ❌ 错误: Post "http://localhost:8080/api/seckill/buy": EOF | 耗时: 8820.20ms
2025/12/13 20:20:53.905885 [20:20:52.566] 用户8152 | ⚠️ 其他错误 | 响应码: 1001 | 消息:  | 耗时: 8848.87ms
2025/12/13 20:20:53.905887 [20:20:52.578] 用户1954 | ❌ 错误: Post "http://localhost:8080/api/seckill/buy": EOF | 耗时: 8898.64ms
2025/12/13 20:20:53.905889 [20:20:52.589] 用户9093 | ⚠️ 其他错误 | 响应码: 1001 | 消息:  | 耗时: 8885.39ms
2025/12/13 20:20:53.905890 [20:20:52.598] 用户8507 | ⚠️ 其他错误 | 响应码: 1001 | 消息:  | 耗时: 8880.41ms
2025/12/13 20:20:53.905892 [20:20:52.610] 用户7925 | ⚠️ 其他错误 | 响应码: 1001 | 消息:  | 耗时: 8892.89ms
2025/12/13 20:20:53.905894 [20:20:52.625] 用户7634 | ❌ 错误: Post "http://localhost:8080/api/seckill/buy": EOF | 耗时: 8907.07ms
2025/12/13 20:20:53.905896 [20:20:52.628] 用户802 | ❌ 错误: Post "http://localhost:8080/api/seckill/buy": EOF | 耗时: 8949.91ms
2025/12/13 20:20:53.905899 [20:20:52.629] 用户9420 | ❌ 错误: Post "http://localhost:8080/api/seckill/buy": EOF | 耗时: 8946.79ms
2025/12/13 20:20:53.905901 [20:20:52.636] 用户884 | ❌ 错误: Post "http://localhost:8080/api/seckill/buy": EOF | 耗时: 8957.25ms
2025/12/13 20:20:53.905903 [20:20:52.640] 用户1945 | ❌ 错误: Post "http://localhost:8080/api/seckill/buy": EOF | 耗时: 8960.34ms
2025/12/13 20:20:53.905905 [20:20:52.649] 用户7782 | ❌ 错误: Post "http://localhost:8080/api/seckill/buy": EOF | 耗时: 8930.71ms
2025/12/13 20:20:53.905907 [20:20:52.658] 用户1589 | ❌ 错误: Post "http://localhost:8080/api/seckill/buy": EOF | 耗时: 8982.94ms
2025/12/13 20:20:53.905909 [20:20:52.659] 用户9443 | ❌ 错误: Post "http://localhost:8080/api/seckill/buy": EOF | 耗时: 8980.59ms
2025/12/13 20:20:53.905912 [20:20:52.674] 用户101 | ❌ 错误: Post "http://localhost:8080/api/seckill/buy": EOF | 耗时: 8990.17ms
2025/12/13 20:20:53.905913 [20:20:52.674] 用户7605 | ❌ 错误: Post "http://localhost:8080/api/seckill/buy": EOF | 耗时: 8955.33ms
2025/12/13 20:20:53.905921 [20:20:52.674] 用户8328 | ❌ 错误: Post "http://localhost:8080/api/seckill/buy": EOF | 耗时: 8955.55ms
2025/12/13 20:20:53.905923 [20:20:52.675] 用户8351 | ❌ 错误: Post "http://localhost:8080/api/seckill/buy": EOF | 耗时: 8956.93ms
2025/12/13 20:20:53.905925 [20:20:52.677] 用户1514 | ❌ 错误: Post "http://localhost:8080/api/seckill/buy": EOF | 耗时: 8998.49ms
2025/12/13 20:20:53.905927 [20:20:52.677] 用户8079 | ❌ 错误: Post "http://localhost:8080/api/seckill/buy": EOF | 耗时: 8959.02ms
2025/12/13 20:20:53.905929 [20:20:52.681] 用户7791 | ❌ 错误: Post "http://localhost:8080/api/seckill/buy": EOF | 耗时: 8963.13ms
2025/12/13 20:20:53.905931 [20:20:52.681] 用户2026 | ❌ 错误: Post "http://localhost:8080/api/seckill/buy": EOF | 耗时: 9002.77ms
2025/12/13 20:20:53.905933 [20:20:52.681] 用户790 | ❌ 错误: Post "http://localhost:8080/api/seckill/buy": EOF | 耗时: 9003.06ms
2025/12/13 20:20:53.905935 [20:20:52.683] 用户2021 | ❌ 错误: Post "http://localhost:8080/api/seckill/buy": EOF | 耗时: 9004.32ms
2025/12/13 20:20:53.905937 [20:20:52.683] 用户7913 | ❌ 错误: Post "http://localhost:8080/api/seckill/buy": EOF | 耗时: 8965.03ms
2025/12/13 20:20:53.905939 [20:20:52.683] 用户662 | ❌ 错误: Post "http://localhost:8080/api/seckill/buy": EOF | 耗时: 9001.34ms
2025/12/13 20:20:53.905941 [20:20:52.685] 用户1746 | ❌ 错误: Post "http://localhost:8080/api/seckill/buy": EOF | 耗时: 9003.32ms
2025/12/13 20:20:53.905942 [20:20:52.685] 用户357 | ❌ 错误: Post "http://localhost:8080/api/seckill/buy": EOF | 耗时: 9011.05ms
2025/12/13 20:20:53.905944 [20:20:52.687] 用户652 | ❌ 错误: Post "http://localhost:8080/api/seckill/buy": EOF | 耗时: 9008.77ms
2025/12/13 20:20:53.905946 [20:20:52.689] 用户7906 | ❌ 错误: Post "http://localhost:8080/api/seckill/buy": EOF | 耗时: 8971.07ms
2025/12/13 20:20:53.905947 [20:20:52.689] 用户3237 | ❌ 错误: Post "http://localhost:8080/api/seckill/buy": EOF | 耗时: 9010.95ms
2025/12/13 20:20:53.905949 [20:20:52.690] 用户372 | ❌ 错误: Post "http://localhost:8080/api/seckill/buy": EOF | 耗时: 9011.18ms
2025/12/13 20:20:53.905951 [20:20:52.690] 用户8973 | ❌ 错误: Post "http://localhost:8080/api/seckill/buy": EOF | 耗时: 8983.54ms
2025/12/13 20:20:53.905953 [20:20:52.691] 用户9247 | ❌ 错误: Post "http://localhost:8080/api/seckill/buy": EOF | 耗时: 8937.18ms
2025/12/13 20:20:53.905954 [20:20:52.692] 用户345 | ❌ 错误: Post "http://localhost:8080/api/seckill/buy": EOF | 耗时: 9009.94ms
2025/12/13 20:20:53.905956 [20:20:52.692] 用户2868 | ❌ 错误: Post "http://localhost:8080/api/seckill/buy": EOF | 耗时: 9008.82ms
2025/12/13 20:20:53.905958 [20:20:52.694] 用户7785 | ❌ 错误: Post "http://localhost:8080/api/seckill/buy": EOF | 耗时: 8975.98ms
2025/12/13 20:20:53.905959 [20:20:52.694] 用户1904 | ❌ 错误: Post "http://localhost:8080/api/seckill/buy": EOF | 耗时: 8932.68ms
2025/12/13 20:20:53.905961 [20:20:52.697] 用户2749 | ❌ 错误: Post "http://localhost:8080/api/seckill/buy": EOF | 耗时: 8935.19ms
2025/12/13 20:20:53.905963 [20:20:52.697] 用户7672 | ❌ 错误: Post "http://localhost:8080/api/seckill/buy": EOF | 耗时: 8978.82ms
2025/12/13 20:20:53.905965 [20:20:52.698] 用户797 | ❌ 错误: Post "http://localhost:8080/api/seckill/buy": EOF | 耗时: 9020.06ms
2025/12/13 20:20:53.905967 [20:20:52.703] 用户9672 | ❌ 错误: Post "http://localhost:8080/api/seckill/buy": EOF | 耗时: 8983.59ms
2025/12/13 20:20:53.905969 [20:20:52.703] 用户9007 | ❌ 错误: Post "http://localhost:8080/api/seckill/buy": EOF | 耗时: 8995.84ms
2025/12/13 20:20:53.905971 [20:20:52.704] 用户731 | ❌ 错误: Post "http://localhost:8080/api/seckill/buy": EOF | 耗时: 9026.41ms
2025/12/13 20:20:53.905972 [20:20:52.706] 用户3509 | ❌ 错误: Post "http://localhost:8080/api/seckill/buy": EOF | 耗时: 9027.34ms
2025/12/13 20:20:53.905974 [20:20:52.706] 用户2023 | ❌ 错误: Post "http://localhost:8080/api/seckill/buy": EOF | 耗时: 9027.33ms
2025/12/13 20:20:53.905976 [20:20:52.708] 用户1984 | ❌ 错误: Post "http://localhost:8080/api/seckill/buy": EOF | 耗时: 9025.92ms
2025/12/13 20:20:53.905978 [20:20:52.708] 用户707 | ❌ 错误: Post "http://localhost:8080/api/seckill/buy": EOF | 耗时: 9029.70ms
2025/12/13 20:20:53.905979 [20:20:52.709] 用户2164 | ❌ 错误: Post "http://localhost:8080/api/seckill/buy": EOF | 耗时: 8879.16ms
2025/12/13 20:20:53.905981 [20:20:52.711] 用户7230 | ❌ 错误: Post "http://localhost:8080/api/seckill/buy": EOF | 耗时: 8991.56ms
2025/12/13 20:20:53.905983 [20:20:52.711] 用户885 | ❌ 错误: Post "http://localhost:8080/api/seckill/buy": EOF | 耗时: 9032.56ms
2025/12/13 20:20:53.905985 [20:20:52.714] 用户312 | ❌ 错误: Post "http://localhost:8080/api/seckill/buy": EOF | 耗时: 9034.70ms
2025/12/13 20:20:53.905987 [20:20:52.714] 用户554 | ❌ 错误: Post "http://localhost:8080/api/seckill/buy": EOF | 耗时: 9035.06ms
2025/12/13 20:20:53.905988 [20:20:52.714] 用户279 | ❌ 错误: Post "http://localhost:8080/api/seckill/buy": EOF | 耗时: 9031.83ms
2025/12/13 20:20:53.905990 [20:20:52.725] 用户2038 | ❌ 错误: Post "http://localhost:8080/api/seckill/buy": EOF | 耗时: 9046.64ms
2025/12/13 20:20:53.905992 [20:20:52.741] 用户10580 | ❌ 错误: Post "http://localhost:8080/api/seckill/buy": EOF | 耗时: 9063.17ms
2025/12/13 20:20:53.905994 [20:20:52.928] 用户2151 | ⚠️ 其他错误 | 响应码: 1001 | 消息:  | 耗时: 9253.64ms
2025/12/13 20:20:53.905995 [20:20:52.937] 用户8459 | ⚠️ 其他错误 | 响应码: 1001 | 消息:  | 耗时: 9244.68ms
2025/12/13 20:20:53.905997 [20:20:52.967] 用户1824 | ⚠️ 其他错误 | 响应码: 1001 | 消息:  | 耗时: 9133.32ms
2025/12/13 20:20:53.905998 [20:20:52.972] 用户10451 | ⚠️ 其他错误 | 响应码: 1001 | 消息:  | 耗时: 9297.74ms
2025/12/13 20:20:53.906000 [20:20:52.973] 用户1822 | ⚠️ 其他错误 | 响应码: 1001 | 消息:  | 耗时: 9136.16ms
2025/12/13 20:20:53.906001 [20:20:52.976] 用户2223 | ⚠️ 其他错误 | 响应码: 1001 | 消息:  | 耗时: 9146.63ms
2025/12/13 20:20:53.906003 [20:20:52.976] 用户1759 | ⚠️ 其他错误 | 响应码: 1001 | 消息:  | 耗时: 9139.13ms
2025/12/13 20:20:53.906004 [20:20:52.986] 用户2247 | ⚠️ 其他错误 | 响应码: 1001 | 消息:  | 耗时: 9159.53ms
2025/12/13 20:20:53.906006 [20:20:52.992] 用户7857 | ⚠️ 其他错误 | 响应码: 1001 | 消息:  | 耗时: 9273.93ms
2025/12/13 20:20:53.906007 [20:20:52.992] 用户4000 | ⚠️ 其他错误 | 响应码: 1001 | 消息:  | 耗时: 9155.55ms
2025/12/13 20:20:53.906009 [20:20:52.992] 用户8946 | ⚠️ 其他错误 | 响应码: 1001 | 消息:  | 耗时: 9278.78ms
2025/12/13 20:20:53.906010 [20:20:52.998] 用户1600 | ⚠️ 其他错误 | 响应码: 1001 | 消息:  | 耗时: 9178.13ms
2025/12/13 20:20:53.906012 [20:20:52.998] 用户2087 | ⚠️ 其他错误 | 响应码: 1001 | 消息:  | 耗时: 9168.63ms
2025/12/13 20:20:53.906013 [20:20:53.005] 用户7422 | ⚠️ 其他错误 | 响应码: 1001 | 消息:  | 耗时: 9286.90ms
2025/12/13 20:20:53.906015 [20:20:53.008] 用户4710 | ⚠️ 其他错误 | 响应码: 1001 | 消息:  | 耗时: 9365.15ms
2025/12/13 20:20:53.906016 [20:20:53.008] 用户5069 | ⚠️ 其他错误 | 响应码: 1001 | 消息:  | 耗时: 9366.44ms
2025/12/13 20:20:53.906018 [20:20:53.012] 用户8325 | ⚠️ 其他错误 | 响应码: 1001 | 消息:  | 耗时: 9298.81ms
2025/12/13 20:20:53.906019 [20:20:53.024] 用户8091 | ⚠️ 其他错误 | 响应码: 1001 | 消息:  | 耗时: 9305.53ms
2025/12/13 20:20:53.906021 [20:20:53.025] 用户2250 | ⚠️ 其他错误 | 响应码: 1001 | 消息:  | 耗时: 9202.65ms
2025/12/13 20:20:53.906022 [20:20:53.028] 用户2328 | ⚠️ 其他错误 | 响应码: 1001 | 消息:  | 耗时: 9307.99ms
2025/12/13 20:20:53.906024 [20:20:53.030] 用户10640 | ⚠️ 其他错误 | 响应码: 1001 | 消息:  | 耗时: 9154.03ms
2025/12/13 20:20:53.906025 [20:20:53.032] 用户1136 | ⚠️ 其他错误 | 响应码: 1001 | 消息:  | 耗时: 9336.60ms
2025/12/13 20:20:53.906026 [20:20:53.032] 用户3942 | ⚠️ 其他错误 | 响应码: 1001 | 消息:  | 耗时: 9336.61ms
2025/12/13 20:20:53.906028 [20:20:53.032] 用户3940 | ⚠️ 其他错误 | 响应码: 1001 | 消息:  | 耗时: 9336.59ms
2025/12/13 20:20:53.906029 [20:20:53.033] 用户10688 | ⚠️ 其他错误 | 响应码: 1001 | 消息:  | 耗时: 9340.54ms
2025/12/13 20:20:53.906031 [20:20:53.033] 用户3010 | ⚠️ 其他错误 | 响应码: 1001 | 消息:  | 耗时: 9338.34ms
2025/12/13 20:20:53.906032 [20:20:53.035] 用户10886 | ⚠️ 其他错误 | 响应码: 1001 | 消息:  | 耗时: 9339.61ms
2025/12/13 20:20:53.906034 [20:20:53.035] 用户3938 | ⚠️ 其他错误 | 响应码: 1001 | 消息:  | 耗时: 9339.64ms
2025/12/13 20:20:53.906035 [20:20:53.035] 用户10891 | ⚠️ 其他错误 | 响应码: 1001 | 消息:  | 耗时: 9339.60ms
2025/12/13 20:20:53.906037 [20:20:53.035] 用户2408 | ⚠️ 其他错误 | 响应码: 1001 | 消息:  | 耗时: 9340.31ms
2025/12/13 20:20:53.906038 [20:20:53.035] 用户3019 | ⚠️ 其他错误 | 响应码: 1001 | 消息:  | 耗时: 9340.60ms
2025/12/13 20:20:53.906040 [20:20:53.036] 用户2729 | ⚠️ 其他错误 | 响应码: 1001 | 消息:  | 耗时: 9340.41ms
2025/12/13 20:20:53.906041 [20:20:53.036] 用户10893 | ⚠️ 其他错误 | 响应码: 1001 | 消息:  | 耗时: 9340.37ms
2025/12/13 20:20:53.906043 [20:20:53.036] 用户10880 | ⚠️ 其他错误 | 响应码: 1001 | 消息:  | 耗时: 9340.29ms
2025/12/13 20:20:53.906044 [20:20:53.036] 用户10874 | ⚠️ 其他错误 | 响应码: 1001 | 消息:  | 耗时: 9340.26ms
2025/12/13 20:20:53.906046 [20:20:53.036] 用户1135 | ⚠️ 其他错误 | 响应码: 1001 | 消息:  | 耗时: 9341.10ms
2025/12/13 20:20:53.906047 [20:20:53.036] 用户8093 | ⚠️ 其他错误 | 响应码: 1001 | 消息:  | 耗时: 9318.25ms
2025/12/13 20:20:53.906049 [20:20:53.039] 用户10894 | ⚠️ 其他错误 | 响应码: 1001 | 消息:  | 耗时: 9343.50ms
2025/12/13 20:20:53.906051 [20:20:53.045] 用户75 | ⚠️ 其他错误 | 响应码: 1001 | 消息:  | 耗时: 9352.53ms
2025/12/13 20:20:53.906053 [20:20:53.068] 用户9775 | ⚠️ 其他错误 | 响应码: 1001 | 消息:  | 耗时: 9393.60ms
2025/12/13 20:20:53.906054 [20:20:53.157] 用户226 | ❌ 错误: Post "http://localhost:8080/api/seckill/buy": EOF | 耗时: 9473.41ms
2025/12/13 20:20:53.906057 [20:20:53.161] 用户9937 | ⚠️ 其他错误 | 响应码: 1001 | 消息:  | 耗时: 9467.55ms
2025/12/13 20:20:53.906058 [20:20:53.164] 用户827 | ❌ 错误: Post "http://localhost:8080/api/seckill/buy": EOF | 耗时: 9480.07ms
2025/12/13 20:20:53.906061 [20:20:53.165] 用户2873 | ⚠️ 其他错误 | 响应码: 1001 | 消息:  | 耗时: 9471.28ms
2025/12/13 20:20:53.906062 [20:20:53.165] 用户7241 | ⚠️ 其他错误 | 响应码: 1001 | 消息:  | 耗时: 9471.48ms
2025/12/13 20:20:53.906064 [20:20:53.166] 用户429 | ⚠️ 其他错误 | 响应码: 1001 | 消息:  | 耗时: 9473.54ms
2025/12/13 20:20:53.906066 [20:20:53.166] 用户2284 | ❌ 错误: Post "http://localhost:8080/api/seckill/buy": EOF | 耗时: 9472.58ms
2025/12/13 20:20:53.906068 [20:20:53.166] 用户1534 | ⚠️ 其他错误 | 响应码: 1001 | 消息:  | 耗时: 9490.89ms
2025/12/13 20:20:53.906070 [20:20:53.166] 用户2515 | ⚠️ 其他错误 | 响应码: 1001 | 消息:  | 耗时: 9473.47ms
2025/12/13 20:20:53.906072 [20:20:53.166] 用户1154 | ❌ 错误: Post "http://localhost:8080/api/seckill/buy": EOF | 耗时: 9473.05ms
2025/12/13 20:20:53.906074 [20:20:53.167] 用户9698 | ⚠️ 其他错误 | 响应码: 1001 | 消息:  | 耗时: 9552.24ms
2025/12/13 20:20:53.906076 [20:20:53.167] 用户1838 | ⚠️ 其他错误 | 响应码: 1001 | 消息:  | 耗时: 9475.15ms
2025/12/13 20:20:53.906077 [20:20:53.167] 用户8852 | ⚠️ 其他错误 | 响应码: 1001 | 消息:  | 耗时: 9475.06ms
2025/12/13 20:20:53.906079 [20:20:53.168] 用户10981 | ❌ 错误: Post "http://localhost:8080/api/seckill/buy": EOF | 耗时: 9474.52ms
2025/12/13 20:20:53.906080 [20:20:53.168] 用户2444 | ⚠️ 其他错误 | 响应码: 1001 | 消息:  | 耗时: 9475.31ms
2025/12/13 20:20:53.906082 [20:20:53.169] 用户10982 | ❌ 错误: Post "http://localhost:8080/api/seckill/buy": EOF | 耗时: 9475.58ms
2025/12/13 20:20:53.906084 [20:20:53.170] 用户10993 | ❌ 错误: Post "http://localhost:8080/api/seckill/buy": EOF | 耗时: 9476.24ms
2025/12/13 20:20:53.906086 [20:20:53.170] 用户1804 | ⚠️ 其他错误 | 响应码: 1001 | 消息:  | 耗时: 9477.58ms
2025/12/13 20:20:53.906088 [20:20:53.170] 用户2544 | ⚠️ 其他错误 | 响应码: 1001 | 消息:  | 耗时: 9477.65ms
2025/12/13 20:20:53.906090 [20:20:53.171] 用户8848 | ⚠️ 其他错误 | 响应码: 1001 | 消息:  | 耗时: 9478.52ms
2025/12/13 20:20:53.906091 [20:20:53.172] 用户2521 | ❌ 错误: Post "http://localhost:8080/api/seckill/buy": EOF | 耗时: 9479.05ms
2025/12/13 20:20:53.906094 [20:20:53.172] 用户1788 | ❌ 错误: Post "http://localhost:8080/api/seckill/buy": EOF | 耗时: 9335.32ms
2025/12/13 20:20:53.906096 [20:20:53.173] 用户10156 | ⚠️ 其他错误 | 响应码: 1001 | 消息:  | 耗时: 9480.29ms
2025/12/13 20:20:53.906098 [20:20:53.173] 用户1547 | ⚠️ 其他错误 | 响应码: 1001 | 消息:  | 耗时: 9497.97ms
2025/12/13 20:20:53.906099 [20:20:53.177] 用户9515 | ⚠️ 其他错误 | 响应码: 1001 | 消息:  | 耗时: 9484.92ms
2025/12/13 20:20:53.906101 [20:20:53.177] 用户2545 | ⚠️ 其他错误 | 响应码: 1001 | 消息:  | 耗时: 9484.98ms
2025/12/13 20:20:53.906103 [20:20:53.178] 用户2891 | ⚠️ 其他错误 | 响应码: 1001 | 消息:  | 耗时: 9485.01ms
2025/12/13 20:20:53.906105 [20:20:53.178] 用户2526 | ⚠️ 其他错误 | 响应码: 1001 | 消息:  | 耗时: 9485.13ms
2025/12/13 20:20:53.906106 [20:20:53.178] 用户2567 | ⚠️ 其他错误 | 响应码: 1001 | 消息:  | 耗时: 9485.58ms
2025/12/13 20:20:53.906108 [20:20:53.179] 用户8188 | ⚠️ 其他错误 | 响应码: 1001 | 消息:  | 耗时: 9486.96ms
2025/12/13 20:20:53.906109 [20:20:53.179] 用户3377 | ⚠️ 其他错误 | 响应码: 1001 | 消息:  | 耗时: 9504.44ms
2025/12/13 20:20:53.906111 [20:20:53.180] 用户1992 | ⚠️ 其他错误 | 响应码: 1001 | 消息:  | 耗时: 9505.52ms
2025/12/13 20:20:53.906112 [20:20:53.182] 用户9859 | ⚠️ 其他错误 | 响应码: 1001 | 消息:  | 耗时: 9506.49ms
2025/12/13 20:20:53.906114 [20:20:53.183] 用户56 | ⚠️ 其他错误 | 响应码: 1001 | 消息:  | 耗时: 9490.77ms
2025/12/13 20:20:53.906116 [20:20:53.185] 用户2529 | ⚠️ 其他错误 | 响应码: 1001 | 消息:  | 耗时: 9492.10ms
2025/12/13 20:20:53.906118 [20:20:53.186] 用户8183 | ⚠️ 其他错误 | 响应码: 1001 | 消息:  | 耗时: 9493.75ms
2025/12/13 20:20:53.906120 [20:20:53.196] 用户8134 | ⚠️ 其他错误 | 响应码: 1001 | 消息:  | 耗时: 9502.44ms
2025/12/13 20:20:53.906121 [20:20:53.199] 用户2478 | ⚠️ 其他错误 | 响应码: 1001 | 消息:  | 耗时: 9506.03ms
2025/12/13 20:20:53.906123 [20:20:53.199] 用户1972 | ⚠️ 其他错误 | 响应码: 1001 | 消息:  | 耗时: 9506.21ms
2025/12/13 20:20:53.906125 [20:20:53.200] 用户2432 | ⚠️ 其他错误 | 响应码: 1001 | 消息:  | 耗时: 9506.73ms
2025/12/13 20:20:53.906132 [20:20:53.202] 用户1230 | ⚠️ 其他错误 | 响应码: 1001 | 消息:  | 耗时: 9322.47ms
2025/12/13 20:20:53.906135 [20:20:53.204] 用户1280 | ⚠️ 其他错误 | 响应码: 1001 | 消息:  | 耗时: 9510.51ms
2025/12/13 20:20:53.906136 [20:20:53.205] 用户2240 | ⚠️ 其他错误 | 响应码: 1001 | 消息:  | 耗时: 9324.86ms
2025/12/13 20:20:53.906138 [20:20:53.236] 用户2642 | ⚠️ 其他错误 | 响应码: 1001 | 消息:  | 耗时: 9516.48ms
2025/12/13 20:20:53.906140 [20:20:53.241] 用户2452 | ⚠️ 其他错误 | 响应码: 1001 | 消息:  | 耗时: 9521.31ms
2025/12/13 20:20:53.906142 [20:20:53.629] 用户2370 | ⚠️ 其他错误 | 响应码: 1001 | 消息:  | 耗时: 9949.37ms
2025/12/13 20:20:53.906144 [20:20:53.629] 用户682 | ⚠️ 其他错误 | 响应码: 1001 | 消息:  | 耗时: 9949.99ms
2025/12/13 20:20:53.906145 [20:20:53.629] 用户1361 | ⚠️ 其他错误 | 响应码: 1001 | 消息:  | 耗时: 9950.03ms
2025/12/13 20:20:53.906147 [20:20:53.629] 用户607 | ⚠️ 其他错误 | 响应码: 1001 | 消息:  | 耗时: 9950.06ms
2025/12/13 20:20:53.906159 [20:20:53.629] 用户608 | ⚠️ 其他错误 | 响应码: 1001 | 消息:  | 耗时: 9950.13ms
2025/12/13 20:20:53.906161 [20:20:53.629] 用户596 | ⚠️ 其他错误 | 响应码: 1001 | 消息:  | 耗时: 9949.95ms
2025/12/13 20:20:53.906163 [20:20:53.629] 用户1509 | ⚠️ 其他错误 | 响应码: 1001 | 消息:  | 耗时: 9950.21ms
2025/12/13 20:20:53.906164 [20:20:53.629] 用户999 | ⚠️ 其他错误 | 响应码: 1001 | 消息:  | 耗时: 9942.33ms
2025/12/13 20:20:53.906166 [20:20:53.629] 用户240 | ⚠️ 其他错误 | 响应码: 1001 | 消息:  | 耗时: 9950.02ms
2025/12/13 20:20:53.906167 [20:20:53.629] 用户2119 | ⚠️ 其他错误 | 响应码: 1001 | 消息:  | 耗时: 9753.29ms
2025/12/13 20:20:53.906169 [20:20:53.629] 用户2105 | ⚠️ 其他错误 | 响应码: 1001 | 消息:  | 耗时: 9950.29ms
2025/12/13 20:20:53.906170 [20:20:53.629] 用户2144 | ⚠️ 其他错误 | 响应码: 1001 | 消息:  | 耗时: 9950.21ms
2025/12/13 20:20:53.906172 [20:20:53.629] 用户2269 | ⚠️ 其他错误 | 响应码: 1001 | 消息:  | 耗时: 9950.11ms
2025/12/13 20:20:53.906173 [20:20:53.630] 用户2103 | ⚠️ 其他错误 | 响应码: 1001 | 消息:  | 耗时: 9951.16ms
2025/12/13 20:20:53.906174 [20:20:53.630] 用户1961 | ⚠️ 其他错误 | 响应码: 1001 | 消息:  | 耗时: 9951.18ms
2025/12/13 20:20:53.906176 [20:20:53.630] 用户672 | ⚠️ 其他错误 | 响应码: 1001 | 消息:  | 耗时: 9951.22ms
2025/12/13 20:20:53.906177 [20:20:53.630] 用户1498 | ⚠️ 其他错误 | 响应码: 1001 | 消息:  | 耗时: 9951.06ms
2025/12/13 20:20:53.906179 [20:20:53.630] 用户7598 | ⚠️ 其他错误 | 响应码: 1001 | 消息:  | 耗时: 9951.34ms
2025/12/13 20:20:53.906180 [20:20:53.631] 用户1971 | ⚠️ 其他错误 | 响应码: 1001 | 消息:  | 耗时: 9951.93ms
2025/12/13 20:20:53.906182 [20:20:53.631] 用户674 | ⚠️ 其他错误 | 响应码: 1001 | 消息:  | 耗时: 9952.04ms
2025/12/13 20:20:53.906183 [20:20:53.631] 用户615 | ⚠️ 其他错误 | 响应码: 1001 | 消息:  | 耗时: 9952.20ms
2025/12/13 20:20:53.906185 [20:20:53.631] 用户7162 | ⚠️ 其他错误 | 响应码: 1001 | 消息:  | 耗时: 9812.83ms
2025/12/13 20:20:53.906186 [20:20:53.631] 用户668 | ⚠️ 其他错误 | 响应码: 1001 | 消息:  | 耗时: 9952.15ms
2025/12/13 20:20:53.906188 [20:20:53.631] 用户2630 | ⚠️ 其他错误 | 响应码: 1001 | 消息:  | 耗时: 9952.14ms
2025/12/13 20:20:53.906189 [20:20:53.631] 用户2465 | ⚠️ 其他错误 | 响应码: 1001 | 消息:  | 耗时: 9952.24ms
2025/12/13 20:20:53.906191 [20:20:53.631] 用户2376 | ⚠️ 其他错误 | 响应码: 1001 | 消息:  | 耗时: 9948.47ms
2025/12/13 20:20:53.906192 [20:20:53.631] 用户10315 | ⚠️ 其他错误 | 响应码: 1001 | 消息:  | 耗时: 9956.30ms
2025/12/13 20:20:53.906194 [20:20:53.632] 用户344 | ⚠️ 其他错误 | 响应码: 1001 | 消息:  | 耗时: 9951.97ms
2025/12/13 20:20:53.906195 [20:20:53.632] 用户2466 | ⚠️ 其他错误 | 响应码: 1001 | 消息:  | 耗时: 9952.78ms
2025/12/13 20:20:53.906197 [20:20:53.632] 用户1356 | ⚠️ 其他错误 | 响应码: 1001 | 消息:  | 耗时: 9952.58ms
2025/12/13 20:20:53.906199 [20:20:53.632] 用户319 | ⚠️ 其他错误 | 响应码: 1001 | 消息:  | 耗时: 9952.78ms
2025/12/13 20:20:53.906200 [20:20:53.632] 用户7602 | ⚠️ 其他错误 | 响应码: 1001 | 消息:  | 耗时: 9952.83ms
2025/12/13 20:20:53.906202 [20:20:53.632] 用户1362 | ⚠️ 其他错误 | 响应码: 1001 | 消息:  | 耗时: 9953.22ms
2025/12/13 20:20:53.906203 [20:20:53.632] 用户1777 | ⚠️ 其他错误 | 响应码: 1001 | 消息:  | 耗时: 9952.31ms
2025/12/13 20:20:53.906205 [20:20:53.633] 用户2458 | ⚠️ 其他错误 | 响应码: 1001 | 消息:  | 耗时: 9953.27ms
2025/12/13 20:20:53.906206 [20:20:53.633] 用户1503 | ⚠️ 其他错误 | 响应码: 1001 | 消息:  | 耗时: 9953.69ms
2025/12/13 20:20:53.906208 [20:20:53.633] 用户2076 | ⚠️ 其他错误 | 响应码: 1001 | 消息:  | 耗时: 9953.49ms
2025/12/13 20:20:53.906209 [20:20:53.633] 用户673 | ⚠️ 其他错误 | 响应码: 1001 | 消息:  | 耗时: 9953.67ms
2025/12/13 20:20:53.906210 [20:20:53.633] 用户1495 | ⚠️ 其他错误 | 响应码: 1001 | 消息:  | 耗时: 9953.86ms
2025/12/13 20:20:53.906212 [20:20:53.633] 用户594 | ⚠️ 其他错误 | 响应码: 1001 | 消息:  | 耗时: 9953.53ms
2025/12/13 20:20:53.906213 [20:20:53.633] 用户600 | ⚠️ 其他错误 | 响应码: 1001 | 消息:  | 耗时: 9954.13ms
2025/12/13 20:20:53.906215 [20:20:53.634] 用户363 | ⚠️ 其他错误 | 响应码: 1001 | 消息:  | 耗时: 9954.33ms
2025/12/13 20:20:53.906216 [20:20:53.634] 用户1354 | ⚠️ 其他错误 | 响应码: 1001 | 消息:  | 耗时: 9954.52ms
2025/12/13 20:20:53.906218 [20:20:53.634] 用户865 | ⚠️ 其他错误 | 响应码: 1001 | 消息:  | 耗时: 9953.80ms
2025/12/13 20:20:53.906219 [20:20:53.634] 用户1248 | ⚠️ 其他错误 | 响应码: 1001 | 消息:  | 耗时: 9765.08ms
2025/12/13 20:20:53.906221 [20:20:53.634] 用户282 | ⚠️ 其他错误 | 响应码: 1001 | 消息:  | 耗时: 9954.38ms
2025/12/13 20:20:53.906222 [20:20:53.634] 用户862 | ⚠️ 其他错误 | 响应码: 1001 | 消息:  | 耗时: 9953.90ms
2025/12/13 20:20:53.906223 [20:20:53.634] 用户1634 | ⚠️ 其他错误 | 响应码: 1001 | 消息:  | 耗时: 9820.38ms
2025/12/13 20:20:53.906225 [20:20:53.634] 用户601 | ⚠️ 其他错误 | 响应码: 1001 | 消息:  | 耗时: 9954.75ms
2025/12/13 20:20:53.906226 [20:20:53.644] 用户4238 | ❌ 错误: Post "http://localhost:8080/api/seckill/buy": context deadline exceeded (Client.Timeout exceeded while awaiting headers) | 耗时: 10000.75ms
2025/12/13 20:20:53.906233 [20:20:53.677] 用户1543 | ❌ 错误: Post "http://localhost:8080/api/seckill/buy": context deadline exceeded (Client.Timeout exceeded while awaiting headers) | 耗时: 10001.44ms
2025/12/13 20:20:53.906236 [20:20:53.677] 用户2152 | ❌ 错误: Post "http://localhost:8080/api/seckill/buy": context deadline exceeded (Client.Timeout exceeded while awaiting headers) | 耗时: 10002.58ms
2025/12/13 20:20:53.906238 [20:20:53.677] 用户2153 | ❌ 错误: Post "http://localhost:8080/api/seckill/buy": context deadline exceeded (Client.Timeout exceeded while awaiting headers) | 耗时: 10002.66ms
2025/12/13 20:20:53.906240 [20:20:53.677] 用户2052 | ❌ 错误: Post "http://localhost:8080/api/seckill/buy": context deadline exceeded (Client.Timeout exceeded while awaiting headers) | 耗时: 10002.89ms
2025/12/13 20:20:53.906244 [20:20:53.677] 用户9691 | ❌ 错误: Post "http://localhost:8080/api/seckill/buy": context deadline exceeded (Client.Timeout exceeded while awaiting headers) | 耗时: 10002.67ms
2025/12/13 20:20:53.906246 [20:20:53.678] 用户10309 | ❌ 错误: Post "http://localhost:8080/api/seckill/buy": context deadline exceeded (Client.Timeout exceeded while awaiting headers) | 耗时: 10002.54ms
2025/12/13 20:20:53.906249 [20:20:53.678] 用户1913 | ❌ 错误: Post "http://localhost:8080/api/seckill/buy": context deadline exceeded (Client.Timeout exceeded while awaiting headers) | 耗时: 10002.87ms
2025/12/13 20:20:53.906250 [20:20:53.678] 用户1993 | ❌ 错误: Post "http://localhost:8080/api/seckill/buy": context deadline exceeded (Client.Timeout exceeded while awaiting headers) | 耗时: 10003.12ms
2025/12/13 20:20:53.906252 [20:20:53.678] 用户2160 | ❌ 错误: Post "http://localhost:8080/api/seckill/buy": context deadline exceeded (Client.Timeout exceeded while awaiting headers) | 耗时: 10003.35ms
2025/12/13 20:20:53.906254 [20:20:53.678] 用户2003 | ❌ 错误: Post "http://localhost:8080/api/seckill/buy": context deadline exceeded (Client.Timeout exceeded while awaiting headers) | 耗时: 10003.39ms
2025/12/13 20:20:53.906255 [20:20:53.678] 用户3378 | ❌ 错误: Post "http://localhost:8080/api/seckill/buy": context deadline exceeded (Client.Timeout exceeded while awaiting headers) | 耗时: 10003.29ms
2025/12/13 20:20:53.906257 [20:20:53.679] 用户9647 | ❌ 错误: Post "http://localhost:8080/api/seckill/buy": context deadline exceeded (Client.Timeout exceeded while awaiting headers) | 耗时: 10000.31ms
2025/12/13 20:20:53.906259 [20:20:53.679] 用户9644 | ❌ 错误: Post "http://localhost:8080/api/seckill/buy": context deadline exceeded (Client.Timeout exceeded while awaiting headers) | 耗时: 10000.28ms
2025/12/13 20:20:53.906261 [20:20:53.679] 用户9430 | ❌ 错误: Post "http://localhost:8080/api/seckill/buy": context deadline exceeded (Client.Timeout exceeded while awaiting headers) | 耗时: 10000.32ms
2025/12/13 20:20:53.906263 [20:20:53.679] 用户868 | ❌ 错误: Post "http://localhost:8080/api/seckill/buy": context deadline exceeded (Client.Timeout exceeded while awaiting headers) | 耗时: 10000.26ms
2025/12/13 20:20:53.906265 [20:20:53.679] 用户616 | ❌ 错误: Post "http://localhost:8080/api/seckill/buy": context deadline exceeded (Client.Timeout exceeded while awaiting headers) | 耗时: 10000.25ms
2025/12/13 20:20:53.906267 [20:20:53.679] 用户870 | ❌ 错误: Post "http://localhost:8080/api/seckill/buy": context deadline exceeded (Client.Timeout exceeded while awaiting headers) | 耗时: 10000.36ms
2025/12/13 20:20:53.906269 [20:20:53.679] 用户771 | ❌ 错误: Post "http://localhost:8080/api/seckill/buy": context deadline exceeded (Client.Timeout exceeded while awaiting headers) | 耗时: 10000.42ms
2025/12/13 20:20:53.906270 [20:20:53.679] 用户2589 | ❌ 错误: Post "http://localhost:8080/api/seckill/buy": context deadline exceeded (Client.Timeout exceeded while awaiting headers) | 耗时: 10000.44ms
2025/12/13 20:20:53.906272 [20:20:53.680] 用户1353 | ❌ 错误: Post "http://localhost:8080/api/seckill/buy": context deadline exceeded (Client.Timeout exceeded while awaiting headers) | 耗时: 10000.29ms
2025/12/13 20:20:53.906274 [20:20:53.680] 用户1778 | ❌ 错误: Post "http://localhost:8080/api/seckill/buy": context deadline exceeded (Client.Timeout exceeded while awaiting headers) | 耗时: 10000.13ms
2025/12/13 20:20:53.906276 [20:20:53.680] 用户260 | ❌ 错误: Post "http://localhost:8080/api/seckill/buy": context deadline exceeded (Client.Timeout exceeded while awaiting headers) | 耗时: 10000.24ms
2025/12/13 20:20:53.906278 [20:20:53.682] 用户238 | ❌ 错误: Post "http://localhost:8080/api/seckill/buy": context deadline exceeded (Client.Timeout exceeded while awaiting headers) | 耗时: 10000.56ms
2025/12/13 20:20:53.906279 [20:20:53.682] 用户838 | ❌ 错误: Post "http://localhost:8080/api/seckill/buy": context deadline exceeded (Client.Timeout exceeded while awaiting headers) | 耗时: 10000.12ms
2025/12/13 20:20:53.906281 [20:20:53.682] 用户1450 | ❌ 错误: Post "http://localhost:8080/api/seckill/buy": context deadline exceeded (Client.Timeout exceeded while awaiting headers) | 耗时: 10000.16ms
2025/12/13 20:20:53.906283 [20:20:53.683] 用户1331 | ❌ 错误: Post "http://localhost:8080/api/seckill/buy": context deadline exceeded (Client.Timeout exceeded while awaiting headers) | 耗时: 10000.12ms
2025/12/13 20:20:53.906285 [20:20:53.683] 用户1007 | ❌ 错误: Post "http://localhost:8080/api/seckill/buy": context deadline exceeded (Client.Timeout exceeded while awaiting headers) | 耗时: 10000.32ms
2025/12/13 20:20:53.906286 [20:20:53.683] 用户843 | ❌ 错误: Post "http://localhost:8080/api/seckill/buy": context deadline exceeded (Client.Timeout exceeded while awaiting headers) | 耗时: 10000.46ms
2025/12/13 20:20:53.906288 [20:20:53.683] 用户355 | ❌ 错误: Post "http://localhost:8080/api/seckill/buy": context deadline exceeded (Client.Timeout exceeded while awaiting headers) | 耗时: 10000.08ms
2025/12/13 20:20:53.906290 [20:20:53.683] 用户356 | ❌ 错误: Post "http://localhost:8080/api/seckill/buy": context deadline exceeded (Client.Timeout exceeded while awaiting headers) | 耗时: 10000.19ms
2025/12/13 20:20:53.906291 [20:20:53.683] 用户291 | ❌ 错误: Post "http://localhost:8080/api/seckill/buy": context deadline exceeded (Client.Timeout exceeded while awaiting headers) | 耗时: 10000.34ms
2025/12/13 20:20:53.906293 [20:20:53.683] 用户1074 | ❌ 错误: Post "http://localhost:8080/api/seckill/buy": context deadline exceeded (Client.Timeout exceeded while awaiting headers) | 耗时: 10000.79ms
2025/12/13 20:20:53.906295 [20:20:53.683] 用户269 | ❌ 错误: Post "http://localhost:8080/api/seckill/buy": context deadline exceeded (Client.Timeout exceeded while awaiting headers) | 耗时: 10000.20ms
2025/12/13 20:20:53.906297 [20:20:53.683] 用户1328 | ❌ 错误: Post "http://localhost:8080/api/seckill/buy": context deadline exceeded (Client.Timeout exceeded while awaiting headers) | 耗时: 10000.31ms
2025/12/13 20:20:53.906299 [20:20:53.683] 用户9518 | ❌ 错误: Post "http://localhost:8080/api/seckill/buy": context deadline exceeded (Client.Timeout exceeded while awaiting headers) | 耗时: 10000.66ms
2025/12/13 20:20:53.906300 [20:20:53.684] 用户259 | ❌ 错误: Post "http://localhost:8080/api/seckill/buy": context deadline exceeded (Client.Timeout exceeded while awaiting headers) | 耗时: 10000.96ms
2025/12/13 20:20:53.906302 [20:20:53.684] 用户334 | ❌ 错误: Post "http://localhost:8080/api/seckill/buy": context deadline exceeded (Client.Timeout exceeded while awaiting headers) | 耗时: 10001.59ms
2025/12/13 20:20:53.906304 [20:20:53.684] 用户193 | ❌ 错误: Post "http://localhost:8080/api/seckill/buy": context deadline exceeded (Client.Timeout exceeded while awaiting headers) | 耗时: 10001.08ms
2025/12/13 20:20:53.906305 [20:20:53.685] 用户646 | ❌ 错误: Post "http://localhost:8080/api/seckill/buy": context deadline exceeded (Client.Timeout exceeded while awaiting headers) | 耗时: 10001.05ms
2025/12/13 20:20:53.906307 [20:20:53.685] 用户640 | ❌ 错误: Post "http://localhost:8080/api/seckill/buy": context deadline exceeded (Client.Timeout exceeded while awaiting headers) | 耗时: 10001.12ms
2025/12/13 20:20:53.906310 [20:20:53.685] 用户645 | ❌ 错误: Post "http://localhost:8080/api/seckill/buy": context deadline exceeded (Client.Timeout exceeded while awaiting headers) | 耗时: 10000.99ms
2025/12/13 20:20:53.906312 [20:20:53.685] 用户438 | ❌ 错误: Post "http://localhost:8080/api/seckill/buy": context deadline exceeded (Client.Timeout exceeded while awaiting headers) | 耗时: 10001.93ms
2025/12/13 20:20:53.906313 [20:20:53.685] 用户505 | ❌ 错误: Post "http://localhost:8080/api/seckill/buy": context deadline exceeded (Client.Timeout exceeded while awaiting headers) | 耗时: 10001.43ms
2025/12/13 20:20:53.906315 [20:20:53.685] 用户642 | ❌ 错误: Post "http://localhost:8080/api/seckill/buy": context deadline exceeded (Client.Timeout exceeded while awaiting headers) | 耗时: 10001.46ms
2025/12/13 20:20:53.906317 [20:20:53.685] 用户444 | ❌ 错误: Post "http://localhost:8080/api/seckill/buy": context deadline exceeded (Client.Timeout exceeded while awaiting headers) | 耗时: 10001.50ms
2025/12/13 20:20:53.906318 [20:20:53.685] 用户634 | ❌ 错误: Post "http://localhost:8080/api/seckill/buy": context deadline exceeded (Client.Timeout exceeded while awaiting headers) | 耗时: 10001.53ms
2025/12/13 20:20:53.906324 [20:20:53.685] 用户467 | ❌ 错误: Post "http://localhost:8080/api/seckill/buy": context deadline exceeded (Client.Timeout exceeded while awaiting headers) | 耗时: 10001.43ms
2025/12/13 20:20:53.906326 [20:20:53.685] 用户10082 | ❌ 错误: Post "http://localhost:8080/api/seckill/buy": context deadline exceeded (Client.Timeout exceeded while awaiting headers) | 耗时: 10001.74ms
2025/12/13 20:20:53.906328 [20:20:53.685] 用户558 | ❌ 错误: Post "http://localhost:8080/api/seckill/buy": context deadline exceeded (Client.Timeout exceeded while awaiting headers) | 耗时: 10001.63ms
2025/12/13 20:20:53.906330 [20:20:53.685] 用户577 | ❌ 错误: Post "http://localhost:8080/api/seckill/buy": context deadline exceeded (Client.Timeout exceeded while awaiting headers) | 耗时: 10001.63ms
2025/12/13 20:20:53.906331 [20:20:53.685] 用户508 | ❌ 错误: Post "http://localhost:8080/api/seckill/buy": context deadline exceeded (Client.Timeout exceeded while awaiting headers) | 耗时: 10000.88ms
2025/12/13 20:20:53.906333 [20:20:53.685] 用户2353 | ❌ 错误: Post "http://localhost:8080/api/seckill/buy": context deadline exceeded (Client.Timeout exceeded while awaiting headers) | 耗时: 10001.75ms
2025/12/13 20:20:53.906335 [20:20:53.685] 用户9629 | ❌ 错误: Post "http://localhost:8080/api/seckill/buy": context deadline exceeded (Client.Timeout exceeded while awaiting headers) | 耗时: 10001.72ms
2025/12/13 20:20:53.906337 [20:20:53.685] 用户466 | ❌ 错误: Post "http://localhost:8080/api/seckill/buy": context deadline exceeded (Client.Timeout exceeded while awaiting headers) | 耗时: 10001.57ms
2025/12/13 20:20:53.906339 [20:20:53.685] 用户221 | ❌ 错误: Post "http://localhost:8080/api/seckill/buy": context deadline exceeded (Client.Timeout exceeded while awaiting headers) | 耗时: 10001.50ms
2025/12/13 20:20:53.906340 [20:20:53.685] 用户1114 | ❌ 错误: Post "http://localhost:8080/api/seckill/buy": context deadline exceeded (Client.Timeout exceeded while awaiting headers) | 耗时: 10001.53ms
2025/12/13 20:20:53.906342 [20:20:53.685] 用户2349 | ❌ 错误: Post "http://localhost:8080/api/seckill/buy": context deadline exceeded (Client.Timeout exceeded while awaiting headers) | 耗时: 10001.45ms
2025/12/13 20:20:53.906344 [20:20:53.686] 用户514 | ❌ 错误: Post "http://localhost:8080/api/seckill/buy": context deadline exceeded (Client.Timeout exceeded while awaiting headers) | 耗时: 10001.49ms
2025/12/13 20:20:53.906346 [20:20:53.686] 用户2352 | ❌ 错误: Post "http://localhost:8080/api/seckill/buy": context deadline exceeded (Client.Timeout exceeded while awaiting headers) | 耗时: 10001.85ms
2025/12/13 20:20:53.906347 [20:20:53.686] 用户3264 | ❌ 错误: Post "http://localhost:8080/api/seckill/buy": context deadline exceeded (Client.Timeout exceeded while awaiting headers) | 耗时: 10001.62ms
2025/12/13 20:20:53.906349 [20:20:53.686] 用户482 | ❌ 错误: Post "http://localhost:8080/api/seckill/buy": context deadline exceeded (Client.Timeout exceeded while awaiting headers) | 耗时: 10001.64ms
2025/12/13 20:20:53.906351 [20:20:53.686] 用户264 | ❌ 错误: Post "http://localhost:8080/api/seckill/buy": context deadline exceeded (Client.Timeout exceeded while awaiting headers) | 耗时: 10001.85ms
2025/12/13 20:20:53.906353 [20:20:53.686] 用户518 | ❌ 错误: Post "http://localhost:8080/api/seckill/buy": context deadline exceeded (Client.Timeout exceeded while awaiting headers) | 耗时: 10001.68ms
2025/12/13 20:20:53.906354 [20:20:53.686] 用户519 | ❌ 错误: Post "http://localhost:8080/api/seckill/buy": context deadline exceeded (Client.Timeout exceeded while awaiting headers) | 耗时: 10001.74ms
2025/12/13 20:20:53.906356 [20:20:53.687] 用户1050 | ❌ 错误: Post "http://localhost:8080/api/seckill/buy": context deadline exceeded (Client.Timeout exceeded while awaiting headers) | 耗时: 10000.71ms
2025/12/13 20:20:53.906358 [20:20:53.688] 用户997 | ❌ 错误: Post "http://localhost:8080/api/seckill/buy": context deadline exceeded (Client.Timeout exceeded while awaiting headers) | 耗时: 10001.40ms
2025/12/13 20:20:53.906361 [20:20:53.688] 用户1000 | ❌ 错误: Post "http://localhost:8080/api/seckill/buy": context deadline exceeded (Client.Timeout exceeded while awaiting headers) | 耗时: 10001.46ms
2025/12/13 20:20:53.906364 [20:20:53.689] 用户8041 | ❌ 错误: Post "http://localhost:8080/api/seckill/buy": context deadline exceeded (Client.Timeout exceeded while awaiting headers) | 耗时: 10001.68ms
2025/12/13 20:20:53.906366 [20:20:53.692] 用户380 | ❌ 错误: Post "http://localhost:8080/api/seckill/buy": context deadline exceeded (Client.Timeout exceeded while awaiting headers) | 耗时: 10000.85ms
2025/12/13 20:20:53.906368 [20:20:53.692] 用户9304 | ❌ 错误: Post "http://localhost:8080/api/seckill/buy": context deadline exceeded (Client.Timeout exceeded while awaiting headers) | 耗时: 10001.24ms
2025/12/13 20:20:53.906376 [20:20:53.693] 用户9301 | ❌ 错误: Post "http://localhost:8080/api/seckill/buy": context deadline exceeded (Client.Timeout exceeded while awaiting headers) | 耗时: 10001.92ms
2025/12/13 20:20:53.906378 [20:20:53.693] 用户397 | ❌ 错误: Post "http://localhost:8080/api/seckill/buy": context deadline exceeded (Client.Timeout exceeded while awaiting headers) | 耗时: 10002.31ms
2025/12/13 20:20:53.906380 [20:20:53.694] 用户2422 | ❌ 错误: Post "http://localhost:8080/api/seckill/buy": context deadline exceeded (Client.Timeout exceeded while awaiting headers) | 耗时: 10000.68ms
2025/12/13 20:20:53.906382 [20:20:53.694] 用户1749 | ❌ 错误: Post "http://localhost:8080/api/seckill/buy": context deadline exceeded (Client.Timeout exceeded while awaiting headers) | 耗时: 10001.53ms
2025/12/13 20:20:53.906384 [20:20:53.694] 用户2425 | ❌ 错误: Post "http://localhost:8080/api/seckill/buy": context deadline exceeded (Client.Timeout exceeded while awaiting headers) | 耗时: 10000.91ms
2025/12/13 20:20:53.906386 [20:20:53.696] 用户8984 | ❌ 错误: Post "http://localhost:8080/api/seckill/buy": context deadline exceeded (Client.Timeout exceeded while awaiting headers) | 耗时: 10003.27ms
2025/12/13 20:20:53.906388 [20:20:53.696] 用户2477 | ❌ 错误: Post "http://localhost:8080/api/seckill/buy": context deadline exceeded (Client.Timeout exceeded while awaiting headers) | 耗时: 10002.65ms
2025/12/13 20:20:53.906390 [20:20:53.696] 用户456 | ❌ 错误: Post "http://localhost:8080/api/seckill/buy": context deadline exceeded (Client.Timeout exceeded while awaiting headers) | 耗时: 10003.18ms
2025/12/13 20:20:53.906392 [20:20:53.696] 用户10819 | ❌ 错误: Post "http://localhost:8080/api/seckill/buy": context deadline exceeded (Client.Timeout exceeded while awaiting headers) | 耗时: 10000.55ms
2025/12/13 20:20:53.906395 [20:20:53.696] 用户9615 | ❌ 错误: Post "http://localhost:8080/api/seckill/buy": context deadline exceeded (Client.Timeout exceeded while awaiting headers) | 耗时: 10000.25ms
2025/12/13 20:20:53.906397 [20:20:53.696] 用户10720 | ❌ 错误: Post "http://localhost:8080/api/seckill/buy": context deadline exceeded (Client.Timeout exceeded while awaiting headers) | 耗时: 10003.76ms
2025/12/13 20:20:53.906398 [20:20:53.696] 用户457 | ❌ 错误: Post "http://localhost:8080/api/seckill/buy": context deadline exceeded (Client.Timeout exceeded while awaiting headers) | 耗时: 10003.39ms
2025/12/13 20:20:53.906400 [20:20:53.696] 用户9352 | ❌ 错误: Post "http://localhost:8080/api/seckill/buy": context deadline exceeded (Client.Timeout exceeded while awaiting headers) | 耗时: 10003.44ms
2025/12/13 20:20:53.906402 [20:20:53.696] 用户9295 | ❌ 错误: Post "http://localhost:8080/api/seckill/buy": context deadline exceeded (Client.Timeout exceeded while awaiting headers) | 耗时: 10003.48ms
2025/12/13 20:20:53.906404 [20:20:53.696] 用户8382 | ❌ 错误: Post "http://localhost:8080/api/seckill/buy": context deadline exceeded (Client.Timeout exceeded while awaiting headers) | 耗时: 10000.37ms
2025/12/13 20:20:53.906410 [20:20:53.697] 用户9351 | ❌ 错误: Post "http://localhost:8080/api/seckill/buy": context deadline exceeded (Client.Timeout exceeded while awaiting headers) | 耗时: 10003.57ms
2025/12/13 20:20:53.906412 [20:20:53.697] 用户8897 | ❌ 错误: Post "http://localhost:8080/api/seckill/buy": context deadline exceeded (Client.Timeout exceeded while awaiting headers) | 耗时: 10003.62ms
2025/12/13 20:20:53.906413 [20:20:53.697] 用户7897 | ❌ 错误: Post "http://localhost:8080/api/seckill/buy": context deadline exceeded (Client.Timeout exceeded while awaiting headers) | 耗时: 10000.24ms
2025/12/13 20:20:53.906415 [20:20:53.697] 用户9348 | ❌ 错误: Post "http://localhost:8080/api/seckill/buy": context deadline exceeded (Client.Timeout exceeded while awaiting headers) | 耗时: 10003.71ms
2025/12/13 20:20:53.906417 [20:20:53.697] 用户9238 | ❌ 错误: Post "http://localhost:8080/api/seckill/buy": context deadline exceeded (Client.Timeout exceeded while awaiting headers) | 耗时: 10003.77ms
2025/12/13 20:20:53.906419 [20:20:53.698] 用户10831 | ❌ 错误: Post "http://localhost:8080/api/seckill/buy": context deadline exceeded (Client.Timeout exceeded while awaiting headers) | 耗时: 10000.48ms
2025/12/13 20:20:53.906420 [20:20:53.698] 用户10833 | ❌ 错误: Post "http://localhost:8080/api/seckill/buy": context deadline exceeded (Client.Timeout exceeded while awaiting headers) | 耗时: 10000.55ms
2025/12/13 20:20:53.906422 [20:20:53.699] 用户2209 | ❌ 错误: Post "http://localhost:8080/api/seckill/buy": context deadline exceeded (Client.Timeout exceeded while awaiting headers) | 耗时: 10000.87ms
2025/12/13 20:20:53.906424 [20:20:53.699] 用户9521 | ❌ 错误: Post "http://localhost:8080/api/seckill/buy": context deadline exceeded (Client.Timeout exceeded while awaiting headers) | 耗时: 10000.39ms
2025/12/13 20:20:53.906427 [20:20:53.699] 用户2090 | ❌ 错误: Post "http://localhost:8080/api/seckill/buy": context deadline exceeded (Client.Timeout exceeded while awaiting headers) | 耗时: 10001.39ms
2025/12/13 20:20:53.906429 [20:20:53.699] 用户9525 | ❌ 错误: Post "http://localhost:8080/api/seckill/buy": context deadline exceeded (Client.Timeout exceeded while awaiting headers) | 耗时: 10000.91ms
2025/12/13 20:20:53.906431 [20:20:53.699] 用户9527 | ❌ 错误: Post "http://localhost:8080/api/seckill/buy": context deadline exceeded (Client.Timeout exceeded while awaiting headers) | 耗时: 10000.99ms
2025/12/13 20:20:53.906433 [20:20:53.700] 用户986 | ❌ 错误: Post "http://localhost:8080/api/seckill/buy": context deadline exceeded (Client.Timeout exceeded while awaiting headers) | 耗时: 10000.80ms
2025/12/13 20:20:53.906435 [20:20:53.701] 用户326 | ❌ 错误: Post "http://localhost:8080/api/seckill/buy": context deadline exceeded (Client.Timeout exceeded while awaiting headers) | 耗时: 10001.46ms
2025/12/13 20:20:53.906437 [20:20:53.702] 用户2475 | ❌ 错误: Post "http://localhost:8080/api/seckill/buy": context deadline exceeded (Client.Timeout exceeded while awaiting headers) | 耗时: 10001.84ms
2025/12/13 20:20:53.906439 [20:20:53.702] 用户935 | ❌ 错误: Post "http://localhost:8080/api/seckill/buy": context deadline exceeded (Client.Timeout exceeded while awaiting headers) | 耗时: 10001.80ms
2025/12/13 20:20:53.906441 [20:20:53.702] 用户1969 | ❌ 错误: Post "http://localhost:8080/api/seckill/buy": context deadline exceeded (Client.Timeout exceeded while awaiting headers) | 耗时: 10001.64ms
2025/12/13 20:20:53.906444 [20:20:53.702] 用户1125 | ❌ 错误: Post "http://localhost:8080/api/seckill/buy": context deadline exceeded (Client.Timeout exceeded while awaiting headers) | 耗时: 10001.51ms
2025/12/13 20:20:53.906446 [20:20:53.702] 用户7207 | ❌ 错误: Post "http://localhost:8080/api/seckill/buy": context deadline exceeded (Client.Timeout exceeded while awaiting headers) | 耗时: 10001.97ms
2025/12/13 20:20:53.906448 [20:20:53.702] 用户1368 | ❌ 错误: Post "http://localhost:8080/api/seckill/buy": context deadline exceeded (Client.Timeout exceeded while awaiting headers) | 耗时: 10001.83ms
2025/12/13 20:20:53.906450 [20:20:53.702] 用户926 | ❌ 错误: Post "http://localhost:8080/api/seckill/buy": context deadline exceeded (Client.Timeout exceeded while awaiting headers) | 耗时: 10002.18ms
2025/12/13 20:20:53.906452 [20:20:53.702] 用户3294 | ❌ 错误: Post "http://localhost:8080/api/seckill/buy": context deadline exceeded (Client.Timeout exceeded while awaiting headers) | 耗时: 10001.88ms
2025/12/13 20:20:53.906454 [20:20:53.702] 用户934 | ❌ 错误: Post "http://localhost:8080/api/seckill/buy": context deadline exceeded (Client.Timeout exceeded while awaiting headers) | 耗时: 10002.65ms
2025/12/13 20:20:53.906456 [20:20:53.702] 用户925 | ❌ 错误: Post "http://localhost:8080/api/seckill/buy": context deadline exceeded (Client.Timeout exceeded while awaiting headers) | 耗时: 10002.42ms
2025/12/13 20:20:53.906458 [20:20:53.703] 用户1128 | ❌ 错误: Post "http://localhost:8080/api/seckill/buy": context deadline exceeded (Client.Timeout exceeded while awaiting headers) | 耗时: 10002.01ms
2025/12/13 20:20:53.906460 [20:20:53.703] 用户982 | ❌ 错误: Post "http://localhost:8080/api/seckill/buy": context deadline exceeded (Client.Timeout exceeded while awaiting headers) | 耗时: 10002.55ms
2025/12/13 20:20:53.906462 [20:20:53.703] 用户1966 | ❌ 错误: Post "http://localhost:8080/api/seckill/buy": context deadline exceeded (Client.Timeout exceeded while awaiting headers) | 耗时: 10003.11ms
2025/12/13 20:20:53.906464 [20:20:53.703] 用户1366 | ❌ 错误: Post "http://localhost:8080/api/seckill/buy": context deadline exceeded (Client.Timeout exceeded while awaiting headers) | 耗时: 10002.99ms
2025/12/13 20:20:53.906466 [20:20:53.703] 用户969 | ❌ 错误: Post "http://localhost:8080/api/seckill/buy": context deadline exceeded (Client.Timeout exceeded while awaiting headers) | 耗时: 10002.76ms
2025/12/13 20:20:53.906468 [20:20:53.703] 用户973 | ❌ 错误: Post "http://localhost:8080/api/seckill/buy": context deadline exceeded (Client.Timeout exceeded while awaiting headers) | 耗时: 10002.95ms
2025/12/13 20:20:53.906470 [20:20:53.703] 用户930 | ❌ 错误: Post "http://localhost:8080/api/seckill/buy": context deadline exceeded (Client.Timeout exceeded while awaiting headers) | 耗时: 10003.08ms
2025/12/13 20:20:53.906471 [20:20:53.703] 用户964 | ❌ 错误: Post "http://localhost:8080/api/seckill/buy": context deadline exceeded (Client.Timeout exceeded while awaiting headers) | 耗时: 10002.73ms
2025/12/13 20:20:53.906473 [20:20:53.703] 用户959 | ❌ 错误: Post "http://localhost:8080/api/seckill/buy": context deadline exceeded (Client.Timeout exceeded while awaiting headers) | 耗时: 10002.72ms
2025/12/13 20:20:53.906475 [20:20:53.703] 用户954 | ❌ 错误: Post "http://localhost:8080/api/seckill/buy": context deadline exceeded (Client.Timeout exceeded while awaiting headers) | 耗时: 10002.37ms
2025/12/13 20:20:53.906477 [20:20:53.703] 用户961 | ❌ 错误: Post "http://localhost:8080/api/seckill/buy": context deadline exceeded (Client.Timeout exceeded while awaiting headers) | 耗时: 10002.82ms
2025/12/13 20:20:53.906479 [20:20:53.703] 用户2469 | ❌ 错误: Post "http://localhost:8080/api/seckill/buy": context deadline exceeded (Client.Timeout exceeded while awaiting headers) | 耗时: 10003.28ms
2025/12/13 20:20:53.906481 [20:20:53.703] 用户968 | ❌ 错误: Post "http://localhost:8080/api/seckill/buy": context deadline exceeded (Client.Timeout exceeded while awaiting headers) | 耗时: 10003.01ms
2025/12/13 20:20:53.906483 [20:20:53.703] 用户960 | ❌ 错误: Post "http://localhost:8080/api/seckill/buy": context deadline exceeded (Client.Timeout exceeded while awaiting headers) | 耗时: 10002.60ms
2025/12/13 20:20:53.906485 [20:20:53.703] 用户938 | ❌ 错误: Post "http://localhost:8080/api/seckill/buy": context deadline exceeded (Client.Timeout exceeded while awaiting headers) | 耗时: 10002.81ms
2025/12/13 20:20:53.906487 [20:20:53.704] 用户953 | ❌ 错误: Post "http://localhost:8080/api/seckill/buy": context deadline exceeded (Client.Timeout exceeded while awaiting headers) | 耗时: 10003.03ms
2025/12/13 20:20:53.906489 [20:20:53.704] 用户322 | ❌ 错误: Post "http://localhost:8080/api/seckill/buy": context deadline exceeded (Client.Timeout exceeded while awaiting headers) | 耗时: 10003.97ms
2025/12/13 20:20:53.906491 [20:20:53.704] 用户939 | ❌ 错误: Post "http://localhost:8080/api/seckill/buy": context deadline exceeded (Client.Timeout exceeded while awaiting headers) | 耗时: 10003.26ms
2025/12/13 20:20:53.906493 [20:20:53.704] 用户962 | ❌ 错误: Post "http://localhost:8080/api/seckill/buy": context deadline exceeded (Client.Timeout exceeded while awaiting headers) | 耗时: 10003.65ms
2025/12/13 20:20:53.906495 [20:20:53.714] 用户8571 | ❌ 错误: Post "http://localhost:8080/api/seckill/buy": context deadline exceeded (Client.Timeout exceeded while awaiting headers) | 耗时: 10001.60ms
2025/12/13 20:20:53.906497 [20:20:53.715] 用户9710 | ❌ 错误: Post "http://localhost:8080/api/seckill/buy": context deadline exceeded (Client.Timeout exceeded while awaiting headers) | 耗时: 10001.66ms
2025/12/13 20:20:53.906499 [20:20:53.715] 用户8558 | ❌ 错误: Post "http://localhost:8080/api/seckill/buy": context deadline exceeded (Client.Timeout exceeded while awaiting headers) | 耗时: 10002.23ms
2025/12/13 20:20:53.906501 [20:20:53.715] 用户9792 | ❌ 错误: Post "http://localhost:8080/api/seckill/buy": context deadline exceeded (Client.Timeout exceeded while awaiting headers) | 耗时: 10002.29ms
2025/12/13 20:20:53.906503 [20:20:53.715] 用户8630 | ❌ 错误: Post "http://localhost:8080/api/seckill/buy": context deadline exceeded (Client.Timeout exceeded while awaiting headers) | 耗时: 10001.83ms
2025/12/13 20:20:53.906504 [20:20:53.768] 用户3962 | ❌ 错误: Post "http://localhost:8080/api/seckill/buy": context deadline exceeded (Client.Timeout exceeded while awaiting headers) | 耗时: 10001.32ms
2025/12/13 20:20:53.906506 [20:20:53.791] 用户1650 | ❌ 错误: Post "http://localhost:8080/api/seckill/buy": context deadline exceeded (Client.Timeout exceeded while awaiting headers) | 耗时: 10001.06ms
2025/12/13 20:20:53.906508 [20:20:53.791] 用户1673 | ❌ 错误: Post "http://localhost:8080/api/seckill/buy": context deadline exceeded (Client.Timeout exceeded while awaiting headers) | 耗时: 10001.08ms
2025/12/13 20:20:53.906509 [20:20:53.791] 用户1692 | ❌ 错误: Post "http://localhost:8080/api/seckill/buy": context deadline exceeded (Client.Timeout exceeded while awaiting headers) | 耗时: 10001.13ms
2025/12/13 20:20:53.906511 [20:20:53.815] 用户2263 | ❌ 错误: Post "http://localhost:8080/api/seckill/buy": context deadline exceeded (Client.Timeout exceeded while awaiting headers) | 耗时: 10001.39ms
2025/12/13 20:20:53.906513 [20:20:53.876] 用户1182 | ❌ 错误: Post "http://localhost:8080/api/seckill/buy": context deadline exceeded (Client.Timeout exceeded while awaiting headers) | 耗时: 10000.95ms
2025/12/13 20:20:53.906515 ========================================
2025/12/13 20:20:53.906516            📊 压测结果统计
2025/12/13 20:20:53.906518 ========================================
2025/12/13 20:20:53.906519 【基础指标】
2025/12/13 20:20:53.906520   总请求数:     11000
2025/12/13 20:20:53.906522   总耗时:       10.276s
2025/12/13 20:20:53.906524   QPS:          1070.44 请求/秒
2025/12/13 20:20:53.906526 【响应分布】
2025/12/13 20:20:53.906527   ✅ 秒杀成功:   10000 (90.91%)
2025/12/13 20:20:53.906529   📦 商品售罄:   0 (0.00%)
2025/12/13 20:20:53.906531   🔄 重复购买:   0 (0.00%)
2025/12/13 20:20:53.906532   ❌ 服务器错误: 0 (0.00%)
2025/12/13 20:20:53.906534   🌐 网络错误:   482 (4.38%)
2025/12/13 20:20:53.906536   ⚠️  其他错误:   518 (4.71%)
2025/12/13 20:20:53.907135 【延迟分布】
2025/12/13 20:20:53.907137   最小延迟:     674.63ms
2025/12/13 20:20:53.907139   最大延迟:     10003.97ms
2025/12/13 20:20:53.907144   平均延迟:     4072.40ms
2025/12/13 20:20:53.907146   P50延迟:      3924.75ms
2025/12/13 20:20:53.907147   P90延迟:      6541.76ms
2025/12/13 20:20:53.907149   P95延迟:      7753.14ms
2025/12/13 20:20:53.907150   P99延迟:      10000.66ms
2025/12/13 20:20:53.907152 【吞吐量】
2025/12/13 20:20:53.907153   有效请求率:   90.91% (成功+售罄+重复)
2025/12/13 20:20:53.907154   错误率:       9.09%
2025/12/13 20:20:53.907156 ========================================
2025/12/13 20:20:53.907157               压测完成!
2025/12/13 20:20:53.907158 ========================================
